Archive member included because of file (symbol)

/Users/andyz/Research/OMNI/MarioRadio/gcc-arm-none-eabi-4_9-2015q2/bin/../lib/gcc/arm-none-eabi/4.9.3/armv6-m/libgcc.a(_udivsi3.o)
                              _build/main_cm.o (__aeabi_uidiv)
/Users/andyz/Research/OMNI/MarioRadio/gcc-arm-none-eabi-4_9-2015q2/bin/../lib/gcc/arm-none-eabi/4.9.3/armv6-m/libgcc.a(_divsi3.o)
                              _build/data_fifo.o (__aeabi_idivmod)
/Users/andyz/Research/OMNI/MarioRadio/gcc-arm-none-eabi-4_9-2015q2/bin/../lib/gcc/arm-none-eabi/4.9.3/armv6-m/libgcc.a(_dvmd_tls.o)
                              /Users/andyz/Research/OMNI/MarioRadio/gcc-arm-none-eabi-4_9-2015q2/bin/../lib/gcc/arm-none-eabi/4.9.3/armv6-m/libgcc.a(_udivsi3.o) (__aeabi_idiv0)
/Users/andyz/Research/OMNI/MarioRadio/gcc-arm-none-eabi-4_9-2015q2/bin/../lib/gcc/arm-none-eabi/4.9.3/../../../../arm-none-eabi/lib/armv6-m/libc.a(lib_a-exit.o)
                              /Users/andyz/Research/OMNI/MarioRadio/gcc-arm-none-eabi-4_9-2015q2/bin/../lib/gcc/arm-none-eabi/4.9.3/../../../../arm-none-eabi/lib/armv6-m/crt0.o (exit)
/Users/andyz/Research/OMNI/MarioRadio/gcc-arm-none-eabi-4_9-2015q2/bin/../lib/gcc/arm-none-eabi/4.9.3/../../../../arm-none-eabi/lib/armv6-m/libc.a(lib_a-impure.o)
                              /Users/andyz/Research/OMNI/MarioRadio/gcc-arm-none-eabi-4_9-2015q2/bin/../lib/gcc/arm-none-eabi/4.9.3/../../../../arm-none-eabi/lib/armv6-m/libc.a(lib_a-exit.o) (_global_impure_ptr)
/Users/andyz/Research/OMNI/MarioRadio/gcc-arm-none-eabi-4_9-2015q2/bin/../lib/gcc/arm-none-eabi/4.9.3/../../../../arm-none-eabi/lib/armv6-m/libc.a(lib_a-init.o)
                              /Users/andyz/Research/OMNI/MarioRadio/gcc-arm-none-eabi-4_9-2015q2/bin/../lib/gcc/arm-none-eabi/4.9.3/../../../../arm-none-eabi/lib/armv6-m/crt0.o (__libc_init_array)
/Users/andyz/Research/OMNI/MarioRadio/gcc-arm-none-eabi-4_9-2015q2/bin/../lib/gcc/arm-none-eabi/4.9.3/../../../../arm-none-eabi/lib/armv6-m/libc.a(lib_a-memset.o)
                              /Users/andyz/Research/OMNI/MarioRadio/gcc-arm-none-eabi-4_9-2015q2/bin/../lib/gcc/arm-none-eabi/4.9.3/../../../../arm-none-eabi/lib/armv6-m/crt0.o (memset)
/Users/andyz/Research/OMNI/MarioRadio/gcc-arm-none-eabi-4_9-2015q2/bin/../lib/gcc/arm-none-eabi/4.9.3/../../../../arm-none-eabi/lib/armv6-m/libc.a(lib_a-__call_atexit.o)
                              /Users/andyz/Research/OMNI/MarioRadio/gcc-arm-none-eabi-4_9-2015q2/bin/../lib/gcc/arm-none-eabi/4.9.3/../../../../arm-none-eabi/lib/armv6-m/libc.a(lib_a-exit.o) (__call_exitprocs)
/Users/andyz/Research/OMNI/MarioRadio/gcc-arm-none-eabi-4_9-2015q2/bin/../lib/gcc/arm-none-eabi/4.9.3/../../../../arm-none-eabi/lib/armv6-m/libc.a(lib_a-atexit.o)
                              /Users/andyz/Research/OMNI/MarioRadio/gcc-arm-none-eabi-4_9-2015q2/bin/../lib/gcc/arm-none-eabi/4.9.3/../../../../arm-none-eabi/lib/armv6-m/libc.a(lib_a-__call_atexit.o) (atexit)
/Users/andyz/Research/OMNI/MarioRadio/gcc-arm-none-eabi-4_9-2015q2/bin/../lib/gcc/arm-none-eabi/4.9.3/../../../../arm-none-eabi/lib/armv6-m/libc.a(lib_a-fini.o)
                              /Users/andyz/Research/OMNI/MarioRadio/gcc-arm-none-eabi-4_9-2015q2/bin/../lib/gcc/arm-none-eabi/4.9.3/../../../../arm-none-eabi/lib/armv6-m/libc.a(lib_a-__call_atexit.o) (__libc_fini_array)
/Users/andyz/Research/OMNI/MarioRadio/gcc-arm-none-eabi-4_9-2015q2/bin/../lib/gcc/arm-none-eabi/4.9.3/../../../../arm-none-eabi/lib/armv6-m/libc.a(lib_a-__atexit.o)
                              /Users/andyz/Research/OMNI/MarioRadio/gcc-arm-none-eabi-4_9-2015q2/bin/../lib/gcc/arm-none-eabi/4.9.3/../../../../arm-none-eabi/lib/armv6-m/libc.a(lib_a-atexit.o) (__register_exitproc)
/Users/andyz/Research/OMNI/MarioRadio/gcc-arm-none-eabi-4_9-2015q2/bin/../lib/gcc/arm-none-eabi/4.9.3/../../../../arm-none-eabi/lib/armv6-m/libnosys.a(_exit.o)
                              /Users/andyz/Research/OMNI/MarioRadio/gcc-arm-none-eabi-4_9-2015q2/bin/../lib/gcc/arm-none-eabi/4.9.3/../../../../arm-none-eabi/lib/armv6-m/libc.a(lib_a-exit.o) (_exit)

Allocating common symbols
Common symbol       size              file

success             0x1               _build/main_cm.o
j                   0x1               _build/main_cm.o
empty_packet        0xc8              _build/timer.o
data_fifo           0x23f0            _build/data_fifo.o
length              0x1               _build/main_cm.o
empty_write_buf     0x6               _build/spi.o
spi_packet          0x4               _build/main_cm.o
i                   0x1               _build/main_cm.o
radio_disabled      0x1               _build/radio_config.o
c                   0x1               _build/main_cm.o
timer_irq           0x1               _build/radio_config.o
command_fifo        0x3e8             _build/command_fifo.o
spi_out             0xcd              _build/spi.o
packet_queued       0x1               _build/radio_config.o
rx_buf              0x4               _build/spi.o
full_read_buf       0xc8              _build/spi.o
tx_buf              0x4               _build/spi.o
error               0x1               _build/timer.o
commands            0x4               _build/main_cm.o
spi_fifo            0x102             _build/spi_fifo.o

Memory Configuration

Name             Origin             Length             Attributes
FLASH            0x0000000000000000 0x0000000000040000 xr
RAM              0x0000000020000000 0x0000000000004000 xrw
*default*        0x0000000000000000 0xffffffffffffffff

Linker script and memory map

LOAD /Users/andyz/Research/OMNI/MarioRadio/gcc-arm-none-eabi-4_9-2015q2/bin/../lib/gcc/arm-none-eabi/4.9.3/armv6-m/crti.o
LOAD /Users/andyz/Research/OMNI/MarioRadio/gcc-arm-none-eabi-4_9-2015q2/bin/../lib/gcc/arm-none-eabi/4.9.3/armv6-m/crtbegin.o
LOAD /Users/andyz/Research/OMNI/MarioRadio/gcc-arm-none-eabi-4_9-2015q2/bin/../lib/gcc/arm-none-eabi/4.9.3/../../../../arm-none-eabi/lib/armv6-m/crt0.o
LOAD _build/main_cm.o
LOAD _build/radio_config.o
LOAD _build/nrf_delay.o
LOAD _build/data_fifo.o
LOAD _build/command_fifo.o
LOAD _build/timer.o
LOAD _build/spi.o
LOAD _build/spi_fifo.o
LOAD _build/spi_slave.o
LOAD _build/system_nrf51.o
LOAD _build/gcc_startup_nrf51.o
START GROUP
LOAD /Users/andyz/Research/OMNI/MarioRadio/gcc-arm-none-eabi-4_9-2015q2/bin/../lib/gcc/arm-none-eabi/4.9.3/armv6-m/libgcc.a
LOAD /Users/andyz/Research/OMNI/MarioRadio/gcc-arm-none-eabi-4_9-2015q2/bin/../lib/gcc/arm-none-eabi/4.9.3/../../../../arm-none-eabi/lib/armv6-m/libc.a
END GROUP
LOAD /Users/andyz/Research/OMNI/MarioRadio/gcc-arm-none-eabi-4_9-2015q2/bin/../lib/gcc/arm-none-eabi/4.9.3/armv6-m/crtend.o
LOAD /Users/andyz/Research/OMNI/MarioRadio/gcc-arm-none-eabi-4_9-2015q2/bin/../lib/gcc/arm-none-eabi/4.9.3/armv6-m/crtn.o
START GROUP
LOAD /Users/andyz/Research/OMNI/MarioRadio/gcc-arm-none-eabi-4_9-2015q2/bin/../lib/gcc/arm-none-eabi/4.9.3/armv6-m/libgcc.a
LOAD /Users/andyz/Research/OMNI/MarioRadio/gcc-arm-none-eabi-4_9-2015q2/bin/../lib/gcc/arm-none-eabi/4.9.3/../../../../arm-none-eabi/lib/armv6-m/libc.a
LOAD /Users/andyz/Research/OMNI/MarioRadio/gcc-arm-none-eabi-4_9-2015q2/bin/../lib/gcc/arm-none-eabi/4.9.3/../../../../arm-none-eabi/lib/armv6-m/libnosys.a
END GROUP

.text           0x0000000000000000     0x1ffc
 *(.Vectors)
 .Vectors       0x0000000000000000       0xc0 _build/gcc_startup_nrf51.o
                0x0000000000000000                __Vectors
 *(.text*)
 .text          0x00000000000000c0        0x0 /Users/andyz/Research/OMNI/MarioRadio/gcc-arm-none-eabi-4_9-2015q2/bin/../lib/gcc/arm-none-eabi/4.9.3/armv6-m/crti.o
 .text          0x00000000000000c0       0x60 /Users/andyz/Research/OMNI/MarioRadio/gcc-arm-none-eabi-4_9-2015q2/bin/../lib/gcc/arm-none-eabi/4.9.3/armv6-m/crtbegin.o
 .text          0x0000000000000120       0x78 /Users/andyz/Research/OMNI/MarioRadio/gcc-arm-none-eabi-4_9-2015q2/bin/../lib/gcc/arm-none-eabi/4.9.3/../../../../arm-none-eabi/lib/armv6-m/crt0.o
                0x0000000000000120                _mainCRTStartup
                0x0000000000000120                _start
 .text          0x0000000000000198      0x198 _build/main_cm.o
                0x0000000000000198                app_error_handler
                0x00000000000001a8                init
                0x0000000000000208                main
 .text          0x0000000000000330      0x3d8 _build/radio_config.o
                0x0000000000000430                radio_configure
                0x0000000000000560                radio_pause_tx
                0x0000000000000574                radio_unpause_tx
                0x0000000000000588                radio_get_queued
                0x000000000000059c                set_radio_disabled
                0x00000000000005bc                get_radio_disabled
                0x00000000000005d0                RADIO_IRQHandler
 .text          0x0000000000000708       0x5c _build/nrf_delay.o
                0x000000000000073c                nrf_delay_ms
 .text          0x0000000000000764      0x124 _build/data_fifo.o
                0x0000000000000764                write_data
                0x00000000000007d8                finish_write_data
                0x00000000000007f0                reset_write_data
                0x0000000000000818                read_data
                0x0000000000000874                get_num_data
 .text          0x0000000000000888      0x134 _build/command_fifo.o
                0x0000000000000888                write_command
                0x00000000000008d8                finish_write_command
                0x00000000000008f0                reset_write_command
                0x0000000000000918                read_command
                0x0000000000000968                finish_read_command
                0x0000000000000980                reset_read_command
                0x00000000000009a8                get_num_commands
 .text          0x00000000000009bc      0x450 _build/timer.o
                0x0000000000000b50                init_timer
                0x0000000000000bb8                start_timeout
                0x0000000000000bec                TIMER0_IRQHandler
 .text          0x0000000000000e0c      0x32c _build/spi.o
                0x0000000000000e0c                spi_slave_event_handle
                0x0000000000000fb0                spi_init
 .text          0x0000000000001138      0x118 _build/spi_fifo.o
                0x0000000000001138                write_spi_fifo
                0x000000000000118c                finish_write_spi_fifo
                0x00000000000011a4                reset_write_spi_fifo
                0x00000000000011cc                read_spi_fifo
                0x0000000000001220                finish_read_spi_fifo
                0x0000000000001238                get_capacity_spi_fifo
 .text          0x0000000000001250      0x594 _build/spi_slave.o
                0x0000000000001380                spi_slave_evt_handler_register
                0x00000000000013a8                spi_slave_set_cs_pull_up_config
                0x00000000000013c4                spi_slave_set_drive_config
                0x00000000000013e0                spi_slave_init
                0x00000000000016a0                spi_slave_buffers_set
                0x0000000000001730                SPI1_TWI1_IRQHandler
 .text          0x00000000000017e4      0x124 _build/system_nrf51.o
                0x00000000000017e4                SystemCoreClockUpdate
                0x00000000000017fc                SystemInit
 .text          0x0000000000001908       0x54 _build/gcc_startup_nrf51.o
                0x0000000000001908                Reset_Handler
                0x0000000000001950                NMI_Handler
                0x0000000000001952                HardFault_Handler
                0x0000000000001954                SVC_Handler
                0x0000000000001956                PendSV_Handler
                0x0000000000001958                SysTick_Handler
                0x000000000000195a                SWI4_IRQHandler
                0x000000000000195a                TEMP_IRQHandler
                0x000000000000195a                QDEC_IRQHandler
                0x000000000000195a                UART0_IRQHandler
                0x000000000000195a                SWI5_IRQHandler
                0x000000000000195a                SWI0_IRQHandler
                0x000000000000195a                TIMER1_IRQHandler
                0x000000000000195a                ECB_IRQHandler
                0x000000000000195a                Default_Handler
                0x000000000000195a                ADC_IRQHandler
                0x000000000000195a                SWI3_IRQHandler
                0x000000000000195a                CCM_AAR_IRQHandler
                0x000000000000195a                WDT_IRQHandler
                0x000000000000195a                SWI2_IRQHandler
                0x000000000000195a                RNG_IRQHandler
                0x000000000000195a                RTC1_IRQHandler
                0x000000000000195a                TIMER2_IRQHandler
                0x000000000000195a                SWI1_IRQHandler
                0x000000000000195a                SPI0_TWI0_IRQHandler
                0x000000000000195a                RTC0_IRQHandler
                0x000000000000195a                GPIOTE_IRQHandler
                0x000000000000195a                POWER_CLOCK_IRQHandler
                0x000000000000195a                LPCOMP_IRQHandler
 .text          0x000000000000195c      0x120 /Users/andyz/Research/OMNI/MarioRadio/gcc-arm-none-eabi-4_9-2015q2/bin/../lib/gcc/arm-none-eabi/4.9.3/armv6-m/libgcc.a(_udivsi3.o)
                0x000000000000195c                __udivsi3
                0x000000000000195c                __aeabi_uidiv
                0x0000000000001a68                __aeabi_uidivmod
 .text          0x0000000000001a7c      0x1e0 /Users/andyz/Research/OMNI/MarioRadio/gcc-arm-none-eabi-4_9-2015q2/bin/../lib/gcc/arm-none-eabi/4.9.3/armv6-m/libgcc.a(_divsi3.o)
                0x0000000000001a7c                __aeabi_idiv
                0x0000000000001a7c                __divsi3
                0x0000000000001c48                __aeabi_idivmod
 .text          0x0000000000001c5c        0x4 /Users/andyz/Research/OMNI/MarioRadio/gcc-arm-none-eabi-4_9-2015q2/bin/../lib/gcc/arm-none-eabi/4.9.3/armv6-m/libgcc.a(_dvmd_tls.o)
                0x0000000000001c5c                __aeabi_ldiv0
                0x0000000000001c5c                __aeabi_idiv0
 .text          0x0000000000001c60        0x0 /Users/andyz/Research/OMNI/MarioRadio/gcc-arm-none-eabi-4_9-2015q2/bin/../lib/gcc/arm-none-eabi/4.9.3/../../../../arm-none-eabi/lib/armv6-m/libc.a(lib_a-exit.o)
 .text.exit     0x0000000000001c60       0x20 /Users/andyz/Research/OMNI/MarioRadio/gcc-arm-none-eabi-4_9-2015q2/bin/../lib/gcc/arm-none-eabi/4.9.3/../../../../arm-none-eabi/lib/armv6-m/libc.a(lib_a-exit.o)
                0x0000000000001c60                exit
 .text          0x0000000000001c80        0x0 /Users/andyz/Research/OMNI/MarioRadio/gcc-arm-none-eabi-4_9-2015q2/bin/../lib/gcc/arm-none-eabi/4.9.3/../../../../arm-none-eabi/lib/armv6-m/libc.a(lib_a-impure.o)
 .text          0x0000000000001c80        0x0 /Users/andyz/Research/OMNI/MarioRadio/gcc-arm-none-eabi-4_9-2015q2/bin/../lib/gcc/arm-none-eabi/4.9.3/../../../../arm-none-eabi/lib/armv6-m/libc.a(lib_a-init.o)
 .text.__libc_init_array
                0x0000000000001c80       0x48 /Users/andyz/Research/OMNI/MarioRadio/gcc-arm-none-eabi-4_9-2015q2/bin/../lib/gcc/arm-none-eabi/4.9.3/../../../../arm-none-eabi/lib/armv6-m/libc.a(lib_a-init.o)
                0x0000000000001c80                __libc_init_array
 .text          0x0000000000001cc8        0x0 /Users/andyz/Research/OMNI/MarioRadio/gcc-arm-none-eabi-4_9-2015q2/bin/../lib/gcc/arm-none-eabi/4.9.3/../../../../arm-none-eabi/lib/armv6-m/libc.a(lib_a-memset.o)
 .text.memset   0x0000000000001cc8       0x8c /Users/andyz/Research/OMNI/MarioRadio/gcc-arm-none-eabi-4_9-2015q2/bin/../lib/gcc/arm-none-eabi/4.9.3/../../../../arm-none-eabi/lib/armv6-m/libc.a(lib_a-memset.o)
                0x0000000000001cc8                memset
 .text          0x0000000000001d54        0x0 /Users/andyz/Research/OMNI/MarioRadio/gcc-arm-none-eabi-4_9-2015q2/bin/../lib/gcc/arm-none-eabi/4.9.3/../../../../arm-none-eabi/lib/armv6-m/libc.a(lib_a-__call_atexit.o)
 .text.startup.register_fini
                0x0000000000001d54       0x18 /Users/andyz/Research/OMNI/MarioRadio/gcc-arm-none-eabi-4_9-2015q2/bin/../lib/gcc/arm-none-eabi/4.9.3/../../../../arm-none-eabi/lib/armv6-m/libc.a(lib_a-__call_atexit.o)
 .text.__call_exitprocs
                0x0000000000001d6c      0x108 /Users/andyz/Research/OMNI/MarioRadio/gcc-arm-none-eabi-4_9-2015q2/bin/../lib/gcc/arm-none-eabi/4.9.3/../../../../arm-none-eabi/lib/armv6-m/libc.a(lib_a-__call_atexit.o)
                0x0000000000001d6c                __call_exitprocs
 .text          0x0000000000001e74        0x0 /Users/andyz/Research/OMNI/MarioRadio/gcc-arm-none-eabi-4_9-2015q2/bin/../lib/gcc/arm-none-eabi/4.9.3/../../../../arm-none-eabi/lib/armv6-m/libc.a(lib_a-atexit.o)
 .text.atexit   0x0000000000001e74       0x10 /Users/andyz/Research/OMNI/MarioRadio/gcc-arm-none-eabi-4_9-2015q2/bin/../lib/gcc/arm-none-eabi/4.9.3/../../../../arm-none-eabi/lib/armv6-m/libc.a(lib_a-atexit.o)
                0x0000000000001e74                atexit
 .text          0x0000000000001e84        0x0 /Users/andyz/Research/OMNI/MarioRadio/gcc-arm-none-eabi-4_9-2015q2/bin/../lib/gcc/arm-none-eabi/4.9.3/../../../../arm-none-eabi/lib/armv6-m/libc.a(lib_a-fini.o)
 .text.__libc_fini_array
                0x0000000000001e84       0x34 /Users/andyz/Research/OMNI/MarioRadio/gcc-arm-none-eabi-4_9-2015q2/bin/../lib/gcc/arm-none-eabi/4.9.3/../../../../arm-none-eabi/lib/armv6-m/libc.a(lib_a-fini.o)
                0x0000000000001e84                __libc_fini_array
 .text          0x0000000000001eb8        0x0 /Users/andyz/Research/OMNI/MarioRadio/gcc-arm-none-eabi-4_9-2015q2/bin/../lib/gcc/arm-none-eabi/4.9.3/../../../../arm-none-eabi/lib/armv6-m/libc.a(lib_a-__atexit.o)
 .text.__register_exitproc
                0x0000000000001eb8       0xd4 /Users/andyz/Research/OMNI/MarioRadio/gcc-arm-none-eabi-4_9-2015q2/bin/../lib/gcc/arm-none-eabi/4.9.3/../../../../arm-none-eabi/lib/armv6-m/libc.a(lib_a-__atexit.o)
                0x0000000000001eb8                __register_exitproc
 .text          0x0000000000001f8c        0x0 /Users/andyz/Research/OMNI/MarioRadio/gcc-arm-none-eabi-4_9-2015q2/bin/../lib/gcc/arm-none-eabi/4.9.3/armv6-m/crtend.o
 .text          0x0000000000001f8c        0x0 /Users/andyz/Research/OMNI/MarioRadio/gcc-arm-none-eabi-4_9-2015q2/bin/../lib/gcc/arm-none-eabi/4.9.3/armv6-m/crtn.o
 .text          0x0000000000001f8c        0x0 /Users/andyz/Research/OMNI/MarioRadio/gcc-arm-none-eabi-4_9-2015q2/bin/../lib/gcc/arm-none-eabi/4.9.3/../../../../arm-none-eabi/lib/armv6-m/libnosys.a(_exit.o)
 .text._exit    0x0000000000001f8c        0x4 /Users/andyz/Research/OMNI/MarioRadio/gcc-arm-none-eabi-4_9-2015q2/bin/../lib/gcc/arm-none-eabi/4.9.3/../../../../arm-none-eabi/lib/armv6-m/libnosys.a(_exit.o)
                0x0000000000001f8c                _exit
 *(.init)
 .init          0x0000000000001f90        0x4 /Users/andyz/Research/OMNI/MarioRadio/gcc-arm-none-eabi-4_9-2015q2/bin/../lib/gcc/arm-none-eabi/4.9.3/armv6-m/crti.o
                0x0000000000001f90                _init
 .init          0x0000000000001f94        0x8 /Users/andyz/Research/OMNI/MarioRadio/gcc-arm-none-eabi-4_9-2015q2/bin/../lib/gcc/arm-none-eabi/4.9.3/armv6-m/crtn.o
 *(.fini)
 .fini          0x0000000000001f9c        0x4 /Users/andyz/Research/OMNI/MarioRadio/gcc-arm-none-eabi-4_9-2015q2/bin/../lib/gcc/arm-none-eabi/4.9.3/armv6-m/crti.o
                0x0000000000001f9c                _fini
 .fini          0x0000000000001fa0        0x8 /Users/andyz/Research/OMNI/MarioRadio/gcc-arm-none-eabi-4_9-2015q2/bin/../lib/gcc/arm-none-eabi/4.9.3/armv6-m/crtn.o
 *crtbegin.o(.ctors)
 *crtbegin?.o(.ctors)
 *(EXCLUDE_FILE(*crtend.o *crtend?.o) .ctors)
 *(SORT(.ctors.*))
 *(.ctors)
 *crtbegin.o(.dtors)
 *crtbegin?.o(.dtors)
 *(EXCLUDE_FILE(*crtend.o *crtend?.o) .dtors)
 *(SORT(.dtors.*))
 *(.dtors)
 *(.rodata*)
 .rodata        0x0000000000001fa8        0xd _build/main_cm.o
 *fill*         0x0000000000001fb5        0x3 
 .rodata        0x0000000000001fb8        0x9 _build/spi.o
 *fill*         0x0000000000001fc1        0x3 
 .rodata        0x0000000000001fc4       0x2a _build/spi_slave.o
 *fill*         0x0000000000001fee        0x2 
 .rodata.str1.4
                0x0000000000001ff0        0x4 /Users/andyz/Research/OMNI/MarioRadio/gcc-arm-none-eabi-4_9-2015q2/bin/../lib/gcc/arm-none-eabi/4.9.3/../../../../arm-none-eabi/lib/armv6-m/libc.a(lib_a-impure.o)
                                          0x2 (size before relaxing)
 .rodata._global_impure_ptr
                0x0000000000001ff4        0x4 /Users/andyz/Research/OMNI/MarioRadio/gcc-arm-none-eabi-4_9-2015q2/bin/../lib/gcc/arm-none-eabi/4.9.3/../../../../arm-none-eabi/lib/armv6-m/libc.a(lib_a-impure.o)
                0x0000000000001ff4                _global_impure_ptr
 *(.eh_frame*)
 .eh_frame      0x0000000000001ff8        0x0 /Users/andyz/Research/OMNI/MarioRadio/gcc-arm-none-eabi-4_9-2015q2/bin/../lib/gcc/arm-none-eabi/4.9.3/armv6-m/crtbegin.o
 .eh_frame      0x0000000000001ff8        0x4 /Users/andyz/Research/OMNI/MarioRadio/gcc-arm-none-eabi-4_9-2015q2/bin/../lib/gcc/arm-none-eabi/4.9.3/armv6-m/crtend.o

.glue_7         0x0000000000001ffc        0x0
 .glue_7        0x0000000000000000        0x0 linker stubs

.glue_7t        0x0000000000001ffc        0x0
 .glue_7t       0x0000000000000000        0x0 linker stubs

.vfp11_veneer   0x0000000000001ffc        0x0
 .vfp11_veneer  0x0000000000000000        0x0 linker stubs

.v4_bx          0x0000000000001ffc        0x0
 .v4_bx         0x0000000000000000        0x0 linker stubs

.iplt           0x0000000000001ffc        0x0
 .iplt          0x0000000000000000        0x0 /Users/andyz/Research/OMNI/MarioRadio/gcc-arm-none-eabi-4_9-2015q2/bin/../lib/gcc/arm-none-eabi/4.9.3/armv6-m/crtbegin.o

.ARM.extab      0x0000000000001ffc        0x0
 *(.ARM.extab* .gnu.linkonce.armextab.*)
 .ARM.extab     0x0000000000001ffc        0x0 /Users/andyz/Research/OMNI/MarioRadio/gcc-arm-none-eabi-4_9-2015q2/bin/../lib/gcc/arm-none-eabi/4.9.3/../../../../arm-none-eabi/lib/armv6-m/crt0.o
 .ARM.extab     0x0000000000001ffc        0x0 _build/gcc_startup_nrf51.o
                0x0000000000001ffc                __exidx_start = .

.ARM.exidx      0x0000000000001ffc        0x8
 *(.ARM.exidx* .gnu.linkonce.armexidx.*)
 .ARM.exidx     0x0000000000001ffc        0x8 /Users/andyz/Research/OMNI/MarioRadio/gcc-arm-none-eabi-4_9-2015q2/bin/../lib/gcc/arm-none-eabi/4.9.3/../../../../arm-none-eabi/lib/armv6-m/crt0.o
 .ARM.exidx     0x0000000000002004        0x0 _build/gcc_startup_nrf51.o
                                          0x8 (size before relaxing)
                0x0000000000002004                __exidx_end = .
                0x0000000000002004                __etext = .

.rel.dyn        0x0000000000002004        0x0
 .rel.iplt      0x0000000000000000        0x0 /Users/andyz/Research/OMNI/MarioRadio/gcc-arm-none-eabi-4_9-2015q2/bin/../lib/gcc/arm-none-eabi/4.9.3/armv6-m/crtbegin.o

.data           0x0000000020000000      0x444 load address 0x0000000000002004
                0x0000000020000000                __data_start__ = .
 *(vtable)
 *(.data*)
 .data          0x0000000020000000        0x0 /Users/andyz/Research/OMNI/MarioRadio/gcc-arm-none-eabi-4_9-2015q2/bin/../lib/gcc/arm-none-eabi/4.9.3/armv6-m/crti.o
 .data          0x0000000020000000        0x4 /Users/andyz/Research/OMNI/MarioRadio/gcc-arm-none-eabi-4_9-2015q2/bin/../lib/gcc/arm-none-eabi/4.9.3/armv6-m/crtbegin.o
                0x0000000020000000                __dso_handle
 .data          0x0000000020000004        0x0 /Users/andyz/Research/OMNI/MarioRadio/gcc-arm-none-eabi-4_9-2015q2/bin/../lib/gcc/arm-none-eabi/4.9.3/../../../../arm-none-eabi/lib/armv6-m/crt0.o
 .data          0x0000000020000004        0x0 _build/main_cm.o
 .data          0x0000000020000004        0x0 _build/radio_config.o
 .data          0x0000000020000004        0x0 _build/nrf_delay.o
 .data          0x0000000020000004        0x0 _build/data_fifo.o
 .data          0x0000000020000004        0x0 _build/command_fifo.o
 .data          0x0000000020000004        0x0 _build/timer.o
 .data          0x0000000020000004        0x0 _build/spi.o
 .data          0x0000000020000004        0x0 _build/spi_fifo.o
 .data          0x0000000020000004        0x0 _build/spi_slave.o
 .data          0x0000000020000004        0x4 _build/system_nrf51.o
                0x0000000020000004                SystemCoreClock
 .data          0x0000000020000008        0x0 _build/gcc_startup_nrf51.o
 .data          0x0000000020000008        0x0 /Users/andyz/Research/OMNI/MarioRadio/gcc-arm-none-eabi-4_9-2015q2/bin/../lib/gcc/arm-none-eabi/4.9.3/armv6-m/libgcc.a(_udivsi3.o)
 .data          0x0000000020000008        0x0 /Users/andyz/Research/OMNI/MarioRadio/gcc-arm-none-eabi-4_9-2015q2/bin/../lib/gcc/arm-none-eabi/4.9.3/armv6-m/libgcc.a(_divsi3.o)
 .data          0x0000000020000008        0x0 /Users/andyz/Research/OMNI/MarioRadio/gcc-arm-none-eabi-4_9-2015q2/bin/../lib/gcc/arm-none-eabi/4.9.3/armv6-m/libgcc.a(_dvmd_tls.o)
 .data          0x0000000020000008        0x0 /Users/andyz/Research/OMNI/MarioRadio/gcc-arm-none-eabi-4_9-2015q2/bin/../lib/gcc/arm-none-eabi/4.9.3/../../../../arm-none-eabi/lib/armv6-m/libc.a(lib_a-exit.o)
 .data          0x0000000020000008        0x0 /Users/andyz/Research/OMNI/MarioRadio/gcc-arm-none-eabi-4_9-2015q2/bin/../lib/gcc/arm-none-eabi/4.9.3/../../../../arm-none-eabi/lib/armv6-m/libc.a(lib_a-impure.o)
 .data.impure_data
                0x0000000020000008      0x428 /Users/andyz/Research/OMNI/MarioRadio/gcc-arm-none-eabi-4_9-2015q2/bin/../lib/gcc/arm-none-eabi/4.9.3/../../../../arm-none-eabi/lib/armv6-m/libc.a(lib_a-impure.o)
 .data._impure_ptr
                0x0000000020000430        0x4 /Users/andyz/Research/OMNI/MarioRadio/gcc-arm-none-eabi-4_9-2015q2/bin/../lib/gcc/arm-none-eabi/4.9.3/../../../../arm-none-eabi/lib/armv6-m/libc.a(lib_a-impure.o)
                0x0000000020000430                _impure_ptr
 .data          0x0000000020000434        0x0 /Users/andyz/Research/OMNI/MarioRadio/gcc-arm-none-eabi-4_9-2015q2/bin/../lib/gcc/arm-none-eabi/4.9.3/../../../../arm-none-eabi/lib/armv6-m/libc.a(lib_a-init.o)
 .data          0x0000000020000434        0x0 /Users/andyz/Research/OMNI/MarioRadio/gcc-arm-none-eabi-4_9-2015q2/bin/../lib/gcc/arm-none-eabi/4.9.3/../../../../arm-none-eabi/lib/armv6-m/libc.a(lib_a-memset.o)
 .data          0x0000000020000434        0x0 /Users/andyz/Research/OMNI/MarioRadio/gcc-arm-none-eabi-4_9-2015q2/bin/../lib/gcc/arm-none-eabi/4.9.3/../../../../arm-none-eabi/lib/armv6-m/libc.a(lib_a-__call_atexit.o)
 .data          0x0000000020000434        0x0 /Users/andyz/Research/OMNI/MarioRadio/gcc-arm-none-eabi-4_9-2015q2/bin/../lib/gcc/arm-none-eabi/4.9.3/../../../../arm-none-eabi/lib/armv6-m/libc.a(lib_a-atexit.o)
 .data          0x0000000020000434        0x0 /Users/andyz/Research/OMNI/MarioRadio/gcc-arm-none-eabi-4_9-2015q2/bin/../lib/gcc/arm-none-eabi/4.9.3/../../../../arm-none-eabi/lib/armv6-m/libc.a(lib_a-fini.o)
 .data          0x0000000020000434        0x0 /Users/andyz/Research/OMNI/MarioRadio/gcc-arm-none-eabi-4_9-2015q2/bin/../lib/gcc/arm-none-eabi/4.9.3/../../../../arm-none-eabi/lib/armv6-m/libc.a(lib_a-__atexit.o)
 .data          0x0000000020000434        0x0 /Users/andyz/Research/OMNI/MarioRadio/gcc-arm-none-eabi-4_9-2015q2/bin/../lib/gcc/arm-none-eabi/4.9.3/armv6-m/crtend.o
 .data          0x0000000020000434        0x0 /Users/andyz/Research/OMNI/MarioRadio/gcc-arm-none-eabi-4_9-2015q2/bin/../lib/gcc/arm-none-eabi/4.9.3/armv6-m/crtn.o
 .data          0x0000000020000434        0x0 /Users/andyz/Research/OMNI/MarioRadio/gcc-arm-none-eabi-4_9-2015q2/bin/../lib/gcc/arm-none-eabi/4.9.3/../../../../arm-none-eabi/lib/armv6-m/libnosys.a(_exit.o)
                0x0000000020000434                . = ALIGN (0x4)
                0x0000000020000434                PROVIDE (__preinit_array_start, .)
 *(.preinit_array)
                0x0000000020000434                PROVIDE (__preinit_array_end, .)
                0x0000000020000434                . = ALIGN (0x4)
                0x0000000020000434                PROVIDE (__init_array_start, .)
 *(SORT(.init_array.*))
 .init_array.00000
                0x0000000020000434        0x4 /Users/andyz/Research/OMNI/MarioRadio/gcc-arm-none-eabi-4_9-2015q2/bin/../lib/gcc/arm-none-eabi/4.9.3/../../../../arm-none-eabi/lib/armv6-m/libc.a(lib_a-__call_atexit.o)
 *(.init_array)
 .init_array    0x0000000020000438        0x4 /Users/andyz/Research/OMNI/MarioRadio/gcc-arm-none-eabi-4_9-2015q2/bin/../lib/gcc/arm-none-eabi/4.9.3/armv6-m/crtbegin.o
                0x000000002000043c                PROVIDE (__init_array_end, .)
                0x000000002000043c                . = ALIGN (0x4)
                0x000000002000043c                PROVIDE (__fini_array_start, .)
 *(SORT(.fini_array.*))
 *(.fini_array)
 .fini_array    0x000000002000043c        0x4 /Users/andyz/Research/OMNI/MarioRadio/gcc-arm-none-eabi-4_9-2015q2/bin/../lib/gcc/arm-none-eabi/4.9.3/armv6-m/crtbegin.o
                0x0000000020000440                PROVIDE (__fini_array_end, .)
 *(.jcr)
 .jcr           0x0000000020000440        0x0 /Users/andyz/Research/OMNI/MarioRadio/gcc-arm-none-eabi-4_9-2015q2/bin/../lib/gcc/arm-none-eabi/4.9.3/armv6-m/crtbegin.o
 .jcr           0x0000000020000440        0x4 /Users/andyz/Research/OMNI/MarioRadio/gcc-arm-none-eabi-4_9-2015q2/bin/../lib/gcc/arm-none-eabi/4.9.3/armv6-m/crtend.o
                0x0000000020000444                . = ALIGN (0x4)
                0x0000000020000444                __data_end__ = .

.igot.plt       0x0000000020000444        0x0 load address 0x0000000000002448
 .igot.plt      0x0000000000000000        0x0 /Users/andyz/Research/OMNI/MarioRadio/gcc-arm-none-eabi-4_9-2015q2/bin/../lib/gcc/arm-none-eabi/4.9.3/armv6-m/crtbegin.o

.bss            0x0000000020000444     0x2bb8 load address 0x0000000000002448
                0x0000000020000444                . = ALIGN (0x4)
                0x0000000020000444                __bss_start__ = .
 *(.bss*)
 .bss           0x0000000020000444        0x0 /Users/andyz/Research/OMNI/MarioRadio/gcc-arm-none-eabi-4_9-2015q2/bin/../lib/gcc/arm-none-eabi/4.9.3/armv6-m/crti.o
 .bss           0x0000000020000444       0x1c /Users/andyz/Research/OMNI/MarioRadio/gcc-arm-none-eabi-4_9-2015q2/bin/../lib/gcc/arm-none-eabi/4.9.3/armv6-m/crtbegin.o
 .bss           0x0000000020000460        0x0 /Users/andyz/Research/OMNI/MarioRadio/gcc-arm-none-eabi-4_9-2015q2/bin/../lib/gcc/arm-none-eabi/4.9.3/../../../../arm-none-eabi/lib/armv6-m/crt0.o
 .bss           0x0000000020000460        0x0 _build/main_cm.o
 .bss           0x0000000020000460        0x0 _build/radio_config.o
 .bss           0x0000000020000460        0x0 _build/nrf_delay.o
 .bss           0x0000000020000460        0x8 _build/data_fifo.o
                0x0000000020000460                d_read_ptr
                0x0000000020000461                d_write_ptr
                0x0000000020000462                d_size
                0x0000000020000464                d_full_count
 .bss           0x0000000020000468        0x3 _build/command_fifo.o
                0x0000000020000468                c_read_ptr
                0x0000000020000469                c_write_ptr
                0x000000002000046a                c_size
 .bss           0x000000002000046b        0x0 _build/timer.o
 *fill*         0x000000002000046b        0x1 
 .bss           0x000000002000046c        0x8 _build/spi.o
                0x000000002000046c                debug_data_bytes
                0x0000000020000470                debug_spi_bytes
 .bss           0x0000000020000474        0x3 _build/spi_fifo.o
                0x0000000020000474                s_read_ptr
                0x0000000020000475                s_write_ptr
                0x0000000020000476                s_size
 *fill*         0x0000000020000477        0x1 
 .bss           0x0000000020000478       0x20 _build/spi_slave.o
 .bss           0x0000000020000498        0x0 _build/system_nrf51.o
 .bss           0x0000000020000498        0x0 _build/gcc_startup_nrf51.o
 .bss           0x0000000020000498        0x0 /Users/andyz/Research/OMNI/MarioRadio/gcc-arm-none-eabi-4_9-2015q2/bin/../lib/gcc/arm-none-eabi/4.9.3/armv6-m/libgcc.a(_udivsi3.o)
 .bss           0x0000000020000498        0x0 /Users/andyz/Research/OMNI/MarioRadio/gcc-arm-none-eabi-4_9-2015q2/bin/../lib/gcc/arm-none-eabi/4.9.3/armv6-m/libgcc.a(_divsi3.o)
 .bss           0x0000000020000498        0x0 /Users/andyz/Research/OMNI/MarioRadio/gcc-arm-none-eabi-4_9-2015q2/bin/../lib/gcc/arm-none-eabi/4.9.3/armv6-m/libgcc.a(_dvmd_tls.o)
 .bss           0x0000000020000498        0x0 /Users/andyz/Research/OMNI/MarioRadio/gcc-arm-none-eabi-4_9-2015q2/bin/../lib/gcc/arm-none-eabi/4.9.3/../../../../arm-none-eabi/lib/armv6-m/libc.a(lib_a-exit.o)
 .bss           0x0000000020000498        0x0 /Users/andyz/Research/OMNI/MarioRadio/gcc-arm-none-eabi-4_9-2015q2/bin/../lib/gcc/arm-none-eabi/4.9.3/../../../../arm-none-eabi/lib/armv6-m/libc.a(lib_a-impure.o)
 .bss           0x0000000020000498        0x0 /Users/andyz/Research/OMNI/MarioRadio/gcc-arm-none-eabi-4_9-2015q2/bin/../lib/gcc/arm-none-eabi/4.9.3/../../../../arm-none-eabi/lib/armv6-m/libc.a(lib_a-init.o)
 .bss           0x0000000020000498        0x0 /Users/andyz/Research/OMNI/MarioRadio/gcc-arm-none-eabi-4_9-2015q2/bin/../lib/gcc/arm-none-eabi/4.9.3/../../../../arm-none-eabi/lib/armv6-m/libc.a(lib_a-memset.o)
 .bss           0x0000000020000498        0x0 /Users/andyz/Research/OMNI/MarioRadio/gcc-arm-none-eabi-4_9-2015q2/bin/../lib/gcc/arm-none-eabi/4.9.3/../../../../arm-none-eabi/lib/armv6-m/libc.a(lib_a-__call_atexit.o)
 .bss           0x0000000020000498        0x0 /Users/andyz/Research/OMNI/MarioRadio/gcc-arm-none-eabi-4_9-2015q2/bin/../lib/gcc/arm-none-eabi/4.9.3/../../../../arm-none-eabi/lib/armv6-m/libc.a(lib_a-atexit.o)
 .bss           0x0000000020000498        0x0 /Users/andyz/Research/OMNI/MarioRadio/gcc-arm-none-eabi-4_9-2015q2/bin/../lib/gcc/arm-none-eabi/4.9.3/../../../../arm-none-eabi/lib/armv6-m/libc.a(lib_a-fini.o)
 .bss           0x0000000020000498        0x0 /Users/andyz/Research/OMNI/MarioRadio/gcc-arm-none-eabi-4_9-2015q2/bin/../lib/gcc/arm-none-eabi/4.9.3/../../../../arm-none-eabi/lib/armv6-m/libc.a(lib_a-__atexit.o)
 .bss           0x0000000020000498        0x0 /Users/andyz/Research/OMNI/MarioRadio/gcc-arm-none-eabi-4_9-2015q2/bin/../lib/gcc/arm-none-eabi/4.9.3/armv6-m/crtend.o
 .bss           0x0000000020000498        0x0 /Users/andyz/Research/OMNI/MarioRadio/gcc-arm-none-eabi-4_9-2015q2/bin/../lib/gcc/arm-none-eabi/4.9.3/armv6-m/crtn.o
 .bss           0x0000000020000498        0x0 /Users/andyz/Research/OMNI/MarioRadio/gcc-arm-none-eabi-4_9-2015q2/bin/../lib/gcc/arm-none-eabi/4.9.3/../../../../arm-none-eabi/lib/armv6-m/libnosys.a(_exit.o)
 *(COMMON)
 COMMON         0x0000000020000498       0x10 _build/main_cm.o
                0x0000000020000498                success
                0x0000000020000499                j
                0x000000002000049a                length
                0x000000002000049c                spi_packet
                0x00000000200004a0                i
                0x00000000200004a1                c
                0x00000000200004a4                commands
 COMMON         0x00000000200004a8        0x3 _build/radio_config.o
                0x00000000200004a8                radio_disabled
                0x00000000200004a9                timer_irq
                0x00000000200004aa                packet_queued
 *fill*         0x00000000200004ab        0x1 
 COMMON         0x00000000200004ac     0x23f0 _build/data_fifo.o
                0x00000000200004ac                data_fifo
 COMMON         0x000000002000289c      0x3e8 _build/command_fifo.o
                0x000000002000289c                command_fifo
 COMMON         0x0000000020002c84       0xc9 _build/timer.o
                0x0000000020002c84                empty_packet
                0x0000000020002d4c                error
 *fill*         0x0000000020002d4d        0x3 
 COMMON         0x0000000020002d50      0x1a8 _build/spi.o
                0x0000000020002d50                empty_write_buf
                0x0000000020002d58                spi_out
                0x0000000020002e28                rx_buf
                0x0000000020002e2c                full_read_buf
                0x0000000020002ef4                tx_buf
 COMMON         0x0000000020002ef8      0x102 _build/spi_fifo.o
                0x0000000020002ef8                spi_fifo
                0x0000000020002ffc                . = ALIGN (0x4)
 *fill*         0x0000000020002ffa        0x2 
                0x0000000020002ffc                __bss_end__ = .

.heap           0x0000000020003000      0x800
                0x0000000020003000                __end__ = .
                0x0000000020003000                end = __end__
 *(.heap*)
 .heap          0x0000000020003000      0x800 _build/gcc_startup_nrf51.o
                0x0000000020003000                __HeapBase
                0x0000000020003800                __HeapLimit = .

.stack_dummy    0x0000000020003000      0x800
 *(.stack*)
 .stack         0x0000000020003000      0x800 _build/gcc_startup_nrf51.o
                0x0000000020004000                __StackTop = (ORIGIN (RAM) + 0x4000)
                0x0000000020003800                __StackLimit = (__StackTop - SIZEOF (.stack_dummy))
                0x0000000020004000                PROVIDE (__stack, __StackTop)
                0x0000000000000001                ASSERT ((__StackLimit >= __HeapLimit), region RAM overflowed with stack)
OUTPUT(_build/cm_radio_xxaa.out elf32-littlearm)

.ARM.attributes
                0x0000000000000000       0x28
 .ARM.attributes
                0x0000000000000000       0x1e /Users/andyz/Research/OMNI/MarioRadio/gcc-arm-none-eabi-4_9-2015q2/bin/../lib/gcc/arm-none-eabi/4.9.3/armv6-m/crti.o
 .ARM.attributes
                0x000000000000001e       0x2c /Users/andyz/Research/OMNI/MarioRadio/gcc-arm-none-eabi-4_9-2015q2/bin/../lib/gcc/arm-none-eabi/4.9.3/armv6-m/crtbegin.o
 .ARM.attributes
                0x000000000000004a       0x1b /Users/andyz/Research/OMNI/MarioRadio/gcc-arm-none-eabi-4_9-2015q2/bin/../lib/gcc/arm-none-eabi/4.9.3/../../../../arm-none-eabi/lib/armv6-m/crt0.o
 .ARM.attributes
                0x0000000000000065       0x31 _build/main_cm.o
 .ARM.attributes
                0x0000000000000096       0x31 _build/radio_config.o
 .ARM.attributes
                0x00000000000000c7       0x31 _build/nrf_delay.o
 .ARM.attributes
                0x00000000000000f8       0x31 _build/data_fifo.o
 .ARM.attributes
                0x0000000000000129       0x31 _build/command_fifo.o
 .ARM.attributes
                0x000000000000015a       0x31 _build/timer.o
 .ARM.attributes
                0x000000000000018b       0x31 _build/spi.o
 .ARM.attributes
                0x00000000000001bc       0x31 _build/spi_fifo.o
 .ARM.attributes
                0x00000000000001ed       0x31 _build/spi_slave.o
 .ARM.attributes
                0x000000000000021e       0x31 _build/system_nrf51.o
 .ARM.attributes
                0x000000000000024f       0x1b _build/gcc_startup_nrf51.o
 .ARM.attributes
                0x000000000000026a       0x1e /Users/andyz/Research/OMNI/MarioRadio/gcc-arm-none-eabi-4_9-2015q2/bin/../lib/gcc/arm-none-eabi/4.9.3/armv6-m/libgcc.a(_udivsi3.o)
 .ARM.attributes
                0x0000000000000288       0x1e /Users/andyz/Research/OMNI/MarioRadio/gcc-arm-none-eabi-4_9-2015q2/bin/../lib/gcc/arm-none-eabi/4.9.3/armv6-m/libgcc.a(_divsi3.o)
 .ARM.attributes
                0x00000000000002a6       0x1e /Users/andyz/Research/OMNI/MarioRadio/gcc-arm-none-eabi-4_9-2015q2/bin/../lib/gcc/arm-none-eabi/4.9.3/armv6-m/libgcc.a(_dvmd_tls.o)
 .ARM.attributes
                0x00000000000002c4       0x2c /Users/andyz/Research/OMNI/MarioRadio/gcc-arm-none-eabi-4_9-2015q2/bin/../lib/gcc/arm-none-eabi/4.9.3/../../../../arm-none-eabi/lib/armv6-m/libc.a(lib_a-exit.o)
 .ARM.attributes
                0x00000000000002f0       0x2c /Users/andyz/Research/OMNI/MarioRadio/gcc-arm-none-eabi-4_9-2015q2/bin/../lib/gcc/arm-none-eabi/4.9.3/../../../../arm-none-eabi/lib/armv6-m/libc.a(lib_a-impure.o)
 .ARM.attributes
                0x000000000000031c       0x2c /Users/andyz/Research/OMNI/MarioRadio/gcc-arm-none-eabi-4_9-2015q2/bin/../lib/gcc/arm-none-eabi/4.9.3/../../../../arm-none-eabi/lib/armv6-m/libc.a(lib_a-init.o)
 .ARM.attributes
                0x0000000000000348       0x2c /Users/andyz/Research/OMNI/MarioRadio/gcc-arm-none-eabi-4_9-2015q2/bin/../lib/gcc/arm-none-eabi/4.9.3/../../../../arm-none-eabi/lib/armv6-m/libc.a(lib_a-memset.o)
 .ARM.attributes
                0x0000000000000374       0x2c /Users/andyz/Research/OMNI/MarioRadio/gcc-arm-none-eabi-4_9-2015q2/bin/../lib/gcc/arm-none-eabi/4.9.3/../../../../arm-none-eabi/lib/armv6-m/libc.a(lib_a-__call_atexit.o)
 .ARM.attributes
                0x00000000000003a0       0x2c /Users/andyz/Research/OMNI/MarioRadio/gcc-arm-none-eabi-4_9-2015q2/bin/../lib/gcc/arm-none-eabi/4.9.3/../../../../arm-none-eabi/lib/armv6-m/libc.a(lib_a-atexit.o)
 .ARM.attributes
                0x00000000000003cc       0x2c /Users/andyz/Research/OMNI/MarioRadio/gcc-arm-none-eabi-4_9-2015q2/bin/../lib/gcc/arm-none-eabi/4.9.3/../../../../arm-none-eabi/lib/armv6-m/libc.a(lib_a-fini.o)
 .ARM.attributes
                0x00000000000003f8       0x2c /Users/andyz/Research/OMNI/MarioRadio/gcc-arm-none-eabi-4_9-2015q2/bin/../lib/gcc/arm-none-eabi/4.9.3/../../../../arm-none-eabi/lib/armv6-m/libc.a(lib_a-__atexit.o)
 .ARM.attributes
                0x0000000000000424       0x2c /Users/andyz/Research/OMNI/MarioRadio/gcc-arm-none-eabi-4_9-2015q2/bin/../lib/gcc/arm-none-eabi/4.9.3/armv6-m/crtend.o
 .ARM.attributes
                0x0000000000000450       0x1e /Users/andyz/Research/OMNI/MarioRadio/gcc-arm-none-eabi-4_9-2015q2/bin/../lib/gcc/arm-none-eabi/4.9.3/armv6-m/crtn.o
 .ARM.attributes
                0x000000000000046e       0x2c /Users/andyz/Research/OMNI/MarioRadio/gcc-arm-none-eabi-4_9-2015q2/bin/../lib/gcc/arm-none-eabi/4.9.3/../../../../arm-none-eabi/lib/armv6-m/libnosys.a(_exit.o)

.comment        0x0000000000000000       0x70
 .comment       0x0000000000000000       0x70 _build/main_cm.o
                                         0x71 (size before relaxing)
 .comment       0x0000000000000000       0x71 _build/radio_config.o
 .comment       0x0000000000000000       0x71 _build/nrf_delay.o
 .comment       0x0000000000000000       0x71 _build/data_fifo.o
 .comment       0x0000000000000000       0x71 _build/command_fifo.o
 .comment       0x0000000000000000       0x71 _build/timer.o
 .comment       0x0000000000000000       0x71 _build/spi.o
 .comment       0x0000000000000000       0x71 _build/spi_fifo.o
 .comment       0x0000000000000000       0x71 _build/spi_slave.o
 .comment       0x0000000000000000       0x71 _build/system_nrf51.o

.debug_frame    0x0000000000000000      0x1c4
 .debug_frame   0x0000000000000000       0x20 /Users/andyz/Research/OMNI/MarioRadio/gcc-arm-none-eabi-4_9-2015q2/bin/../lib/gcc/arm-none-eabi/4.9.3/armv6-m/libgcc.a(_udivsi3.o)
 .debug_frame   0x0000000000000020       0x20 /Users/andyz/Research/OMNI/MarioRadio/gcc-arm-none-eabi-4_9-2015q2/bin/../lib/gcc/arm-none-eabi/4.9.3/armv6-m/libgcc.a(_divsi3.o)
 .debug_frame   0x0000000000000040       0x28 /Users/andyz/Research/OMNI/MarioRadio/gcc-arm-none-eabi-4_9-2015q2/bin/../lib/gcc/arm-none-eabi/4.9.3/../../../../arm-none-eabi/lib/armv6-m/libc.a(lib_a-exit.o)
 .debug_frame   0x0000000000000068       0x2c /Users/andyz/Research/OMNI/MarioRadio/gcc-arm-none-eabi-4_9-2015q2/bin/../lib/gcc/arm-none-eabi/4.9.3/../../../../arm-none-eabi/lib/armv6-m/libc.a(lib_a-init.o)
 .debug_frame   0x0000000000000094       0x2c /Users/andyz/Research/OMNI/MarioRadio/gcc-arm-none-eabi-4_9-2015q2/bin/../lib/gcc/arm-none-eabi/4.9.3/../../../../arm-none-eabi/lib/armv6-m/libc.a(lib_a-memset.o)
 .debug_frame   0x00000000000000c0       0x54 /Users/andyz/Research/OMNI/MarioRadio/gcc-arm-none-eabi-4_9-2015q2/bin/../lib/gcc/arm-none-eabi/4.9.3/../../../../arm-none-eabi/lib/armv6-m/libc.a(lib_a-__call_atexit.o)
 .debug_frame   0x0000000000000114       0x28 /Users/andyz/Research/OMNI/MarioRadio/gcc-arm-none-eabi-4_9-2015q2/bin/../lib/gcc/arm-none-eabi/4.9.3/../../../../arm-none-eabi/lib/armv6-m/libc.a(lib_a-atexit.o)
 .debug_frame   0x000000000000013c       0x2c /Users/andyz/Research/OMNI/MarioRadio/gcc-arm-none-eabi-4_9-2015q2/bin/../lib/gcc/arm-none-eabi/4.9.3/../../../../arm-none-eabi/lib/armv6-m/libc.a(lib_a-fini.o)
 .debug_frame   0x0000000000000168       0x3c /Users/andyz/Research/OMNI/MarioRadio/gcc-arm-none-eabi-4_9-2015q2/bin/../lib/gcc/arm-none-eabi/4.9.3/../../../../arm-none-eabi/lib/armv6-m/libc.a(lib_a-__atexit.o)
 .debug_frame   0x00000000000001a4       0x20 /Users/andyz/Research/OMNI/MarioRadio/gcc-arm-none-eabi-4_9-2015q2/bin/../lib/gcc/arm-none-eabi/4.9.3/../../../../arm-none-eabi/lib/armv6-m/libnosys.a(_exit.o)
