Archive member included because of file (symbol)

/Users/Andy/Desktop/Mario_Radio/gcc-arm-none-eabi-4_9-2015q2/bin/../lib/gcc/arm-none-eabi/4.9.3/armv6-m/libgcc.a(_udivsi3.o)
                              _build/main_cm.o (__aeabi_uidiv)
/Users/Andy/Desktop/Mario_Radio/gcc-arm-none-eabi-4_9-2015q2/bin/../lib/gcc/arm-none-eabi/4.9.3/armv6-m/libgcc.a(_divsi3.o)
                              _build/data_fifo.o (__aeabi_idivmod)
/Users/Andy/Desktop/Mario_Radio/gcc-arm-none-eabi-4_9-2015q2/bin/../lib/gcc/arm-none-eabi/4.9.3/armv6-m/libgcc.a(_dvmd_tls.o)
                              /Users/Andy/Desktop/Mario_Radio/gcc-arm-none-eabi-4_9-2015q2/bin/../lib/gcc/arm-none-eabi/4.9.3/armv6-m/libgcc.a(_udivsi3.o) (__aeabi_idiv0)
/Users/Andy/Desktop/Mario_Radio/gcc-arm-none-eabi-4_9-2015q2/bin/../lib/gcc/arm-none-eabi/4.9.3/../../../../arm-none-eabi/lib/armv6-m/libc.a(lib_a-exit.o)
                              /Users/Andy/Desktop/Mario_Radio/gcc-arm-none-eabi-4_9-2015q2/bin/../lib/gcc/arm-none-eabi/4.9.3/../../../../arm-none-eabi/lib/armv6-m/crt0.o (exit)
/Users/Andy/Desktop/Mario_Radio/gcc-arm-none-eabi-4_9-2015q2/bin/../lib/gcc/arm-none-eabi/4.9.3/../../../../arm-none-eabi/lib/armv6-m/libc.a(lib_a-impure.o)
                              /Users/Andy/Desktop/Mario_Radio/gcc-arm-none-eabi-4_9-2015q2/bin/../lib/gcc/arm-none-eabi/4.9.3/../../../../arm-none-eabi/lib/armv6-m/libc.a(lib_a-exit.o) (_global_impure_ptr)
/Users/Andy/Desktop/Mario_Radio/gcc-arm-none-eabi-4_9-2015q2/bin/../lib/gcc/arm-none-eabi/4.9.3/../../../../arm-none-eabi/lib/armv6-m/libc.a(lib_a-init.o)
                              /Users/Andy/Desktop/Mario_Radio/gcc-arm-none-eabi-4_9-2015q2/bin/../lib/gcc/arm-none-eabi/4.9.3/../../../../arm-none-eabi/lib/armv6-m/crt0.o (__libc_init_array)
/Users/Andy/Desktop/Mario_Radio/gcc-arm-none-eabi-4_9-2015q2/bin/../lib/gcc/arm-none-eabi/4.9.3/../../../../arm-none-eabi/lib/armv6-m/libc.a(lib_a-memset.o)
                              /Users/Andy/Desktop/Mario_Radio/gcc-arm-none-eabi-4_9-2015q2/bin/../lib/gcc/arm-none-eabi/4.9.3/../../../../arm-none-eabi/lib/armv6-m/crt0.o (memset)
/Users/Andy/Desktop/Mario_Radio/gcc-arm-none-eabi-4_9-2015q2/bin/../lib/gcc/arm-none-eabi/4.9.3/../../../../arm-none-eabi/lib/armv6-m/libc.a(lib_a-__call_atexit.o)
                              /Users/Andy/Desktop/Mario_Radio/gcc-arm-none-eabi-4_9-2015q2/bin/../lib/gcc/arm-none-eabi/4.9.3/../../../../arm-none-eabi/lib/armv6-m/libc.a(lib_a-exit.o) (__call_exitprocs)
/Users/Andy/Desktop/Mario_Radio/gcc-arm-none-eabi-4_9-2015q2/bin/../lib/gcc/arm-none-eabi/4.9.3/../../../../arm-none-eabi/lib/armv6-m/libc.a(lib_a-atexit.o)
                              /Users/Andy/Desktop/Mario_Radio/gcc-arm-none-eabi-4_9-2015q2/bin/../lib/gcc/arm-none-eabi/4.9.3/../../../../arm-none-eabi/lib/armv6-m/libc.a(lib_a-__call_atexit.o) (atexit)
/Users/Andy/Desktop/Mario_Radio/gcc-arm-none-eabi-4_9-2015q2/bin/../lib/gcc/arm-none-eabi/4.9.3/../../../../arm-none-eabi/lib/armv6-m/libc.a(lib_a-fini.o)
                              /Users/Andy/Desktop/Mario_Radio/gcc-arm-none-eabi-4_9-2015q2/bin/../lib/gcc/arm-none-eabi/4.9.3/../../../../arm-none-eabi/lib/armv6-m/libc.a(lib_a-__call_atexit.o) (__libc_fini_array)
/Users/Andy/Desktop/Mario_Radio/gcc-arm-none-eabi-4_9-2015q2/bin/../lib/gcc/arm-none-eabi/4.9.3/../../../../arm-none-eabi/lib/armv6-m/libc.a(lib_a-__atexit.o)
                              /Users/Andy/Desktop/Mario_Radio/gcc-arm-none-eabi-4_9-2015q2/bin/../lib/gcc/arm-none-eabi/4.9.3/../../../../arm-none-eabi/lib/armv6-m/libc.a(lib_a-atexit.o) (__register_exitproc)
/Users/Andy/Desktop/Mario_Radio/gcc-arm-none-eabi-4_9-2015q2/bin/../lib/gcc/arm-none-eabi/4.9.3/../../../../arm-none-eabi/lib/armv6-m/libnosys.a(_exit.o)
                              /Users/Andy/Desktop/Mario_Radio/gcc-arm-none-eabi-4_9-2015q2/bin/../lib/gcc/arm-none-eabi/4.9.3/../../../../arm-none-eabi/lib/armv6-m/libc.a(lib_a-exit.o) (_exit)

Allocating common symbols
Common symbol       size              file

success             0x1               _build/main_cm.o
j                   0x1               _build/main_cm.o
empty_packet        0x82              _build/timer.o
data_fifo           0x1964            _build/data_fifo.o
length              0x1               _build/main_cm.o
empty_write_buf     0x6               _build/spi.o
spi_packet          0x4               _build/main_cm.o
i                   0x1               _build/main_cm.o
radio_disabled      0x1               _build/radio_config.o
c                   0x1               _build/main_cm.o
timer_irq           0x1               _build/radio_config.o
command_fifo        0xf3c             _build/command_fifo.o
spi_out             0x87              _build/spi.o
packet_queued       0x1               _build/radio_config.o
rx_buf              0x4               _build/spi.o
full_read_buf       0x82              _build/spi.o
tx_buf              0x4               _build/spi.o
error               0x1               _build/timer.o
radio_bytes         0x4               _build/radio_config.o
commands            0x4               _build/main_cm.o
spi_fifo            0x3c              _build/spi_fifo.o

Discarded input sections

 .group         0x0000000000000000        0x8 _build/main_cm.o
 .group         0x0000000000000000        0x8 _build/main_cm.o
 .group         0x0000000000000000        0x8 _build/main_cm.o
 .group         0x0000000000000000        0x8 _build/main_cm.o
 .group         0x0000000000000000        0x8 _build/main_cm.o
 .group         0x0000000000000000        0x8 _build/main_cm.o
 .group         0x0000000000000000        0x8 _build/main_cm.o
 .group         0x0000000000000000        0x8 _build/main_cm.o
 .group         0x0000000000000000        0x8 _build/main_cm.o
 .group         0x0000000000000000        0x8 _build/main_cm.o
 .group         0x0000000000000000        0x8 _build/main_cm.o
 .group         0x0000000000000000        0x8 _build/main_cm.o
 .group         0x0000000000000000        0x8 _build/main_cm.o
 .group         0x0000000000000000        0x8 _build/main_cm.o
 .group         0x0000000000000000        0x8 _build/main_cm.o
 .group         0x0000000000000000        0x8 _build/main_cm.o
 .group         0x0000000000000000        0x8 _build/main_cm.o
 .group         0x0000000000000000        0x8 _build/main_cm.o
 .group         0x0000000000000000        0x8 _build/main_cm.o
 .group         0x0000000000000000        0x8 _build/main_cm.o
 .group         0x0000000000000000        0x8 _build/main_cm.o
 .group         0x0000000000000000        0x8 _build/main_cm.o
 .group         0x0000000000000000        0x8 _build/main_cm.o
 .group         0x0000000000000000        0x8 _build/main_cm.o
 .group         0x0000000000000000        0x8 _build/radio_config.o
 .group         0x0000000000000000        0x8 _build/radio_config.o
 .group         0x0000000000000000        0x8 _build/radio_config.o
 .group         0x0000000000000000        0x8 _build/radio_config.o
 .group         0x0000000000000000        0x8 _build/radio_config.o
 .group         0x0000000000000000        0x8 _build/radio_config.o
 .group         0x0000000000000000        0x8 _build/radio_config.o
 .group         0x0000000000000000        0x8 _build/radio_config.o
 .group         0x0000000000000000        0x8 _build/radio_config.o
 .group         0x0000000000000000        0x8 _build/radio_config.o
 .group         0x0000000000000000        0x8 _build/radio_config.o
 .group         0x0000000000000000        0x8 _build/radio_config.o
 .group         0x0000000000000000        0x8 _build/radio_config.o
 .group         0x0000000000000000        0x8 _build/radio_config.o
 .group         0x0000000000000000        0x8 _build/radio_config.o
 .group         0x0000000000000000        0x8 _build/radio_config.o
 .group         0x0000000000000000        0x8 _build/radio_config.o
 .group         0x0000000000000000        0x8 _build/radio_config.o
 .debug_macro   0x0000000000000000      0x83e _build/radio_config.o
 .debug_macro   0x0000000000000000       0x22 _build/radio_config.o
 .debug_macro   0x0000000000000000       0x22 _build/radio_config.o
 .debug_macro   0x0000000000000000       0x44 _build/radio_config.o
 .debug_macro   0x0000000000000000       0x58 _build/radio_config.o
 .debug_macro   0x0000000000000000       0x22 _build/radio_config.o
 .debug_macro   0x0000000000000000      0x1df _build/radio_config.o
 .debug_macro   0x0000000000000000       0x28 _build/radio_config.o
 .debug_macro   0x0000000000000000       0x22 _build/radio_config.o
 .debug_macro   0x0000000000000000       0x3a _build/radio_config.o
 .debug_macro   0x0000000000000000       0x1f _build/radio_config.o
 .debug_macro   0x0000000000000000      0x242 _build/radio_config.o
 .debug_macro   0x0000000000000000      0x1d2 _build/radio_config.o
 .debug_macro   0x0000000000000000     0x746b _build/radio_config.o
 .debug_macro   0x0000000000000000      0x976 _build/radio_config.o
 .debug_macro   0x0000000000000000       0x10 _build/radio_config.o
 .debug_macro   0x0000000000000000       0x1c _build/radio_config.o
 .debug_macro   0x0000000000000000       0x10 _build/radio_config.o
 .group         0x0000000000000000        0x8 _build/nrf_delay.o
 .group         0x0000000000000000        0x8 _build/nrf_delay.o
 .group         0x0000000000000000        0x8 _build/nrf_delay.o
 .group         0x0000000000000000        0x8 _build/nrf_delay.o
 .group         0x0000000000000000        0x8 _build/nrf_delay.o
 .group         0x0000000000000000        0x8 _build/nrf_delay.o
 .group         0x0000000000000000        0x8 _build/nrf_delay.o
 .group         0x0000000000000000        0x8 _build/nrf_delay.o
 .group         0x0000000000000000        0x8 _build/nrf_delay.o
 .group         0x0000000000000000        0x8 _build/nrf_delay.o
 .group         0x0000000000000000        0x8 _build/nrf_delay.o
 .group         0x0000000000000000        0x8 _build/nrf_delay.o
 .group         0x0000000000000000        0x8 _build/nrf_delay.o
 .group         0x0000000000000000        0x8 _build/nrf_delay.o
 .group         0x0000000000000000        0x8 _build/nrf_delay.o
 .group         0x0000000000000000        0x8 _build/nrf_delay.o
 .group         0x0000000000000000        0x8 _build/nrf_delay.o
 .group         0x0000000000000000        0x8 _build/nrf_delay.o
 .group         0x0000000000000000        0x8 _build/nrf_delay.o
 .group         0x0000000000000000        0x8 _build/nrf_delay.o
 .group         0x0000000000000000        0x8 _build/nrf_delay.o
 .group         0x0000000000000000        0x8 _build/nrf_delay.o
 .group         0x0000000000000000        0x8 _build/nrf_delay.o
 .group         0x0000000000000000        0x8 _build/nrf_delay.o
 .group         0x0000000000000000        0x8 _build/nrf_delay.o
 .group         0x0000000000000000        0x8 _build/nrf_delay.o
 .group         0x0000000000000000        0x8 _build/nrf_delay.o
 .group         0x0000000000000000        0x8 _build/nrf_delay.o
 .group         0x0000000000000000        0x8 _build/nrf_delay.o
 .group         0x0000000000000000        0x8 _build/nrf_delay.o
 .group         0x0000000000000000        0x8 _build/nrf_delay.o
 .debug_macro   0x0000000000000000      0x83e _build/nrf_delay.o
 .debug_macro   0x0000000000000000       0x22 _build/nrf_delay.o
 .debug_macro   0x0000000000000000       0x22 _build/nrf_delay.o
 .debug_macro   0x0000000000000000       0x22 _build/nrf_delay.o
 .debug_macro   0x0000000000000000       0x3a _build/nrf_delay.o
 .debug_macro   0x0000000000000000       0x58 _build/nrf_delay.o
 .debug_macro   0x0000000000000000      0x1df _build/nrf_delay.o
 .debug_macro   0x0000000000000000       0x1f _build/nrf_delay.o
 .debug_macro   0x0000000000000000      0x242 _build/nrf_delay.o
 .debug_macro   0x0000000000000000      0x1d2 _build/nrf_delay.o
 .debug_macro   0x0000000000000000     0x746b _build/nrf_delay.o
 .debug_macro   0x0000000000000000      0x976 _build/nrf_delay.o
 .group         0x0000000000000000        0x8 _build/data_fifo.o
 .group         0x0000000000000000        0x8 _build/data_fifo.o
 .group         0x0000000000000000        0x8 _build/data_fifo.o
 .group         0x0000000000000000        0x8 _build/data_fifo.o
 .group         0x0000000000000000        0x8 _build/data_fifo.o
 .group         0x0000000000000000        0x8 _build/data_fifo.o
 .group         0x0000000000000000        0x8 _build/data_fifo.o
 .group         0x0000000000000000        0x8 _build/data_fifo.o
 .debug_macro   0x0000000000000000      0x83e _build/data_fifo.o
 .debug_macro   0x0000000000000000       0x22 _build/data_fifo.o
 .debug_macro   0x0000000000000000       0x44 _build/data_fifo.o
 .debug_macro   0x0000000000000000       0x58 _build/data_fifo.o
 .debug_macro   0x0000000000000000       0x22 _build/data_fifo.o
 .debug_macro   0x0000000000000000      0x1df _build/data_fifo.o
 .debug_macro   0x0000000000000000       0x22 _build/data_fifo.o
 .debug_macro   0x0000000000000000       0x28 _build/data_fifo.o
 .group         0x0000000000000000        0x8 _build/command_fifo.o
 .group         0x0000000000000000        0x8 _build/command_fifo.o
 .group         0x0000000000000000        0x8 _build/command_fifo.o
 .group         0x0000000000000000        0x8 _build/command_fifo.o
 .group         0x0000000000000000        0x8 _build/command_fifo.o
 .group         0x0000000000000000        0x8 _build/command_fifo.o
 .group         0x0000000000000000        0x8 _build/command_fifo.o
 .group         0x0000000000000000        0x8 _build/command_fifo.o
 .group         0x0000000000000000        0x8 _build/command_fifo.o
 .debug_macro   0x0000000000000000      0x83e _build/command_fifo.o
 .debug_macro   0x0000000000000000       0x22 _build/command_fifo.o
 .debug_macro   0x0000000000000000       0x44 _build/command_fifo.o
 .debug_macro   0x0000000000000000       0x58 _build/command_fifo.o
 .debug_macro   0x0000000000000000       0x22 _build/command_fifo.o
 .debug_macro   0x0000000000000000      0x1df _build/command_fifo.o
 .debug_macro   0x0000000000000000       0x22 _build/command_fifo.o
 .debug_macro   0x0000000000000000       0x28 _build/command_fifo.o
 .group         0x0000000000000000        0x8 _build/timer.o
 .group         0x0000000000000000        0x8 _build/timer.o
 .group         0x0000000000000000        0x8 _build/timer.o
 .group         0x0000000000000000        0x8 _build/timer.o
 .group         0x0000000000000000        0x8 _build/timer.o
 .group         0x0000000000000000        0x8 _build/timer.o
 .group         0x0000000000000000        0x8 _build/timer.o
 .group         0x0000000000000000        0x8 _build/timer.o
 .group         0x0000000000000000        0x8 _build/timer.o
 .group         0x0000000000000000        0x8 _build/timer.o
 .group         0x0000000000000000        0x8 _build/timer.o
 .group         0x0000000000000000        0x8 _build/timer.o
 .group         0x0000000000000000        0x8 _build/timer.o
 .group         0x0000000000000000        0x8 _build/timer.o
 .group         0x0000000000000000        0x8 _build/timer.o
 .group         0x0000000000000000        0x8 _build/timer.o
 .group         0x0000000000000000        0x8 _build/timer.o
 .group         0x0000000000000000        0x8 _build/timer.o
 .group         0x0000000000000000        0x8 _build/timer.o
 .debug_macro   0x0000000000000000      0x83e _build/timer.o
 .debug_macro   0x0000000000000000       0x10 _build/timer.o
 .debug_macro   0x0000000000000000       0x22 _build/timer.o
 .debug_macro   0x0000000000000000       0x3a _build/timer.o
 .debug_macro   0x0000000000000000       0x22 _build/timer.o
 .debug_macro   0x0000000000000000       0x44 _build/timer.o
 .debug_macro   0x0000000000000000       0x58 _build/timer.o
 .debug_macro   0x0000000000000000       0x22 _build/timer.o
 .debug_macro   0x0000000000000000      0x1df _build/timer.o
 .debug_macro   0x0000000000000000       0x1f _build/timer.o
 .debug_macro   0x0000000000000000      0x242 _build/timer.o
 .debug_macro   0x0000000000000000      0x1d2 _build/timer.o
 .debug_macro   0x0000000000000000     0x746b _build/timer.o
 .debug_macro   0x0000000000000000      0x976 _build/timer.o
 .debug_macro   0x0000000000000000       0x10 _build/timer.o
 .debug_macro   0x0000000000000000       0x22 _build/timer.o
 .debug_macro   0x0000000000000000       0x28 _build/timer.o
 .debug_macro   0x0000000000000000       0x1c _build/timer.o
 .debug_macro   0x0000000000000000       0x10 _build/timer.o
 .group         0x0000000000000000        0x8 _build/spi.o
 .group         0x0000000000000000        0x8 _build/spi.o
 .group         0x0000000000000000        0x8 _build/spi.o
 .group         0x0000000000000000        0x8 _build/spi.o
 .group         0x0000000000000000        0x8 _build/spi.o
 .group         0x0000000000000000        0x8 _build/spi.o
 .group         0x0000000000000000        0x8 _build/spi.o
 .group         0x0000000000000000        0x8 _build/spi.o
 .group         0x0000000000000000        0x8 _build/spi.o
 .group         0x0000000000000000        0x8 _build/spi.o
 .group         0x0000000000000000        0x8 _build/spi.o
 .group         0x0000000000000000        0x8 _build/spi.o
 .group         0x0000000000000000        0x8 _build/spi.o
 .group         0x0000000000000000        0x8 _build/spi.o
 .group         0x0000000000000000        0x8 _build/spi.o
 .group         0x0000000000000000        0x8 _build/spi.o
 .group         0x0000000000000000        0x8 _build/spi.o
 .group         0x0000000000000000        0x8 _build/spi.o
 .group         0x0000000000000000        0x8 _build/spi.o
 .group         0x0000000000000000        0x8 _build/spi.o
 .debug_macro   0x0000000000000000      0x83e _build/spi.o
 .debug_macro   0x0000000000000000       0x22 _build/spi.o
 .debug_macro   0x0000000000000000       0x44 _build/spi.o
 .debug_macro   0x0000000000000000       0x58 _build/spi.o
 .debug_macro   0x0000000000000000       0x22 _build/spi.o
 .debug_macro   0x0000000000000000      0x1df _build/spi.o
 .debug_macro   0x0000000000000000       0x8e _build/spi.o
 .debug_macro   0x0000000000000000       0x34 _build/spi.o
 .debug_macro   0x0000000000000000       0x10 _build/spi.o
 .debug_macro   0x0000000000000000       0x1c _build/spi.o
 .debug_macro   0x0000000000000000       0x22 _build/spi.o
 .debug_macro   0x0000000000000000       0x3a _build/spi.o
 .debug_macro   0x0000000000000000       0x1f _build/spi.o
 .debug_macro   0x0000000000000000      0x242 _build/spi.o
 .debug_macro   0x0000000000000000      0x1d2 _build/spi.o
 .debug_macro   0x0000000000000000     0x746b _build/spi.o
 .debug_macro   0x0000000000000000      0x11e _build/spi.o
 .debug_macro   0x0000000000000000       0x22 _build/spi.o
 .debug_macro   0x0000000000000000       0x28 _build/spi.o
 .group         0x0000000000000000        0x8 _build/spi_fifo.o
 .group         0x0000000000000000        0x8 _build/spi_fifo.o
 .group         0x0000000000000000        0x8 _build/spi_fifo.o
 .group         0x0000000000000000        0x8 _build/spi_fifo.o
 .group         0x0000000000000000        0x8 _build/spi_fifo.o
 .group         0x0000000000000000        0x8 _build/spi_fifo.o
 .group         0x0000000000000000        0x8 _build/spi_fifo.o
 .debug_macro   0x0000000000000000      0x83e _build/spi_fifo.o
 .debug_macro   0x0000000000000000       0x22 _build/spi_fifo.o
 .debug_macro   0x0000000000000000       0x44 _build/spi_fifo.o
 .debug_macro   0x0000000000000000       0x58 _build/spi_fifo.o
 .debug_macro   0x0000000000000000       0x22 _build/spi_fifo.o
 .debug_macro   0x0000000000000000      0x1df _build/spi_fifo.o
 .group         0x0000000000000000        0x8 _build/spi_slave.o
 .group         0x0000000000000000        0x8 _build/spi_slave.o
 .group         0x0000000000000000        0x8 _build/spi_slave.o
 .group         0x0000000000000000        0x8 _build/spi_slave.o
 .group         0x0000000000000000        0x8 _build/spi_slave.o
 .group         0x0000000000000000        0x8 _build/spi_slave.o
 .group         0x0000000000000000        0x8 _build/spi_slave.o
 .group         0x0000000000000000        0x8 _build/spi_slave.o
 .group         0x0000000000000000        0x8 _build/spi_slave.o
 .group         0x0000000000000000        0x8 _build/spi_slave.o
 .group         0x0000000000000000        0x8 _build/spi_slave.o
 .group         0x0000000000000000        0x8 _build/spi_slave.o
 .group         0x0000000000000000        0x8 _build/spi_slave.o
 .group         0x0000000000000000        0x8 _build/spi_slave.o
 .group         0x0000000000000000        0x8 _build/spi_slave.o
 .group         0x0000000000000000        0x8 _build/spi_slave.o
 .group         0x0000000000000000        0x8 _build/spi_slave.o
 .group         0x0000000000000000        0x8 _build/spi_slave.o
 .group         0x0000000000000000        0x8 _build/spi_slave.o
 .group         0x0000000000000000        0x8 _build/spi_slave.o
 .group         0x0000000000000000        0x8 _build/spi_slave.o
 .group         0x0000000000000000        0x8 _build/spi_slave.o
 .group         0x0000000000000000        0x8 _build/spi_slave.o
 .group         0x0000000000000000        0x8 _build/spi_slave.o
 .group         0x0000000000000000        0x8 _build/spi_slave.o
 .group         0x0000000000000000        0x8 _build/spi_slave.o
 .group         0x0000000000000000        0x8 _build/spi_slave.o
 .group         0x0000000000000000        0x8 _build/spi_slave.o
 .group         0x0000000000000000        0x8 _build/spi_slave.o
 .group         0x0000000000000000        0x8 _build/spi_slave.o
 .group         0x0000000000000000        0x8 _build/spi_slave.o
 .group         0x0000000000000000        0x8 _build/spi_slave.o
 .group         0x0000000000000000        0x8 _build/spi_slave.o
 .group         0x0000000000000000        0x8 _build/spi_slave.o
 .debug_macro   0x0000000000000000      0x83e _build/spi_slave.o
 .debug_macro   0x0000000000000000       0x22 _build/spi_slave.o
 .debug_macro   0x0000000000000000       0x44 _build/spi_slave.o
 .debug_macro   0x0000000000000000       0x58 _build/spi_slave.o
 .debug_macro   0x0000000000000000       0x22 _build/spi_slave.o
 .debug_macro   0x0000000000000000      0x1df _build/spi_slave.o
 .debug_macro   0x0000000000000000       0x8e _build/spi_slave.o
 .debug_macro   0x0000000000000000       0x22 _build/spi_slave.o
 .debug_macro   0x0000000000000000       0x58 _build/spi_slave.o
 .debug_macro   0x0000000000000000       0x35 _build/spi_slave.o
 .debug_macro   0x0000000000000000       0x9c _build/spi_slave.o
 .debug_macro   0x0000000000000000       0x16 _build/spi_slave.o
 .debug_macro   0x0000000000000000       0x97 _build/spi_slave.o
 .debug_macro   0x0000000000000000      0x29d _build/spi_slave.o
 .debug_macro   0x0000000000000000       0xef _build/spi_slave.o
 .debug_macro   0x0000000000000000       0x10 _build/spi_slave.o
 .debug_macro   0x0000000000000000       0x52 _build/spi_slave.o
 .debug_macro   0x0000000000000000       0x16 _build/spi_slave.o
 .debug_macro   0x0000000000000000       0x43 _build/spi_slave.o
 .debug_macro   0x0000000000000000      0x180 _build/spi_slave.o
 .debug_macro   0x0000000000000000       0x10 _build/spi_slave.o
 .debug_macro   0x0000000000000000       0x22 _build/spi_slave.o
 .debug_macro   0x0000000000000000       0xbe _build/spi_slave.o
 .debug_macro   0x0000000000000000       0x16 _build/spi_slave.o
 .debug_macro   0x0000000000000000      0x197 _build/spi_slave.o
 .debug_macro   0x0000000000000000       0x22 _build/spi_slave.o
 .debug_macro   0x0000000000000000       0x3a _build/spi_slave.o
 .debug_macro   0x0000000000000000       0x1f _build/spi_slave.o
 .debug_macro   0x0000000000000000      0x242 _build/spi_slave.o
 .debug_macro   0x0000000000000000      0x1d2 _build/spi_slave.o
 .debug_macro   0x0000000000000000     0x746b _build/spi_slave.o
 .debug_macro   0x0000000000000000       0x1c _build/spi_slave.o
 .debug_macro   0x0000000000000000       0x10 _build/spi_slave.o
 .group         0x0000000000000000        0x8 _build/system_nrf51.o
 .group         0x0000000000000000        0x8 _build/system_nrf51.o
 .group         0x0000000000000000        0x8 _build/system_nrf51.o
 .group         0x0000000000000000        0x8 _build/system_nrf51.o
 .group         0x0000000000000000        0x8 _build/system_nrf51.o
 .group         0x0000000000000000        0x8 _build/system_nrf51.o
 .group         0x0000000000000000        0x8 _build/system_nrf51.o
 .group         0x0000000000000000        0x8 _build/system_nrf51.o
 .group         0x0000000000000000        0x8 _build/system_nrf51.o
 .group         0x0000000000000000        0x8 _build/system_nrf51.o
 .group         0x0000000000000000        0x8 _build/system_nrf51.o
 .group         0x0000000000000000        0x8 _build/system_nrf51.o
 .group         0x0000000000000000        0x8 _build/system_nrf51.o
 .group         0x0000000000000000        0x8 _build/system_nrf51.o
 .group         0x0000000000000000        0x8 _build/system_nrf51.o
 .debug_macro   0x0000000000000000      0x83e _build/system_nrf51.o
 .debug_macro   0x0000000000000000       0x22 _build/system_nrf51.o
 .debug_macro   0x0000000000000000       0x44 _build/system_nrf51.o
 .debug_macro   0x0000000000000000       0x58 _build/system_nrf51.o
 .debug_macro   0x0000000000000000       0x22 _build/system_nrf51.o
 .debug_macro   0x0000000000000000      0x1df _build/system_nrf51.o
 .debug_macro   0x0000000000000000       0x22 _build/system_nrf51.o
 .debug_macro   0x0000000000000000       0x22 _build/system_nrf51.o
 .debug_macro   0x0000000000000000       0x3a _build/system_nrf51.o
 .debug_macro   0x0000000000000000       0x1f _build/system_nrf51.o
 .debug_macro   0x0000000000000000      0x242 _build/system_nrf51.o
 .debug_macro   0x0000000000000000      0x1d2 _build/system_nrf51.o
 .debug_macro   0x0000000000000000     0x746b _build/system_nrf51.o
 .debug_macro   0x0000000000000000      0x976 _build/system_nrf51.o
 .debug_macro   0x0000000000000000       0x10 _build/system_nrf51.o

Memory Configuration

Name             Origin             Length             Attributes
FLASH            0x0000000000000000 0x0000000000040000 xr
RAM              0x0000000020000000 0x0000000000004000 xrw
*default*        0x0000000000000000 0xffffffffffffffff

Linker script and memory map

LOAD /Users/Andy/Desktop/Mario_Radio/gcc-arm-none-eabi-4_9-2015q2/bin/../lib/gcc/arm-none-eabi/4.9.3/armv6-m/crti.o
LOAD /Users/Andy/Desktop/Mario_Radio/gcc-arm-none-eabi-4_9-2015q2/bin/../lib/gcc/arm-none-eabi/4.9.3/armv6-m/crtbegin.o
LOAD /Users/Andy/Desktop/Mario_Radio/gcc-arm-none-eabi-4_9-2015q2/bin/../lib/gcc/arm-none-eabi/4.9.3/../../../../arm-none-eabi/lib/armv6-m/crt0.o
LOAD _build/main_cm.o
LOAD _build/radio_config.o
LOAD _build/nrf_delay.o
LOAD _build/data_fifo.o
LOAD _build/command_fifo.o
LOAD _build/timer.o
LOAD _build/spi.o
LOAD _build/spi_fifo.o
LOAD _build/spi_slave.o
LOAD _build/system_nrf51.o
LOAD _build/gcc_startup_nrf51.o
START GROUP
LOAD /Users/Andy/Desktop/Mario_Radio/gcc-arm-none-eabi-4_9-2015q2/bin/../lib/gcc/arm-none-eabi/4.9.3/armv6-m/libgcc.a
LOAD /Users/Andy/Desktop/Mario_Radio/gcc-arm-none-eabi-4_9-2015q2/bin/../lib/gcc/arm-none-eabi/4.9.3/../../../../arm-none-eabi/lib/armv6-m/libc.a
END GROUP
LOAD /Users/Andy/Desktop/Mario_Radio/gcc-arm-none-eabi-4_9-2015q2/bin/../lib/gcc/arm-none-eabi/4.9.3/armv6-m/crtend.o
LOAD /Users/Andy/Desktop/Mario_Radio/gcc-arm-none-eabi-4_9-2015q2/bin/../lib/gcc/arm-none-eabi/4.9.3/armv6-m/crtn.o
START GROUP
LOAD /Users/Andy/Desktop/Mario_Radio/gcc-arm-none-eabi-4_9-2015q2/bin/../lib/gcc/arm-none-eabi/4.9.3/armv6-m/libgcc.a
LOAD /Users/Andy/Desktop/Mario_Radio/gcc-arm-none-eabi-4_9-2015q2/bin/../lib/gcc/arm-none-eabi/4.9.3/../../../../arm-none-eabi/lib/armv6-m/libc.a
LOAD /Users/Andy/Desktop/Mario_Radio/gcc-arm-none-eabi-4_9-2015q2/bin/../lib/gcc/arm-none-eabi/4.9.3/../../../../arm-none-eabi/lib/armv6-m/libnosys.a
END GROUP

.text           0x0000000000000000     0x2048
 *(.Vectors)
 .Vectors       0x0000000000000000       0xc0 _build/gcc_startup_nrf51.o
                0x0000000000000000                __Vectors
 *(.text*)
 .text          0x00000000000000c0        0x0 /Users/Andy/Desktop/Mario_Radio/gcc-arm-none-eabi-4_9-2015q2/bin/../lib/gcc/arm-none-eabi/4.9.3/armv6-m/crti.o
 .text          0x00000000000000c0       0x60 /Users/Andy/Desktop/Mario_Radio/gcc-arm-none-eabi-4_9-2015q2/bin/../lib/gcc/arm-none-eabi/4.9.3/armv6-m/crtbegin.o
 .text          0x0000000000000120       0x78 /Users/Andy/Desktop/Mario_Radio/gcc-arm-none-eabi-4_9-2015q2/bin/../lib/gcc/arm-none-eabi/4.9.3/../../../../arm-none-eabi/lib/armv6-m/crt0.o
                0x0000000000000120                _mainCRTStartup
                0x0000000000000120                _start
 .text          0x0000000000000198      0x198 _build/main_cm.o
                0x0000000000000198                app_error_handler
                0x00000000000001a8                init
                0x0000000000000208                main
 .text          0x0000000000000330      0x404 _build/radio_config.o
                0x0000000000000430                radio_configure
                0x000000000000056c                radio_pause_tx
                0x0000000000000580                radio_unpause_tx
                0x0000000000000594                radio_get_queued
                0x00000000000005a8                set_radio_disabled
                0x00000000000005c8                get_radio_disabled
                0x00000000000005dc                RADIO_IRQHandler
                0x000000000000071c                radio_count
 .text          0x0000000000000734       0x5c _build/nrf_delay.o
                0x0000000000000768                nrf_delay_ms
 .text          0x0000000000000790      0x108 _build/data_fifo.o
                0x0000000000000790                write_data
                0x00000000000007e4                finish_write_data
                0x00000000000007fc                reset_write_data
                0x0000000000000824                read_data
                0x0000000000000884                get_num_data
 .text          0x0000000000000898      0x13c _build/command_fifo.o
                0x0000000000000898                write_command
                0x00000000000008ec                finish_write_command
                0x0000000000000904                reset_write_command
                0x000000000000092c                read_command
                0x0000000000000980                finish_read_command
                0x0000000000000998                reset_read_command
                0x00000000000009c0                get_num_commands
 .text          0x00000000000009d4      0x460 _build/timer.o
                0x0000000000000b68                init_timer
                0x0000000000000bd0                start_timeout
                0x0000000000000c04                TIMER0_IRQHandler
 .text          0x0000000000000e34      0x350 _build/spi.o
                0x0000000000000e34                spi_slave_event_handle
                0x0000000000000ffc                spi_init
 .text          0x0000000000001184      0x118 _build/spi_fifo.o
                0x0000000000001184                write_spi_fifo
                0x00000000000011d8                finish_write_spi_fifo
                0x00000000000011f0                reset_write_spi_fifo
                0x0000000000001218                read_spi_fifo
                0x000000000000126c                finish_read_spi_fifo
                0x0000000000001284                get_capacity_spi_fifo
 .text          0x000000000000129c      0x594 _build/spi_slave.o
                0x00000000000013cc                spi_slave_evt_handler_register
                0x00000000000013f4                spi_slave_set_cs_pull_up_config
                0x0000000000001410                spi_slave_set_drive_config
                0x000000000000142c                spi_slave_init
                0x00000000000016ec                spi_slave_buffers_set
                0x000000000000177c                SPI1_TWI1_IRQHandler
 .text          0x0000000000001830      0x124 _build/system_nrf51.o
                0x0000000000001830                SystemCoreClockUpdate
                0x0000000000001848                SystemInit
 .text          0x0000000000001954       0x54 _build/gcc_startup_nrf51.o
                0x0000000000001954                Reset_Handler
                0x000000000000199c                NMI_Handler
                0x000000000000199e                HardFault_Handler
                0x00000000000019a0                SVC_Handler
                0x00000000000019a2                PendSV_Handler
                0x00000000000019a4                SysTick_Handler
                0x00000000000019a6                SWI4_IRQHandler
                0x00000000000019a6                TEMP_IRQHandler
                0x00000000000019a6                QDEC_IRQHandler
                0x00000000000019a6                UART0_IRQHandler
                0x00000000000019a6                SWI5_IRQHandler
                0x00000000000019a6                SWI0_IRQHandler
                0x00000000000019a6                TIMER1_IRQHandler
                0x00000000000019a6                ECB_IRQHandler
                0x00000000000019a6                Default_Handler
                0x00000000000019a6                ADC_IRQHandler
                0x00000000000019a6                SWI3_IRQHandler
                0x00000000000019a6                CCM_AAR_IRQHandler
                0x00000000000019a6                WDT_IRQHandler
                0x00000000000019a6                SWI2_IRQHandler
                0x00000000000019a6                RNG_IRQHandler
                0x00000000000019a6                RTC1_IRQHandler
                0x00000000000019a6                TIMER2_IRQHandler
                0x00000000000019a6                SWI1_IRQHandler
                0x00000000000019a6                SPI0_TWI0_IRQHandler
                0x00000000000019a6                RTC0_IRQHandler
                0x00000000000019a6                GPIOTE_IRQHandler
                0x00000000000019a6                POWER_CLOCK_IRQHandler
                0x00000000000019a6                LPCOMP_IRQHandler
 .text          0x00000000000019a8      0x120 /Users/Andy/Desktop/Mario_Radio/gcc-arm-none-eabi-4_9-2015q2/bin/../lib/gcc/arm-none-eabi/4.9.3/armv6-m/libgcc.a(_udivsi3.o)
                0x00000000000019a8                __udivsi3
                0x00000000000019a8                __aeabi_uidiv
                0x0000000000001ab4                __aeabi_uidivmod
 .text          0x0000000000001ac8      0x1e0 /Users/Andy/Desktop/Mario_Radio/gcc-arm-none-eabi-4_9-2015q2/bin/../lib/gcc/arm-none-eabi/4.9.3/armv6-m/libgcc.a(_divsi3.o)
                0x0000000000001ac8                __aeabi_idiv
                0x0000000000001ac8                __divsi3
                0x0000000000001c94                __aeabi_idivmod
 .text          0x0000000000001ca8        0x4 /Users/Andy/Desktop/Mario_Radio/gcc-arm-none-eabi-4_9-2015q2/bin/../lib/gcc/arm-none-eabi/4.9.3/armv6-m/libgcc.a(_dvmd_tls.o)
                0x0000000000001ca8                __aeabi_ldiv0
                0x0000000000001ca8                __aeabi_idiv0
 .text          0x0000000000001cac        0x0 /Users/Andy/Desktop/Mario_Radio/gcc-arm-none-eabi-4_9-2015q2/bin/../lib/gcc/arm-none-eabi/4.9.3/../../../../arm-none-eabi/lib/armv6-m/libc.a(lib_a-exit.o)
 .text.exit     0x0000000000001cac       0x20 /Users/Andy/Desktop/Mario_Radio/gcc-arm-none-eabi-4_9-2015q2/bin/../lib/gcc/arm-none-eabi/4.9.3/../../../../arm-none-eabi/lib/armv6-m/libc.a(lib_a-exit.o)
                0x0000000000001cac                exit
 .text          0x0000000000001ccc        0x0 /Users/Andy/Desktop/Mario_Radio/gcc-arm-none-eabi-4_9-2015q2/bin/../lib/gcc/arm-none-eabi/4.9.3/../../../../arm-none-eabi/lib/armv6-m/libc.a(lib_a-impure.o)
 .text          0x0000000000001ccc        0x0 /Users/Andy/Desktop/Mario_Radio/gcc-arm-none-eabi-4_9-2015q2/bin/../lib/gcc/arm-none-eabi/4.9.3/../../../../arm-none-eabi/lib/armv6-m/libc.a(lib_a-init.o)
 .text.__libc_init_array
                0x0000000000001ccc       0x48 /Users/Andy/Desktop/Mario_Radio/gcc-arm-none-eabi-4_9-2015q2/bin/../lib/gcc/arm-none-eabi/4.9.3/../../../../arm-none-eabi/lib/armv6-m/libc.a(lib_a-init.o)
                0x0000000000001ccc                __libc_init_array
 .text          0x0000000000001d14        0x0 /Users/Andy/Desktop/Mario_Radio/gcc-arm-none-eabi-4_9-2015q2/bin/../lib/gcc/arm-none-eabi/4.9.3/../../../../arm-none-eabi/lib/armv6-m/libc.a(lib_a-memset.o)
 .text.memset   0x0000000000001d14       0x8c /Users/Andy/Desktop/Mario_Radio/gcc-arm-none-eabi-4_9-2015q2/bin/../lib/gcc/arm-none-eabi/4.9.3/../../../../arm-none-eabi/lib/armv6-m/libc.a(lib_a-memset.o)
                0x0000000000001d14                memset
 .text          0x0000000000001da0        0x0 /Users/Andy/Desktop/Mario_Radio/gcc-arm-none-eabi-4_9-2015q2/bin/../lib/gcc/arm-none-eabi/4.9.3/../../../../arm-none-eabi/lib/armv6-m/libc.a(lib_a-__call_atexit.o)
 .text.startup.register_fini
                0x0000000000001da0       0x18 /Users/Andy/Desktop/Mario_Radio/gcc-arm-none-eabi-4_9-2015q2/bin/../lib/gcc/arm-none-eabi/4.9.3/../../../../arm-none-eabi/lib/armv6-m/libc.a(lib_a-__call_atexit.o)
 .text.__call_exitprocs
                0x0000000000001db8      0x108 /Users/Andy/Desktop/Mario_Radio/gcc-arm-none-eabi-4_9-2015q2/bin/../lib/gcc/arm-none-eabi/4.9.3/../../../../arm-none-eabi/lib/armv6-m/libc.a(lib_a-__call_atexit.o)
                0x0000000000001db8                __call_exitprocs
 .text          0x0000000000001ec0        0x0 /Users/Andy/Desktop/Mario_Radio/gcc-arm-none-eabi-4_9-2015q2/bin/../lib/gcc/arm-none-eabi/4.9.3/../../../../arm-none-eabi/lib/armv6-m/libc.a(lib_a-atexit.o)
 .text.atexit   0x0000000000001ec0       0x10 /Users/Andy/Desktop/Mario_Radio/gcc-arm-none-eabi-4_9-2015q2/bin/../lib/gcc/arm-none-eabi/4.9.3/../../../../arm-none-eabi/lib/armv6-m/libc.a(lib_a-atexit.o)
                0x0000000000001ec0                atexit
 .text          0x0000000000001ed0        0x0 /Users/Andy/Desktop/Mario_Radio/gcc-arm-none-eabi-4_9-2015q2/bin/../lib/gcc/arm-none-eabi/4.9.3/../../../../arm-none-eabi/lib/armv6-m/libc.a(lib_a-fini.o)
 .text.__libc_fini_array
                0x0000000000001ed0       0x34 /Users/Andy/Desktop/Mario_Radio/gcc-arm-none-eabi-4_9-2015q2/bin/../lib/gcc/arm-none-eabi/4.9.3/../../../../arm-none-eabi/lib/armv6-m/libc.a(lib_a-fini.o)
                0x0000000000001ed0                __libc_fini_array
 .text          0x0000000000001f04        0x0 /Users/Andy/Desktop/Mario_Radio/gcc-arm-none-eabi-4_9-2015q2/bin/../lib/gcc/arm-none-eabi/4.9.3/../../../../arm-none-eabi/lib/armv6-m/libc.a(lib_a-__atexit.o)
 .text.__register_exitproc
                0x0000000000001f04       0xd4 /Users/Andy/Desktop/Mario_Radio/gcc-arm-none-eabi-4_9-2015q2/bin/../lib/gcc/arm-none-eabi/4.9.3/../../../../arm-none-eabi/lib/armv6-m/libc.a(lib_a-__atexit.o)
                0x0000000000001f04                __register_exitproc
 .text          0x0000000000001fd8        0x0 /Users/Andy/Desktop/Mario_Radio/gcc-arm-none-eabi-4_9-2015q2/bin/../lib/gcc/arm-none-eabi/4.9.3/armv6-m/crtend.o
 .text          0x0000000000001fd8        0x0 /Users/Andy/Desktop/Mario_Radio/gcc-arm-none-eabi-4_9-2015q2/bin/../lib/gcc/arm-none-eabi/4.9.3/armv6-m/crtn.o
 .text          0x0000000000001fd8        0x0 /Users/Andy/Desktop/Mario_Radio/gcc-arm-none-eabi-4_9-2015q2/bin/../lib/gcc/arm-none-eabi/4.9.3/../../../../arm-none-eabi/lib/armv6-m/libnosys.a(_exit.o)
 .text._exit    0x0000000000001fd8        0x4 /Users/Andy/Desktop/Mario_Radio/gcc-arm-none-eabi-4_9-2015q2/bin/../lib/gcc/arm-none-eabi/4.9.3/../../../../arm-none-eabi/lib/armv6-m/libnosys.a(_exit.o)
                0x0000000000001fd8                _exit
 *(.init)
 .init          0x0000000000001fdc        0x4 /Users/Andy/Desktop/Mario_Radio/gcc-arm-none-eabi-4_9-2015q2/bin/../lib/gcc/arm-none-eabi/4.9.3/armv6-m/crti.o
                0x0000000000001fdc                _init
 .init          0x0000000000001fe0        0x8 /Users/Andy/Desktop/Mario_Radio/gcc-arm-none-eabi-4_9-2015q2/bin/../lib/gcc/arm-none-eabi/4.9.3/armv6-m/crtn.o
 *(.fini)
 .fini          0x0000000000001fe8        0x4 /Users/Andy/Desktop/Mario_Radio/gcc-arm-none-eabi-4_9-2015q2/bin/../lib/gcc/arm-none-eabi/4.9.3/armv6-m/crti.o
                0x0000000000001fe8                _fini
 .fini          0x0000000000001fec        0x8 /Users/Andy/Desktop/Mario_Radio/gcc-arm-none-eabi-4_9-2015q2/bin/../lib/gcc/arm-none-eabi/4.9.3/armv6-m/crtn.o
 *crtbegin.o(.ctors)
 *crtbegin?.o(.ctors)
 *(EXCLUDE_FILE(*crtend.o *crtend?.o) .ctors)
 *(SORT(.ctors.*))
 *(.ctors)
 *crtbegin.o(.dtors)
 *crtbegin?.o(.dtors)
 *(EXCLUDE_FILE(*crtend.o *crtend?.o) .dtors)
 *(SORT(.dtors.*))
 *(.dtors)
 *(.rodata*)
 .rodata        0x0000000000001ff4        0xd _build/main_cm.o
 *fill*         0x0000000000002001        0x3 
 .rodata        0x0000000000002004        0x9 _build/spi.o
 *fill*         0x000000000000200d        0x3 
 .rodata        0x0000000000002010       0x2a _build/spi_slave.o
 *fill*         0x000000000000203a        0x2 
 .rodata.str1.4
                0x000000000000203c        0x4 /Users/Andy/Desktop/Mario_Radio/gcc-arm-none-eabi-4_9-2015q2/bin/../lib/gcc/arm-none-eabi/4.9.3/../../../../arm-none-eabi/lib/armv6-m/libc.a(lib_a-impure.o)
                                          0x2 (size before relaxing)
 .rodata._global_impure_ptr
                0x0000000000002040        0x4 /Users/Andy/Desktop/Mario_Radio/gcc-arm-none-eabi-4_9-2015q2/bin/../lib/gcc/arm-none-eabi/4.9.3/../../../../arm-none-eabi/lib/armv6-m/libc.a(lib_a-impure.o)
                0x0000000000002040                _global_impure_ptr
 *(.eh_frame*)
 .eh_frame      0x0000000000002044        0x0 /Users/Andy/Desktop/Mario_Radio/gcc-arm-none-eabi-4_9-2015q2/bin/../lib/gcc/arm-none-eabi/4.9.3/armv6-m/crtbegin.o
 .eh_frame      0x0000000000002044        0x4 /Users/Andy/Desktop/Mario_Radio/gcc-arm-none-eabi-4_9-2015q2/bin/../lib/gcc/arm-none-eabi/4.9.3/armv6-m/crtend.o

.glue_7         0x0000000000002048        0x0
 .glue_7        0x0000000000000000        0x0 linker stubs

.glue_7t        0x0000000000002048        0x0
 .glue_7t       0x0000000000000000        0x0 linker stubs

.vfp11_veneer   0x0000000000002048        0x0
 .vfp11_veneer  0x0000000000000000        0x0 linker stubs

.v4_bx          0x0000000000002048        0x0
 .v4_bx         0x0000000000000000        0x0 linker stubs

.iplt           0x0000000000002048        0x0
 .iplt          0x0000000000000000        0x0 /Users/Andy/Desktop/Mario_Radio/gcc-arm-none-eabi-4_9-2015q2/bin/../lib/gcc/arm-none-eabi/4.9.3/armv6-m/crtbegin.o

.ARM.extab      0x0000000000002048        0x0
 *(.ARM.extab* .gnu.linkonce.armextab.*)
 .ARM.extab     0x0000000000002048        0x0 /Users/Andy/Desktop/Mario_Radio/gcc-arm-none-eabi-4_9-2015q2/bin/../lib/gcc/arm-none-eabi/4.9.3/../../../../arm-none-eabi/lib/armv6-m/crt0.o
 .ARM.extab     0x0000000000002048        0x0 _build/gcc_startup_nrf51.o
                0x0000000000002048                __exidx_start = .

.ARM.exidx      0x0000000000002048        0x8
 *(.ARM.exidx* .gnu.linkonce.armexidx.*)
 .ARM.exidx     0x0000000000002048        0x8 /Users/Andy/Desktop/Mario_Radio/gcc-arm-none-eabi-4_9-2015q2/bin/../lib/gcc/arm-none-eabi/4.9.3/../../../../arm-none-eabi/lib/armv6-m/crt0.o
 .ARM.exidx     0x0000000000002050        0x0 _build/gcc_startup_nrf51.o
                                          0x8 (size before relaxing)
                0x0000000000002050                __exidx_end = .
                0x0000000000002050                __etext = .

.rel.dyn        0x0000000000002050        0x0
 .rel.iplt      0x0000000000000000        0x0 /Users/Andy/Desktop/Mario_Radio/gcc-arm-none-eabi-4_9-2015q2/bin/../lib/gcc/arm-none-eabi/4.9.3/armv6-m/crtbegin.o

.data           0x0000000020000000      0x444 load address 0x0000000000002050
                0x0000000020000000                __data_start__ = .
 *(vtable)
 *(.data*)
 .data          0x0000000020000000        0x0 /Users/Andy/Desktop/Mario_Radio/gcc-arm-none-eabi-4_9-2015q2/bin/../lib/gcc/arm-none-eabi/4.9.3/armv6-m/crti.o
 .data          0x0000000020000000        0x4 /Users/Andy/Desktop/Mario_Radio/gcc-arm-none-eabi-4_9-2015q2/bin/../lib/gcc/arm-none-eabi/4.9.3/armv6-m/crtbegin.o
                0x0000000020000000                __dso_handle
 .data          0x0000000020000004        0x0 /Users/Andy/Desktop/Mario_Radio/gcc-arm-none-eabi-4_9-2015q2/bin/../lib/gcc/arm-none-eabi/4.9.3/../../../../arm-none-eabi/lib/armv6-m/crt0.o
 .data          0x0000000020000004        0x0 _build/main_cm.o
 .data          0x0000000020000004        0x0 _build/radio_config.o
 .data          0x0000000020000004        0x0 _build/nrf_delay.o
 .data          0x0000000020000004        0x0 _build/data_fifo.o
 .data          0x0000000020000004        0x0 _build/command_fifo.o
 .data          0x0000000020000004        0x0 _build/timer.o
 .data          0x0000000020000004        0x0 _build/spi.o
 .data          0x0000000020000004        0x0 _build/spi_fifo.o
 .data          0x0000000020000004        0x0 _build/spi_slave.o
 .data          0x0000000020000004        0x4 _build/system_nrf51.o
                0x0000000020000004                SystemCoreClock
 .data          0x0000000020000008        0x0 _build/gcc_startup_nrf51.o
 .data          0x0000000020000008        0x0 /Users/Andy/Desktop/Mario_Radio/gcc-arm-none-eabi-4_9-2015q2/bin/../lib/gcc/arm-none-eabi/4.9.3/armv6-m/libgcc.a(_udivsi3.o)
 .data          0x0000000020000008        0x0 /Users/Andy/Desktop/Mario_Radio/gcc-arm-none-eabi-4_9-2015q2/bin/../lib/gcc/arm-none-eabi/4.9.3/armv6-m/libgcc.a(_divsi3.o)
 .data          0x0000000020000008        0x0 /Users/Andy/Desktop/Mario_Radio/gcc-arm-none-eabi-4_9-2015q2/bin/../lib/gcc/arm-none-eabi/4.9.3/armv6-m/libgcc.a(_dvmd_tls.o)
 .data          0x0000000020000008        0x0 /Users/Andy/Desktop/Mario_Radio/gcc-arm-none-eabi-4_9-2015q2/bin/../lib/gcc/arm-none-eabi/4.9.3/../../../../arm-none-eabi/lib/armv6-m/libc.a(lib_a-exit.o)
 .data          0x0000000020000008        0x0 /Users/Andy/Desktop/Mario_Radio/gcc-arm-none-eabi-4_9-2015q2/bin/../lib/gcc/arm-none-eabi/4.9.3/../../../../arm-none-eabi/lib/armv6-m/libc.a(lib_a-impure.o)
 .data.impure_data
                0x0000000020000008      0x428 /Users/Andy/Desktop/Mario_Radio/gcc-arm-none-eabi-4_9-2015q2/bin/../lib/gcc/arm-none-eabi/4.9.3/../../../../arm-none-eabi/lib/armv6-m/libc.a(lib_a-impure.o)
 .data._impure_ptr
                0x0000000020000430        0x4 /Users/Andy/Desktop/Mario_Radio/gcc-arm-none-eabi-4_9-2015q2/bin/../lib/gcc/arm-none-eabi/4.9.3/../../../../arm-none-eabi/lib/armv6-m/libc.a(lib_a-impure.o)
                0x0000000020000430                _impure_ptr
 .data          0x0000000020000434        0x0 /Users/Andy/Desktop/Mario_Radio/gcc-arm-none-eabi-4_9-2015q2/bin/../lib/gcc/arm-none-eabi/4.9.3/../../../../arm-none-eabi/lib/armv6-m/libc.a(lib_a-init.o)
 .data          0x0000000020000434        0x0 /Users/Andy/Desktop/Mario_Radio/gcc-arm-none-eabi-4_9-2015q2/bin/../lib/gcc/arm-none-eabi/4.9.3/../../../../arm-none-eabi/lib/armv6-m/libc.a(lib_a-memset.o)
 .data          0x0000000020000434        0x0 /Users/Andy/Desktop/Mario_Radio/gcc-arm-none-eabi-4_9-2015q2/bin/../lib/gcc/arm-none-eabi/4.9.3/../../../../arm-none-eabi/lib/armv6-m/libc.a(lib_a-__call_atexit.o)
 .data          0x0000000020000434        0x0 /Users/Andy/Desktop/Mario_Radio/gcc-arm-none-eabi-4_9-2015q2/bin/../lib/gcc/arm-none-eabi/4.9.3/../../../../arm-none-eabi/lib/armv6-m/libc.a(lib_a-atexit.o)
 .data          0x0000000020000434        0x0 /Users/Andy/Desktop/Mario_Radio/gcc-arm-none-eabi-4_9-2015q2/bin/../lib/gcc/arm-none-eabi/4.9.3/../../../../arm-none-eabi/lib/armv6-m/libc.a(lib_a-fini.o)
 .data          0x0000000020000434        0x0 /Users/Andy/Desktop/Mario_Radio/gcc-arm-none-eabi-4_9-2015q2/bin/../lib/gcc/arm-none-eabi/4.9.3/../../../../arm-none-eabi/lib/armv6-m/libc.a(lib_a-__atexit.o)
 .data          0x0000000020000434        0x0 /Users/Andy/Desktop/Mario_Radio/gcc-arm-none-eabi-4_9-2015q2/bin/../lib/gcc/arm-none-eabi/4.9.3/armv6-m/crtend.o
 .data          0x0000000020000434        0x0 /Users/Andy/Desktop/Mario_Radio/gcc-arm-none-eabi-4_9-2015q2/bin/../lib/gcc/arm-none-eabi/4.9.3/armv6-m/crtn.o
 .data          0x0000000020000434        0x0 /Users/Andy/Desktop/Mario_Radio/gcc-arm-none-eabi-4_9-2015q2/bin/../lib/gcc/arm-none-eabi/4.9.3/../../../../arm-none-eabi/lib/armv6-m/libnosys.a(_exit.o)
                0x0000000020000434                . = ALIGN (0x4)
                0x0000000020000434                PROVIDE (__preinit_array_start, .)
 *(.preinit_array)
                0x0000000020000434                PROVIDE (__preinit_array_end, .)
                0x0000000020000434                . = ALIGN (0x4)
                0x0000000020000434                PROVIDE (__init_array_start, .)
 *(SORT(.init_array.*))
 .init_array.00000
                0x0000000020000434        0x4 /Users/Andy/Desktop/Mario_Radio/gcc-arm-none-eabi-4_9-2015q2/bin/../lib/gcc/arm-none-eabi/4.9.3/../../../../arm-none-eabi/lib/armv6-m/libc.a(lib_a-__call_atexit.o)
 *(.init_array)
 .init_array    0x0000000020000438        0x4 /Users/Andy/Desktop/Mario_Radio/gcc-arm-none-eabi-4_9-2015q2/bin/../lib/gcc/arm-none-eabi/4.9.3/armv6-m/crtbegin.o
                0x000000002000043c                PROVIDE (__init_array_end, .)
                0x000000002000043c                . = ALIGN (0x4)
                0x000000002000043c                PROVIDE (__fini_array_start, .)
 *(SORT(.fini_array.*))
 *(.fini_array)
 .fini_array    0x000000002000043c        0x4 /Users/Andy/Desktop/Mario_Radio/gcc-arm-none-eabi-4_9-2015q2/bin/../lib/gcc/arm-none-eabi/4.9.3/armv6-m/crtbegin.o
                0x0000000020000440                PROVIDE (__fini_array_end, .)
 *(.jcr)
 .jcr           0x0000000020000440        0x0 /Users/Andy/Desktop/Mario_Radio/gcc-arm-none-eabi-4_9-2015q2/bin/../lib/gcc/arm-none-eabi/4.9.3/armv6-m/crtbegin.o
 .jcr           0x0000000020000440        0x4 /Users/Andy/Desktop/Mario_Radio/gcc-arm-none-eabi-4_9-2015q2/bin/../lib/gcc/arm-none-eabi/4.9.3/armv6-m/crtend.o
                0x0000000020000444                . = ALIGN (0x4)
                0x0000000020000444                __data_end__ = .

.igot.plt       0x0000000020000444        0x0 load address 0x0000000000002494
 .igot.plt      0x0000000000000000        0x0 /Users/Andy/Desktop/Mario_Radio/gcc-arm-none-eabi-4_9-2015q2/bin/../lib/gcc/arm-none-eabi/4.9.3/armv6-m/crtbegin.o

.bss            0x0000000020000444     0x2ae4 load address 0x0000000000002494
                0x0000000020000444                . = ALIGN (0x4)
                0x0000000020000444                __bss_start__ = .
 *(.bss*)
 .bss           0x0000000020000444        0x0 /Users/Andy/Desktop/Mario_Radio/gcc-arm-none-eabi-4_9-2015q2/bin/../lib/gcc/arm-none-eabi/4.9.3/armv6-m/crti.o
 .bss           0x0000000020000444       0x1c /Users/Andy/Desktop/Mario_Radio/gcc-arm-none-eabi-4_9-2015q2/bin/../lib/gcc/arm-none-eabi/4.9.3/armv6-m/crtbegin.o
 .bss           0x0000000020000460        0x0 /Users/Andy/Desktop/Mario_Radio/gcc-arm-none-eabi-4_9-2015q2/bin/../lib/gcc/arm-none-eabi/4.9.3/../../../../arm-none-eabi/lib/armv6-m/crt0.o
 .bss           0x0000000020000460        0x0 _build/main_cm.o
 .bss           0x0000000020000460        0x0 _build/radio_config.o
 .bss           0x0000000020000460        0x0 _build/nrf_delay.o
 .bss           0x0000000020000460        0x3 _build/data_fifo.o
                0x0000000020000460                d_read_ptr
                0x0000000020000461                d_write_ptr
                0x0000000020000462                d_size
 .bss           0x0000000020000463        0x3 _build/command_fifo.o
                0x0000000020000463                c_read_ptr
                0x0000000020000464                c_write_ptr
                0x0000000020000465                c_size
 .bss           0x0000000020000466        0x0 _build/timer.o
 *fill*         0x0000000020000466        0x2 
 .bss           0x0000000020000468        0x8 _build/spi.o
                0x0000000020000468                spi_data_bytes
                0x000000002000046c                spi_data_total
 .bss           0x0000000020000470        0x3 _build/spi_fifo.o
                0x0000000020000470                s_read_ptr
                0x0000000020000471                s_write_ptr
                0x0000000020000472                s_size
 *fill*         0x0000000020000473        0x1 
 .bss           0x0000000020000474       0x20 _build/spi_slave.o
 .bss           0x0000000020000494        0x0 _build/system_nrf51.o
 .bss           0x0000000020000494        0x0 _build/gcc_startup_nrf51.o
 .bss           0x0000000020000494        0x0 /Users/Andy/Desktop/Mario_Radio/gcc-arm-none-eabi-4_9-2015q2/bin/../lib/gcc/arm-none-eabi/4.9.3/armv6-m/libgcc.a(_udivsi3.o)
 .bss           0x0000000020000494        0x0 /Users/Andy/Desktop/Mario_Radio/gcc-arm-none-eabi-4_9-2015q2/bin/../lib/gcc/arm-none-eabi/4.9.3/armv6-m/libgcc.a(_divsi3.o)
 .bss           0x0000000020000494        0x0 /Users/Andy/Desktop/Mario_Radio/gcc-arm-none-eabi-4_9-2015q2/bin/../lib/gcc/arm-none-eabi/4.9.3/armv6-m/libgcc.a(_dvmd_tls.o)
 .bss           0x0000000020000494        0x0 /Users/Andy/Desktop/Mario_Radio/gcc-arm-none-eabi-4_9-2015q2/bin/../lib/gcc/arm-none-eabi/4.9.3/../../../../arm-none-eabi/lib/armv6-m/libc.a(lib_a-exit.o)
 .bss           0x0000000020000494        0x0 /Users/Andy/Desktop/Mario_Radio/gcc-arm-none-eabi-4_9-2015q2/bin/../lib/gcc/arm-none-eabi/4.9.3/../../../../arm-none-eabi/lib/armv6-m/libc.a(lib_a-impure.o)
 .bss           0x0000000020000494        0x0 /Users/Andy/Desktop/Mario_Radio/gcc-arm-none-eabi-4_9-2015q2/bin/../lib/gcc/arm-none-eabi/4.9.3/../../../../arm-none-eabi/lib/armv6-m/libc.a(lib_a-init.o)
 .bss           0x0000000020000494        0x0 /Users/Andy/Desktop/Mario_Radio/gcc-arm-none-eabi-4_9-2015q2/bin/../lib/gcc/arm-none-eabi/4.9.3/../../../../arm-none-eabi/lib/armv6-m/libc.a(lib_a-memset.o)
 .bss           0x0000000020000494        0x0 /Users/Andy/Desktop/Mario_Radio/gcc-arm-none-eabi-4_9-2015q2/bin/../lib/gcc/arm-none-eabi/4.9.3/../../../../arm-none-eabi/lib/armv6-m/libc.a(lib_a-__call_atexit.o)
 .bss           0x0000000020000494        0x0 /Users/Andy/Desktop/Mario_Radio/gcc-arm-none-eabi-4_9-2015q2/bin/../lib/gcc/arm-none-eabi/4.9.3/../../../../arm-none-eabi/lib/armv6-m/libc.a(lib_a-atexit.o)
 .bss           0x0000000020000494        0x0 /Users/Andy/Desktop/Mario_Radio/gcc-arm-none-eabi-4_9-2015q2/bin/../lib/gcc/arm-none-eabi/4.9.3/../../../../arm-none-eabi/lib/armv6-m/libc.a(lib_a-fini.o)
 .bss           0x0000000020000494        0x0 /Users/Andy/Desktop/Mario_Radio/gcc-arm-none-eabi-4_9-2015q2/bin/../lib/gcc/arm-none-eabi/4.9.3/../../../../arm-none-eabi/lib/armv6-m/libc.a(lib_a-__atexit.o)
 .bss           0x0000000020000494        0x0 /Users/Andy/Desktop/Mario_Radio/gcc-arm-none-eabi-4_9-2015q2/bin/../lib/gcc/arm-none-eabi/4.9.3/armv6-m/crtend.o
 .bss           0x0000000020000494        0x0 /Users/Andy/Desktop/Mario_Radio/gcc-arm-none-eabi-4_9-2015q2/bin/../lib/gcc/arm-none-eabi/4.9.3/armv6-m/crtn.o
 .bss           0x0000000020000494        0x0 /Users/Andy/Desktop/Mario_Radio/gcc-arm-none-eabi-4_9-2015q2/bin/../lib/gcc/arm-none-eabi/4.9.3/../../../../arm-none-eabi/lib/armv6-m/libnosys.a(_exit.o)
 *(COMMON)
 COMMON         0x0000000020000494       0x10 _build/main_cm.o
                0x0000000020000494                success
                0x0000000020000495                j
                0x0000000020000496                length
                0x0000000020000498                spi_packet
                0x000000002000049c                i
                0x000000002000049d                c
                0x00000000200004a0                commands
 COMMON         0x00000000200004a4        0x8 _build/radio_config.o
                0x00000000200004a4                radio_disabled
                0x00000000200004a5                timer_irq
                0x00000000200004a6                packet_queued
                0x00000000200004a8                radio_bytes
 COMMON         0x00000000200004ac     0x1964 _build/data_fifo.o
                0x00000000200004ac                data_fifo
 COMMON         0x0000000020001e10      0xf3c _build/command_fifo.o
                0x0000000020001e10                command_fifo
 COMMON         0x0000000020002d4c       0x83 _build/timer.o
                0x0000000020002d4c                empty_packet
                0x0000000020002dce                error
 *fill*         0x0000000020002dcf        0x1 
 COMMON         0x0000000020002dd0      0x11c _build/spi.o
                0x0000000020002dd0                empty_write_buf
                0x0000000020002dd8                spi_out
                0x0000000020002e60                rx_buf
                0x0000000020002e64                full_read_buf
                0x0000000020002ee8                tx_buf
 COMMON         0x0000000020002eec       0x3c _build/spi_fifo.o
                0x0000000020002eec                spi_fifo
                0x0000000020002f28                . = ALIGN (0x4)
                0x0000000020002f28                __bss_end__ = .

.heap           0x0000000020002f28      0x800
                0x0000000020002f28                __end__ = .
                0x0000000020002f28                end = __end__
 *(.heap*)
 .heap          0x0000000020002f28      0x800 _build/gcc_startup_nrf51.o
                0x0000000020002f28                __HeapBase
                0x0000000020003728                __HeapLimit = .

.stack_dummy    0x0000000020002f28      0x800
 *(.stack*)
 .stack         0x0000000020002f28      0x800 _build/gcc_startup_nrf51.o
                0x0000000020004000                __StackTop = (ORIGIN (RAM) + 0x4000)
                0x0000000020003800                __StackLimit = (__StackTop - SIZEOF (.stack_dummy))
                0x0000000020004000                PROVIDE (__stack, __StackTop)
                0x0000000000000001                ASSERT ((__StackLimit >= __HeapLimit), region RAM overflowed with stack)
OUTPUT(_build/cm_radio_xxaa.out elf32-littlearm)

.ARM.attributes
                0x0000000000000000       0x28
 .ARM.attributes
                0x0000000000000000       0x1e /Users/Andy/Desktop/Mario_Radio/gcc-arm-none-eabi-4_9-2015q2/bin/../lib/gcc/arm-none-eabi/4.9.3/armv6-m/crti.o
 .ARM.attributes
                0x000000000000001e       0x2c /Users/Andy/Desktop/Mario_Radio/gcc-arm-none-eabi-4_9-2015q2/bin/../lib/gcc/arm-none-eabi/4.9.3/armv6-m/crtbegin.o
 .ARM.attributes
                0x000000000000004a       0x1b /Users/Andy/Desktop/Mario_Radio/gcc-arm-none-eabi-4_9-2015q2/bin/../lib/gcc/arm-none-eabi/4.9.3/../../../../arm-none-eabi/lib/armv6-m/crt0.o
 .ARM.attributes
                0x0000000000000065       0x31 _build/main_cm.o
 .ARM.attributes
                0x0000000000000096       0x31 _build/radio_config.o
 .ARM.attributes
                0x00000000000000c7       0x31 _build/nrf_delay.o
 .ARM.attributes
                0x00000000000000f8       0x31 _build/data_fifo.o
 .ARM.attributes
                0x0000000000000129       0x31 _build/command_fifo.o
 .ARM.attributes
                0x000000000000015a       0x31 _build/timer.o
 .ARM.attributes
                0x000000000000018b       0x31 _build/spi.o
 .ARM.attributes
                0x00000000000001bc       0x31 _build/spi_fifo.o
 .ARM.attributes
                0x00000000000001ed       0x31 _build/spi_slave.o
 .ARM.attributes
                0x000000000000021e       0x31 _build/system_nrf51.o
 .ARM.attributes
                0x000000000000024f       0x1b _build/gcc_startup_nrf51.o
 .ARM.attributes
                0x000000000000026a       0x1e /Users/Andy/Desktop/Mario_Radio/gcc-arm-none-eabi-4_9-2015q2/bin/../lib/gcc/arm-none-eabi/4.9.3/armv6-m/libgcc.a(_udivsi3.o)
 .ARM.attributes
                0x0000000000000288       0x1e /Users/Andy/Desktop/Mario_Radio/gcc-arm-none-eabi-4_9-2015q2/bin/../lib/gcc/arm-none-eabi/4.9.3/armv6-m/libgcc.a(_divsi3.o)
 .ARM.attributes
                0x00000000000002a6       0x1e /Users/Andy/Desktop/Mario_Radio/gcc-arm-none-eabi-4_9-2015q2/bin/../lib/gcc/arm-none-eabi/4.9.3/armv6-m/libgcc.a(_dvmd_tls.o)
 .ARM.attributes
                0x00000000000002c4       0x2c /Users/Andy/Desktop/Mario_Radio/gcc-arm-none-eabi-4_9-2015q2/bin/../lib/gcc/arm-none-eabi/4.9.3/../../../../arm-none-eabi/lib/armv6-m/libc.a(lib_a-exit.o)
 .ARM.attributes
                0x00000000000002f0       0x2c /Users/Andy/Desktop/Mario_Radio/gcc-arm-none-eabi-4_9-2015q2/bin/../lib/gcc/arm-none-eabi/4.9.3/../../../../arm-none-eabi/lib/armv6-m/libc.a(lib_a-impure.o)
 .ARM.attributes
                0x000000000000031c       0x2c /Users/Andy/Desktop/Mario_Radio/gcc-arm-none-eabi-4_9-2015q2/bin/../lib/gcc/arm-none-eabi/4.9.3/../../../../arm-none-eabi/lib/armv6-m/libc.a(lib_a-init.o)
 .ARM.attributes
                0x0000000000000348       0x2c /Users/Andy/Desktop/Mario_Radio/gcc-arm-none-eabi-4_9-2015q2/bin/../lib/gcc/arm-none-eabi/4.9.3/../../../../arm-none-eabi/lib/armv6-m/libc.a(lib_a-memset.o)
 .ARM.attributes
                0x0000000000000374       0x2c /Users/Andy/Desktop/Mario_Radio/gcc-arm-none-eabi-4_9-2015q2/bin/../lib/gcc/arm-none-eabi/4.9.3/../../../../arm-none-eabi/lib/armv6-m/libc.a(lib_a-__call_atexit.o)
 .ARM.attributes
                0x00000000000003a0       0x2c /Users/Andy/Desktop/Mario_Radio/gcc-arm-none-eabi-4_9-2015q2/bin/../lib/gcc/arm-none-eabi/4.9.3/../../../../arm-none-eabi/lib/armv6-m/libc.a(lib_a-atexit.o)
 .ARM.attributes
                0x00000000000003cc       0x2c /Users/Andy/Desktop/Mario_Radio/gcc-arm-none-eabi-4_9-2015q2/bin/../lib/gcc/arm-none-eabi/4.9.3/../../../../arm-none-eabi/lib/armv6-m/libc.a(lib_a-fini.o)
 .ARM.attributes
                0x00000000000003f8       0x2c /Users/Andy/Desktop/Mario_Radio/gcc-arm-none-eabi-4_9-2015q2/bin/../lib/gcc/arm-none-eabi/4.9.3/../../../../arm-none-eabi/lib/armv6-m/libc.a(lib_a-__atexit.o)
 .ARM.attributes
                0x0000000000000424       0x2c /Users/Andy/Desktop/Mario_Radio/gcc-arm-none-eabi-4_9-2015q2/bin/../lib/gcc/arm-none-eabi/4.9.3/armv6-m/crtend.o
 .ARM.attributes
                0x0000000000000450       0x1e /Users/Andy/Desktop/Mario_Radio/gcc-arm-none-eabi-4_9-2015q2/bin/../lib/gcc/arm-none-eabi/4.9.3/armv6-m/crtn.o
 .ARM.attributes
                0x000000000000046e       0x2c /Users/Andy/Desktop/Mario_Radio/gcc-arm-none-eabi-4_9-2015q2/bin/../lib/gcc/arm-none-eabi/4.9.3/../../../../arm-none-eabi/lib/armv6-m/libnosys.a(_exit.o)

.comment        0x0000000000000000       0x70
 .comment       0x0000000000000000       0x70 _build/main_cm.o
                                         0x71 (size before relaxing)
 .comment       0x0000000000000000       0x71 _build/radio_config.o
 .comment       0x0000000000000000       0x71 _build/nrf_delay.o
 .comment       0x0000000000000000       0x71 _build/data_fifo.o
 .comment       0x0000000000000000       0x71 _build/command_fifo.o
 .comment       0x0000000000000000       0x71 _build/timer.o
 .comment       0x0000000000000000       0x71 _build/spi.o
 .comment       0x0000000000000000       0x71 _build/spi_fifo.o
 .comment       0x0000000000000000       0x71 _build/spi_slave.o
 .comment       0x0000000000000000       0x71 _build/system_nrf51.o

.debug_info     0x0000000000000000     0x342a
 .debug_info    0x0000000000000000      0x40a _build/main_cm.o
 .debug_info    0x000000000000040a      0x90f _build/radio_config.o
 .debug_info    0x0000000000000d19       0xdd _build/nrf_delay.o
 .debug_info    0x0000000000000df6      0x174 _build/data_fifo.o
 .debug_info    0x0000000000000f6a      0x196 _build/command_fifo.o
 .debug_info    0x0000000000001100      0xb30 _build/timer.o
 .debug_info    0x0000000000001c30      0x888 _build/spi.o
 .debug_info    0x00000000000024b8      0x185 _build/spi_fifo.o
 .debug_info    0x000000000000263d      0xb7c _build/spi_slave.o
 .debug_info    0x00000000000031b9      0x1b1 _build/system_nrf51.o
 .debug_info    0x000000000000336a       0xc0 _build/gcc_startup_nrf51.o

.debug_abbrev   0x0000000000000000      0xbc7
 .debug_abbrev  0x0000000000000000      0x145 _build/main_cm.o
 .debug_abbrev  0x0000000000000145      0x1b9 _build/radio_config.o
 .debug_abbrev  0x00000000000002fe       0x80 _build/nrf_delay.o
 .debug_abbrev  0x000000000000037e       0xc3 _build/data_fifo.o
 .debug_abbrev  0x0000000000000441       0xc3 _build/command_fifo.o
 .debug_abbrev  0x0000000000000504      0x19f _build/timer.o
 .debug_abbrev  0x00000000000006a3      0x16d _build/spi.o
 .debug_abbrev  0x0000000000000810       0xc3 _build/spi_fifo.o
 .debug_abbrev  0x00000000000008d3      0x1ec _build/spi_slave.o
 .debug_abbrev  0x0000000000000abf       0xf4 _build/system_nrf51.o
 .debug_abbrev  0x0000000000000bb3       0x14 _build/gcc_startup_nrf51.o

.debug_aranges  0x0000000000000000      0x160
 .debug_aranges
                0x0000000000000000       0x20 _build/main_cm.o
 .debug_aranges
                0x0000000000000020       0x20 _build/radio_config.o
 .debug_aranges
                0x0000000000000040       0x20 _build/nrf_delay.o
 .debug_aranges
                0x0000000000000060       0x20 _build/data_fifo.o
 .debug_aranges
                0x0000000000000080       0x20 _build/command_fifo.o
 .debug_aranges
                0x00000000000000a0       0x20 _build/timer.o
 .debug_aranges
                0x00000000000000c0       0x20 _build/spi.o
 .debug_aranges
                0x00000000000000e0       0x20 _build/spi_fifo.o
 .debug_aranges
                0x0000000000000100       0x20 _build/spi_slave.o
 .debug_aranges
                0x0000000000000120       0x20 _build/system_nrf51.o
 .debug_aranges
                0x0000000000000140       0x20 _build/gcc_startup_nrf51.o

.debug_macro    0x0000000000000000     0xa52f
 .debug_macro   0x0000000000000000      0x145 _build/main_cm.o
 .debug_macro   0x0000000000000145      0x83e _build/main_cm.o
 .debug_macro   0x0000000000000983       0x22 _build/main_cm.o
 .debug_macro   0x00000000000009a5       0x44 _build/main_cm.o
 .debug_macro   0x00000000000009e9       0x58 _build/main_cm.o
 .debug_macro   0x0000000000000a41       0x22 _build/main_cm.o
 .debug_macro   0x0000000000000a63      0x1df _build/main_cm.o
 .debug_macro   0x0000000000000c42       0x22 _build/main_cm.o
 .debug_macro   0x0000000000000c64       0x28 _build/main_cm.o
 .debug_macro   0x0000000000000c8c       0x10 _build/main_cm.o
 .debug_macro   0x0000000000000c9c       0x22 _build/main_cm.o
 .debug_macro   0x0000000000000cbe       0x3a _build/main_cm.o
 .debug_macro   0x0000000000000cf8       0x1f _build/main_cm.o
 .debug_macro   0x0000000000000d17      0x242 _build/main_cm.o
 .debug_macro   0x0000000000000f59      0x1d2 _build/main_cm.o
 .debug_macro   0x000000000000112b     0x746b _build/main_cm.o
 .debug_macro   0x0000000000008596      0x976 _build/main_cm.o
 .debug_macro   0x0000000000008f0c       0x10 _build/main_cm.o
 .debug_macro   0x0000000000008f1c       0x10 _build/main_cm.o
 .debug_macro   0x0000000000008f2c       0x1c _build/main_cm.o
 .debug_macro   0x0000000000008f48      0x11e _build/main_cm.o
 .debug_macro   0x0000000000009066       0x1c _build/main_cm.o
 .debug_macro   0x0000000000009082       0x8e _build/main_cm.o
 .debug_macro   0x0000000000009110       0x34 _build/main_cm.o
 .debug_macro   0x0000000000009144       0x1c _build/main_cm.o
 .debug_macro   0x0000000000009160      0x10f _build/radio_config.o
 .debug_macro   0x000000000000926f      0x1aa _build/nrf_delay.o
 .debug_macro   0x0000000000009419       0x58 _build/nrf_delay.o
 .debug_macro   0x0000000000009471       0x35 _build/nrf_delay.o
 .debug_macro   0x00000000000094a6       0x9c _build/nrf_delay.o
 .debug_macro   0x0000000000009542       0x16 _build/nrf_delay.o
 .debug_macro   0x0000000000009558       0x4a _build/nrf_delay.o
 .debug_macro   0x00000000000095a2       0x97 _build/nrf_delay.o
 .debug_macro   0x0000000000009639      0x29d _build/nrf_delay.o
 .debug_macro   0x00000000000098d6       0xef _build/nrf_delay.o
 .debug_macro   0x00000000000099c5       0x10 _build/nrf_delay.o
 .debug_macro   0x00000000000099d5       0x52 _build/nrf_delay.o
 .debug_macro   0x0000000000009a27       0x16 _build/nrf_delay.o
 .debug_macro   0x0000000000009a3d       0x43 _build/nrf_delay.o
 .debug_macro   0x0000000000009a80      0x180 _build/nrf_delay.o
 .debug_macro   0x0000000000009c00       0x10 _build/nrf_delay.o
 .debug_macro   0x0000000000009c10       0x22 _build/nrf_delay.o
 .debug_macro   0x0000000000009c32       0xbe _build/nrf_delay.o
 .debug_macro   0x0000000000009cf0       0x16 _build/nrf_delay.o
 .debug_macro   0x0000000000009d06      0x197 _build/nrf_delay.o
 .debug_macro   0x0000000000009e9d       0x1c _build/nrf_delay.o
 .debug_macro   0x0000000000009eb9       0x76 _build/data_fifo.o
 .debug_macro   0x0000000000009f2f       0x75 _build/command_fifo.o
 .debug_macro   0x0000000000009fa4       0x16 _build/command_fifo.o
 .debug_macro   0x0000000000009fba       0xfc _build/timer.o
 .debug_macro   0x000000000000a0b6      0x119 _build/spi.o
 .debug_macro   0x000000000000a1cf       0x16 _build/spi.o
 .debug_macro   0x000000000000a1e5       0x63 _build/spi_fifo.o
 .debug_macro   0x000000000000a248       0x16 _build/spi_fifo.o
 .debug_macro   0x000000000000a25e      0x1df _build/spi_slave.o
 .debug_macro   0x000000000000a43d       0x22 _build/spi_slave.o
 .debug_macro   0x000000000000a45f       0xd0 _build/system_nrf51.o

.debug_line     0x0000000000000000     0x2299
 .debug_line    0x0000000000000000      0x428 _build/main_cm.o
 .debug_line    0x0000000000000428      0x391 _build/radio_config.o
 .debug_line    0x00000000000007b9      0x3ac _build/nrf_delay.o
 .debug_line    0x0000000000000b65      0x23f _build/data_fifo.o
 .debug_line    0x0000000000000da4      0x24c _build/command_fifo.o
 .debug_line    0x0000000000000ff0      0x3c9 _build/timer.o
 .debug_line    0x00000000000013b9      0x41b _build/spi.o
 .debug_line    0x00000000000017d4      0x220 _build/spi_fifo.o
 .debug_line    0x00000000000019f4      0x4e0 _build/spi_slave.o
 .debug_line    0x0000000000001ed4      0x330 _build/system_nrf51.o
 .debug_line    0x0000000000002204       0x95 _build/gcc_startup_nrf51.o

.debug_str      0x0000000000000000    0x337fa
 .debug_str     0x0000000000000000    0x2f586 _build/main_cm.o
                                      0x2f74e (size before relaxing)
 .debug_str     0x000000000002f586      0x596 _build/radio_config.o
                                      0x2f139 (size before relaxing)
 .debug_str     0x000000000002fb1c     0x3084 _build/nrf_delay.o
                                      0x31b1c (size before relaxing)
 .debug_str     0x0000000000032ba0       0x8c _build/data_fifo.o
                                       0x3094 (size before relaxing)
 .debug_str     0x0000000000032c2c       0x9e _build/command_fifo.o
                                       0x30f6 (size before relaxing)
 .debug_str     0x0000000000032cca       0xfc _build/timer.o
                                      0x2f0e6 (size before relaxing)
 .debug_str     0x0000000000032dc6      0x1f2 _build/spi.o
                                      0x2c780 (size before relaxing)
 .debug_str     0x0000000000032fb8       0x82 _build/spi_fifo.o
                                       0x3045 (size before relaxing)
 .debug_str     0x000000000003303a      0x6bb _build/spi_slave.o
                                      0x2f99d (size before relaxing)
 .debug_str     0x00000000000336f5      0x105 _build/system_nrf51.o
                                      0x2eb6f (size before relaxing)

.debug_frame    0x0000000000000000      0x94c
 .debug_frame   0x0000000000000000       0x6c _build/main_cm.o
 .debug_frame   0x000000000000006c      0x13c _build/radio_config.o
 .debug_frame   0x00000000000001a8       0x50 _build/nrf_delay.o
 .debug_frame   0x00000000000001f8       0xa4 _build/data_fifo.o
 .debug_frame   0x000000000000029c       0xdc _build/command_fifo.o
 .debug_frame   0x0000000000000378      0x110 _build/timer.o
 .debug_frame   0x0000000000000488       0x50 _build/spi.o
 .debug_frame   0x00000000000004d8       0xc0 _build/spi_fifo.o
 .debug_frame   0x0000000000000598      0x170 _build/spi_slave.o
 .debug_frame   0x0000000000000708       0x80 _build/system_nrf51.o
 .debug_frame   0x0000000000000788       0x20 /Users/Andy/Desktop/Mario_Radio/gcc-arm-none-eabi-4_9-2015q2/bin/../lib/gcc/arm-none-eabi/4.9.3/armv6-m/libgcc.a(_udivsi3.o)
 .debug_frame   0x00000000000007a8       0x20 /Users/Andy/Desktop/Mario_Radio/gcc-arm-none-eabi-4_9-2015q2/bin/../lib/gcc/arm-none-eabi/4.9.3/armv6-m/libgcc.a(_divsi3.o)
 .debug_frame   0x00000000000007c8       0x28 /Users/Andy/Desktop/Mario_Radio/gcc-arm-none-eabi-4_9-2015q2/bin/../lib/gcc/arm-none-eabi/4.9.3/../../../../arm-none-eabi/lib/armv6-m/libc.a(lib_a-exit.o)
 .debug_frame   0x00000000000007f0       0x2c /Users/Andy/Desktop/Mario_Radio/gcc-arm-none-eabi-4_9-2015q2/bin/../lib/gcc/arm-none-eabi/4.9.3/../../../../arm-none-eabi/lib/armv6-m/libc.a(lib_a-init.o)
 .debug_frame   0x000000000000081c       0x2c /Users/Andy/Desktop/Mario_Radio/gcc-arm-none-eabi-4_9-2015q2/bin/../lib/gcc/arm-none-eabi/4.9.3/../../../../arm-none-eabi/lib/armv6-m/libc.a(lib_a-memset.o)
 .debug_frame   0x0000000000000848       0x54 /Users/Andy/Desktop/Mario_Radio/gcc-arm-none-eabi-4_9-2015q2/bin/../lib/gcc/arm-none-eabi/4.9.3/../../../../arm-none-eabi/lib/armv6-m/libc.a(lib_a-__call_atexit.o)
 .debug_frame   0x000000000000089c       0x28 /Users/Andy/Desktop/Mario_Radio/gcc-arm-none-eabi-4_9-2015q2/bin/../lib/gcc/arm-none-eabi/4.9.3/../../../../arm-none-eabi/lib/armv6-m/libc.a(lib_a-atexit.o)
 .debug_frame   0x00000000000008c4       0x2c /Users/Andy/Desktop/Mario_Radio/gcc-arm-none-eabi-4_9-2015q2/bin/../lib/gcc/arm-none-eabi/4.9.3/../../../../arm-none-eabi/lib/armv6-m/libc.a(lib_a-fini.o)
 .debug_frame   0x00000000000008f0       0x3c /Users/Andy/Desktop/Mario_Radio/gcc-arm-none-eabi-4_9-2015q2/bin/../lib/gcc/arm-none-eabi/4.9.3/../../../../arm-none-eabi/lib/armv6-m/libc.a(lib_a-__atexit.o)
 .debug_frame   0x000000000000092c       0x20 /Users/Andy/Desktop/Mario_Radio/gcc-arm-none-eabi-4_9-2015q2/bin/../lib/gcc/arm-none-eabi/4.9.3/../../../../arm-none-eabi/lib/armv6-m/libnosys.a(_exit.o)
