Archive member included because of file (symbol)

/Users/bwrc/OMNI/radio/gcc-arm-none-eabi-4_9-2015q2/bin/../lib/gcc/arm-none-eabi/4.9.3/armv6-m/libgcc.a(_udivsi3.o)
                              _build/main_cm.o (__aeabi_uidiv)
/Users/bwrc/OMNI/radio/gcc-arm-none-eabi-4_9-2015q2/bin/../lib/gcc/arm-none-eabi/4.9.3/armv6-m/libgcc.a(_divsi3.o)
                              _build/data_fifo.o (__aeabi_idivmod)
/Users/bwrc/OMNI/radio/gcc-arm-none-eabi-4_9-2015q2/bin/../lib/gcc/arm-none-eabi/4.9.3/armv6-m/libgcc.a(_dvmd_tls.o)
                              /Users/bwrc/OMNI/radio/gcc-arm-none-eabi-4_9-2015q2/bin/../lib/gcc/arm-none-eabi/4.9.3/armv6-m/libgcc.a(_udivsi3.o) (__aeabi_idiv0)
/Users/bwrc/OMNI/radio/gcc-arm-none-eabi-4_9-2015q2/bin/../lib/gcc/arm-none-eabi/4.9.3/../../../../arm-none-eabi/lib/armv6-m/libc.a(lib_a-exit.o)
                              /Users/bwrc/OMNI/radio/gcc-arm-none-eabi-4_9-2015q2/bin/../lib/gcc/arm-none-eabi/4.9.3/../../../../arm-none-eabi/lib/armv6-m/crt0.o (exit)
/Users/bwrc/OMNI/radio/gcc-arm-none-eabi-4_9-2015q2/bin/../lib/gcc/arm-none-eabi/4.9.3/../../../../arm-none-eabi/lib/armv6-m/libc.a(lib_a-impure.o)
                              /Users/bwrc/OMNI/radio/gcc-arm-none-eabi-4_9-2015q2/bin/../lib/gcc/arm-none-eabi/4.9.3/../../../../arm-none-eabi/lib/armv6-m/libc.a(lib_a-exit.o) (_global_impure_ptr)
/Users/bwrc/OMNI/radio/gcc-arm-none-eabi-4_9-2015q2/bin/../lib/gcc/arm-none-eabi/4.9.3/../../../../arm-none-eabi/lib/armv6-m/libc.a(lib_a-init.o)
                              /Users/bwrc/OMNI/radio/gcc-arm-none-eabi-4_9-2015q2/bin/../lib/gcc/arm-none-eabi/4.9.3/../../../../arm-none-eabi/lib/armv6-m/crt0.o (__libc_init_array)
/Users/bwrc/OMNI/radio/gcc-arm-none-eabi-4_9-2015q2/bin/../lib/gcc/arm-none-eabi/4.9.3/../../../../arm-none-eabi/lib/armv6-m/libc.a(lib_a-memset.o)
                              /Users/bwrc/OMNI/radio/gcc-arm-none-eabi-4_9-2015q2/bin/../lib/gcc/arm-none-eabi/4.9.3/../../../../arm-none-eabi/lib/armv6-m/crt0.o (memset)
/Users/bwrc/OMNI/radio/gcc-arm-none-eabi-4_9-2015q2/bin/../lib/gcc/arm-none-eabi/4.9.3/../../../../arm-none-eabi/lib/armv6-m/libc.a(lib_a-__call_atexit.o)
                              /Users/bwrc/OMNI/radio/gcc-arm-none-eabi-4_9-2015q2/bin/../lib/gcc/arm-none-eabi/4.9.3/../../../../arm-none-eabi/lib/armv6-m/libc.a(lib_a-exit.o) (__call_exitprocs)
/Users/bwrc/OMNI/radio/gcc-arm-none-eabi-4_9-2015q2/bin/../lib/gcc/arm-none-eabi/4.9.3/../../../../arm-none-eabi/lib/armv6-m/libc.a(lib_a-atexit.o)
                              /Users/bwrc/OMNI/radio/gcc-arm-none-eabi-4_9-2015q2/bin/../lib/gcc/arm-none-eabi/4.9.3/../../../../arm-none-eabi/lib/armv6-m/libc.a(lib_a-__call_atexit.o) (atexit)
/Users/bwrc/OMNI/radio/gcc-arm-none-eabi-4_9-2015q2/bin/../lib/gcc/arm-none-eabi/4.9.3/../../../../arm-none-eabi/lib/armv6-m/libc.a(lib_a-fini.o)
                              /Users/bwrc/OMNI/radio/gcc-arm-none-eabi-4_9-2015q2/bin/../lib/gcc/arm-none-eabi/4.9.3/../../../../arm-none-eabi/lib/armv6-m/libc.a(lib_a-__call_atexit.o) (__libc_fini_array)
/Users/bwrc/OMNI/radio/gcc-arm-none-eabi-4_9-2015q2/bin/../lib/gcc/arm-none-eabi/4.9.3/../../../../arm-none-eabi/lib/armv6-m/libc.a(lib_a-__atexit.o)
                              /Users/bwrc/OMNI/radio/gcc-arm-none-eabi-4_9-2015q2/bin/../lib/gcc/arm-none-eabi/4.9.3/../../../../arm-none-eabi/lib/armv6-m/libc.a(lib_a-atexit.o) (__register_exitproc)
/Users/bwrc/OMNI/radio/gcc-arm-none-eabi-4_9-2015q2/bin/../lib/gcc/arm-none-eabi/4.9.3/../../../../arm-none-eabi/lib/armv6-m/libnosys.a(_exit.o)
                              /Users/bwrc/OMNI/radio/gcc-arm-none-eabi-4_9-2015q2/bin/../lib/gcc/arm-none-eabi/4.9.3/../../../../arm-none-eabi/lib/armv6-m/libc.a(lib_a-exit.o) (_exit)

Allocating common symbols
Common symbol       size              file

success             0x1               _build/main_cm.o
j                   0x1               _build/main_cm.o
aa_count_radio      0x4               _build/radio_config.o
empty_packet        0x82              _build/timer.o
data_fifo           0x1964            _build/data_fifo.o
length              0x1               _build/main_cm.o
empty_write_buf     0x6               _build/spi.o
spi_packet          0x4               _build/main_cm.o
i                   0x1               _build/main_cm.o
radio_disabled      0x1               _build/radio_config.o
c                   0x1               _build/main_cm.o
timer_irq           0x1               _build/radio_config.o
command_fifo        0xf3c             _build/command_fifo.o
spi_out             0x87              _build/spi.o
packet_queued       0x1               _build/radio_config.o
rx_buf              0x4               _build/spi.o
full_read_buf       0x82              _build/spi.o
tx_buf              0x4               _build/spi.o
error               0x1               _build/timer.o
radio_bytes         0x4               _build/radio_config.o
commands            0x4               _build/main_cm.o
spi_fifo            0x3c              _build/spi_fifo.o

Discarded input sections

 .group         0x0000000000000000        0x8 _build/main_cm.o
 .group         0x0000000000000000        0x8 _build/main_cm.o
 .group         0x0000000000000000        0x8 _build/main_cm.o
 .group         0x0000000000000000        0x8 _build/main_cm.o
 .group         0x0000000000000000        0x8 _build/main_cm.o
 .group         0x0000000000000000        0x8 _build/main_cm.o
 .group         0x0000000000000000        0x8 _build/main_cm.o
 .group         0x0000000000000000        0x8 _build/main_cm.o
 .group         0x0000000000000000        0x8 _build/main_cm.o
 .group         0x0000000000000000        0x8 _build/main_cm.o
 .group         0x0000000000000000        0x8 _build/main_cm.o
 .group         0x0000000000000000        0x8 _build/main_cm.o
 .group         0x0000000000000000        0x8 _build/main_cm.o
 .group         0x0000000000000000        0x8 _build/main_cm.o
 .group         0x0000000000000000        0x8 _build/main_cm.o
 .group         0x0000000000000000        0x8 _build/main_cm.o
 .group         0x0000000000000000        0x8 _build/main_cm.o
 .group         0x0000000000000000        0x8 _build/main_cm.o
 .group         0x0000000000000000        0x8 _build/main_cm.o
 .group         0x0000000000000000        0x8 _build/main_cm.o
 .group         0x0000000000000000        0x8 _build/main_cm.o
 .group         0x0000000000000000        0x8 _build/main_cm.o
 .group         0x0000000000000000        0x8 _build/main_cm.o
 .group         0x0000000000000000        0x8 _build/main_cm.o
 .group         0x0000000000000000        0x8 _build/radio_config.o
 .group         0x0000000000000000        0x8 _build/radio_config.o
 .group         0x0000000000000000        0x8 _build/radio_config.o
 .group         0x0000000000000000        0x8 _build/radio_config.o
 .group         0x0000000000000000        0x8 _build/radio_config.o
 .group         0x0000000000000000        0x8 _build/radio_config.o
 .group         0x0000000000000000        0x8 _build/radio_config.o
 .group         0x0000000000000000        0x8 _build/radio_config.o
 .group         0x0000000000000000        0x8 _build/radio_config.o
 .group         0x0000000000000000        0x8 _build/radio_config.o
 .group         0x0000000000000000        0x8 _build/radio_config.o
 .group         0x0000000000000000        0x8 _build/radio_config.o
 .group         0x0000000000000000        0x8 _build/radio_config.o
 .group         0x0000000000000000        0x8 _build/radio_config.o
 .group         0x0000000000000000        0x8 _build/radio_config.o
 .group         0x0000000000000000        0x8 _build/radio_config.o
 .group         0x0000000000000000        0x8 _build/radio_config.o
 .group         0x0000000000000000        0x8 _build/radio_config.o
 .debug_macro   0x0000000000000000      0x83e _build/radio_config.o
 .debug_macro   0x0000000000000000       0x22 _build/radio_config.o
 .debug_macro   0x0000000000000000       0x22 _build/radio_config.o
 .debug_macro   0x0000000000000000       0x44 _build/radio_config.o
 .debug_macro   0x0000000000000000       0x58 _build/radio_config.o
 .debug_macro   0x0000000000000000       0x22 _build/radio_config.o
 .debug_macro   0x0000000000000000      0x1df _build/radio_config.o
 .debug_macro   0x0000000000000000       0x28 _build/radio_config.o
 .debug_macro   0x0000000000000000       0x22 _build/radio_config.o
 .debug_macro   0x0000000000000000       0x3a _build/radio_config.o
 .debug_macro   0x0000000000000000       0x1f _build/radio_config.o
 .debug_macro   0x0000000000000000      0x242 _build/radio_config.o
 .debug_macro   0x0000000000000000      0x1d2 _build/radio_config.o
 .debug_macro   0x0000000000000000     0x746b _build/radio_config.o
 .debug_macro   0x0000000000000000      0x976 _build/radio_config.o
 .debug_macro   0x0000000000000000       0x10 _build/radio_config.o
 .debug_macro   0x0000000000000000       0x1c _build/radio_config.o
 .debug_macro   0x0000000000000000       0x10 _build/radio_config.o
 .group         0x0000000000000000        0x8 _build/nrf_delay.o
 .group         0x0000000000000000        0x8 _build/nrf_delay.o
 .group         0x0000000000000000        0x8 _build/nrf_delay.o
 .group         0x0000000000000000        0x8 _build/nrf_delay.o
 .group         0x0000000000000000        0x8 _build/nrf_delay.o
 .group         0x0000000000000000        0x8 _build/nrf_delay.o
 .group         0x0000000000000000        0x8 _build/nrf_delay.o
 .group         0x0000000000000000        0x8 _build/nrf_delay.o
 .group         0x0000000000000000        0x8 _build/nrf_delay.o
 .group         0x0000000000000000        0x8 _build/nrf_delay.o
 .group         0x0000000000000000        0x8 _build/nrf_delay.o
 .group         0x0000000000000000        0x8 _build/nrf_delay.o
 .group         0x0000000000000000        0x8 _build/nrf_delay.o
 .group         0x0000000000000000        0x8 _build/nrf_delay.o
 .group         0x0000000000000000        0x8 _build/nrf_delay.o
 .group         0x0000000000000000        0x8 _build/nrf_delay.o
 .group         0x0000000000000000        0x8 _build/nrf_delay.o
 .group         0x0000000000000000        0x8 _build/nrf_delay.o
 .group         0x0000000000000000        0x8 _build/nrf_delay.o
 .group         0x0000000000000000        0x8 _build/nrf_delay.o
 .group         0x0000000000000000        0x8 _build/nrf_delay.o
 .group         0x0000000000000000        0x8 _build/nrf_delay.o
 .group         0x0000000000000000        0x8 _build/nrf_delay.o
 .group         0x0000000000000000        0x8 _build/nrf_delay.o
 .group         0x0000000000000000        0x8 _build/nrf_delay.o
 .group         0x0000000000000000        0x8 _build/nrf_delay.o
 .group         0x0000000000000000        0x8 _build/nrf_delay.o
 .group         0x0000000000000000        0x8 _build/nrf_delay.o
 .group         0x0000000000000000        0x8 _build/nrf_delay.o
 .group         0x0000000000000000        0x8 _build/nrf_delay.o
 .group         0x0000000000000000        0x8 _build/nrf_delay.o
 .debug_macro   0x0000000000000000      0x83e _build/nrf_delay.o
 .debug_macro   0x0000000000000000       0x22 _build/nrf_delay.o
 .debug_macro   0x0000000000000000       0x22 _build/nrf_delay.o
 .debug_macro   0x0000000000000000       0x22 _build/nrf_delay.o
 .debug_macro   0x0000000000000000       0x3a _build/nrf_delay.o
 .debug_macro   0x0000000000000000       0x58 _build/nrf_delay.o
 .debug_macro   0x0000000000000000      0x1df _build/nrf_delay.o
 .debug_macro   0x0000000000000000       0x1f _build/nrf_delay.o
 .debug_macro   0x0000000000000000      0x242 _build/nrf_delay.o
 .debug_macro   0x0000000000000000      0x1d2 _build/nrf_delay.o
 .debug_macro   0x0000000000000000     0x746b _build/nrf_delay.o
 .debug_macro   0x0000000000000000      0x976 _build/nrf_delay.o
 .group         0x0000000000000000        0x8 _build/data_fifo.o
 .group         0x0000000000000000        0x8 _build/data_fifo.o
 .group         0x0000000000000000        0x8 _build/data_fifo.o
 .group         0x0000000000000000        0x8 _build/data_fifo.o
 .group         0x0000000000000000        0x8 _build/data_fifo.o
 .group         0x0000000000000000        0x8 _build/data_fifo.o
 .group         0x0000000000000000        0x8 _build/data_fifo.o
 .group         0x0000000000000000        0x8 _build/data_fifo.o
 .group         0x0000000000000000        0x8 _build/data_fifo.o
 .group         0x0000000000000000        0x8 _build/data_fifo.o
 .group         0x0000000000000000        0x8 _build/data_fifo.o
 .group         0x0000000000000000        0x8 _build/data_fifo.o
 .group         0x0000000000000000        0x8 _build/data_fifo.o
 .group         0x0000000000000000        0x8 _build/data_fifo.o
 .group         0x0000000000000000        0x8 _build/data_fifo.o
 .group         0x0000000000000000        0x8 _build/data_fifo.o
 .debug_macro   0x0000000000000000      0x83e _build/data_fifo.o
 .debug_macro   0x0000000000000000       0x22 _build/data_fifo.o
 .debug_macro   0x0000000000000000       0x44 _build/data_fifo.o
 .debug_macro   0x0000000000000000       0x58 _build/data_fifo.o
 .debug_macro   0x0000000000000000       0x22 _build/data_fifo.o
 .debug_macro   0x0000000000000000      0x1df _build/data_fifo.o
 .debug_macro   0x0000000000000000       0x22 _build/data_fifo.o
 .debug_macro   0x0000000000000000       0x28 _build/data_fifo.o
 .debug_macro   0x0000000000000000       0x22 _build/data_fifo.o
 .debug_macro   0x0000000000000000       0x3a _build/data_fifo.o
 .debug_macro   0x0000000000000000       0x1f _build/data_fifo.o
 .debug_macro   0x0000000000000000      0x242 _build/data_fifo.o
 .debug_macro   0x0000000000000000      0x1d2 _build/data_fifo.o
 .debug_macro   0x0000000000000000     0x746b _build/data_fifo.o
 .debug_macro   0x0000000000000000      0x976 _build/data_fifo.o
 .debug_macro   0x0000000000000000       0x10 _build/data_fifo.o
 .group         0x0000000000000000        0x8 _build/command_fifo.o
 .group         0x0000000000000000        0x8 _build/command_fifo.o
 .group         0x0000000000000000        0x8 _build/command_fifo.o
 .group         0x0000000000000000        0x8 _build/command_fifo.o
 .group         0x0000000000000000        0x8 _build/command_fifo.o
 .group         0x0000000000000000        0x8 _build/command_fifo.o
 .group         0x0000000000000000        0x8 _build/command_fifo.o
 .group         0x0000000000000000        0x8 _build/command_fifo.o
 .group         0x0000000000000000        0x8 _build/command_fifo.o
 .debug_macro   0x0000000000000000      0x83e _build/command_fifo.o
 .debug_macro   0x0000000000000000       0x22 _build/command_fifo.o
 .debug_macro   0x0000000000000000       0x44 _build/command_fifo.o
 .debug_macro   0x0000000000000000       0x58 _build/command_fifo.o
 .debug_macro   0x0000000000000000       0x22 _build/command_fifo.o
 .debug_macro   0x0000000000000000      0x1df _build/command_fifo.o
 .debug_macro   0x0000000000000000       0x22 _build/command_fifo.o
 .debug_macro   0x0000000000000000       0x28 _build/command_fifo.o
 .group         0x0000000000000000        0x8 _build/timer.o
 .group         0x0000000000000000        0x8 _build/timer.o
 .group         0x0000000000000000        0x8 _build/timer.o
 .group         0x0000000000000000        0x8 _build/timer.o
 .group         0x0000000000000000        0x8 _build/timer.o
 .group         0x0000000000000000        0x8 _build/timer.o
 .group         0x0000000000000000        0x8 _build/timer.o
 .group         0x0000000000000000        0x8 _build/timer.o
 .group         0x0000000000000000        0x8 _build/timer.o
 .group         0x0000000000000000        0x8 _build/timer.o
 .group         0x0000000000000000        0x8 _build/timer.o
 .group         0x0000000000000000        0x8 _build/timer.o
 .group         0x0000000000000000        0x8 _build/timer.o
 .group         0x0000000000000000        0x8 _build/timer.o
 .group         0x0000000000000000        0x8 _build/timer.o
 .group         0x0000000000000000        0x8 _build/timer.o
 .group         0x0000000000000000        0x8 _build/timer.o
 .group         0x0000000000000000        0x8 _build/timer.o
 .group         0x0000000000000000        0x8 _build/timer.o
 .debug_macro   0x0000000000000000      0x83e _build/timer.o
 .debug_macro   0x0000000000000000       0x10 _build/timer.o
 .debug_macro   0x0000000000000000       0x22 _build/timer.o
 .debug_macro   0x0000000000000000       0x3a _build/timer.o
 .debug_macro   0x0000000000000000       0x22 _build/timer.o
 .debug_macro   0x0000000000000000       0x44 _build/timer.o
 .debug_macro   0x0000000000000000       0x58 _build/timer.o
 .debug_macro   0x0000000000000000       0x22 _build/timer.o
 .debug_macro   0x0000000000000000      0x1df _build/timer.o
 .debug_macro   0x0000000000000000       0x1f _build/timer.o
 .debug_macro   0x0000000000000000      0x242 _build/timer.o
 .debug_macro   0x0000000000000000      0x1d2 _build/timer.o
 .debug_macro   0x0000000000000000     0x746b _build/timer.o
 .debug_macro   0x0000000000000000      0x976 _build/timer.o
 .debug_macro   0x0000000000000000       0x10 _build/timer.o
 .debug_macro   0x0000000000000000       0x22 _build/timer.o
 .debug_macro   0x0000000000000000       0x28 _build/timer.o
 .debug_macro   0x0000000000000000       0x1c _build/timer.o
 .debug_macro   0x0000000000000000       0x10 _build/timer.o
 .group         0x0000000000000000        0x8 _build/spi.o
 .group         0x0000000000000000        0x8 _build/spi.o
 .group         0x0000000000000000        0x8 _build/spi.o
 .group         0x0000000000000000        0x8 _build/spi.o
 .group         0x0000000000000000        0x8 _build/spi.o
 .group         0x0000000000000000        0x8 _build/spi.o
 .group         0x0000000000000000        0x8 _build/spi.o
 .group         0x0000000000000000        0x8 _build/spi.o
 .group         0x0000000000000000        0x8 _build/spi.o
 .group         0x0000000000000000        0x8 _build/spi.o
 .group         0x0000000000000000        0x8 _build/spi.o
 .group         0x0000000000000000        0x8 _build/spi.o
 .group         0x0000000000000000        0x8 _build/spi.o
 .group         0x0000000000000000        0x8 _build/spi.o
 .group         0x0000000000000000        0x8 _build/spi.o
 .group         0x0000000000000000        0x8 _build/spi.o
 .group         0x0000000000000000        0x8 _build/spi.o
 .group         0x0000000000000000        0x8 _build/spi.o
 .group         0x0000000000000000        0x8 _build/spi.o
 .group         0x0000000000000000        0x8 _build/spi.o
 .debug_macro   0x0000000000000000      0x83e _build/spi.o
 .debug_macro   0x0000000000000000       0x22 _build/spi.o
 .debug_macro   0x0000000000000000       0x44 _build/spi.o
 .debug_macro   0x0000000000000000       0x58 _build/spi.o
 .debug_macro   0x0000000000000000       0x22 _build/spi.o
 .debug_macro   0x0000000000000000      0x1df _build/spi.o
 .debug_macro   0x0000000000000000       0x8e _build/spi.o
 .debug_macro   0x0000000000000000       0x34 _build/spi.o
 .debug_macro   0x0000000000000000       0x10 _build/spi.o
 .debug_macro   0x0000000000000000       0x1c _build/spi.o
 .debug_macro   0x0000000000000000       0x22 _build/spi.o
 .debug_macro   0x0000000000000000       0x3a _build/spi.o
 .debug_macro   0x0000000000000000       0x1f _build/spi.o
 .debug_macro   0x0000000000000000      0x242 _build/spi.o
 .debug_macro   0x0000000000000000      0x1d2 _build/spi.o
 .debug_macro   0x0000000000000000     0x746b _build/spi.o
 .debug_macro   0x0000000000000000      0x11e _build/spi.o
 .debug_macro   0x0000000000000000       0x22 _build/spi.o
 .debug_macro   0x0000000000000000       0x28 _build/spi.o
 .group         0x0000000000000000        0x8 _build/spi_fifo.o
 .group         0x0000000000000000        0x8 _build/spi_fifo.o
 .group         0x0000000000000000        0x8 _build/spi_fifo.o
 .group         0x0000000000000000        0x8 _build/spi_fifo.o
 .group         0x0000000000000000        0x8 _build/spi_fifo.o
 .group         0x0000000000000000        0x8 _build/spi_fifo.o
 .group         0x0000000000000000        0x8 _build/spi_fifo.o
 .debug_macro   0x0000000000000000      0x83e _build/spi_fifo.o
 .debug_macro   0x0000000000000000       0x22 _build/spi_fifo.o
 .debug_macro   0x0000000000000000       0x44 _build/spi_fifo.o
 .debug_macro   0x0000000000000000       0x58 _build/spi_fifo.o
 .debug_macro   0x0000000000000000       0x22 _build/spi_fifo.o
 .debug_macro   0x0000000000000000      0x1df _build/spi_fifo.o
 .group         0x0000000000000000        0x8 _build/spi_slave.o
 .group         0x0000000000000000        0x8 _build/spi_slave.o
 .group         0x0000000000000000        0x8 _build/spi_slave.o
 .group         0x0000000000000000        0x8 _build/spi_slave.o
 .group         0x0000000000000000        0x8 _build/spi_slave.o
 .group         0x0000000000000000        0x8 _build/spi_slave.o
 .group         0x0000000000000000        0x8 _build/spi_slave.o
 .group         0x0000000000000000        0x8 _build/spi_slave.o
 .group         0x0000000000000000        0x8 _build/spi_slave.o
 .group         0x0000000000000000        0x8 _build/spi_slave.o
 .group         0x0000000000000000        0x8 _build/spi_slave.o
 .group         0x0000000000000000        0x8 _build/spi_slave.o
 .group         0x0000000000000000        0x8 _build/spi_slave.o
 .group         0x0000000000000000        0x8 _build/spi_slave.o
 .group         0x0000000000000000        0x8 _build/spi_slave.o
 .group         0x0000000000000000        0x8 _build/spi_slave.o
 .group         0x0000000000000000        0x8 _build/spi_slave.o
 .group         0x0000000000000000        0x8 _build/spi_slave.o
 .group         0x0000000000000000        0x8 _build/spi_slave.o
 .group         0x0000000000000000        0x8 _build/spi_slave.o
 .group         0x0000000000000000        0x8 _build/spi_slave.o
 .group         0x0000000000000000        0x8 _build/spi_slave.o
 .group         0x0000000000000000        0x8 _build/spi_slave.o
 .group         0x0000000000000000        0x8 _build/spi_slave.o
 .group         0x0000000000000000        0x8 _build/spi_slave.o
 .group         0x0000000000000000        0x8 _build/spi_slave.o
 .group         0x0000000000000000        0x8 _build/spi_slave.o
 .group         0x0000000000000000        0x8 _build/spi_slave.o
 .group         0x0000000000000000        0x8 _build/spi_slave.o
 .group         0x0000000000000000        0x8 _build/spi_slave.o
 .group         0x0000000000000000        0x8 _build/spi_slave.o
 .group         0x0000000000000000        0x8 _build/spi_slave.o
 .group         0x0000000000000000        0x8 _build/spi_slave.o
 .group         0x0000000000000000        0x8 _build/spi_slave.o
 .debug_macro   0x0000000000000000      0x83e _build/spi_slave.o
 .debug_macro   0x0000000000000000       0x22 _build/spi_slave.o
 .debug_macro   0x0000000000000000       0x44 _build/spi_slave.o
 .debug_macro   0x0000000000000000       0x58 _build/spi_slave.o
 .debug_macro   0x0000000000000000       0x22 _build/spi_slave.o
 .debug_macro   0x0000000000000000      0x1df _build/spi_slave.o
 .debug_macro   0x0000000000000000       0x8e _build/spi_slave.o
 .debug_macro   0x0000000000000000       0x22 _build/spi_slave.o
 .debug_macro   0x0000000000000000       0x58 _build/spi_slave.o
 .debug_macro   0x0000000000000000       0x35 _build/spi_slave.o
 .debug_macro   0x0000000000000000       0x9c _build/spi_slave.o
 .debug_macro   0x0000000000000000       0x16 _build/spi_slave.o
 .debug_macro   0x0000000000000000       0x97 _build/spi_slave.o
 .debug_macro   0x0000000000000000      0x29d _build/spi_slave.o
 .debug_macro   0x0000000000000000       0xef _build/spi_slave.o
 .debug_macro   0x0000000000000000       0x10 _build/spi_slave.o
 .debug_macro   0x0000000000000000       0x52 _build/spi_slave.o
 .debug_macro   0x0000000000000000       0x16 _build/spi_slave.o
 .debug_macro   0x0000000000000000       0x43 _build/spi_slave.o
 .debug_macro   0x0000000000000000      0x180 _build/spi_slave.o
 .debug_macro   0x0000000000000000       0x10 _build/spi_slave.o
 .debug_macro   0x0000000000000000       0x22 _build/spi_slave.o
 .debug_macro   0x0000000000000000       0xbe _build/spi_slave.o
 .debug_macro   0x0000000000000000       0x16 _build/spi_slave.o
 .debug_macro   0x0000000000000000      0x197 _build/spi_slave.o
 .debug_macro   0x0000000000000000       0x22 _build/spi_slave.o
 .debug_macro   0x0000000000000000       0x3a _build/spi_slave.o
 .debug_macro   0x0000000000000000       0x1f _build/spi_slave.o
 .debug_macro   0x0000000000000000      0x242 _build/spi_slave.o
 .debug_macro   0x0000000000000000      0x1d2 _build/spi_slave.o
 .debug_macro   0x0000000000000000     0x746b _build/spi_slave.o
 .debug_macro   0x0000000000000000       0x1c _build/spi_slave.o
 .debug_macro   0x0000000000000000       0x10 _build/spi_slave.o
 .group         0x0000000000000000        0x8 _build/system_nrf51.o
 .group         0x0000000000000000        0x8 _build/system_nrf51.o
 .group         0x0000000000000000        0x8 _build/system_nrf51.o
 .group         0x0000000000000000        0x8 _build/system_nrf51.o
 .group         0x0000000000000000        0x8 _build/system_nrf51.o
 .group         0x0000000000000000        0x8 _build/system_nrf51.o
 .group         0x0000000000000000        0x8 _build/system_nrf51.o
 .group         0x0000000000000000        0x8 _build/system_nrf51.o
 .group         0x0000000000000000        0x8 _build/system_nrf51.o
 .group         0x0000000000000000        0x8 _build/system_nrf51.o
 .group         0x0000000000000000        0x8 _build/system_nrf51.o
 .group         0x0000000000000000        0x8 _build/system_nrf51.o
 .group         0x0000000000000000        0x8 _build/system_nrf51.o
 .group         0x0000000000000000        0x8 _build/system_nrf51.o
 .group         0x0000000000000000        0x8 _build/system_nrf51.o
 .debug_macro   0x0000000000000000      0x83e _build/system_nrf51.o
 .debug_macro   0x0000000000000000       0x22 _build/system_nrf51.o
 .debug_macro   0x0000000000000000       0x44 _build/system_nrf51.o
 .debug_macro   0x0000000000000000       0x58 _build/system_nrf51.o
 .debug_macro   0x0000000000000000       0x22 _build/system_nrf51.o
 .debug_macro   0x0000000000000000      0x1df _build/system_nrf51.o
 .debug_macro   0x0000000000000000       0x22 _build/system_nrf51.o
 .debug_macro   0x0000000000000000       0x22 _build/system_nrf51.o
 .debug_macro   0x0000000000000000       0x3a _build/system_nrf51.o
 .debug_macro   0x0000000000000000       0x1f _build/system_nrf51.o
 .debug_macro   0x0000000000000000      0x242 _build/system_nrf51.o
 .debug_macro   0x0000000000000000      0x1d2 _build/system_nrf51.o
 .debug_macro   0x0000000000000000     0x746b _build/system_nrf51.o
 .debug_macro   0x0000000000000000      0x976 _build/system_nrf51.o
 .debug_macro   0x0000000000000000       0x10 _build/system_nrf51.o

Memory Configuration

Name             Origin             Length             Attributes
FLASH            0x0000000000000000 0x0000000000040000 xr
RAM              0x0000000020000000 0x0000000000004000 xrw
*default*        0x0000000000000000 0xffffffffffffffff

Linker script and memory map

LOAD /Users/bwrc/OMNI/radio/gcc-arm-none-eabi-4_9-2015q2/bin/../lib/gcc/arm-none-eabi/4.9.3/armv6-m/crti.o
LOAD /Users/bwrc/OMNI/radio/gcc-arm-none-eabi-4_9-2015q2/bin/../lib/gcc/arm-none-eabi/4.9.3/armv6-m/crtbegin.o
LOAD /Users/bwrc/OMNI/radio/gcc-arm-none-eabi-4_9-2015q2/bin/../lib/gcc/arm-none-eabi/4.9.3/../../../../arm-none-eabi/lib/armv6-m/crt0.o
LOAD _build/main_cm.o
LOAD _build/radio_config.o
LOAD _build/nrf_delay.o
LOAD _build/data_fifo.o
LOAD _build/command_fifo.o
LOAD _build/timer.o
LOAD _build/spi.o
LOAD _build/spi_fifo.o
LOAD _build/spi_slave.o
LOAD _build/system_nrf51.o
LOAD _build/gcc_startup_nrf51.o
START GROUP
LOAD /Users/bwrc/OMNI/radio/gcc-arm-none-eabi-4_9-2015q2/bin/../lib/gcc/arm-none-eabi/4.9.3/armv6-m/libgcc.a
LOAD /Users/bwrc/OMNI/radio/gcc-arm-none-eabi-4_9-2015q2/bin/../lib/gcc/arm-none-eabi/4.9.3/../../../../arm-none-eabi/lib/armv6-m/libc.a
END GROUP
LOAD /Users/bwrc/OMNI/radio/gcc-arm-none-eabi-4_9-2015q2/bin/../lib/gcc/arm-none-eabi/4.9.3/armv6-m/crtend.o
LOAD /Users/bwrc/OMNI/radio/gcc-arm-none-eabi-4_9-2015q2/bin/../lib/gcc/arm-none-eabi/4.9.3/armv6-m/crtn.o
START GROUP
LOAD /Users/bwrc/OMNI/radio/gcc-arm-none-eabi-4_9-2015q2/bin/../lib/gcc/arm-none-eabi/4.9.3/armv6-m/libgcc.a
LOAD /Users/bwrc/OMNI/radio/gcc-arm-none-eabi-4_9-2015q2/bin/../lib/gcc/arm-none-eabi/4.9.3/../../../../arm-none-eabi/lib/armv6-m/libc.a
LOAD /Users/bwrc/OMNI/radio/gcc-arm-none-eabi-4_9-2015q2/bin/../lib/gcc/arm-none-eabi/4.9.3/../../../../arm-none-eabi/lib/armv6-m/libnosys.a
END GROUP

.text           0x0000000000000000     0x20f8
 *(.Vectors)
 .Vectors       0x0000000000000000       0xc0 _build/gcc_startup_nrf51.o
                0x0000000000000000                __Vectors
 *(.text*)
 .text          0x00000000000000c0        0x0 /Users/bwrc/OMNI/radio/gcc-arm-none-eabi-4_9-2015q2/bin/../lib/gcc/arm-none-eabi/4.9.3/armv6-m/crti.o
 .text          0x00000000000000c0       0x60 /Users/bwrc/OMNI/radio/gcc-arm-none-eabi-4_9-2015q2/bin/../lib/gcc/arm-none-eabi/4.9.3/armv6-m/crtbegin.o
 .text          0x0000000000000120       0x78 /Users/bwrc/OMNI/radio/gcc-arm-none-eabi-4_9-2015q2/bin/../lib/gcc/arm-none-eabi/4.9.3/../../../../arm-none-eabi/lib/armv6-m/crt0.o
                0x0000000000000120                _mainCRTStartup
                0x0000000000000120                _start
 .text          0x0000000000000198      0x198 _build/main_cm.o
                0x0000000000000198                app_error_handler
                0x00000000000001a8                init
                0x0000000000000208                main
 .text          0x0000000000000330      0x438 _build/radio_config.o
                0x0000000000000430                aa
                0x0000000000000448                radio_configure
                0x0000000000000584                radio_pause_tx
                0x0000000000000598                radio_unpause_tx
                0x00000000000005ac                radio_get_queued
                0x00000000000005c0                set_radio_disabled
                0x00000000000005e0                get_radio_disabled
                0x00000000000005f4                RADIO_IRQHandler
                0x0000000000000750                radio_count
 .text          0x0000000000000768       0x5c _build/nrf_delay.o
                0x000000000000079c                nrf_delay_ms
 .text          0x00000000000007c4      0x130 _build/data_fifo.o
                0x00000000000007c4                write_data
                0x0000000000000840                finish_write_data
                0x0000000000000858                reset_write_data
                0x0000000000000880                read_data
                0x00000000000008e0                get_num_data
 .text          0x00000000000008f4      0x13c _build/command_fifo.o
                0x00000000000008f4                write_command
                0x0000000000000948                finish_write_command
                0x0000000000000960                reset_write_command
                0x0000000000000988                read_command
                0x00000000000009dc                finish_read_command
                0x00000000000009f4                reset_read_command
                0x0000000000000a1c                get_num_commands
 .text          0x0000000000000a30      0x488 _build/timer.o
                0x0000000000000bc4                init_timer
                0x0000000000000c2c                start_timeout
                0x0000000000000c60                TIMER0_IRQHandler
 .text          0x0000000000000eb8      0x37c _build/spi.o
                0x0000000000000eb8                spi_slave_event_handle
                0x00000000000010ac                spi_init
 .text          0x0000000000001234      0x118 _build/spi_fifo.o
                0x0000000000001234                write_spi_fifo
                0x0000000000001288                finish_write_spi_fifo
                0x00000000000012a0                reset_write_spi_fifo
                0x00000000000012c8                read_spi_fifo
                0x000000000000131c                finish_read_spi_fifo
                0x0000000000001334                get_capacity_spi_fifo
 .text          0x000000000000134c      0x594 _build/spi_slave.o
                0x000000000000147c                spi_slave_evt_handler_register
                0x00000000000014a4                spi_slave_set_cs_pull_up_config
                0x00000000000014c0                spi_slave_set_drive_config
                0x00000000000014dc                spi_slave_init
                0x000000000000179c                spi_slave_buffers_set
                0x000000000000182c                SPI1_TWI1_IRQHandler
 .text          0x00000000000018e0      0x124 _build/system_nrf51.o
                0x00000000000018e0                SystemCoreClockUpdate
                0x00000000000018f8                SystemInit
 .text          0x0000000000001a04       0x54 _build/gcc_startup_nrf51.o
                0x0000000000001a04                Reset_Handler
                0x0000000000001a4c                NMI_Handler
                0x0000000000001a4e                HardFault_Handler
                0x0000000000001a50                SVC_Handler
                0x0000000000001a52                PendSV_Handler
                0x0000000000001a54                SysTick_Handler
                0x0000000000001a56                SWI4_IRQHandler
                0x0000000000001a56                TEMP_IRQHandler
                0x0000000000001a56                QDEC_IRQHandler
                0x0000000000001a56                UART0_IRQHandler
                0x0000000000001a56                SWI5_IRQHandler
                0x0000000000001a56                SWI0_IRQHandler
                0x0000000000001a56                TIMER1_IRQHandler
                0x0000000000001a56                ECB_IRQHandler
                0x0000000000001a56                Default_Handler
                0x0000000000001a56                ADC_IRQHandler
                0x0000000000001a56                SWI3_IRQHandler
                0x0000000000001a56                CCM_AAR_IRQHandler
                0x0000000000001a56                WDT_IRQHandler
                0x0000000000001a56                SWI2_IRQHandler
                0x0000000000001a56                RNG_IRQHandler
                0x0000000000001a56                RTC1_IRQHandler
                0x0000000000001a56                TIMER2_IRQHandler
                0x0000000000001a56                SWI1_IRQHandler
                0x0000000000001a56                SPI0_TWI0_IRQHandler
                0x0000000000001a56                RTC0_IRQHandler
                0x0000000000001a56                GPIOTE_IRQHandler
                0x0000000000001a56                POWER_CLOCK_IRQHandler
                0x0000000000001a56                LPCOMP_IRQHandler
 .text          0x0000000000001a58      0x120 /Users/bwrc/OMNI/radio/gcc-arm-none-eabi-4_9-2015q2/bin/../lib/gcc/arm-none-eabi/4.9.3/armv6-m/libgcc.a(_udivsi3.o)
                0x0000000000001a58                __udivsi3
                0x0000000000001a58                __aeabi_uidiv
                0x0000000000001b64                __aeabi_uidivmod
 .text          0x0000000000001b78      0x1e0 /Users/bwrc/OMNI/radio/gcc-arm-none-eabi-4_9-2015q2/bin/../lib/gcc/arm-none-eabi/4.9.3/armv6-m/libgcc.a(_divsi3.o)
                0x0000000000001b78                __aeabi_idiv
                0x0000000000001b78                __divsi3
                0x0000000000001d44                __aeabi_idivmod
 .text          0x0000000000001d58        0x4 /Users/bwrc/OMNI/radio/gcc-arm-none-eabi-4_9-2015q2/bin/../lib/gcc/arm-none-eabi/4.9.3/armv6-m/libgcc.a(_dvmd_tls.o)
                0x0000000000001d58                __aeabi_ldiv0
                0x0000000000001d58                __aeabi_idiv0
 .text          0x0000000000001d5c        0x0 /Users/bwrc/OMNI/radio/gcc-arm-none-eabi-4_9-2015q2/bin/../lib/gcc/arm-none-eabi/4.9.3/../../../../arm-none-eabi/lib/armv6-m/libc.a(lib_a-exit.o)
 .text.exit     0x0000000000001d5c       0x20 /Users/bwrc/OMNI/radio/gcc-arm-none-eabi-4_9-2015q2/bin/../lib/gcc/arm-none-eabi/4.9.3/../../../../arm-none-eabi/lib/armv6-m/libc.a(lib_a-exit.o)
                0x0000000000001d5c                exit
 .text          0x0000000000001d7c        0x0 /Users/bwrc/OMNI/radio/gcc-arm-none-eabi-4_9-2015q2/bin/../lib/gcc/arm-none-eabi/4.9.3/../../../../arm-none-eabi/lib/armv6-m/libc.a(lib_a-impure.o)
 .text          0x0000000000001d7c        0x0 /Users/bwrc/OMNI/radio/gcc-arm-none-eabi-4_9-2015q2/bin/../lib/gcc/arm-none-eabi/4.9.3/../../../../arm-none-eabi/lib/armv6-m/libc.a(lib_a-init.o)
 .text.__libc_init_array
                0x0000000000001d7c       0x48 /Users/bwrc/OMNI/radio/gcc-arm-none-eabi-4_9-2015q2/bin/../lib/gcc/arm-none-eabi/4.9.3/../../../../arm-none-eabi/lib/armv6-m/libc.a(lib_a-init.o)
                0x0000000000001d7c                __libc_init_array
 .text          0x0000000000001dc4        0x0 /Users/bwrc/OMNI/radio/gcc-arm-none-eabi-4_9-2015q2/bin/../lib/gcc/arm-none-eabi/4.9.3/../../../../arm-none-eabi/lib/armv6-m/libc.a(lib_a-memset.o)
 .text.memset   0x0000000000001dc4       0x8c /Users/bwrc/OMNI/radio/gcc-arm-none-eabi-4_9-2015q2/bin/../lib/gcc/arm-none-eabi/4.9.3/../../../../arm-none-eabi/lib/armv6-m/libc.a(lib_a-memset.o)
                0x0000000000001dc4                memset
 .text          0x0000000000001e50        0x0 /Users/bwrc/OMNI/radio/gcc-arm-none-eabi-4_9-2015q2/bin/../lib/gcc/arm-none-eabi/4.9.3/../../../../arm-none-eabi/lib/armv6-m/libc.a(lib_a-__call_atexit.o)
 .text.startup.register_fini
                0x0000000000001e50       0x18 /Users/bwrc/OMNI/radio/gcc-arm-none-eabi-4_9-2015q2/bin/../lib/gcc/arm-none-eabi/4.9.3/../../../../arm-none-eabi/lib/armv6-m/libc.a(lib_a-__call_atexit.o)
 .text.__call_exitprocs
                0x0000000000001e68      0x108 /Users/bwrc/OMNI/radio/gcc-arm-none-eabi-4_9-2015q2/bin/../lib/gcc/arm-none-eabi/4.9.3/../../../../arm-none-eabi/lib/armv6-m/libc.a(lib_a-__call_atexit.o)
                0x0000000000001e68                __call_exitprocs
 .text          0x0000000000001f70        0x0 /Users/bwrc/OMNI/radio/gcc-arm-none-eabi-4_9-2015q2/bin/../lib/gcc/arm-none-eabi/4.9.3/../../../../arm-none-eabi/lib/armv6-m/libc.a(lib_a-atexit.o)
 .text.atexit   0x0000000000001f70       0x10 /Users/bwrc/OMNI/radio/gcc-arm-none-eabi-4_9-2015q2/bin/../lib/gcc/arm-none-eabi/4.9.3/../../../../arm-none-eabi/lib/armv6-m/libc.a(lib_a-atexit.o)
                0x0000000000001f70                atexit
 .text          0x0000000000001f80        0x0 /Users/bwrc/OMNI/radio/gcc-arm-none-eabi-4_9-2015q2/bin/../lib/gcc/arm-none-eabi/4.9.3/../../../../arm-none-eabi/lib/armv6-m/libc.a(lib_a-fini.o)
 .text.__libc_fini_array
                0x0000000000001f80       0x34 /Users/bwrc/OMNI/radio/gcc-arm-none-eabi-4_9-2015q2/bin/../lib/gcc/arm-none-eabi/4.9.3/../../../../arm-none-eabi/lib/armv6-m/libc.a(lib_a-fini.o)
                0x0000000000001f80                __libc_fini_array
 .text          0x0000000000001fb4        0x0 /Users/bwrc/OMNI/radio/gcc-arm-none-eabi-4_9-2015q2/bin/../lib/gcc/arm-none-eabi/4.9.3/../../../../arm-none-eabi/lib/armv6-m/libc.a(lib_a-__atexit.o)
 .text.__register_exitproc
                0x0000000000001fb4       0xd4 /Users/bwrc/OMNI/radio/gcc-arm-none-eabi-4_9-2015q2/bin/../lib/gcc/arm-none-eabi/4.9.3/../../../../arm-none-eabi/lib/armv6-m/libc.a(lib_a-__atexit.o)
                0x0000000000001fb4                __register_exitproc
 .text          0x0000000000002088        0x0 /Users/bwrc/OMNI/radio/gcc-arm-none-eabi-4_9-2015q2/bin/../lib/gcc/arm-none-eabi/4.9.3/armv6-m/crtend.o
 .text          0x0000000000002088        0x0 /Users/bwrc/OMNI/radio/gcc-arm-none-eabi-4_9-2015q2/bin/../lib/gcc/arm-none-eabi/4.9.3/armv6-m/crtn.o
 .text          0x0000000000002088        0x0 /Users/bwrc/OMNI/radio/gcc-arm-none-eabi-4_9-2015q2/bin/../lib/gcc/arm-none-eabi/4.9.3/../../../../arm-none-eabi/lib/armv6-m/libnosys.a(_exit.o)
 .text._exit    0x0000000000002088        0x4 /Users/bwrc/OMNI/radio/gcc-arm-none-eabi-4_9-2015q2/bin/../lib/gcc/arm-none-eabi/4.9.3/../../../../arm-none-eabi/lib/armv6-m/libnosys.a(_exit.o)
                0x0000000000002088                _exit
 *(.init)
 .init          0x000000000000208c        0x4 /Users/bwrc/OMNI/radio/gcc-arm-none-eabi-4_9-2015q2/bin/../lib/gcc/arm-none-eabi/4.9.3/armv6-m/crti.o
                0x000000000000208c                _init
 .init          0x0000000000002090        0x8 /Users/bwrc/OMNI/radio/gcc-arm-none-eabi-4_9-2015q2/bin/../lib/gcc/arm-none-eabi/4.9.3/armv6-m/crtn.o
 *(.fini)
 .fini          0x0000000000002098        0x4 /Users/bwrc/OMNI/radio/gcc-arm-none-eabi-4_9-2015q2/bin/../lib/gcc/arm-none-eabi/4.9.3/armv6-m/crti.o
                0x0000000000002098                _fini
 .fini          0x000000000000209c        0x8 /Users/bwrc/OMNI/radio/gcc-arm-none-eabi-4_9-2015q2/bin/../lib/gcc/arm-none-eabi/4.9.3/armv6-m/crtn.o
 *crtbegin.o(.ctors)
 *crtbegin?.o(.ctors)
 *(EXCLUDE_FILE(*crtend.o *crtend?.o) .ctors)
 *(SORT(.ctors.*))
 *(.ctors)
 *crtbegin.o(.dtors)
 *crtbegin?.o(.dtors)
 *(EXCLUDE_FILE(*crtend.o *crtend?.o) .dtors)
 *(SORT(.dtors.*))
 *(.dtors)
 *(.rodata*)
 .rodata        0x00000000000020a4        0xd _build/main_cm.o
 *fill*         0x00000000000020b1        0x3 
 .rodata        0x00000000000020b4        0x9 _build/spi.o
 *fill*         0x00000000000020bd        0x3 
 .rodata        0x00000000000020c0       0x2a _build/spi_slave.o
 *fill*         0x00000000000020ea        0x2 
 .rodata.str1.4
                0x00000000000020ec        0x4 /Users/bwrc/OMNI/radio/gcc-arm-none-eabi-4_9-2015q2/bin/../lib/gcc/arm-none-eabi/4.9.3/../../../../arm-none-eabi/lib/armv6-m/libc.a(lib_a-impure.o)
                                          0x2 (size before relaxing)
 .rodata._global_impure_ptr
                0x00000000000020f0        0x4 /Users/bwrc/OMNI/radio/gcc-arm-none-eabi-4_9-2015q2/bin/../lib/gcc/arm-none-eabi/4.9.3/../../../../arm-none-eabi/lib/armv6-m/libc.a(lib_a-impure.o)
                0x00000000000020f0                _global_impure_ptr
 *(.eh_frame*)
 .eh_frame      0x00000000000020f4        0x0 /Users/bwrc/OMNI/radio/gcc-arm-none-eabi-4_9-2015q2/bin/../lib/gcc/arm-none-eabi/4.9.3/armv6-m/crtbegin.o
 .eh_frame      0x00000000000020f4        0x4 /Users/bwrc/OMNI/radio/gcc-arm-none-eabi-4_9-2015q2/bin/../lib/gcc/arm-none-eabi/4.9.3/armv6-m/crtend.o

.glue_7         0x00000000000020f8        0x0
 .glue_7        0x0000000000000000        0x0 linker stubs

.glue_7t        0x00000000000020f8        0x0
 .glue_7t       0x0000000000000000        0x0 linker stubs

.vfp11_veneer   0x00000000000020f8        0x0
 .vfp11_veneer  0x0000000000000000        0x0 linker stubs

.v4_bx          0x00000000000020f8        0x0
 .v4_bx         0x0000000000000000        0x0 linker stubs

.iplt           0x00000000000020f8        0x0
 .iplt          0x0000000000000000        0x0 /Users/bwrc/OMNI/radio/gcc-arm-none-eabi-4_9-2015q2/bin/../lib/gcc/arm-none-eabi/4.9.3/armv6-m/crtbegin.o

.ARM.extab      0x00000000000020f8        0x0
 *(.ARM.extab* .gnu.linkonce.armextab.*)
 .ARM.extab     0x00000000000020f8        0x0 /Users/bwrc/OMNI/radio/gcc-arm-none-eabi-4_9-2015q2/bin/../lib/gcc/arm-none-eabi/4.9.3/../../../../arm-none-eabi/lib/armv6-m/crt0.o
 .ARM.extab     0x00000000000020f8        0x0 _build/gcc_startup_nrf51.o
                0x00000000000020f8                __exidx_start = .

.ARM.exidx      0x00000000000020f8        0x8
 *(.ARM.exidx* .gnu.linkonce.armexidx.*)
 .ARM.exidx     0x00000000000020f8        0x8 /Users/bwrc/OMNI/radio/gcc-arm-none-eabi-4_9-2015q2/bin/../lib/gcc/arm-none-eabi/4.9.3/../../../../arm-none-eabi/lib/armv6-m/crt0.o
 .ARM.exidx     0x0000000000002100        0x0 _build/gcc_startup_nrf51.o
                                          0x8 (size before relaxing)
                0x0000000000002100                __exidx_end = .
                0x0000000000002100                __etext = .

.rel.dyn        0x0000000000002100        0x0
 .rel.iplt      0x0000000000000000        0x0 /Users/bwrc/OMNI/radio/gcc-arm-none-eabi-4_9-2015q2/bin/../lib/gcc/arm-none-eabi/4.9.3/armv6-m/crtbegin.o

.data           0x0000000020000000      0x444 load address 0x0000000000002100
                0x0000000020000000                __data_start__ = .
 *(vtable)
 *(.data*)
 .data          0x0000000020000000        0x0 /Users/bwrc/OMNI/radio/gcc-arm-none-eabi-4_9-2015q2/bin/../lib/gcc/arm-none-eabi/4.9.3/armv6-m/crti.o
 .data          0x0000000020000000        0x4 /Users/bwrc/OMNI/radio/gcc-arm-none-eabi-4_9-2015q2/bin/../lib/gcc/arm-none-eabi/4.9.3/armv6-m/crtbegin.o
                0x0000000020000000                __dso_handle
 .data          0x0000000020000004        0x0 /Users/bwrc/OMNI/radio/gcc-arm-none-eabi-4_9-2015q2/bin/../lib/gcc/arm-none-eabi/4.9.3/../../../../arm-none-eabi/lib/armv6-m/crt0.o
 .data          0x0000000020000004        0x0 _build/main_cm.o
 .data          0x0000000020000004        0x0 _build/radio_config.o
 .data          0x0000000020000004        0x0 _build/nrf_delay.o
 .data          0x0000000020000004        0x0 _build/data_fifo.o
 .data          0x0000000020000004        0x0 _build/command_fifo.o
 .data          0x0000000020000004        0x0 _build/timer.o
 .data          0x0000000020000004        0x0 _build/spi.o
 .data          0x0000000020000004        0x0 _build/spi_fifo.o
 .data          0x0000000020000004        0x0 _build/spi_slave.o
 .data          0x0000000020000004        0x4 _build/system_nrf51.o
                0x0000000020000004                SystemCoreClock
 .data          0x0000000020000008        0x0 _build/gcc_startup_nrf51.o
 .data          0x0000000020000008        0x0 /Users/bwrc/OMNI/radio/gcc-arm-none-eabi-4_9-2015q2/bin/../lib/gcc/arm-none-eabi/4.9.3/armv6-m/libgcc.a(_udivsi3.o)
 .data          0x0000000020000008        0x0 /Users/bwrc/OMNI/radio/gcc-arm-none-eabi-4_9-2015q2/bin/../lib/gcc/arm-none-eabi/4.9.3/armv6-m/libgcc.a(_divsi3.o)
 .data          0x0000000020000008        0x0 /Users/bwrc/OMNI/radio/gcc-arm-none-eabi-4_9-2015q2/bin/../lib/gcc/arm-none-eabi/4.9.3/armv6-m/libgcc.a(_dvmd_tls.o)
 .data          0x0000000020000008        0x0 /Users/bwrc/OMNI/radio/gcc-arm-none-eabi-4_9-2015q2/bin/../lib/gcc/arm-none-eabi/4.9.3/../../../../arm-none-eabi/lib/armv6-m/libc.a(lib_a-exit.o)
 .data          0x0000000020000008        0x0 /Users/bwrc/OMNI/radio/gcc-arm-none-eabi-4_9-2015q2/bin/../lib/gcc/arm-none-eabi/4.9.3/../../../../arm-none-eabi/lib/armv6-m/libc.a(lib_a-impure.o)
 .data.impure_data
                0x0000000020000008      0x428 /Users/bwrc/OMNI/radio/gcc-arm-none-eabi-4_9-2015q2/bin/../lib/gcc/arm-none-eabi/4.9.3/../../../../arm-none-eabi/lib/armv6-m/libc.a(lib_a-impure.o)
 .data._impure_ptr
                0x0000000020000430        0x4 /Users/bwrc/OMNI/radio/gcc-arm-none-eabi-4_9-2015q2/bin/../lib/gcc/arm-none-eabi/4.9.3/../../../../arm-none-eabi/lib/armv6-m/libc.a(lib_a-impure.o)
                0x0000000020000430                _impure_ptr
 .data          0x0000000020000434        0x0 /Users/bwrc/OMNI/radio/gcc-arm-none-eabi-4_9-2015q2/bin/../lib/gcc/arm-none-eabi/4.9.3/../../../../arm-none-eabi/lib/armv6-m/libc.a(lib_a-init.o)
 .data          0x0000000020000434        0x0 /Users/bwrc/OMNI/radio/gcc-arm-none-eabi-4_9-2015q2/bin/../lib/gcc/arm-none-eabi/4.9.3/../../../../arm-none-eabi/lib/armv6-m/libc.a(lib_a-memset.o)
 .data          0x0000000020000434        0x0 /Users/bwrc/OMNI/radio/gcc-arm-none-eabi-4_9-2015q2/bin/../lib/gcc/arm-none-eabi/4.9.3/../../../../arm-none-eabi/lib/armv6-m/libc.a(lib_a-__call_atexit.o)
 .data          0x0000000020000434        0x0 /Users/bwrc/OMNI/radio/gcc-arm-none-eabi-4_9-2015q2/bin/../lib/gcc/arm-none-eabi/4.9.3/../../../../arm-none-eabi/lib/armv6-m/libc.a(lib_a-atexit.o)
 .data          0x0000000020000434        0x0 /Users/bwrc/OMNI/radio/gcc-arm-none-eabi-4_9-2015q2/bin/../lib/gcc/arm-none-eabi/4.9.3/../../../../arm-none-eabi/lib/armv6-m/libc.a(lib_a-fini.o)
 .data          0x0000000020000434        0x0 /Users/bwrc/OMNI/radio/gcc-arm-none-eabi-4_9-2015q2/bin/../lib/gcc/arm-none-eabi/4.9.3/../../../../arm-none-eabi/lib/armv6-m/libc.a(lib_a-__atexit.o)
 .data          0x0000000020000434        0x0 /Users/bwrc/OMNI/radio/gcc-arm-none-eabi-4_9-2015q2/bin/../lib/gcc/arm-none-eabi/4.9.3/armv6-m/crtend.o
 .data          0x0000000020000434        0x0 /Users/bwrc/OMNI/radio/gcc-arm-none-eabi-4_9-2015q2/bin/../lib/gcc/arm-none-eabi/4.9.3/armv6-m/crtn.o
 .data          0x0000000020000434        0x0 /Users/bwrc/OMNI/radio/gcc-arm-none-eabi-4_9-2015q2/bin/../lib/gcc/arm-none-eabi/4.9.3/../../../../arm-none-eabi/lib/armv6-m/libnosys.a(_exit.o)
                0x0000000020000434                . = ALIGN (0x4)
                0x0000000020000434                PROVIDE (__preinit_array_start, .)
 *(.preinit_array)
                0x0000000020000434                PROVIDE (__preinit_array_end, .)
                0x0000000020000434                . = ALIGN (0x4)
                0x0000000020000434                PROVIDE (__init_array_start, .)
 *(SORT(.init_array.*))
 .init_array.00000
                0x0000000020000434        0x4 /Users/bwrc/OMNI/radio/gcc-arm-none-eabi-4_9-2015q2/bin/../lib/gcc/arm-none-eabi/4.9.3/../../../../arm-none-eabi/lib/armv6-m/libc.a(lib_a-__call_atexit.o)
 *(.init_array)
 .init_array    0x0000000020000438        0x4 /Users/bwrc/OMNI/radio/gcc-arm-none-eabi-4_9-2015q2/bin/../lib/gcc/arm-none-eabi/4.9.3/armv6-m/crtbegin.o
                0x000000002000043c                PROVIDE (__init_array_end, .)
                0x000000002000043c                . = ALIGN (0x4)
                0x000000002000043c                PROVIDE (__fini_array_start, .)
 *(SORT(.fini_array.*))
 *(.fini_array)
 .fini_array    0x000000002000043c        0x4 /Users/bwrc/OMNI/radio/gcc-arm-none-eabi-4_9-2015q2/bin/../lib/gcc/arm-none-eabi/4.9.3/armv6-m/crtbegin.o
                0x0000000020000440                PROVIDE (__fini_array_end, .)
 *(.jcr)
 .jcr           0x0000000020000440        0x0 /Users/bwrc/OMNI/radio/gcc-arm-none-eabi-4_9-2015q2/bin/../lib/gcc/arm-none-eabi/4.9.3/armv6-m/crtbegin.o
 .jcr           0x0000000020000440        0x4 /Users/bwrc/OMNI/radio/gcc-arm-none-eabi-4_9-2015q2/bin/../lib/gcc/arm-none-eabi/4.9.3/armv6-m/crtend.o
                0x0000000020000444                . = ALIGN (0x4)
                0x0000000020000444                __data_end__ = .

.igot.plt       0x0000000020000444        0x0 load address 0x0000000000002544
 .igot.plt      0x0000000000000000        0x0 /Users/bwrc/OMNI/radio/gcc-arm-none-eabi-4_9-2015q2/bin/../lib/gcc/arm-none-eabi/4.9.3/armv6-m/crtbegin.o

.bss            0x0000000020000444     0x2aec load address 0x0000000000002544
                0x0000000020000444                . = ALIGN (0x4)
                0x0000000020000444                __bss_start__ = .
 *(.bss*)
 .bss           0x0000000020000444        0x0 /Users/bwrc/OMNI/radio/gcc-arm-none-eabi-4_9-2015q2/bin/../lib/gcc/arm-none-eabi/4.9.3/armv6-m/crti.o
 .bss           0x0000000020000444       0x1c /Users/bwrc/OMNI/radio/gcc-arm-none-eabi-4_9-2015q2/bin/../lib/gcc/arm-none-eabi/4.9.3/armv6-m/crtbegin.o
 .bss           0x0000000020000460        0x0 /Users/bwrc/OMNI/radio/gcc-arm-none-eabi-4_9-2015q2/bin/../lib/gcc/arm-none-eabi/4.9.3/../../../../arm-none-eabi/lib/armv6-m/crt0.o
 .bss           0x0000000020000460        0x0 _build/main_cm.o
 .bss           0x0000000020000460        0x0 _build/radio_config.o
 .bss           0x0000000020000460        0x0 _build/nrf_delay.o
 .bss           0x0000000020000460        0x4 _build/data_fifo.o
                0x0000000020000460                d_read_ptr
                0x0000000020000461                d_write_ptr
                0x0000000020000462                d_size
                0x0000000020000463                d_full_count
 .bss           0x0000000020000464        0x3 _build/command_fifo.o
                0x0000000020000464                c_read_ptr
                0x0000000020000465                c_write_ptr
                0x0000000020000466                c_size
 .bss           0x0000000020000467        0x0 _build/timer.o
 *fill*         0x0000000020000467        0x1 
 .bss           0x0000000020000468        0xc _build/spi.o
                0x0000000020000468                spi_data_bytes
                0x000000002000046c                spi_data_total
                0x0000000020000470                aa_count
 .bss           0x0000000020000474        0x3 _build/spi_fifo.o
                0x0000000020000474                s_read_ptr
                0x0000000020000475                s_write_ptr
                0x0000000020000476                s_size
 *fill*         0x0000000020000477        0x1 
 .bss           0x0000000020000478       0x20 _build/spi_slave.o
 .bss           0x0000000020000498        0x0 _build/system_nrf51.o
 .bss           0x0000000020000498        0x0 _build/gcc_startup_nrf51.o
 .bss           0x0000000020000498        0x0 /Users/bwrc/OMNI/radio/gcc-arm-none-eabi-4_9-2015q2/bin/../lib/gcc/arm-none-eabi/4.9.3/armv6-m/libgcc.a(_udivsi3.o)
 .bss           0x0000000020000498        0x0 /Users/bwrc/OMNI/radio/gcc-arm-none-eabi-4_9-2015q2/bin/../lib/gcc/arm-none-eabi/4.9.3/armv6-m/libgcc.a(_divsi3.o)
 .bss           0x0000000020000498        0x0 /Users/bwrc/OMNI/radio/gcc-arm-none-eabi-4_9-2015q2/bin/../lib/gcc/arm-none-eabi/4.9.3/armv6-m/libgcc.a(_dvmd_tls.o)
 .bss           0x0000000020000498        0x0 /Users/bwrc/OMNI/radio/gcc-arm-none-eabi-4_9-2015q2/bin/../lib/gcc/arm-none-eabi/4.9.3/../../../../arm-none-eabi/lib/armv6-m/libc.a(lib_a-exit.o)
 .bss           0x0000000020000498        0x0 /Users/bwrc/OMNI/radio/gcc-arm-none-eabi-4_9-2015q2/bin/../lib/gcc/arm-none-eabi/4.9.3/../../../../arm-none-eabi/lib/armv6-m/libc.a(lib_a-impure.o)
 .bss           0x0000000020000498        0x0 /Users/bwrc/OMNI/radio/gcc-arm-none-eabi-4_9-2015q2/bin/../lib/gcc/arm-none-eabi/4.9.3/../../../../arm-none-eabi/lib/armv6-m/libc.a(lib_a-init.o)
 .bss           0x0000000020000498        0x0 /Users/bwrc/OMNI/radio/gcc-arm-none-eabi-4_9-2015q2/bin/../lib/gcc/arm-none-eabi/4.9.3/../../../../arm-none-eabi/lib/armv6-m/libc.a(lib_a-memset.o)
 .bss           0x0000000020000498        0x0 /Users/bwrc/OMNI/radio/gcc-arm-none-eabi-4_9-2015q2/bin/../lib/gcc/arm-none-eabi/4.9.3/../../../../arm-none-eabi/lib/armv6-m/libc.a(lib_a-__call_atexit.o)
 .bss           0x0000000020000498        0x0 /Users/bwrc/OMNI/radio/gcc-arm-none-eabi-4_9-2015q2/bin/../lib/gcc/arm-none-eabi/4.9.3/../../../../arm-none-eabi/lib/armv6-m/libc.a(lib_a-atexit.o)
 .bss           0x0000000020000498        0x0 /Users/bwrc/OMNI/radio/gcc-arm-none-eabi-4_9-2015q2/bin/../lib/gcc/arm-none-eabi/4.9.3/../../../../arm-none-eabi/lib/armv6-m/libc.a(lib_a-fini.o)
 .bss           0x0000000020000498        0x0 /Users/bwrc/OMNI/radio/gcc-arm-none-eabi-4_9-2015q2/bin/../lib/gcc/arm-none-eabi/4.9.3/../../../../arm-none-eabi/lib/armv6-m/libc.a(lib_a-__atexit.o)
 .bss           0x0000000020000498        0x0 /Users/bwrc/OMNI/radio/gcc-arm-none-eabi-4_9-2015q2/bin/../lib/gcc/arm-none-eabi/4.9.3/armv6-m/crtend.o
 .bss           0x0000000020000498        0x0 /Users/bwrc/OMNI/radio/gcc-arm-none-eabi-4_9-2015q2/bin/../lib/gcc/arm-none-eabi/4.9.3/armv6-m/crtn.o
 .bss           0x0000000020000498        0x0 /Users/bwrc/OMNI/radio/gcc-arm-none-eabi-4_9-2015q2/bin/../lib/gcc/arm-none-eabi/4.9.3/../../../../arm-none-eabi/lib/armv6-m/libnosys.a(_exit.o)
 *(COMMON)
 COMMON         0x0000000020000498       0x10 _build/main_cm.o
                0x0000000020000498                success
                0x0000000020000499                j
                0x000000002000049a                length
                0x000000002000049c                spi_packet
                0x00000000200004a0                i
                0x00000000200004a1                c
                0x00000000200004a4                commands
 COMMON         0x00000000200004a8        0xc _build/radio_config.o
                0x00000000200004a8                aa_count_radio
                0x00000000200004ac                radio_disabled
                0x00000000200004ad                timer_irq
                0x00000000200004ae                packet_queued
                0x00000000200004b0                radio_bytes
 COMMON         0x00000000200004b4     0x1964 _build/data_fifo.o
                0x00000000200004b4                data_fifo
 COMMON         0x0000000020001e18      0xf3c _build/command_fifo.o
                0x0000000020001e18                command_fifo
 COMMON         0x0000000020002d54       0x83 _build/timer.o
                0x0000000020002d54                empty_packet
                0x0000000020002dd6                error
 *fill*         0x0000000020002dd7        0x1 
 COMMON         0x0000000020002dd8      0x11c _build/spi.o
                0x0000000020002dd8                empty_write_buf
                0x0000000020002de0                spi_out
                0x0000000020002e68                rx_buf
                0x0000000020002e6c                full_read_buf
                0x0000000020002ef0                tx_buf
 COMMON         0x0000000020002ef4       0x3c _build/spi_fifo.o
                0x0000000020002ef4                spi_fifo
                0x0000000020002f30                . = ALIGN (0x4)
                0x0000000020002f30                __bss_end__ = .

.heap           0x0000000020002f30      0x800
                0x0000000020002f30                __end__ = .
                0x0000000020002f30                end = __end__
 *(.heap*)
 .heap          0x0000000020002f30      0x800 _build/gcc_startup_nrf51.o
                0x0000000020002f30                __HeapBase
                0x0000000020003730                __HeapLimit = .

.stack_dummy    0x0000000020002f30      0x800
 *(.stack*)
 .stack         0x0000000020002f30      0x800 _build/gcc_startup_nrf51.o
                0x0000000020004000                __StackTop = (ORIGIN (RAM) + 0x4000)
                0x0000000020003800                __StackLimit = (__StackTop - SIZEOF (.stack_dummy))
                0x0000000020004000                PROVIDE (__stack, __StackTop)
                0x0000000000000001                ASSERT ((__StackLimit >= __HeapLimit), region RAM overflowed with stack)
OUTPUT(_build/cm_radio_xxaa.out elf32-littlearm)

.ARM.attributes
                0x0000000000000000       0x28
 .ARM.attributes
                0x0000000000000000       0x1e /Users/bwrc/OMNI/radio/gcc-arm-none-eabi-4_9-2015q2/bin/../lib/gcc/arm-none-eabi/4.9.3/armv6-m/crti.o
 .ARM.attributes
                0x000000000000001e       0x2c /Users/bwrc/OMNI/radio/gcc-arm-none-eabi-4_9-2015q2/bin/../lib/gcc/arm-none-eabi/4.9.3/armv6-m/crtbegin.o
 .ARM.attributes
                0x000000000000004a       0x1b /Users/bwrc/OMNI/radio/gcc-arm-none-eabi-4_9-2015q2/bin/../lib/gcc/arm-none-eabi/4.9.3/../../../../arm-none-eabi/lib/armv6-m/crt0.o
 .ARM.attributes
                0x0000000000000065       0x31 _build/main_cm.o
 .ARM.attributes
                0x0000000000000096       0x31 _build/radio_config.o
 .ARM.attributes
                0x00000000000000c7       0x31 _build/nrf_delay.o
 .ARM.attributes
                0x00000000000000f8       0x31 _build/data_fifo.o
 .ARM.attributes
                0x0000000000000129       0x31 _build/command_fifo.o
 .ARM.attributes
                0x000000000000015a       0x31 _build/timer.o
 .ARM.attributes
                0x000000000000018b       0x31 _build/spi.o
 .ARM.attributes
                0x00000000000001bc       0x31 _build/spi_fifo.o
 .ARM.attributes
                0x00000000000001ed       0x31 _build/spi_slave.o
 .ARM.attributes
                0x000000000000021e       0x31 _build/system_nrf51.o
 .ARM.attributes
                0x000000000000024f       0x1b _build/gcc_startup_nrf51.o
 .ARM.attributes
                0x000000000000026a       0x1e /Users/bwrc/OMNI/radio/gcc-arm-none-eabi-4_9-2015q2/bin/../lib/gcc/arm-none-eabi/4.9.3/armv6-m/libgcc.a(_udivsi3.o)
 .ARM.attributes
                0x0000000000000288       0x1e /Users/bwrc/OMNI/radio/gcc-arm-none-eabi-4_9-2015q2/bin/../lib/gcc/arm-none-eabi/4.9.3/armv6-m/libgcc.a(_divsi3.o)
 .ARM.attributes
                0x00000000000002a6       0x1e /Users/bwrc/OMNI/radio/gcc-arm-none-eabi-4_9-2015q2/bin/../lib/gcc/arm-none-eabi/4.9.3/armv6-m/libgcc.a(_dvmd_tls.o)
 .ARM.attributes
                0x00000000000002c4       0x2c /Users/bwrc/OMNI/radio/gcc-arm-none-eabi-4_9-2015q2/bin/../lib/gcc/arm-none-eabi/4.9.3/../../../../arm-none-eabi/lib/armv6-m/libc.a(lib_a-exit.o)
 .ARM.attributes
                0x00000000000002f0       0x2c /Users/bwrc/OMNI/radio/gcc-arm-none-eabi-4_9-2015q2/bin/../lib/gcc/arm-none-eabi/4.9.3/../../../../arm-none-eabi/lib/armv6-m/libc.a(lib_a-impure.o)
 .ARM.attributes
                0x000000000000031c       0x2c /Users/bwrc/OMNI/radio/gcc-arm-none-eabi-4_9-2015q2/bin/../lib/gcc/arm-none-eabi/4.9.3/../../../../arm-none-eabi/lib/armv6-m/libc.a(lib_a-init.o)
 .ARM.attributes
                0x0000000000000348       0x2c /Users/bwrc/OMNI/radio/gcc-arm-none-eabi-4_9-2015q2/bin/../lib/gcc/arm-none-eabi/4.9.3/../../../../arm-none-eabi/lib/armv6-m/libc.a(lib_a-memset.o)
 .ARM.attributes
                0x0000000000000374       0x2c /Users/bwrc/OMNI/radio/gcc-arm-none-eabi-4_9-2015q2/bin/../lib/gcc/arm-none-eabi/4.9.3/../../../../arm-none-eabi/lib/armv6-m/libc.a(lib_a-__call_atexit.o)
 .ARM.attributes
                0x00000000000003a0       0x2c /Users/bwrc/OMNI/radio/gcc-arm-none-eabi-4_9-2015q2/bin/../lib/gcc/arm-none-eabi/4.9.3/../../../../arm-none-eabi/lib/armv6-m/libc.a(lib_a-atexit.o)
 .ARM.attributes
                0x00000000000003cc       0x2c /Users/bwrc/OMNI/radio/gcc-arm-none-eabi-4_9-2015q2/bin/../lib/gcc/arm-none-eabi/4.9.3/../../../../arm-none-eabi/lib/armv6-m/libc.a(lib_a-fini.o)
 .ARM.attributes
                0x00000000000003f8       0x2c /Users/bwrc/OMNI/radio/gcc-arm-none-eabi-4_9-2015q2/bin/../lib/gcc/arm-none-eabi/4.9.3/../../../../arm-none-eabi/lib/armv6-m/libc.a(lib_a-__atexit.o)
 .ARM.attributes
                0x0000000000000424       0x2c /Users/bwrc/OMNI/radio/gcc-arm-none-eabi-4_9-2015q2/bin/../lib/gcc/arm-none-eabi/4.9.3/armv6-m/crtend.o
 .ARM.attributes
                0x0000000000000450       0x1e /Users/bwrc/OMNI/radio/gcc-arm-none-eabi-4_9-2015q2/bin/../lib/gcc/arm-none-eabi/4.9.3/armv6-m/crtn.o
 .ARM.attributes
                0x000000000000046e       0x2c /Users/bwrc/OMNI/radio/gcc-arm-none-eabi-4_9-2015q2/bin/../lib/gcc/arm-none-eabi/4.9.3/../../../../arm-none-eabi/lib/armv6-m/libnosys.a(_exit.o)

.comment        0x0000000000000000       0x70
 .comment       0x0000000000000000       0x70 _build/main_cm.o
                                         0x71 (size before relaxing)
 .comment       0x0000000000000000       0x71 _build/radio_config.o
 .comment       0x0000000000000000       0x71 _build/nrf_delay.o
 .comment       0x0000000000000000       0x71 _build/data_fifo.o
 .comment       0x0000000000000000       0x71 _build/command_fifo.o
 .comment       0x0000000000000000       0x71 _build/timer.o
 .comment       0x0000000000000000       0x71 _build/spi.o
 .comment       0x0000000000000000       0x71 _build/spi_fifo.o
 .comment       0x0000000000000000       0x71 _build/spi_slave.o
 .comment       0x0000000000000000       0x71 _build/system_nrf51.o

.debug_info     0x0000000000000000     0x3958
 .debug_info    0x0000000000000000      0x40a _build/main_cm.o
 .debug_info    0x000000000000040a      0x930 _build/radio_config.o
 .debug_info    0x0000000000000d3a       0xdd _build/nrf_delay.o
 .debug_info    0x0000000000000e17      0x66a _build/data_fifo.o
 .debug_info    0x0000000000001481      0x196 _build/command_fifo.o
 .debug_info    0x0000000000001617      0xb30 _build/timer.o
 .debug_info    0x0000000000002147      0x899 _build/spi.o
 .debug_info    0x00000000000029e0      0x185 _build/spi_fifo.o
 .debug_info    0x0000000000002b65      0xb91 _build/spi_slave.o
 .debug_info    0x00000000000036f6      0x1b1 _build/system_nrf51.o
 .debug_info    0x00000000000038a7       0xb1 _build/gcc_startup_nrf51.o

.debug_abbrev   0x0000000000000000      0xc3d
 .debug_abbrev  0x0000000000000000      0x145 _build/main_cm.o
 .debug_abbrev  0x0000000000000145      0x1d1 _build/radio_config.o
 .debug_abbrev  0x0000000000000316       0x80 _build/nrf_delay.o
 .debug_abbrev  0x0000000000000396      0x121 _build/data_fifo.o
 .debug_abbrev  0x00000000000004b7       0xc3 _build/command_fifo.o
 .debug_abbrev  0x000000000000057a      0x19f _build/timer.o
 .debug_abbrev  0x0000000000000719      0x16d _build/spi.o
 .debug_abbrev  0x0000000000000886       0xc3 _build/spi_fifo.o
 .debug_abbrev  0x0000000000000949      0x1ec _build/spi_slave.o
 .debug_abbrev  0x0000000000000b35       0xf4 _build/system_nrf51.o
 .debug_abbrev  0x0000000000000c29       0x14 _build/gcc_startup_nrf51.o

.debug_aranges  0x0000000000000000      0x160
 .debug_aranges
                0x0000000000000000       0x20 _build/main_cm.o
 .debug_aranges
                0x0000000000000020       0x20 _build/radio_config.o
 .debug_aranges
                0x0000000000000040       0x20 _build/nrf_delay.o
 .debug_aranges
                0x0000000000000060       0x20 _build/data_fifo.o
 .debug_aranges
                0x0000000000000080       0x20 _build/command_fifo.o
 .debug_aranges
                0x00000000000000a0       0x20 _build/timer.o
 .debug_aranges
                0x00000000000000c0       0x20 _build/spi.o
 .debug_aranges
                0x00000000000000e0       0x20 _build/spi_fifo.o
 .debug_aranges
                0x0000000000000100       0x20 _build/spi_slave.o
 .debug_aranges
                0x0000000000000120       0x20 _build/system_nrf51.o
 .debug_aranges
                0x0000000000000140       0x20 _build/gcc_startup_nrf51.o

.debug_macro    0x0000000000000000     0xa598
 .debug_macro   0x0000000000000000      0x145 _build/main_cm.o
 .debug_macro   0x0000000000000145      0x83e _build/main_cm.o
 .debug_macro   0x0000000000000983       0x22 _build/main_cm.o
 .debug_macro   0x00000000000009a5       0x44 _build/main_cm.o
 .debug_macro   0x00000000000009e9       0x58 _build/main_cm.o
 .debug_macro   0x0000000000000a41       0x22 _build/main_cm.o
 .debug_macro   0x0000000000000a63      0x1df _build/main_cm.o
 .debug_macro   0x0000000000000c42       0x22 _build/main_cm.o
 .debug_macro   0x0000000000000c64       0x28 _build/main_cm.o
 .debug_macro   0x0000000000000c8c       0x10 _build/main_cm.o
 .debug_macro   0x0000000000000c9c       0x22 _build/main_cm.o
 .debug_macro   0x0000000000000cbe       0x3a _build/main_cm.o
 .debug_macro   0x0000000000000cf8       0x1f _build/main_cm.o
 .debug_macro   0x0000000000000d17      0x242 _build/main_cm.o
 .debug_macro   0x0000000000000f59      0x1d2 _build/main_cm.o
 .debug_macro   0x000000000000112b     0x746b _build/main_cm.o
 .debug_macro   0x0000000000008596      0x976 _build/main_cm.o
 .debug_macro   0x0000000000008f0c       0x10 _build/main_cm.o
 .debug_macro   0x0000000000008f1c       0x10 _build/main_cm.o
 .debug_macro   0x0000000000008f2c       0x1c _build/main_cm.o
 .debug_macro   0x0000000000008f48      0x11e _build/main_cm.o
 .debug_macro   0x0000000000009066       0x1c _build/main_cm.o
 .debug_macro   0x0000000000009082       0x8e _build/main_cm.o
 .debug_macro   0x0000000000009110       0x34 _build/main_cm.o
 .debug_macro   0x0000000000009144       0x1c _build/main_cm.o
 .debug_macro   0x0000000000009160      0x10f _build/radio_config.o
 .debug_macro   0x000000000000926f      0x1aa _build/nrf_delay.o
 .debug_macro   0x0000000000009419       0x58 _build/nrf_delay.o
 .debug_macro   0x0000000000009471       0x35 _build/nrf_delay.o
 .debug_macro   0x00000000000094a6       0x9c _build/nrf_delay.o
 .debug_macro   0x0000000000009542       0x16 _build/nrf_delay.o
 .debug_macro   0x0000000000009558       0x4a _build/nrf_delay.o
 .debug_macro   0x00000000000095a2       0x97 _build/nrf_delay.o
 .debug_macro   0x0000000000009639      0x29d _build/nrf_delay.o
 .debug_macro   0x00000000000098d6       0xef _build/nrf_delay.o
 .debug_macro   0x00000000000099c5       0x10 _build/nrf_delay.o
 .debug_macro   0x00000000000099d5       0x52 _build/nrf_delay.o
 .debug_macro   0x0000000000009a27       0x16 _build/nrf_delay.o
 .debug_macro   0x0000000000009a3d       0x43 _build/nrf_delay.o
 .debug_macro   0x0000000000009a80      0x180 _build/nrf_delay.o
 .debug_macro   0x0000000000009c00       0x10 _build/nrf_delay.o
 .debug_macro   0x0000000000009c10       0x22 _build/nrf_delay.o
 .debug_macro   0x0000000000009c32       0xbe _build/nrf_delay.o
 .debug_macro   0x0000000000009cf0       0x16 _build/nrf_delay.o
 .debug_macro   0x0000000000009d06      0x197 _build/nrf_delay.o
 .debug_macro   0x0000000000009e9d       0x1c _build/nrf_delay.o
 .debug_macro   0x0000000000009eb9       0xdf _build/data_fifo.o
 .debug_macro   0x0000000000009f98       0x75 _build/command_fifo.o
 .debug_macro   0x000000000000a00d       0x16 _build/command_fifo.o
 .debug_macro   0x000000000000a023       0xfc _build/timer.o
 .debug_macro   0x000000000000a11f      0x119 _build/spi.o
 .debug_macro   0x000000000000a238       0x16 _build/spi.o
 .debug_macro   0x000000000000a24e       0x63 _build/spi_fifo.o
 .debug_macro   0x000000000000a2b1       0x16 _build/spi_fifo.o
 .debug_macro   0x000000000000a2c7      0x1df _build/spi_slave.o
 .debug_macro   0x000000000000a4a6       0x22 _build/spi_slave.o
 .debug_macro   0x000000000000a4c8       0xd0 _build/system_nrf51.o

.debug_line     0x0000000000000000     0x2211
 .debug_line    0x0000000000000000      0x404 _build/main_cm.o
 .debug_line    0x0000000000000404      0x374 _build/radio_config.o
 .debug_line    0x0000000000000778      0x388 _build/nrf_delay.o
 .debug_line    0x0000000000000b00      0x2e7 _build/data_fifo.o
 .debug_line    0x0000000000000de7      0x228 _build/command_fifo.o
 .debug_line    0x000000000000100f      0x3ab _build/timer.o
 .debug_line    0x00000000000013ba      0x3fe _build/spi.o
 .debug_line    0x00000000000017b8      0x1fc _build/spi_fifo.o
 .debug_line    0x00000000000019b4      0x4bc _build/spi_slave.o
 .debug_line    0x0000000000001e70      0x30c _build/system_nrf51.o
 .debug_line    0x000000000000217c       0x95 _build/gcc_startup_nrf51.o

.debug_str      0x0000000000000000    0x33838
 .debug_str     0x0000000000000000    0x2f576 _build/main_cm.o
                                      0x2f73e (size before relaxing)
 .debug_str     0x000000000002f576      0x5a5 _build/radio_config.o
                                      0x2f139 (size before relaxing)
 .debug_str     0x000000000002fb1b     0x3084 _build/nrf_delay.o
                                      0x31b0d (size before relaxing)
 .debug_str     0x0000000000032b9f       0x99 _build/data_fifo.o
                                      0x2edef (size before relaxing)
 .debug_str     0x0000000000032c38       0x9e _build/command_fifo.o
                                       0x30e7 (size before relaxing)
 .debug_str     0x0000000000032cd6       0xfc _build/timer.o
                                      0x2f0d6 (size before relaxing)
 .debug_str     0x0000000000032dd2      0x1fb _build/spi.o
                                      0x2c77a (size before relaxing)
 .debug_str     0x0000000000032fcd       0x82 _build/spi_fifo.o
                                       0x3036 (size before relaxing)
 .debug_str     0x000000000003304f      0x6e4 _build/spi_slave.o
                                      0x2f9cc (size before relaxing)
 .debug_str     0x0000000000033733      0x105 _build/system_nrf51.o
                                      0x2eb60 (size before relaxing)

.debug_frame    0x0000000000000000      0x968
 .debug_frame   0x0000000000000000       0x6c _build/main_cm.o
 .debug_frame   0x000000000000006c      0x158 _build/radio_config.o
 .debug_frame   0x00000000000001c4       0x50 _build/nrf_delay.o
 .debug_frame   0x0000000000000214       0xa4 _build/data_fifo.o
 .debug_frame   0x00000000000002b8       0xdc _build/command_fifo.o
 .debug_frame   0x0000000000000394      0x110 _build/timer.o
 .debug_frame   0x00000000000004a4       0x50 _build/spi.o
 .debug_frame   0x00000000000004f4       0xc0 _build/spi_fifo.o
 .debug_frame   0x00000000000005b4      0x170 _build/spi_slave.o
 .debug_frame   0x0000000000000724       0x80 _build/system_nrf51.o
 .debug_frame   0x00000000000007a4       0x20 /Users/bwrc/OMNI/radio/gcc-arm-none-eabi-4_9-2015q2/bin/../lib/gcc/arm-none-eabi/4.9.3/armv6-m/libgcc.a(_udivsi3.o)
 .debug_frame   0x00000000000007c4       0x20 /Users/bwrc/OMNI/radio/gcc-arm-none-eabi-4_9-2015q2/bin/../lib/gcc/arm-none-eabi/4.9.3/armv6-m/libgcc.a(_divsi3.o)
 .debug_frame   0x00000000000007e4       0x28 /Users/bwrc/OMNI/radio/gcc-arm-none-eabi-4_9-2015q2/bin/../lib/gcc/arm-none-eabi/4.9.3/../../../../arm-none-eabi/lib/armv6-m/libc.a(lib_a-exit.o)
 .debug_frame   0x000000000000080c       0x2c /Users/bwrc/OMNI/radio/gcc-arm-none-eabi-4_9-2015q2/bin/../lib/gcc/arm-none-eabi/4.9.3/../../../../arm-none-eabi/lib/armv6-m/libc.a(lib_a-init.o)
 .debug_frame   0x0000000000000838       0x2c /Users/bwrc/OMNI/radio/gcc-arm-none-eabi-4_9-2015q2/bin/../lib/gcc/arm-none-eabi/4.9.3/../../../../arm-none-eabi/lib/armv6-m/libc.a(lib_a-memset.o)
 .debug_frame   0x0000000000000864       0x54 /Users/bwrc/OMNI/radio/gcc-arm-none-eabi-4_9-2015q2/bin/../lib/gcc/arm-none-eabi/4.9.3/../../../../arm-none-eabi/lib/armv6-m/libc.a(lib_a-__call_atexit.o)
 .debug_frame   0x00000000000008b8       0x28 /Users/bwrc/OMNI/radio/gcc-arm-none-eabi-4_9-2015q2/bin/../lib/gcc/arm-none-eabi/4.9.3/../../../../arm-none-eabi/lib/armv6-m/libc.a(lib_a-atexit.o)
 .debug_frame   0x00000000000008e0       0x2c /Users/bwrc/OMNI/radio/gcc-arm-none-eabi-4_9-2015q2/bin/../lib/gcc/arm-none-eabi/4.9.3/../../../../arm-none-eabi/lib/armv6-m/libc.a(lib_a-fini.o)
 .debug_frame   0x000000000000090c       0x3c /Users/bwrc/OMNI/radio/gcc-arm-none-eabi-4_9-2015q2/bin/../lib/gcc/arm-none-eabi/4.9.3/../../../../arm-none-eabi/lib/armv6-m/libc.a(lib_a-__atexit.o)
 .debug_frame   0x0000000000000948       0x20 /Users/bwrc/OMNI/radio/gcc-arm-none-eabi-4_9-2015q2/bin/../lib/gcc/arm-none-eabi/4.9.3/../../../../arm-none-eabi/lib/armv6-m/libnosys.a(_exit.o)
