Archive member included because of file (symbol)

/usr/local/gcc-arm-none-eabi-4_9-2015q2/bin/../lib/gcc/arm-none-eabi/4.9.3/armv6-m/libgcc.a(_udivsi3.o)
                              _build/main_cm.o (__aeabi_uidiv)
/usr/local/gcc-arm-none-eabi-4_9-2015q2/bin/../lib/gcc/arm-none-eabi/4.9.3/armv6-m/libgcc.a(_divsi3.o)
                              _build/data_fifo.o (__aeabi_idivmod)
/usr/local/gcc-arm-none-eabi-4_9-2015q2/bin/../lib/gcc/arm-none-eabi/4.9.3/armv6-m/libgcc.a(_dvmd_tls.o)
                              /usr/local/gcc-arm-none-eabi-4_9-2015q2/bin/../lib/gcc/arm-none-eabi/4.9.3/armv6-m/libgcc.a(_udivsi3.o) (__aeabi_idiv0)
/usr/local/gcc-arm-none-eabi-4_9-2015q2/bin/../lib/gcc/arm-none-eabi/4.9.3/../../../../arm-none-eabi/lib/armv6-m/libc.a(lib_a-exit.o)
                              /usr/local/gcc-arm-none-eabi-4_9-2015q2/bin/../lib/gcc/arm-none-eabi/4.9.3/../../../../arm-none-eabi/lib/armv6-m/crt0.o (exit)
/usr/local/gcc-arm-none-eabi-4_9-2015q2/bin/../lib/gcc/arm-none-eabi/4.9.3/../../../../arm-none-eabi/lib/armv6-m/libc.a(lib_a-impure.o)
                              /usr/local/gcc-arm-none-eabi-4_9-2015q2/bin/../lib/gcc/arm-none-eabi/4.9.3/../../../../arm-none-eabi/lib/armv6-m/libc.a(lib_a-exit.o) (_global_impure_ptr)
/usr/local/gcc-arm-none-eabi-4_9-2015q2/bin/../lib/gcc/arm-none-eabi/4.9.3/../../../../arm-none-eabi/lib/armv6-m/libc.a(lib_a-init.o)
                              /usr/local/gcc-arm-none-eabi-4_9-2015q2/bin/../lib/gcc/arm-none-eabi/4.9.3/../../../../arm-none-eabi/lib/armv6-m/crt0.o (__libc_init_array)
/usr/local/gcc-arm-none-eabi-4_9-2015q2/bin/../lib/gcc/arm-none-eabi/4.9.3/../../../../arm-none-eabi/lib/armv6-m/libc.a(lib_a-memset.o)
                              /usr/local/gcc-arm-none-eabi-4_9-2015q2/bin/../lib/gcc/arm-none-eabi/4.9.3/../../../../arm-none-eabi/lib/armv6-m/crt0.o (memset)
/usr/local/gcc-arm-none-eabi-4_9-2015q2/bin/../lib/gcc/arm-none-eabi/4.9.3/../../../../arm-none-eabi/lib/armv6-m/libc.a(lib_a-__call_atexit.o)
                              /usr/local/gcc-arm-none-eabi-4_9-2015q2/bin/../lib/gcc/arm-none-eabi/4.9.3/../../../../arm-none-eabi/lib/armv6-m/libc.a(lib_a-exit.o) (__call_exitprocs)
/usr/local/gcc-arm-none-eabi-4_9-2015q2/bin/../lib/gcc/arm-none-eabi/4.9.3/../../../../arm-none-eabi/lib/armv6-m/libc.a(lib_a-atexit.o)
                              /usr/local/gcc-arm-none-eabi-4_9-2015q2/bin/../lib/gcc/arm-none-eabi/4.9.3/../../../../arm-none-eabi/lib/armv6-m/libc.a(lib_a-__call_atexit.o) (atexit)
/usr/local/gcc-arm-none-eabi-4_9-2015q2/bin/../lib/gcc/arm-none-eabi/4.9.3/../../../../arm-none-eabi/lib/armv6-m/libc.a(lib_a-fini.o)
                              /usr/local/gcc-arm-none-eabi-4_9-2015q2/bin/../lib/gcc/arm-none-eabi/4.9.3/../../../../arm-none-eabi/lib/armv6-m/libc.a(lib_a-__call_atexit.o) (__libc_fini_array)
/usr/local/gcc-arm-none-eabi-4_9-2015q2/bin/../lib/gcc/arm-none-eabi/4.9.3/../../../../arm-none-eabi/lib/armv6-m/libc.a(lib_a-__atexit.o)
                              /usr/local/gcc-arm-none-eabi-4_9-2015q2/bin/../lib/gcc/arm-none-eabi/4.9.3/../../../../arm-none-eabi/lib/armv6-m/libc.a(lib_a-atexit.o) (__register_exitproc)
/usr/local/gcc-arm-none-eabi-4_9-2015q2/bin/../lib/gcc/arm-none-eabi/4.9.3/../../../../arm-none-eabi/lib/armv6-m/libnosys.a(_exit.o)
                              /usr/local/gcc-arm-none-eabi-4_9-2015q2/bin/../lib/gcc/arm-none-eabi/4.9.3/../../../../arm-none-eabi/lib/armv6-m/libc.a(lib_a-exit.o) (_exit)

Allocating common symbols
Common symbol       size              file

success             0x1               _build/main_cm.o
j                   0x1               _build/main_cm.o
empty_packet        0x82              _build/timer.o
data_fifo           0x1964            _build/data_fifo.o
length              0x1               _build/main_cm.o
empty_write_buf     0x6               _build/spi.o
spi_packet          0x4               _build/main_cm.o
i                   0x1               _build/main_cm.o
radio_disabled      0x1               _build/radio_config.o
c                   0x1               _build/main_cm.o
timer_irq           0x1               _build/radio_config.o
command_fifo        0xf3c             _build/command_fifo.o
spi_out             0x87              _build/spi.o
packet_queued       0x1               _build/radio_config.o
rx_buf              0x4               _build/spi.o
full_read_buf       0x82              _build/spi.o
tx_buf              0x4               _build/spi.o
error               0x1               _build/timer.o
radio_bytes         0x4               _build/radio_config.o
debug_packet        0x82              _build/data_fifo.o
commands            0x4               _build/main_cm.o
spi_fifo            0x3c              _build/spi_fifo.o

Discarded input sections

 .group         0x0000000000000000        0x8 _build/main_cm.o
 .group         0x0000000000000000        0x8 _build/main_cm.o
 .group         0x0000000000000000        0x8 _build/main_cm.o
 .group         0x0000000000000000        0x8 _build/main_cm.o
 .group         0x0000000000000000        0x8 _build/main_cm.o
 .group         0x0000000000000000        0x8 _build/main_cm.o
 .group         0x0000000000000000        0x8 _build/main_cm.o
 .group         0x0000000000000000        0x8 _build/main_cm.o
 .group         0x0000000000000000        0x8 _build/main_cm.o
 .group         0x0000000000000000        0x8 _build/main_cm.o
 .group         0x0000000000000000        0x8 _build/main_cm.o
 .group         0x0000000000000000        0x8 _build/main_cm.o
 .group         0x0000000000000000        0x8 _build/main_cm.o
 .group         0x0000000000000000        0x8 _build/main_cm.o
 .group         0x0000000000000000        0x8 _build/main_cm.o
 .group         0x0000000000000000        0x8 _build/main_cm.o
 .group         0x0000000000000000        0x8 _build/main_cm.o
 .group         0x0000000000000000        0x8 _build/main_cm.o
 .group         0x0000000000000000        0x8 _build/main_cm.o
 .group         0x0000000000000000        0x8 _build/main_cm.o
 .group         0x0000000000000000        0x8 _build/main_cm.o
 .group         0x0000000000000000        0x8 _build/main_cm.o
 .group         0x0000000000000000        0x8 _build/main_cm.o
 .group         0x0000000000000000        0x8 _build/main_cm.o
 .group         0x0000000000000000        0x8 _build/radio_config.o
 .group         0x0000000000000000        0x8 _build/radio_config.o
 .group         0x0000000000000000        0x8 _build/radio_config.o
 .group         0x0000000000000000        0x8 _build/radio_config.o
 .group         0x0000000000000000        0x8 _build/radio_config.o
 .group         0x0000000000000000        0x8 _build/radio_config.o
 .group         0x0000000000000000        0x8 _build/radio_config.o
 .group         0x0000000000000000        0x8 _build/radio_config.o
 .group         0x0000000000000000        0x8 _build/radio_config.o
 .group         0x0000000000000000        0x8 _build/radio_config.o
 .group         0x0000000000000000        0x8 _build/radio_config.o
 .group         0x0000000000000000        0x8 _build/radio_config.o
 .group         0x0000000000000000        0x8 _build/radio_config.o
 .group         0x0000000000000000        0x8 _build/radio_config.o
 .group         0x0000000000000000        0x8 _build/radio_config.o
 .group         0x0000000000000000        0x8 _build/radio_config.o
 .group         0x0000000000000000        0x8 _build/radio_config.o
 .group         0x0000000000000000        0x8 _build/radio_config.o
 .debug_macro   0x0000000000000000      0x83e _build/radio_config.o
 .debug_macro   0x0000000000000000       0x22 _build/radio_config.o
 .debug_macro   0x0000000000000000       0x22 _build/radio_config.o
 .debug_macro   0x0000000000000000       0x44 _build/radio_config.o
 .debug_macro   0x0000000000000000       0x58 _build/radio_config.o
 .debug_macro   0x0000000000000000       0x22 _build/radio_config.o
 .debug_macro   0x0000000000000000      0x1df _build/radio_config.o
 .debug_macro   0x0000000000000000       0x28 _build/radio_config.o
 .debug_macro   0x0000000000000000       0x22 _build/radio_config.o
 .debug_macro   0x0000000000000000       0x3a _build/radio_config.o
 .debug_macro   0x0000000000000000       0x1f _build/radio_config.o
 .debug_macro   0x0000000000000000      0x242 _build/radio_config.o
 .debug_macro   0x0000000000000000      0x1d2 _build/radio_config.o
 .debug_macro   0x0000000000000000     0x746b _build/radio_config.o
 .debug_macro   0x0000000000000000      0x976 _build/radio_config.o
 .debug_macro   0x0000000000000000       0x10 _build/radio_config.o
 .debug_macro   0x0000000000000000       0x1c _build/radio_config.o
 .debug_macro   0x0000000000000000       0x10 _build/radio_config.o
 .group         0x0000000000000000        0x8 _build/nrf_delay.o
 .group         0x0000000000000000        0x8 _build/nrf_delay.o
 .group         0x0000000000000000        0x8 _build/nrf_delay.o
 .group         0x0000000000000000        0x8 _build/nrf_delay.o
 .group         0x0000000000000000        0x8 _build/nrf_delay.o
 .group         0x0000000000000000        0x8 _build/nrf_delay.o
 .group         0x0000000000000000        0x8 _build/nrf_delay.o
 .group         0x0000000000000000        0x8 _build/nrf_delay.o
 .group         0x0000000000000000        0x8 _build/nrf_delay.o
 .group         0x0000000000000000        0x8 _build/nrf_delay.o
 .group         0x0000000000000000        0x8 _build/nrf_delay.o
 .group         0x0000000000000000        0x8 _build/nrf_delay.o
 .group         0x0000000000000000        0x8 _build/nrf_delay.o
 .group         0x0000000000000000        0x8 _build/nrf_delay.o
 .group         0x0000000000000000        0x8 _build/nrf_delay.o
 .group         0x0000000000000000        0x8 _build/nrf_delay.o
 .group         0x0000000000000000        0x8 _build/nrf_delay.o
 .group         0x0000000000000000        0x8 _build/nrf_delay.o
 .group         0x0000000000000000        0x8 _build/nrf_delay.o
 .group         0x0000000000000000        0x8 _build/nrf_delay.o
 .group         0x0000000000000000        0x8 _build/nrf_delay.o
 .group         0x0000000000000000        0x8 _build/nrf_delay.o
 .group         0x0000000000000000        0x8 _build/nrf_delay.o
 .group         0x0000000000000000        0x8 _build/nrf_delay.o
 .group         0x0000000000000000        0x8 _build/nrf_delay.o
 .group         0x0000000000000000        0x8 _build/nrf_delay.o
 .group         0x0000000000000000        0x8 _build/nrf_delay.o
 .group         0x0000000000000000        0x8 _build/nrf_delay.o
 .group         0x0000000000000000        0x8 _build/nrf_delay.o
 .group         0x0000000000000000        0x8 _build/nrf_delay.o
 .group         0x0000000000000000        0x8 _build/nrf_delay.o
 .debug_macro   0x0000000000000000      0x83e _build/nrf_delay.o
 .debug_macro   0x0000000000000000       0x22 _build/nrf_delay.o
 .debug_macro   0x0000000000000000       0x22 _build/nrf_delay.o
 .debug_macro   0x0000000000000000       0x22 _build/nrf_delay.o
 .debug_macro   0x0000000000000000       0x3a _build/nrf_delay.o
 .debug_macro   0x0000000000000000       0x58 _build/nrf_delay.o
 .debug_macro   0x0000000000000000      0x1df _build/nrf_delay.o
 .debug_macro   0x0000000000000000       0x1f _build/nrf_delay.o
 .debug_macro   0x0000000000000000      0x242 _build/nrf_delay.o
 .debug_macro   0x0000000000000000      0x1d2 _build/nrf_delay.o
 .debug_macro   0x0000000000000000     0x746b _build/nrf_delay.o
 .debug_macro   0x0000000000000000      0x976 _build/nrf_delay.o
 .group         0x0000000000000000        0x8 _build/data_fifo.o
 .group         0x0000000000000000        0x8 _build/data_fifo.o
 .group         0x0000000000000000        0x8 _build/data_fifo.o
 .group         0x0000000000000000        0x8 _build/data_fifo.o
 .group         0x0000000000000000        0x8 _build/data_fifo.o
 .group         0x0000000000000000        0x8 _build/data_fifo.o
 .group         0x0000000000000000        0x8 _build/data_fifo.o
 .group         0x0000000000000000        0x8 _build/data_fifo.o
 .debug_macro   0x0000000000000000      0x83e _build/data_fifo.o
 .debug_macro   0x0000000000000000       0x22 _build/data_fifo.o
 .debug_macro   0x0000000000000000       0x44 _build/data_fifo.o
 .debug_macro   0x0000000000000000       0x58 _build/data_fifo.o
 .debug_macro   0x0000000000000000       0x22 _build/data_fifo.o
 .debug_macro   0x0000000000000000      0x1df _build/data_fifo.o
 .debug_macro   0x0000000000000000       0x22 _build/data_fifo.o
 .debug_macro   0x0000000000000000       0x28 _build/data_fifo.o
 .group         0x0000000000000000        0x8 _build/command_fifo.o
 .group         0x0000000000000000        0x8 _build/command_fifo.o
 .group         0x0000000000000000        0x8 _build/command_fifo.o
 .group         0x0000000000000000        0x8 _build/command_fifo.o
 .group         0x0000000000000000        0x8 _build/command_fifo.o
 .group         0x0000000000000000        0x8 _build/command_fifo.o
 .group         0x0000000000000000        0x8 _build/command_fifo.o
 .group         0x0000000000000000        0x8 _build/command_fifo.o
 .group         0x0000000000000000        0x8 _build/command_fifo.o
 .debug_macro   0x0000000000000000      0x83e _build/command_fifo.o
 .debug_macro   0x0000000000000000       0x22 _build/command_fifo.o
 .debug_macro   0x0000000000000000       0x44 _build/command_fifo.o
 .debug_macro   0x0000000000000000       0x58 _build/command_fifo.o
 .debug_macro   0x0000000000000000       0x22 _build/command_fifo.o
 .debug_macro   0x0000000000000000      0x1df _build/command_fifo.o
 .debug_macro   0x0000000000000000       0x22 _build/command_fifo.o
 .debug_macro   0x0000000000000000       0x28 _build/command_fifo.o
 .group         0x0000000000000000        0x8 _build/timer.o
 .group         0x0000000000000000        0x8 _build/timer.o
 .group         0x0000000000000000        0x8 _build/timer.o
 .group         0x0000000000000000        0x8 _build/timer.o
 .group         0x0000000000000000        0x8 _build/timer.o
 .group         0x0000000000000000        0x8 _build/timer.o
 .group         0x0000000000000000        0x8 _build/timer.o
 .group         0x0000000000000000        0x8 _build/timer.o
 .group         0x0000000000000000        0x8 _build/timer.o
 .group         0x0000000000000000        0x8 _build/timer.o
 .group         0x0000000000000000        0x8 _build/timer.o
 .group         0x0000000000000000        0x8 _build/timer.o
 .group         0x0000000000000000        0x8 _build/timer.o
 .group         0x0000000000000000        0x8 _build/timer.o
 .group         0x0000000000000000        0x8 _build/timer.o
 .group         0x0000000000000000        0x8 _build/timer.o
 .group         0x0000000000000000        0x8 _build/timer.o
 .group         0x0000000000000000        0x8 _build/timer.o
 .group         0x0000000000000000        0x8 _build/timer.o
 .debug_macro   0x0000000000000000      0x83e _build/timer.o
 .debug_macro   0x0000000000000000       0x10 _build/timer.o
 .debug_macro   0x0000000000000000       0x22 _build/timer.o
 .debug_macro   0x0000000000000000       0x3a _build/timer.o
 .debug_macro   0x0000000000000000       0x22 _build/timer.o
 .debug_macro   0x0000000000000000       0x44 _build/timer.o
 .debug_macro   0x0000000000000000       0x58 _build/timer.o
 .debug_macro   0x0000000000000000       0x22 _build/timer.o
 .debug_macro   0x0000000000000000      0x1df _build/timer.o
 .debug_macro   0x0000000000000000       0x1f _build/timer.o
 .debug_macro   0x0000000000000000      0x242 _build/timer.o
 .debug_macro   0x0000000000000000      0x1d2 _build/timer.o
 .debug_macro   0x0000000000000000     0x746b _build/timer.o
 .debug_macro   0x0000000000000000      0x976 _build/timer.o
 .debug_macro   0x0000000000000000       0x10 _build/timer.o
 .debug_macro   0x0000000000000000       0x22 _build/timer.o
 .debug_macro   0x0000000000000000       0x28 _build/timer.o
 .debug_macro   0x0000000000000000       0x1c _build/timer.o
 .debug_macro   0x0000000000000000       0x10 _build/timer.o
 .group         0x0000000000000000        0x8 _build/spi.o
 .group         0x0000000000000000        0x8 _build/spi.o
 .group         0x0000000000000000        0x8 _build/spi.o
 .group         0x0000000000000000        0x8 _build/spi.o
 .group         0x0000000000000000        0x8 _build/spi.o
 .group         0x0000000000000000        0x8 _build/spi.o
 .group         0x0000000000000000        0x8 _build/spi.o
 .group         0x0000000000000000        0x8 _build/spi.o
 .group         0x0000000000000000        0x8 _build/spi.o
 .group         0x0000000000000000        0x8 _build/spi.o
 .group         0x0000000000000000        0x8 _build/spi.o
 .group         0x0000000000000000        0x8 _build/spi.o
 .group         0x0000000000000000        0x8 _build/spi.o
 .group         0x0000000000000000        0x8 _build/spi.o
 .group         0x0000000000000000        0x8 _build/spi.o
 .group         0x0000000000000000        0x8 _build/spi.o
 .group         0x0000000000000000        0x8 _build/spi.o
 .group         0x0000000000000000        0x8 _build/spi.o
 .group         0x0000000000000000        0x8 _build/spi.o
 .group         0x0000000000000000        0x8 _build/spi.o
 .debug_macro   0x0000000000000000      0x83e _build/spi.o
 .debug_macro   0x0000000000000000       0x22 _build/spi.o
 .debug_macro   0x0000000000000000       0x44 _build/spi.o
 .debug_macro   0x0000000000000000       0x58 _build/spi.o
 .debug_macro   0x0000000000000000       0x22 _build/spi.o
 .debug_macro   0x0000000000000000      0x1df _build/spi.o
 .debug_macro   0x0000000000000000       0x8e _build/spi.o
 .debug_macro   0x0000000000000000       0x34 _build/spi.o
 .debug_macro   0x0000000000000000       0x10 _build/spi.o
 .debug_macro   0x0000000000000000       0x1c _build/spi.o
 .debug_macro   0x0000000000000000       0x22 _build/spi.o
 .debug_macro   0x0000000000000000       0x3a _build/spi.o
 .debug_macro   0x0000000000000000       0x1f _build/spi.o
 .debug_macro   0x0000000000000000      0x242 _build/spi.o
 .debug_macro   0x0000000000000000      0x1d2 _build/spi.o
 .debug_macro   0x0000000000000000     0x746b _build/spi.o
 .debug_macro   0x0000000000000000      0x11e _build/spi.o
 .debug_macro   0x0000000000000000       0x22 _build/spi.o
 .debug_macro   0x0000000000000000       0x28 _build/spi.o
 .group         0x0000000000000000        0x8 _build/spi_fifo.o
 .group         0x0000000000000000        0x8 _build/spi_fifo.o
 .group         0x0000000000000000        0x8 _build/spi_fifo.o
 .group         0x0000000000000000        0x8 _build/spi_fifo.o
 .group         0x0000000000000000        0x8 _build/spi_fifo.o
 .group         0x0000000000000000        0x8 _build/spi_fifo.o
 .group         0x0000000000000000        0x8 _build/spi_fifo.o
 .debug_macro   0x0000000000000000      0x83e _build/spi_fifo.o
 .debug_macro   0x0000000000000000       0x22 _build/spi_fifo.o
 .debug_macro   0x0000000000000000       0x44 _build/spi_fifo.o
 .debug_macro   0x0000000000000000       0x58 _build/spi_fifo.o
 .debug_macro   0x0000000000000000       0x22 _build/spi_fifo.o
 .debug_macro   0x0000000000000000      0x1df _build/spi_fifo.o
 .group         0x0000000000000000        0x8 _build/spi_slave.o
 .group         0x0000000000000000        0x8 _build/spi_slave.o
 .group         0x0000000000000000        0x8 _build/spi_slave.o
 .group         0x0000000000000000        0x8 _build/spi_slave.o
 .group         0x0000000000000000        0x8 _build/spi_slave.o
 .group         0x0000000000000000        0x8 _build/spi_slave.o
 .group         0x0000000000000000        0x8 _build/spi_slave.o
 .group         0x0000000000000000        0x8 _build/spi_slave.o
 .group         0x0000000000000000        0x8 _build/spi_slave.o
 .group         0x0000000000000000        0x8 _build/spi_slave.o
 .group         0x0000000000000000        0x8 _build/spi_slave.o
 .group         0x0000000000000000        0x8 _build/spi_slave.o
 .group         0x0000000000000000        0x8 _build/spi_slave.o
 .group         0x0000000000000000        0x8 _build/spi_slave.o
 .group         0x0000000000000000        0x8 _build/spi_slave.o
 .group         0x0000000000000000        0x8 _build/spi_slave.o
 .group         0x0000000000000000        0x8 _build/spi_slave.o
 .group         0x0000000000000000        0x8 _build/spi_slave.o
 .group         0x0000000000000000        0x8 _build/spi_slave.o
 .group         0x0000000000000000        0x8 _build/spi_slave.o
 .group         0x0000000000000000        0x8 _build/spi_slave.o
 .group         0x0000000000000000        0x8 _build/spi_slave.o
 .group         0x0000000000000000        0x8 _build/spi_slave.o
 .group         0x0000000000000000        0x8 _build/spi_slave.o
 .group         0x0000000000000000        0x8 _build/spi_slave.o
 .group         0x0000000000000000        0x8 _build/spi_slave.o
 .group         0x0000000000000000        0x8 _build/spi_slave.o
 .group         0x0000000000000000        0x8 _build/spi_slave.o
 .group         0x0000000000000000        0x8 _build/spi_slave.o
 .group         0x0000000000000000        0x8 _build/spi_slave.o
 .group         0x0000000000000000        0x8 _build/spi_slave.o
 .group         0x0000000000000000        0x8 _build/spi_slave.o
 .group         0x0000000000000000        0x8 _build/spi_slave.o
 .group         0x0000000000000000        0x8 _build/spi_slave.o
 .debug_macro   0x0000000000000000      0x83e _build/spi_slave.o
 .debug_macro   0x0000000000000000       0x22 _build/spi_slave.o
 .debug_macro   0x0000000000000000       0x44 _build/spi_slave.o
 .debug_macro   0x0000000000000000       0x58 _build/spi_slave.o
 .debug_macro   0x0000000000000000       0x22 _build/spi_slave.o
 .debug_macro   0x0000000000000000      0x1df _build/spi_slave.o
 .debug_macro   0x0000000000000000       0x8e _build/spi_slave.o
 .debug_macro   0x0000000000000000       0x22 _build/spi_slave.o
 .debug_macro   0x0000000000000000       0x58 _build/spi_slave.o
 .debug_macro   0x0000000000000000       0x35 _build/spi_slave.o
 .debug_macro   0x0000000000000000       0x9c _build/spi_slave.o
 .debug_macro   0x0000000000000000       0x16 _build/spi_slave.o
 .debug_macro   0x0000000000000000       0x97 _build/spi_slave.o
 .debug_macro   0x0000000000000000      0x29d _build/spi_slave.o
 .debug_macro   0x0000000000000000       0xef _build/spi_slave.o
 .debug_macro   0x0000000000000000       0x10 _build/spi_slave.o
 .debug_macro   0x0000000000000000       0x52 _build/spi_slave.o
 .debug_macro   0x0000000000000000       0x16 _build/spi_slave.o
 .debug_macro   0x0000000000000000       0x43 _build/spi_slave.o
 .debug_macro   0x0000000000000000      0x180 _build/spi_slave.o
 .debug_macro   0x0000000000000000       0x10 _build/spi_slave.o
 .debug_macro   0x0000000000000000       0x22 _build/spi_slave.o
 .debug_macro   0x0000000000000000       0xbe _build/spi_slave.o
 .debug_macro   0x0000000000000000       0x16 _build/spi_slave.o
 .debug_macro   0x0000000000000000      0x197 _build/spi_slave.o
 .debug_macro   0x0000000000000000       0x22 _build/spi_slave.o
 .debug_macro   0x0000000000000000       0x3a _build/spi_slave.o
 .debug_macro   0x0000000000000000       0x1f _build/spi_slave.o
 .debug_macro   0x0000000000000000      0x242 _build/spi_slave.o
 .debug_macro   0x0000000000000000      0x1d2 _build/spi_slave.o
 .debug_macro   0x0000000000000000     0x746b _build/spi_slave.o
 .debug_macro   0x0000000000000000       0x1c _build/spi_slave.o
 .debug_macro   0x0000000000000000       0x10 _build/spi_slave.o
 .group         0x0000000000000000        0x8 _build/system_nrf51.o
 .group         0x0000000000000000        0x8 _build/system_nrf51.o
 .group         0x0000000000000000        0x8 _build/system_nrf51.o
 .group         0x0000000000000000        0x8 _build/system_nrf51.o
 .group         0x0000000000000000        0x8 _build/system_nrf51.o
 .group         0x0000000000000000        0x8 _build/system_nrf51.o
 .group         0x0000000000000000        0x8 _build/system_nrf51.o
 .group         0x0000000000000000        0x8 _build/system_nrf51.o
 .group         0x0000000000000000        0x8 _build/system_nrf51.o
 .group         0x0000000000000000        0x8 _build/system_nrf51.o
 .group         0x0000000000000000        0x8 _build/system_nrf51.o
 .group         0x0000000000000000        0x8 _build/system_nrf51.o
 .group         0x0000000000000000        0x8 _build/system_nrf51.o
 .group         0x0000000000000000        0x8 _build/system_nrf51.o
 .group         0x0000000000000000        0x8 _build/system_nrf51.o
 .debug_macro   0x0000000000000000      0x83e _build/system_nrf51.o
 .debug_macro   0x0000000000000000       0x22 _build/system_nrf51.o
 .debug_macro   0x0000000000000000       0x44 _build/system_nrf51.o
 .debug_macro   0x0000000000000000       0x58 _build/system_nrf51.o
 .debug_macro   0x0000000000000000       0x22 _build/system_nrf51.o
 .debug_macro   0x0000000000000000      0x1df _build/system_nrf51.o
 .debug_macro   0x0000000000000000       0x22 _build/system_nrf51.o
 .debug_macro   0x0000000000000000       0x22 _build/system_nrf51.o
 .debug_macro   0x0000000000000000       0x3a _build/system_nrf51.o
 .debug_macro   0x0000000000000000       0x1f _build/system_nrf51.o
 .debug_macro   0x0000000000000000      0x242 _build/system_nrf51.o
 .debug_macro   0x0000000000000000      0x1d2 _build/system_nrf51.o
 .debug_macro   0x0000000000000000     0x746b _build/system_nrf51.o
 .debug_macro   0x0000000000000000      0x976 _build/system_nrf51.o
 .debug_macro   0x0000000000000000       0x10 _build/system_nrf51.o

Memory Configuration

Name             Origin             Length             Attributes
FLASH            0x0000000000000000 0x0000000000040000 xr
RAM              0x0000000020000000 0x0000000000004000 xrw
*default*        0x0000000000000000 0xffffffffffffffff

Linker script and memory map

LOAD /usr/local/gcc-arm-none-eabi-4_9-2015q2/bin/../lib/gcc/arm-none-eabi/4.9.3/armv6-m/crti.o
LOAD /usr/local/gcc-arm-none-eabi-4_9-2015q2/bin/../lib/gcc/arm-none-eabi/4.9.3/armv6-m/crtbegin.o
LOAD /usr/local/gcc-arm-none-eabi-4_9-2015q2/bin/../lib/gcc/arm-none-eabi/4.9.3/../../../../arm-none-eabi/lib/armv6-m/crt0.o
LOAD _build/main_cm.o
LOAD _build/radio_config.o
LOAD _build/nrf_delay.o
LOAD _build/data_fifo.o
LOAD _build/command_fifo.o
LOAD _build/timer.o
LOAD _build/spi.o
LOAD _build/spi_fifo.o
LOAD _build/spi_slave.o
LOAD _build/system_nrf51.o
LOAD _build/gcc_startup_nrf51.o
START GROUP
LOAD /usr/local/gcc-arm-none-eabi-4_9-2015q2/bin/../lib/gcc/arm-none-eabi/4.9.3/armv6-m/libgcc.a
LOAD /usr/local/gcc-arm-none-eabi-4_9-2015q2/bin/../lib/gcc/arm-none-eabi/4.9.3/../../../../arm-none-eabi/lib/armv6-m/libc.a
END GROUP
LOAD /usr/local/gcc-arm-none-eabi-4_9-2015q2/bin/../lib/gcc/arm-none-eabi/4.9.3/armv6-m/crtend.o
LOAD /usr/local/gcc-arm-none-eabi-4_9-2015q2/bin/../lib/gcc/arm-none-eabi/4.9.3/armv6-m/crtn.o
START GROUP
LOAD /usr/local/gcc-arm-none-eabi-4_9-2015q2/bin/../lib/gcc/arm-none-eabi/4.9.3/armv6-m/libgcc.a
LOAD /usr/local/gcc-arm-none-eabi-4_9-2015q2/bin/../lib/gcc/arm-none-eabi/4.9.3/../../../../arm-none-eabi/lib/armv6-m/libc.a
LOAD /usr/local/gcc-arm-none-eabi-4_9-2015q2/bin/../lib/gcc/arm-none-eabi/4.9.3/../../../../arm-none-eabi/lib/armv6-m/libnosys.a
END GROUP

.text           0x0000000000000000     0x22cc
 *(.Vectors)
 .Vectors       0x0000000000000000       0xc0 _build/gcc_startup_nrf51.o
                0x0000000000000000                __Vectors
 *(.text*)
 .text          0x00000000000000c0        0x0 /usr/local/gcc-arm-none-eabi-4_9-2015q2/bin/../lib/gcc/arm-none-eabi/4.9.3/armv6-m/crti.o
 .text          0x00000000000000c0       0x60 /usr/local/gcc-arm-none-eabi-4_9-2015q2/bin/../lib/gcc/arm-none-eabi/4.9.3/armv6-m/crtbegin.o
 .text          0x0000000000000120       0x78 /usr/local/gcc-arm-none-eabi-4_9-2015q2/bin/../lib/gcc/arm-none-eabi/4.9.3/../../../../arm-none-eabi/lib/armv6-m/crt0.o
                0x0000000000000120                _mainCRTStartup
                0x0000000000000120                _start
 .text          0x0000000000000198      0x19c _build/main_cm.o
                0x0000000000000198                app_error_handler
                0x00000000000001a8                init
                0x0000000000000208                main
 .text          0x0000000000000334      0x4e0 _build/radio_config.o
                0x0000000000000434                radio_configure
                0x0000000000000570                get_prev_sample
                0x0000000000000584                set_prev_sample
                0x00000000000005a4                radio_pause_tx
                0x00000000000005b8                radio_unpause_tx
                0x00000000000005cc                radio_get_queued
                0x00000000000005e0                set_radio_disabled
                0x0000000000000600                get_radio_disabled
                0x0000000000000614                RADIO_IRQHandler
                0x00000000000007fc                radio_count
 .text          0x0000000000000814       0x5c _build/nrf_delay.o
                0x0000000000000848                nrf_delay_ms
 .text          0x0000000000000870      0x150 _build/data_fifo.o
                0x0000000000000870                init_debug
                0x00000000000008a8                write_data
                0x000000000000091c                finish_write_data
                0x0000000000000934                reset_write_data
                0x000000000000095c                read_data
                0x00000000000009ac                get_num_data
 .text          0x00000000000009c0      0x13c _build/command_fifo.o
                0x00000000000009c0                write_command
                0x0000000000000a14                finish_write_command
                0x0000000000000a2c                reset_write_command
                0x0000000000000a54                read_command
                0x0000000000000aa8                finish_read_command
                0x0000000000000ac0                reset_read_command
                0x0000000000000ae8                get_num_commands
 .text          0x0000000000000afc      0x578 _build/timer.o
                0x0000000000000c90                init_timer
                0x0000000000000cf8                start_timeout
                0x0000000000000d2c                TIMER0_IRQHandler
 .text          0x0000000000001074      0x390 _build/spi.o
                0x0000000000001074                spi_slave_event_handle
                0x0000000000001280                spi_init
 .text          0x0000000000001404      0x118 _build/spi_fifo.o
                0x0000000000001404                write_spi_fifo
                0x0000000000001458                finish_write_spi_fifo
                0x0000000000001470                reset_write_spi_fifo
                0x0000000000001498                read_spi_fifo
                0x00000000000014ec                finish_read_spi_fifo
                0x0000000000001504                get_capacity_spi_fifo
 .text          0x000000000000151c      0x594 _build/spi_slave.o
                0x000000000000164c                spi_slave_evt_handler_register
                0x0000000000001674                spi_slave_set_cs_pull_up_config
                0x0000000000001690                spi_slave_set_drive_config
                0x00000000000016ac                spi_slave_init
                0x000000000000196c                spi_slave_buffers_set
                0x00000000000019fc                SPI1_TWI1_IRQHandler
 .text          0x0000000000001ab0      0x124 _build/system_nrf51.o
                0x0000000000001ab0                SystemCoreClockUpdate
                0x0000000000001ac8                SystemInit
 .text          0x0000000000001bd4       0x54 _build/gcc_startup_nrf51.o
                0x0000000000001bd4                Reset_Handler
                0x0000000000001c1c                NMI_Handler
                0x0000000000001c1e                HardFault_Handler
                0x0000000000001c20                SVC_Handler
                0x0000000000001c22                PendSV_Handler
                0x0000000000001c24                SysTick_Handler
                0x0000000000001c26                SWI4_IRQHandler
                0x0000000000001c26                TEMP_IRQHandler
                0x0000000000001c26                QDEC_IRQHandler
                0x0000000000001c26                UART0_IRQHandler
                0x0000000000001c26                SWI5_IRQHandler
                0x0000000000001c26                SWI0_IRQHandler
                0x0000000000001c26                TIMER1_IRQHandler
                0x0000000000001c26                ECB_IRQHandler
                0x0000000000001c26                Default_Handler
                0x0000000000001c26                ADC_IRQHandler
                0x0000000000001c26                SWI3_IRQHandler
                0x0000000000001c26                CCM_AAR_IRQHandler
                0x0000000000001c26                WDT_IRQHandler
                0x0000000000001c26                SWI2_IRQHandler
                0x0000000000001c26                RNG_IRQHandler
                0x0000000000001c26                RTC1_IRQHandler
                0x0000000000001c26                TIMER2_IRQHandler
                0x0000000000001c26                SWI1_IRQHandler
                0x0000000000001c26                SPI0_TWI0_IRQHandler
                0x0000000000001c26                RTC0_IRQHandler
                0x0000000000001c26                GPIOTE_IRQHandler
                0x0000000000001c26                POWER_CLOCK_IRQHandler
                0x0000000000001c26                LPCOMP_IRQHandler
 .text          0x0000000000001c28      0x120 /usr/local/gcc-arm-none-eabi-4_9-2015q2/bin/../lib/gcc/arm-none-eabi/4.9.3/armv6-m/libgcc.a(_udivsi3.o)
                0x0000000000001c28                __udivsi3
                0x0000000000001c28                __aeabi_uidiv
                0x0000000000001d34                __aeabi_uidivmod
 .text          0x0000000000001d48      0x1e0 /usr/local/gcc-arm-none-eabi-4_9-2015q2/bin/../lib/gcc/arm-none-eabi/4.9.3/armv6-m/libgcc.a(_divsi3.o)
                0x0000000000001d48                __aeabi_idiv
                0x0000000000001d48                __divsi3
                0x0000000000001f14                __aeabi_idivmod
 .text          0x0000000000001f28        0x4 /usr/local/gcc-arm-none-eabi-4_9-2015q2/bin/../lib/gcc/arm-none-eabi/4.9.3/armv6-m/libgcc.a(_dvmd_tls.o)
                0x0000000000001f28                __aeabi_ldiv0
                0x0000000000001f28                __aeabi_idiv0
 .text          0x0000000000001f2c        0x0 /usr/local/gcc-arm-none-eabi-4_9-2015q2/bin/../lib/gcc/arm-none-eabi/4.9.3/../../../../arm-none-eabi/lib/armv6-m/libc.a(lib_a-exit.o)
 .text.exit     0x0000000000001f2c       0x20 /usr/local/gcc-arm-none-eabi-4_9-2015q2/bin/../lib/gcc/arm-none-eabi/4.9.3/../../../../arm-none-eabi/lib/armv6-m/libc.a(lib_a-exit.o)
                0x0000000000001f2c                exit
 .text          0x0000000000001f4c        0x0 /usr/local/gcc-arm-none-eabi-4_9-2015q2/bin/../lib/gcc/arm-none-eabi/4.9.3/../../../../arm-none-eabi/lib/armv6-m/libc.a(lib_a-impure.o)
 .text          0x0000000000001f4c        0x0 /usr/local/gcc-arm-none-eabi-4_9-2015q2/bin/../lib/gcc/arm-none-eabi/4.9.3/../../../../arm-none-eabi/lib/armv6-m/libc.a(lib_a-init.o)
 .text.__libc_init_array
                0x0000000000001f4c       0x48 /usr/local/gcc-arm-none-eabi-4_9-2015q2/bin/../lib/gcc/arm-none-eabi/4.9.3/../../../../arm-none-eabi/lib/armv6-m/libc.a(lib_a-init.o)
                0x0000000000001f4c                __libc_init_array
 .text          0x0000000000001f94        0x0 /usr/local/gcc-arm-none-eabi-4_9-2015q2/bin/../lib/gcc/arm-none-eabi/4.9.3/../../../../arm-none-eabi/lib/armv6-m/libc.a(lib_a-memset.o)
 .text.memset   0x0000000000001f94       0x8c /usr/local/gcc-arm-none-eabi-4_9-2015q2/bin/../lib/gcc/arm-none-eabi/4.9.3/../../../../arm-none-eabi/lib/armv6-m/libc.a(lib_a-memset.o)
                0x0000000000001f94                memset
 .text          0x0000000000002020        0x0 /usr/local/gcc-arm-none-eabi-4_9-2015q2/bin/../lib/gcc/arm-none-eabi/4.9.3/../../../../arm-none-eabi/lib/armv6-m/libc.a(lib_a-__call_atexit.o)
 .text.startup.register_fini
                0x0000000000002020       0x18 /usr/local/gcc-arm-none-eabi-4_9-2015q2/bin/../lib/gcc/arm-none-eabi/4.9.3/../../../../arm-none-eabi/lib/armv6-m/libc.a(lib_a-__call_atexit.o)
 .text.__call_exitprocs
                0x0000000000002038      0x108 /usr/local/gcc-arm-none-eabi-4_9-2015q2/bin/../lib/gcc/arm-none-eabi/4.9.3/../../../../arm-none-eabi/lib/armv6-m/libc.a(lib_a-__call_atexit.o)
                0x0000000000002038                __call_exitprocs
 .text          0x0000000000002140        0x0 /usr/local/gcc-arm-none-eabi-4_9-2015q2/bin/../lib/gcc/arm-none-eabi/4.9.3/../../../../arm-none-eabi/lib/armv6-m/libc.a(lib_a-atexit.o)
 .text.atexit   0x0000000000002140       0x10 /usr/local/gcc-arm-none-eabi-4_9-2015q2/bin/../lib/gcc/arm-none-eabi/4.9.3/../../../../arm-none-eabi/lib/armv6-m/libc.a(lib_a-atexit.o)
                0x0000000000002140                atexit
 .text          0x0000000000002150        0x0 /usr/local/gcc-arm-none-eabi-4_9-2015q2/bin/../lib/gcc/arm-none-eabi/4.9.3/../../../../arm-none-eabi/lib/armv6-m/libc.a(lib_a-fini.o)
 .text.__libc_fini_array
                0x0000000000002150       0x34 /usr/local/gcc-arm-none-eabi-4_9-2015q2/bin/../lib/gcc/arm-none-eabi/4.9.3/../../../../arm-none-eabi/lib/armv6-m/libc.a(lib_a-fini.o)
                0x0000000000002150                __libc_fini_array
 .text          0x0000000000002184        0x0 /usr/local/gcc-arm-none-eabi-4_9-2015q2/bin/../lib/gcc/arm-none-eabi/4.9.3/../../../../arm-none-eabi/lib/armv6-m/libc.a(lib_a-__atexit.o)
 .text.__register_exitproc
                0x0000000000002184       0xd4 /usr/local/gcc-arm-none-eabi-4_9-2015q2/bin/../lib/gcc/arm-none-eabi/4.9.3/../../../../arm-none-eabi/lib/armv6-m/libc.a(lib_a-__atexit.o)
                0x0000000000002184                __register_exitproc
 .text          0x0000000000002258        0x0 /usr/local/gcc-arm-none-eabi-4_9-2015q2/bin/../lib/gcc/arm-none-eabi/4.9.3/armv6-m/crtend.o
 .text          0x0000000000002258        0x0 /usr/local/gcc-arm-none-eabi-4_9-2015q2/bin/../lib/gcc/arm-none-eabi/4.9.3/armv6-m/crtn.o
 .text          0x0000000000002258        0x0 /usr/local/gcc-arm-none-eabi-4_9-2015q2/bin/../lib/gcc/arm-none-eabi/4.9.3/../../../../arm-none-eabi/lib/armv6-m/libnosys.a(_exit.o)
 .text._exit    0x0000000000002258        0x4 /usr/local/gcc-arm-none-eabi-4_9-2015q2/bin/../lib/gcc/arm-none-eabi/4.9.3/../../../../arm-none-eabi/lib/armv6-m/libnosys.a(_exit.o)
                0x0000000000002258                _exit
 *(.init)
 .init          0x000000000000225c        0x4 /usr/local/gcc-arm-none-eabi-4_9-2015q2/bin/../lib/gcc/arm-none-eabi/4.9.3/armv6-m/crti.o
                0x000000000000225c                _init
 .init          0x0000000000002260        0x8 /usr/local/gcc-arm-none-eabi-4_9-2015q2/bin/../lib/gcc/arm-none-eabi/4.9.3/armv6-m/crtn.o
 *(.fini)
 .fini          0x0000000000002268        0x4 /usr/local/gcc-arm-none-eabi-4_9-2015q2/bin/../lib/gcc/arm-none-eabi/4.9.3/armv6-m/crti.o
                0x0000000000002268                _fini
 .fini          0x000000000000226c        0x8 /usr/local/gcc-arm-none-eabi-4_9-2015q2/bin/../lib/gcc/arm-none-eabi/4.9.3/armv6-m/crtn.o
 *crtbegin.o(.ctors)
 *crtbegin?.o(.ctors)
 *(EXCLUDE_FILE(*crtend.o *crtend?.o) .ctors)
 *(SORT(.ctors.*))
 *(.ctors)
 *crtbegin.o(.dtors)
 *crtbegin?.o(.dtors)
 *(EXCLUDE_FILE(*crtend.o *crtend?.o) .dtors)
 *(SORT(.dtors.*))
 *(.dtors)
 *(.rodata*)
 .rodata        0x0000000000002274        0xd _build/main_cm.o
 *fill*         0x0000000000002281        0x3 
 .rodata        0x0000000000002284        0x9 _build/spi.o
 *fill*         0x000000000000228d        0x3 
 .rodata        0x0000000000002290       0x2d _build/spi_slave.o
 *fill*         0x00000000000022bd        0x3 
 .rodata.str1.4
                0x00000000000022c0        0x4 /usr/local/gcc-arm-none-eabi-4_9-2015q2/bin/../lib/gcc/arm-none-eabi/4.9.3/../../../../arm-none-eabi/lib/armv6-m/libc.a(lib_a-impure.o)
                                          0x2 (size before relaxing)
 .rodata._global_impure_ptr
                0x00000000000022c4        0x4 /usr/local/gcc-arm-none-eabi-4_9-2015q2/bin/../lib/gcc/arm-none-eabi/4.9.3/../../../../arm-none-eabi/lib/armv6-m/libc.a(lib_a-impure.o)
                0x00000000000022c4                _global_impure_ptr
 *(.eh_frame*)
 .eh_frame      0x00000000000022c8        0x0 /usr/local/gcc-arm-none-eabi-4_9-2015q2/bin/../lib/gcc/arm-none-eabi/4.9.3/armv6-m/crtbegin.o
 .eh_frame      0x00000000000022c8        0x4 /usr/local/gcc-arm-none-eabi-4_9-2015q2/bin/../lib/gcc/arm-none-eabi/4.9.3/armv6-m/crtend.o

.glue_7         0x00000000000022cc        0x0
 .glue_7        0x0000000000000000        0x0 linker stubs

.glue_7t        0x00000000000022cc        0x0
 .glue_7t       0x0000000000000000        0x0 linker stubs

.vfp11_veneer   0x00000000000022cc        0x0
 .vfp11_veneer  0x0000000000000000        0x0 linker stubs

.v4_bx          0x00000000000022cc        0x0
 .v4_bx         0x0000000000000000        0x0 linker stubs

.iplt           0x00000000000022cc        0x0
 .iplt          0x0000000000000000        0x0 /usr/local/gcc-arm-none-eabi-4_9-2015q2/bin/../lib/gcc/arm-none-eabi/4.9.3/armv6-m/crtbegin.o

.ARM.extab      0x00000000000022cc        0x0
 *(.ARM.extab* .gnu.linkonce.armextab.*)
 .ARM.extab     0x00000000000022cc        0x0 /usr/local/gcc-arm-none-eabi-4_9-2015q2/bin/../lib/gcc/arm-none-eabi/4.9.3/../../../../arm-none-eabi/lib/armv6-m/crt0.o
 .ARM.extab     0x00000000000022cc        0x0 _build/gcc_startup_nrf51.o
                0x00000000000022cc                __exidx_start = .

.ARM.exidx      0x00000000000022cc        0x8
 *(.ARM.exidx* .gnu.linkonce.armexidx.*)
 .ARM.exidx     0x00000000000022cc        0x8 /usr/local/gcc-arm-none-eabi-4_9-2015q2/bin/../lib/gcc/arm-none-eabi/4.9.3/../../../../arm-none-eabi/lib/armv6-m/crt0.o
 .ARM.exidx     0x00000000000022d4        0x0 _build/gcc_startup_nrf51.o
                                          0x8 (size before relaxing)
                0x00000000000022d4                __exidx_end = .
                0x00000000000022d4                __etext = .

.rel.dyn        0x00000000000022d4        0x0
 .rel.iplt      0x0000000000000000        0x0 /usr/local/gcc-arm-none-eabi-4_9-2015q2/bin/../lib/gcc/arm-none-eabi/4.9.3/armv6-m/crtbegin.o

.data           0x0000000020000000      0x444 load address 0x00000000000022d4
                0x0000000020000000                __data_start__ = .
 *(vtable)
 *(.data*)
 .data          0x0000000020000000        0x0 /usr/local/gcc-arm-none-eabi-4_9-2015q2/bin/../lib/gcc/arm-none-eabi/4.9.3/armv6-m/crti.o
 .data          0x0000000020000000        0x4 /usr/local/gcc-arm-none-eabi-4_9-2015q2/bin/../lib/gcc/arm-none-eabi/4.9.3/armv6-m/crtbegin.o
                0x0000000020000000                __dso_handle
 .data          0x0000000020000004        0x0 /usr/local/gcc-arm-none-eabi-4_9-2015q2/bin/../lib/gcc/arm-none-eabi/4.9.3/../../../../arm-none-eabi/lib/armv6-m/crt0.o
 .data          0x0000000020000004        0x0 _build/main_cm.o
 .data          0x0000000020000004        0x0 _build/radio_config.o
 .data          0x0000000020000004        0x0 _build/nrf_delay.o
 .data          0x0000000020000004        0x0 _build/data_fifo.o
 .data          0x0000000020000004        0x0 _build/command_fifo.o
 .data          0x0000000020000004        0x0 _build/timer.o
 .data          0x0000000020000004        0x0 _build/spi.o
 .data          0x0000000020000004        0x0 _build/spi_fifo.o
 .data          0x0000000020000004        0x0 _build/spi_slave.o
 .data          0x0000000020000004        0x4 _build/system_nrf51.o
                0x0000000020000004                SystemCoreClock
 .data          0x0000000020000008        0x0 _build/gcc_startup_nrf51.o
 .data          0x0000000020000008        0x0 /usr/local/gcc-arm-none-eabi-4_9-2015q2/bin/../lib/gcc/arm-none-eabi/4.9.3/armv6-m/libgcc.a(_udivsi3.o)
 .data          0x0000000020000008        0x0 /usr/local/gcc-arm-none-eabi-4_9-2015q2/bin/../lib/gcc/arm-none-eabi/4.9.3/armv6-m/libgcc.a(_divsi3.o)
 .data          0x0000000020000008        0x0 /usr/local/gcc-arm-none-eabi-4_9-2015q2/bin/../lib/gcc/arm-none-eabi/4.9.3/armv6-m/libgcc.a(_dvmd_tls.o)
 .data          0x0000000020000008        0x0 /usr/local/gcc-arm-none-eabi-4_9-2015q2/bin/../lib/gcc/arm-none-eabi/4.9.3/../../../../arm-none-eabi/lib/armv6-m/libc.a(lib_a-exit.o)
 .data          0x0000000020000008        0x0 /usr/local/gcc-arm-none-eabi-4_9-2015q2/bin/../lib/gcc/arm-none-eabi/4.9.3/../../../../arm-none-eabi/lib/armv6-m/libc.a(lib_a-impure.o)
 .data.impure_data
                0x0000000020000008      0x428 /usr/local/gcc-arm-none-eabi-4_9-2015q2/bin/../lib/gcc/arm-none-eabi/4.9.3/../../../../arm-none-eabi/lib/armv6-m/libc.a(lib_a-impure.o)
 .data._impure_ptr
                0x0000000020000430        0x4 /usr/local/gcc-arm-none-eabi-4_9-2015q2/bin/../lib/gcc/arm-none-eabi/4.9.3/../../../../arm-none-eabi/lib/armv6-m/libc.a(lib_a-impure.o)
                0x0000000020000430                _impure_ptr
 .data          0x0000000020000434        0x0 /usr/local/gcc-arm-none-eabi-4_9-2015q2/bin/../lib/gcc/arm-none-eabi/4.9.3/../../../../arm-none-eabi/lib/armv6-m/libc.a(lib_a-init.o)
 .data          0x0000000020000434        0x0 /usr/local/gcc-arm-none-eabi-4_9-2015q2/bin/../lib/gcc/arm-none-eabi/4.9.3/../../../../arm-none-eabi/lib/armv6-m/libc.a(lib_a-memset.o)
 .data          0x0000000020000434        0x0 /usr/local/gcc-arm-none-eabi-4_9-2015q2/bin/../lib/gcc/arm-none-eabi/4.9.3/../../../../arm-none-eabi/lib/armv6-m/libc.a(lib_a-__call_atexit.o)
 .data          0x0000000020000434        0x0 /usr/local/gcc-arm-none-eabi-4_9-2015q2/bin/../lib/gcc/arm-none-eabi/4.9.3/../../../../arm-none-eabi/lib/armv6-m/libc.a(lib_a-atexit.o)
 .data          0x0000000020000434        0x0 /usr/local/gcc-arm-none-eabi-4_9-2015q2/bin/../lib/gcc/arm-none-eabi/4.9.3/../../../../arm-none-eabi/lib/armv6-m/libc.a(lib_a-fini.o)
 .data          0x0000000020000434        0x0 /usr/local/gcc-arm-none-eabi-4_9-2015q2/bin/../lib/gcc/arm-none-eabi/4.9.3/../../../../arm-none-eabi/lib/armv6-m/libc.a(lib_a-__atexit.o)
 .data          0x0000000020000434        0x0 /usr/local/gcc-arm-none-eabi-4_9-2015q2/bin/../lib/gcc/arm-none-eabi/4.9.3/armv6-m/crtend.o
 .data          0x0000000020000434        0x0 /usr/local/gcc-arm-none-eabi-4_9-2015q2/bin/../lib/gcc/arm-none-eabi/4.9.3/armv6-m/crtn.o
 .data          0x0000000020000434        0x0 /usr/local/gcc-arm-none-eabi-4_9-2015q2/bin/../lib/gcc/arm-none-eabi/4.9.3/../../../../arm-none-eabi/lib/armv6-m/libnosys.a(_exit.o)
                0x0000000020000434                . = ALIGN (0x4)
                0x0000000020000434                PROVIDE (__preinit_array_start, .)
 *(.preinit_array)
                0x0000000020000434                PROVIDE (__preinit_array_end, .)
                0x0000000020000434                . = ALIGN (0x4)
                0x0000000020000434                PROVIDE (__init_array_start, .)
 *(SORT(.init_array.*))
 .init_array.00000
                0x0000000020000434        0x4 /usr/local/gcc-arm-none-eabi-4_9-2015q2/bin/../lib/gcc/arm-none-eabi/4.9.3/../../../../arm-none-eabi/lib/armv6-m/libc.a(lib_a-__call_atexit.o)
 *(.init_array)
 .init_array    0x0000000020000438        0x4 /usr/local/gcc-arm-none-eabi-4_9-2015q2/bin/../lib/gcc/arm-none-eabi/4.9.3/armv6-m/crtbegin.o
                0x000000002000043c                PROVIDE (__init_array_end, .)
                0x000000002000043c                . = ALIGN (0x4)
                0x000000002000043c                PROVIDE (__fini_array_start, .)
 *(SORT(.fini_array.*))
 *(.fini_array)
 .fini_array    0x000000002000043c        0x4 /usr/local/gcc-arm-none-eabi-4_9-2015q2/bin/../lib/gcc/arm-none-eabi/4.9.3/armv6-m/crtbegin.o
                0x0000000020000440                PROVIDE (__fini_array_end, .)
 *(.jcr)
 .jcr           0x0000000020000440        0x0 /usr/local/gcc-arm-none-eabi-4_9-2015q2/bin/../lib/gcc/arm-none-eabi/4.9.3/armv6-m/crtbegin.o
 .jcr           0x0000000020000440        0x4 /usr/local/gcc-arm-none-eabi-4_9-2015q2/bin/../lib/gcc/arm-none-eabi/4.9.3/armv6-m/crtend.o
                0x0000000020000444                . = ALIGN (0x4)
                0x0000000020000444                __data_end__ = .

.igot.plt       0x0000000020000444        0x0 load address 0x0000000000002718
 .igot.plt      0x0000000000000000        0x0 /usr/local/gcc-arm-none-eabi-4_9-2015q2/bin/../lib/gcc/arm-none-eabi/4.9.3/armv6-m/crtbegin.o

.bss            0x0000000020000444     0x2b70 load address 0x0000000000002718
                0x0000000020000444                . = ALIGN (0x4)
                0x0000000020000444                __bss_start__ = .
 *(.bss*)
 .bss           0x0000000020000444        0x0 /usr/local/gcc-arm-none-eabi-4_9-2015q2/bin/../lib/gcc/arm-none-eabi/4.9.3/armv6-m/crti.o
 .bss           0x0000000020000444       0x1c /usr/local/gcc-arm-none-eabi-4_9-2015q2/bin/../lib/gcc/arm-none-eabi/4.9.3/armv6-m/crtbegin.o
 .bss           0x0000000020000460        0x0 /usr/local/gcc-arm-none-eabi-4_9-2015q2/bin/../lib/gcc/arm-none-eabi/4.9.3/../../../../arm-none-eabi/lib/armv6-m/crt0.o
 .bss           0x0000000020000460        0x0 _build/main_cm.o
 .bss           0x0000000020000460        0x2 _build/radio_config.o
                0x0000000020000460                prev_sample
                0x0000000020000461                packet_error
 .bss           0x0000000020000462        0x0 _build/nrf_delay.o
 *fill*         0x0000000020000462        0x2 
 .bss           0x0000000020000464        0x8 _build/data_fifo.o
                0x0000000020000464                d_read_ptr
                0x0000000020000465                d_write_ptr
                0x0000000020000466                d_size
                0x0000000020000468                data_full_count
 .bss           0x000000002000046c        0x3 _build/command_fifo.o
                0x000000002000046c                c_read_ptr
                0x000000002000046d                c_write_ptr
                0x000000002000046e                c_size
 .bss           0x000000002000046f        0x0 _build/timer.o
 *fill*         0x000000002000046f        0x1 
 .bss           0x0000000020000470        0x8 _build/spi.o
                0x0000000020000470                spi_data_bytes
                0x0000000020000474                spi_data_total
 .bss           0x0000000020000478        0x3 _build/spi_fifo.o
                0x0000000020000478                s_read_ptr
                0x0000000020000479                s_write_ptr
                0x000000002000047a                s_size
 *fill*         0x000000002000047b        0x1 
 .bss           0x000000002000047c       0x20 _build/spi_slave.o
 .bss           0x000000002000049c        0x0 _build/system_nrf51.o
 .bss           0x000000002000049c        0x0 _build/gcc_startup_nrf51.o
 .bss           0x000000002000049c        0x0 /usr/local/gcc-arm-none-eabi-4_9-2015q2/bin/../lib/gcc/arm-none-eabi/4.9.3/armv6-m/libgcc.a(_udivsi3.o)
 .bss           0x000000002000049c        0x0 /usr/local/gcc-arm-none-eabi-4_9-2015q2/bin/../lib/gcc/arm-none-eabi/4.9.3/armv6-m/libgcc.a(_divsi3.o)
 .bss           0x000000002000049c        0x0 /usr/local/gcc-arm-none-eabi-4_9-2015q2/bin/../lib/gcc/arm-none-eabi/4.9.3/armv6-m/libgcc.a(_dvmd_tls.o)
 .bss           0x000000002000049c        0x0 /usr/local/gcc-arm-none-eabi-4_9-2015q2/bin/../lib/gcc/arm-none-eabi/4.9.3/../../../../arm-none-eabi/lib/armv6-m/libc.a(lib_a-exit.o)
 .bss           0x000000002000049c        0x0 /usr/local/gcc-arm-none-eabi-4_9-2015q2/bin/../lib/gcc/arm-none-eabi/4.9.3/../../../../arm-none-eabi/lib/armv6-m/libc.a(lib_a-impure.o)
 .bss           0x000000002000049c        0x0 /usr/local/gcc-arm-none-eabi-4_9-2015q2/bin/../lib/gcc/arm-none-eabi/4.9.3/../../../../arm-none-eabi/lib/armv6-m/libc.a(lib_a-init.o)
 .bss           0x000000002000049c        0x0 /usr/local/gcc-arm-none-eabi-4_9-2015q2/bin/../lib/gcc/arm-none-eabi/4.9.3/../../../../arm-none-eabi/lib/armv6-m/libc.a(lib_a-memset.o)
 .bss           0x000000002000049c        0x0 /usr/local/gcc-arm-none-eabi-4_9-2015q2/bin/../lib/gcc/arm-none-eabi/4.9.3/../../../../arm-none-eabi/lib/armv6-m/libc.a(lib_a-__call_atexit.o)
 .bss           0x000000002000049c        0x0 /usr/local/gcc-arm-none-eabi-4_9-2015q2/bin/../lib/gcc/arm-none-eabi/4.9.3/../../../../arm-none-eabi/lib/armv6-m/libc.a(lib_a-atexit.o)
 .bss           0x000000002000049c        0x0 /usr/local/gcc-arm-none-eabi-4_9-2015q2/bin/../lib/gcc/arm-none-eabi/4.9.3/../../../../arm-none-eabi/lib/armv6-m/libc.a(lib_a-fini.o)
 .bss           0x000000002000049c        0x0 /usr/local/gcc-arm-none-eabi-4_9-2015q2/bin/../lib/gcc/arm-none-eabi/4.9.3/../../../../arm-none-eabi/lib/armv6-m/libc.a(lib_a-__atexit.o)
 .bss           0x000000002000049c        0x0 /usr/local/gcc-arm-none-eabi-4_9-2015q2/bin/../lib/gcc/arm-none-eabi/4.9.3/armv6-m/crtend.o
 .bss           0x000000002000049c        0x0 /usr/local/gcc-arm-none-eabi-4_9-2015q2/bin/../lib/gcc/arm-none-eabi/4.9.3/armv6-m/crtn.o
 .bss           0x000000002000049c        0x0 /usr/local/gcc-arm-none-eabi-4_9-2015q2/bin/../lib/gcc/arm-none-eabi/4.9.3/../../../../arm-none-eabi/lib/armv6-m/libnosys.a(_exit.o)
 *(COMMON)
 COMMON         0x000000002000049c       0x10 _build/main_cm.o
                0x000000002000049c                success
                0x000000002000049d                j
                0x000000002000049e                length
                0x00000000200004a0                spi_packet
                0x00000000200004a4                i
                0x00000000200004a5                c
                0x00000000200004a8                commands
 COMMON         0x00000000200004ac        0x8 _build/radio_config.o
                0x00000000200004ac                radio_disabled
                0x00000000200004ad                timer_irq
                0x00000000200004ae                packet_queued
                0x00000000200004b0                radio_bytes
 COMMON         0x00000000200004b4     0x19e6 _build/data_fifo.o
                0x00000000200004b4                data_fifo
                0x0000000020001e18                debug_packet
 *fill*         0x0000000020001e9a        0x2 
 COMMON         0x0000000020001e9c      0xf3c _build/command_fifo.o
                0x0000000020001e9c                command_fifo
 COMMON         0x0000000020002dd8       0x83 _build/timer.o
                0x0000000020002dd8                empty_packet
                0x0000000020002e5a                error
 *fill*         0x0000000020002e5b        0x1 
 COMMON         0x0000000020002e5c      0x11c _build/spi.o
                0x0000000020002e5c                empty_write_buf
                0x0000000020002e64                spi_out
                0x0000000020002eec                rx_buf
                0x0000000020002ef0                full_read_buf
                0x0000000020002f74                tx_buf
 COMMON         0x0000000020002f78       0x3c _build/spi_fifo.o
                0x0000000020002f78                spi_fifo
                0x0000000020002fb4                . = ALIGN (0x4)
                0x0000000020002fb4                __bss_end__ = .

.heap           0x0000000020002fb8      0x800
                0x0000000020002fb8                __end__ = .
                0x0000000020002fb8                end = __end__
 *(.heap*)
 .heap          0x0000000020002fb8      0x800 _build/gcc_startup_nrf51.o
                0x0000000020002fb8                __HeapBase
                0x00000000200037b8                __HeapLimit = .

.stack_dummy    0x0000000020002fb8      0x800
 *(.stack*)
 .stack         0x0000000020002fb8      0x800 _build/gcc_startup_nrf51.o
                0x0000000020004000                __StackTop = (ORIGIN (RAM) + 0x4000)
                0x0000000020003800                __StackLimit = (__StackTop - SIZEOF (.stack_dummy))
                0x0000000020004000                PROVIDE (__stack, __StackTop)
                0x0000000000000001                ASSERT ((__StackLimit >= __HeapLimit), region RAM overflowed with stack)
OUTPUT(_build/cm_radio_xxaa.out elf32-littlearm)

.ARM.attributes
                0x0000000000000000       0x28
 .ARM.attributes
                0x0000000000000000       0x1e /usr/local/gcc-arm-none-eabi-4_9-2015q2/bin/../lib/gcc/arm-none-eabi/4.9.3/armv6-m/crti.o
 .ARM.attributes
                0x000000000000001e       0x2c /usr/local/gcc-arm-none-eabi-4_9-2015q2/bin/../lib/gcc/arm-none-eabi/4.9.3/armv6-m/crtbegin.o
 .ARM.attributes
                0x000000000000004a       0x1b /usr/local/gcc-arm-none-eabi-4_9-2015q2/bin/../lib/gcc/arm-none-eabi/4.9.3/../../../../arm-none-eabi/lib/armv6-m/crt0.o
 .ARM.attributes
                0x0000000000000065       0x31 _build/main_cm.o
 .ARM.attributes
                0x0000000000000096       0x31 _build/radio_config.o
 .ARM.attributes
                0x00000000000000c7       0x31 _build/nrf_delay.o
 .ARM.attributes
                0x00000000000000f8       0x31 _build/data_fifo.o
 .ARM.attributes
                0x0000000000000129       0x31 _build/command_fifo.o
 .ARM.attributes
                0x000000000000015a       0x31 _build/timer.o
 .ARM.attributes
                0x000000000000018b       0x31 _build/spi.o
 .ARM.attributes
                0x00000000000001bc       0x31 _build/spi_fifo.o
 .ARM.attributes
                0x00000000000001ed       0x31 _build/spi_slave.o
 .ARM.attributes
                0x000000000000021e       0x31 _build/system_nrf51.o
 .ARM.attributes
                0x000000000000024f       0x1b _build/gcc_startup_nrf51.o
 .ARM.attributes
                0x000000000000026a       0x1e /usr/local/gcc-arm-none-eabi-4_9-2015q2/bin/../lib/gcc/arm-none-eabi/4.9.3/armv6-m/libgcc.a(_udivsi3.o)
 .ARM.attributes
                0x0000000000000288       0x1e /usr/local/gcc-arm-none-eabi-4_9-2015q2/bin/../lib/gcc/arm-none-eabi/4.9.3/armv6-m/libgcc.a(_divsi3.o)
 .ARM.attributes
                0x00000000000002a6       0x1e /usr/local/gcc-arm-none-eabi-4_9-2015q2/bin/../lib/gcc/arm-none-eabi/4.9.3/armv6-m/libgcc.a(_dvmd_tls.o)
 .ARM.attributes
                0x00000000000002c4       0x2c /usr/local/gcc-arm-none-eabi-4_9-2015q2/bin/../lib/gcc/arm-none-eabi/4.9.3/../../../../arm-none-eabi/lib/armv6-m/libc.a(lib_a-exit.o)
 .ARM.attributes
                0x00000000000002f0       0x2c /usr/local/gcc-arm-none-eabi-4_9-2015q2/bin/../lib/gcc/arm-none-eabi/4.9.3/../../../../arm-none-eabi/lib/armv6-m/libc.a(lib_a-impure.o)
 .ARM.attributes
                0x000000000000031c       0x2c /usr/local/gcc-arm-none-eabi-4_9-2015q2/bin/../lib/gcc/arm-none-eabi/4.9.3/../../../../arm-none-eabi/lib/armv6-m/libc.a(lib_a-init.o)
 .ARM.attributes
                0x0000000000000348       0x2c /usr/local/gcc-arm-none-eabi-4_9-2015q2/bin/../lib/gcc/arm-none-eabi/4.9.3/../../../../arm-none-eabi/lib/armv6-m/libc.a(lib_a-memset.o)
 .ARM.attributes
                0x0000000000000374       0x2c /usr/local/gcc-arm-none-eabi-4_9-2015q2/bin/../lib/gcc/arm-none-eabi/4.9.3/../../../../arm-none-eabi/lib/armv6-m/libc.a(lib_a-__call_atexit.o)
 .ARM.attributes
                0x00000000000003a0       0x2c /usr/local/gcc-arm-none-eabi-4_9-2015q2/bin/../lib/gcc/arm-none-eabi/4.9.3/../../../../arm-none-eabi/lib/armv6-m/libc.a(lib_a-atexit.o)
 .ARM.attributes
                0x00000000000003cc       0x2c /usr/local/gcc-arm-none-eabi-4_9-2015q2/bin/../lib/gcc/arm-none-eabi/4.9.3/../../../../arm-none-eabi/lib/armv6-m/libc.a(lib_a-fini.o)
 .ARM.attributes
                0x00000000000003f8       0x2c /usr/local/gcc-arm-none-eabi-4_9-2015q2/bin/../lib/gcc/arm-none-eabi/4.9.3/../../../../arm-none-eabi/lib/armv6-m/libc.a(lib_a-__atexit.o)
 .ARM.attributes
                0x0000000000000424       0x2c /usr/local/gcc-arm-none-eabi-4_9-2015q2/bin/../lib/gcc/arm-none-eabi/4.9.3/armv6-m/crtend.o
 .ARM.attributes
                0x0000000000000450       0x1e /usr/local/gcc-arm-none-eabi-4_9-2015q2/bin/../lib/gcc/arm-none-eabi/4.9.3/armv6-m/crtn.o
 .ARM.attributes
                0x000000000000046e       0x2c /usr/local/gcc-arm-none-eabi-4_9-2015q2/bin/../lib/gcc/arm-none-eabi/4.9.3/../../../../arm-none-eabi/lib/armv6-m/libnosys.a(_exit.o)

.comment        0x0000000000000000       0x70
 .comment       0x0000000000000000       0x70 _build/main_cm.o
                                         0x71 (size before relaxing)
 .comment       0x0000000000000000       0x71 _build/radio_config.o
 .comment       0x0000000000000000       0x71 _build/nrf_delay.o
 .comment       0x0000000000000000       0x71 _build/data_fifo.o
 .comment       0x0000000000000000       0x71 _build/command_fifo.o
 .comment       0x0000000000000000       0x71 _build/timer.o
 .comment       0x0000000000000000       0x71 _build/spi.o
 .comment       0x0000000000000000       0x71 _build/spi_fifo.o
 .comment       0x0000000000000000       0x71 _build/spi_slave.o
 .comment       0x0000000000000000       0x71 _build/system_nrf51.o

.debug_info     0x0000000000000000     0x35c7
 .debug_info    0x0000000000000000      0x40a _build/main_cm.o
 .debug_info    0x000000000000040a      0x99a _build/radio_config.o
 .debug_info    0x0000000000000da4       0xdd _build/nrf_delay.o
 .debug_info    0x0000000000000e81      0x1d2 _build/data_fifo.o
 .debug_info    0x0000000000001053      0x196 _build/command_fifo.o
 .debug_info    0x00000000000011e9      0xb89 _build/timer.o
 .debug_info    0x0000000000001d72      0x8b7 _build/spi.o
 .debug_info    0x0000000000002629      0x185 _build/spi_fifo.o
 .debug_info    0x00000000000027ae      0xb7c _build/spi_slave.o
 .debug_info    0x000000000000332a      0x1b1 _build/system_nrf51.o
 .debug_info    0x00000000000034db       0xec _build/gcc_startup_nrf51.o

.debug_abbrev   0x0000000000000000      0xc4e
 .debug_abbrev  0x0000000000000000      0x145 _build/main_cm.o
 .debug_abbrev  0x0000000000000145      0x1dc _build/radio_config.o
 .debug_abbrev  0x0000000000000321       0x80 _build/nrf_delay.o
 .debug_abbrev  0x00000000000003a1       0xf5 _build/data_fifo.o
 .debug_abbrev  0x0000000000000496       0xc3 _build/command_fifo.o
 .debug_abbrev  0x0000000000000559      0x1d1 _build/timer.o
 .debug_abbrev  0x000000000000072a      0x16d _build/spi.o
 .debug_abbrev  0x0000000000000897       0xc3 _build/spi_fifo.o
 .debug_abbrev  0x000000000000095a      0x1ec _build/spi_slave.o
 .debug_abbrev  0x0000000000000b46       0xf4 _build/system_nrf51.o
 .debug_abbrev  0x0000000000000c3a       0x14 _build/gcc_startup_nrf51.o

.debug_aranges  0x0000000000000000      0x160
 .debug_aranges
                0x0000000000000000       0x20 _build/main_cm.o
 .debug_aranges
                0x0000000000000020       0x20 _build/radio_config.o
 .debug_aranges
                0x0000000000000040       0x20 _build/nrf_delay.o
 .debug_aranges
                0x0000000000000060       0x20 _build/data_fifo.o
 .debug_aranges
                0x0000000000000080       0x20 _build/command_fifo.o
 .debug_aranges
                0x00000000000000a0       0x20 _build/timer.o
 .debug_aranges
                0x00000000000000c0       0x20 _build/spi.o
 .debug_aranges
                0x00000000000000e0       0x20 _build/spi_fifo.o
 .debug_aranges
                0x0000000000000100       0x20 _build/spi_slave.o
 .debug_aranges
                0x0000000000000120       0x20 _build/system_nrf51.o
 .debug_aranges
                0x0000000000000140       0x20 _build/gcc_startup_nrf51.o

.debug_macro    0x0000000000000000     0xa52f
 .debug_macro   0x0000000000000000      0x145 _build/main_cm.o
 .debug_macro   0x0000000000000145      0x83e _build/main_cm.o
 .debug_macro   0x0000000000000983       0x22 _build/main_cm.o
 .debug_macro   0x00000000000009a5       0x44 _build/main_cm.o
 .debug_macro   0x00000000000009e9       0x58 _build/main_cm.o
 .debug_macro   0x0000000000000a41       0x22 _build/main_cm.o
 .debug_macro   0x0000000000000a63      0x1df _build/main_cm.o
 .debug_macro   0x0000000000000c42       0x22 _build/main_cm.o
 .debug_macro   0x0000000000000c64       0x28 _build/main_cm.o
 .debug_macro   0x0000000000000c8c       0x10 _build/main_cm.o
 .debug_macro   0x0000000000000c9c       0x22 _build/main_cm.o
 .debug_macro   0x0000000000000cbe       0x3a _build/main_cm.o
 .debug_macro   0x0000000000000cf8       0x1f _build/main_cm.o
 .debug_macro   0x0000000000000d17      0x242 _build/main_cm.o
 .debug_macro   0x0000000000000f59      0x1d2 _build/main_cm.o
 .debug_macro   0x000000000000112b     0x746b _build/main_cm.o
 .debug_macro   0x0000000000008596      0x976 _build/main_cm.o
 .debug_macro   0x0000000000008f0c       0x10 _build/main_cm.o
 .debug_macro   0x0000000000008f1c       0x10 _build/main_cm.o
 .debug_macro   0x0000000000008f2c       0x1c _build/main_cm.o
 .debug_macro   0x0000000000008f48      0x11e _build/main_cm.o
 .debug_macro   0x0000000000009066       0x1c _build/main_cm.o
 .debug_macro   0x0000000000009082       0x8e _build/main_cm.o
 .debug_macro   0x0000000000009110       0x34 _build/main_cm.o
 .debug_macro   0x0000000000009144       0x1c _build/main_cm.o
 .debug_macro   0x0000000000009160      0x10f _build/radio_config.o
 .debug_macro   0x000000000000926f      0x1aa _build/nrf_delay.o
 .debug_macro   0x0000000000009419       0x58 _build/nrf_delay.o
 .debug_macro   0x0000000000009471       0x35 _build/nrf_delay.o
 .debug_macro   0x00000000000094a6       0x9c _build/nrf_delay.o
 .debug_macro   0x0000000000009542       0x16 _build/nrf_delay.o
 .debug_macro   0x0000000000009558       0x4a _build/nrf_delay.o
 .debug_macro   0x00000000000095a2       0x97 _build/nrf_delay.o
 .debug_macro   0x0000000000009639      0x29d _build/nrf_delay.o
 .debug_macro   0x00000000000098d6       0xef _build/nrf_delay.o
 .debug_macro   0x00000000000099c5       0x10 _build/nrf_delay.o
 .debug_macro   0x00000000000099d5       0x52 _build/nrf_delay.o
 .debug_macro   0x0000000000009a27       0x16 _build/nrf_delay.o
 .debug_macro   0x0000000000009a3d       0x43 _build/nrf_delay.o
 .debug_macro   0x0000000000009a80      0x180 _build/nrf_delay.o
 .debug_macro   0x0000000000009c00       0x10 _build/nrf_delay.o
 .debug_macro   0x0000000000009c10       0x22 _build/nrf_delay.o
 .debug_macro   0x0000000000009c32       0xbe _build/nrf_delay.o
 .debug_macro   0x0000000000009cf0       0x16 _build/nrf_delay.o
 .debug_macro   0x0000000000009d06      0x197 _build/nrf_delay.o
 .debug_macro   0x0000000000009e9d       0x1c _build/nrf_delay.o
 .debug_macro   0x0000000000009eb9       0x76 _build/data_fifo.o
 .debug_macro   0x0000000000009f2f       0x75 _build/command_fifo.o
 .debug_macro   0x0000000000009fa4       0x16 _build/command_fifo.o
 .debug_macro   0x0000000000009fba       0xfc _build/timer.o
 .debug_macro   0x000000000000a0b6      0x119 _build/spi.o
 .debug_macro   0x000000000000a1cf       0x16 _build/spi.o
 .debug_macro   0x000000000000a1e5       0x63 _build/spi_fifo.o
 .debug_macro   0x000000000000a248       0x16 _build/spi_fifo.o
 .debug_macro   0x000000000000a25e      0x1df _build/spi_slave.o
 .debug_macro   0x000000000000a43d       0x22 _build/spi_slave.o
 .debug_macro   0x000000000000a45f       0xd0 _build/system_nrf51.o

.debug_line     0x0000000000000000     0x203d
 .debug_line    0x0000000000000000      0x3e4 _build/main_cm.o
 .debug_line    0x00000000000003e4      0x371 _build/radio_config.o
 .debug_line    0x0000000000000755      0x361 _build/nrf_delay.o
 .debug_line    0x0000000000000ab6      0x204 _build/data_fifo.o
 .debug_line    0x0000000000000cba      0x1f8 _build/command_fifo.o
 .debug_line    0x0000000000000eb2      0x3bb _build/timer.o
 .debug_line    0x000000000000126d      0x3e9 _build/spi.o
 .debug_line    0x0000000000001656      0x1cc _build/spi_fifo.o
 .debug_line    0x0000000000001822      0x49e _build/spi_slave.o
 .debug_line    0x0000000000001cc0      0x2e5 _build/system_nrf51.o
 .debug_line    0x0000000000001fa5       0x98 _build/gcc_startup_nrf51.o

.debug_str      0x0000000000000000    0x3387c
 .debug_str     0x0000000000000000    0x2f5b0 _build/main_cm.o
                                      0x2f778 (size before relaxing)
 .debug_str     0x000000000002f5b0      0x5c3 _build/radio_config.o
                                      0x2f1a2 (size before relaxing)
 .debug_str     0x000000000002fb73     0x3087 _build/nrf_delay.o
                                      0x31b48 (size before relaxing)
 .debug_str     0x0000000000032bfa       0xb4 _build/data_fifo.o
                                       0x30e5 (size before relaxing)
 .debug_str     0x0000000000032cae       0x9e _build/command_fifo.o
                                       0x311f (size before relaxing)
 .debug_str     0x0000000000032d4c       0xf6 _build/timer.o
                                      0x2f11c (size before relaxing)
 .debug_str     0x0000000000032e42      0x1f2 _build/spi.o
                                      0x2c7bd (size before relaxing)
 .debug_str     0x0000000000033034       0x82 _build/spi_fifo.o
                                       0x306e (size before relaxing)
 .debug_str     0x00000000000330b6      0x6be _build/spi_slave.o
                                      0x2f9c9 (size before relaxing)
 .debug_str     0x0000000000033774      0x108 _build/system_nrf51.o
                                      0x2eb9b (size before relaxing)

.debug_frame    0x0000000000000000      0x9a8
 .debug_frame   0x0000000000000000       0x6c _build/main_cm.o
 .debug_frame   0x000000000000006c      0x178 _build/radio_config.o
 .debug_frame   0x00000000000001e4       0x50 _build/nrf_delay.o
 .debug_frame   0x0000000000000234       0xc4 _build/data_fifo.o
 .debug_frame   0x00000000000002f8       0xdc _build/command_fifo.o
 .debug_frame   0x00000000000003d4      0x110 _build/timer.o
 .debug_frame   0x00000000000004e4       0x50 _build/spi.o
 .debug_frame   0x0000000000000534       0xc0 _build/spi_fifo.o
 .debug_frame   0x00000000000005f4      0x170 _build/spi_slave.o
 .debug_frame   0x0000000000000764       0x80 _build/system_nrf51.o
 .debug_frame   0x00000000000007e4       0x20 /usr/local/gcc-arm-none-eabi-4_9-2015q2/bin/../lib/gcc/arm-none-eabi/4.9.3/armv6-m/libgcc.a(_udivsi3.o)
 .debug_frame   0x0000000000000804       0x20 /usr/local/gcc-arm-none-eabi-4_9-2015q2/bin/../lib/gcc/arm-none-eabi/4.9.3/armv6-m/libgcc.a(_divsi3.o)
 .debug_frame   0x0000000000000824       0x28 /usr/local/gcc-arm-none-eabi-4_9-2015q2/bin/../lib/gcc/arm-none-eabi/4.9.3/../../../../arm-none-eabi/lib/armv6-m/libc.a(lib_a-exit.o)
 .debug_frame   0x000000000000084c       0x2c /usr/local/gcc-arm-none-eabi-4_9-2015q2/bin/../lib/gcc/arm-none-eabi/4.9.3/../../../../arm-none-eabi/lib/armv6-m/libc.a(lib_a-init.o)
 .debug_frame   0x0000000000000878       0x2c /usr/local/gcc-arm-none-eabi-4_9-2015q2/bin/../lib/gcc/arm-none-eabi/4.9.3/../../../../arm-none-eabi/lib/armv6-m/libc.a(lib_a-memset.o)
 .debug_frame   0x00000000000008a4       0x54 /usr/local/gcc-arm-none-eabi-4_9-2015q2/bin/../lib/gcc/arm-none-eabi/4.9.3/../../../../arm-none-eabi/lib/armv6-m/libc.a(lib_a-__call_atexit.o)
 .debug_frame   0x00000000000008f8       0x28 /usr/local/gcc-arm-none-eabi-4_9-2015q2/bin/../lib/gcc/arm-none-eabi/4.9.3/../../../../arm-none-eabi/lib/armv6-m/libc.a(lib_a-atexit.o)
 .debug_frame   0x0000000000000920       0x2c /usr/local/gcc-arm-none-eabi-4_9-2015q2/bin/../lib/gcc/arm-none-eabi/4.9.3/../../../../arm-none-eabi/lib/armv6-m/libc.a(lib_a-fini.o)
 .debug_frame   0x000000000000094c       0x3c /usr/local/gcc-arm-none-eabi-4_9-2015q2/bin/../lib/gcc/arm-none-eabi/4.9.3/../../../../arm-none-eabi/lib/armv6-m/libc.a(lib_a-__atexit.o)
 .debug_frame   0x0000000000000988       0x20 /usr/local/gcc-arm-none-eabi-4_9-2015q2/bin/../lib/gcc/arm-none-eabi/4.9.3/../../../../arm-none-eabi/lib/armv6-m/libnosys.a(_exit.o)
