Archive member included because of file (symbol)

/Users/Andy/Desktop/Mario_Radio/gcc-arm-none-eabi-4_9-2015q2/bin/../lib/gcc/arm-none-eabi/4.9.3/armv6-m/libgcc.a(_divsi3.o)
                              _build/data_fifo.o (__aeabi_idivmod)
/Users/Andy/Desktop/Mario_Radio/gcc-arm-none-eabi-4_9-2015q2/bin/../lib/gcc/arm-none-eabi/4.9.3/armv6-m/libgcc.a(_dvmd_tls.o)
                              /Users/Andy/Desktop/Mario_Radio/gcc-arm-none-eabi-4_9-2015q2/bin/../lib/gcc/arm-none-eabi/4.9.3/armv6-m/libgcc.a(_divsi3.o) (__aeabi_idiv0)
/Users/Andy/Desktop/Mario_Radio/gcc-arm-none-eabi-4_9-2015q2/bin/../lib/gcc/arm-none-eabi/4.9.3/../../../../arm-none-eabi/lib/armv6-m/libc.a(lib_a-exit.o)
                              /Users/Andy/Desktop/Mario_Radio/gcc-arm-none-eabi-4_9-2015q2/bin/../lib/gcc/arm-none-eabi/4.9.3/../../../../arm-none-eabi/lib/armv6-m/crt0.o (exit)
/Users/Andy/Desktop/Mario_Radio/gcc-arm-none-eabi-4_9-2015q2/bin/../lib/gcc/arm-none-eabi/4.9.3/../../../../arm-none-eabi/lib/armv6-m/libc.a(lib_a-impure.o)
                              /Users/Andy/Desktop/Mario_Radio/gcc-arm-none-eabi-4_9-2015q2/bin/../lib/gcc/arm-none-eabi/4.9.3/../../../../arm-none-eabi/lib/armv6-m/libc.a(lib_a-exit.o) (_global_impure_ptr)
/Users/Andy/Desktop/Mario_Radio/gcc-arm-none-eabi-4_9-2015q2/bin/../lib/gcc/arm-none-eabi/4.9.3/../../../../arm-none-eabi/lib/armv6-m/libc.a(lib_a-init.o)
                              /Users/Andy/Desktop/Mario_Radio/gcc-arm-none-eabi-4_9-2015q2/bin/../lib/gcc/arm-none-eabi/4.9.3/../../../../arm-none-eabi/lib/armv6-m/crt0.o (__libc_init_array)
/Users/Andy/Desktop/Mario_Radio/gcc-arm-none-eabi-4_9-2015q2/bin/../lib/gcc/arm-none-eabi/4.9.3/../../../../arm-none-eabi/lib/armv6-m/libc.a(lib_a-memset.o)
                              /Users/Andy/Desktop/Mario_Radio/gcc-arm-none-eabi-4_9-2015q2/bin/../lib/gcc/arm-none-eabi/4.9.3/../../../../arm-none-eabi/lib/armv6-m/crt0.o (memset)
/Users/Andy/Desktop/Mario_Radio/gcc-arm-none-eabi-4_9-2015q2/bin/../lib/gcc/arm-none-eabi/4.9.3/../../../../arm-none-eabi/lib/armv6-m/libc.a(lib_a-__call_atexit.o)
                              /Users/Andy/Desktop/Mario_Radio/gcc-arm-none-eabi-4_9-2015q2/bin/../lib/gcc/arm-none-eabi/4.9.3/../../../../arm-none-eabi/lib/armv6-m/libc.a(lib_a-exit.o) (__call_exitprocs)
/Users/Andy/Desktop/Mario_Radio/gcc-arm-none-eabi-4_9-2015q2/bin/../lib/gcc/arm-none-eabi/4.9.3/../../../../arm-none-eabi/lib/armv6-m/libc.a(lib_a-atexit.o)
                              /Users/Andy/Desktop/Mario_Radio/gcc-arm-none-eabi-4_9-2015q2/bin/../lib/gcc/arm-none-eabi/4.9.3/../../../../arm-none-eabi/lib/armv6-m/libc.a(lib_a-__call_atexit.o) (atexit)
/Users/Andy/Desktop/Mario_Radio/gcc-arm-none-eabi-4_9-2015q2/bin/../lib/gcc/arm-none-eabi/4.9.3/../../../../arm-none-eabi/lib/armv6-m/libc.a(lib_a-fini.o)
                              /Users/Andy/Desktop/Mario_Radio/gcc-arm-none-eabi-4_9-2015q2/bin/../lib/gcc/arm-none-eabi/4.9.3/../../../../arm-none-eabi/lib/armv6-m/libc.a(lib_a-__call_atexit.o) (__libc_fini_array)
/Users/Andy/Desktop/Mario_Radio/gcc-arm-none-eabi-4_9-2015q2/bin/../lib/gcc/arm-none-eabi/4.9.3/../../../../arm-none-eabi/lib/armv6-m/libc.a(lib_a-__atexit.o)
                              /Users/Andy/Desktop/Mario_Radio/gcc-arm-none-eabi-4_9-2015q2/bin/../lib/gcc/arm-none-eabi/4.9.3/../../../../arm-none-eabi/lib/armv6-m/libc.a(lib_a-atexit.o) (__register_exitproc)
/Users/Andy/Desktop/Mario_Radio/gcc-arm-none-eabi-4_9-2015q2/bin/../lib/gcc/arm-none-eabi/4.9.3/../../../../arm-none-eabi/lib/armv6-m/libnosys.a(_exit.o)
                              /Users/Andy/Desktop/Mario_Radio/gcc-arm-none-eabi-4_9-2015q2/bin/../lib/gcc/arm-none-eabi/4.9.3/../../../../arm-none-eabi/lib/armv6-m/libc.a(lib_a-exit.o) (_exit)

Allocating common symbols
Common symbol       size              file

command_packet      0x82              _build/radio_config.o
rec_packet1         0x4               _build/radio_config.o
newPacketPtr        0x4               _build/radio_config.o
write_pointer       0x4               _build/main_gui.o
data_fifo           0x28f0            _build/data_fifo.o
length              0x1               _build/main_gui.o
command             0x5               _build/main_gui.o
i                   0x1               _build/main_gui.o
rec_packet2         0x4               _build/radio_config.o
read                0x1               _build/spi.o
command_fifo        0x32              _build/command_fifo.o
overflow_packet     0x82              _build/radio_config.o
data                0x4               _build/main_gui.o
dummy               0x4               _build/spi.o

Discarded input sections

 .group         0x0000000000000000        0x8 _build/main_gui.o
 .group         0x0000000000000000        0x8 _build/main_gui.o
 .group         0x0000000000000000        0x8 _build/main_gui.o
 .group         0x0000000000000000        0x8 _build/main_gui.o
 .group         0x0000000000000000        0x8 _build/main_gui.o
 .group         0x0000000000000000        0x8 _build/main_gui.o
 .group         0x0000000000000000        0x8 _build/main_gui.o
 .group         0x0000000000000000        0x8 _build/main_gui.o
 .group         0x0000000000000000        0x8 _build/main_gui.o
 .group         0x0000000000000000        0x8 _build/main_gui.o
 .group         0x0000000000000000        0x8 _build/main_gui.o
 .group         0x0000000000000000        0x8 _build/main_gui.o
 .group         0x0000000000000000        0x8 _build/main_gui.o
 .group         0x0000000000000000        0x8 _build/main_gui.o
 .group         0x0000000000000000        0x8 _build/main_gui.o
 .group         0x0000000000000000        0x8 _build/main_gui.o
 .group         0x0000000000000000        0x8 _build/main_gui.o
 .group         0x0000000000000000        0x8 _build/main_gui.o
 .group         0x0000000000000000        0x8 _build/main_gui.o
 .group         0x0000000000000000        0x8 _build/main_gui.o
 .group         0x0000000000000000        0x8 _build/radio_config.o
 .group         0x0000000000000000        0x8 _build/radio_config.o
 .group         0x0000000000000000        0x8 _build/radio_config.o
 .group         0x0000000000000000        0x8 _build/radio_config.o
 .group         0x0000000000000000        0x8 _build/radio_config.o
 .group         0x0000000000000000        0x8 _build/radio_config.o
 .group         0x0000000000000000        0x8 _build/radio_config.o
 .group         0x0000000000000000        0x8 _build/radio_config.o
 .group         0x0000000000000000        0x8 _build/radio_config.o
 .group         0x0000000000000000        0x8 _build/radio_config.o
 .group         0x0000000000000000        0x8 _build/radio_config.o
 .group         0x0000000000000000        0x8 _build/radio_config.o
 .group         0x0000000000000000        0x8 _build/radio_config.o
 .group         0x0000000000000000        0x8 _build/radio_config.o
 .group         0x0000000000000000        0x8 _build/radio_config.o
 .group         0x0000000000000000        0x8 _build/radio_config.o
 .group         0x0000000000000000        0x8 _build/radio_config.o
 .group         0x0000000000000000        0x8 _build/radio_config.o
 .group         0x0000000000000000        0x8 _build/radio_config.o
 .debug_macro   0x0000000000000000      0x83e _build/radio_config.o
 .debug_macro   0x0000000000000000       0x22 _build/radio_config.o
 .debug_macro   0x0000000000000000       0x22 _build/radio_config.o
 .debug_macro   0x0000000000000000       0x3a _build/radio_config.o
 .debug_macro   0x0000000000000000       0x22 _build/radio_config.o
 .debug_macro   0x0000000000000000       0x44 _build/radio_config.o
 .debug_macro   0x0000000000000000       0x58 _build/radio_config.o
 .debug_macro   0x0000000000000000       0x22 _build/radio_config.o
 .debug_macro   0x0000000000000000      0x1df _build/radio_config.o
 .debug_macro   0x0000000000000000       0x1f _build/radio_config.o
 .debug_macro   0x0000000000000000      0x242 _build/radio_config.o
 .debug_macro   0x0000000000000000      0x1d2 _build/radio_config.o
 .debug_macro   0x0000000000000000     0x746b _build/radio_config.o
 .debug_macro   0x0000000000000000      0x976 _build/radio_config.o
 .debug_macro   0x0000000000000000       0x10 _build/radio_config.o
 .debug_macro   0x0000000000000000       0x10 _build/radio_config.o
 .debug_macro   0x0000000000000000       0x1c _build/radio_config.o
 .debug_macro   0x0000000000000000       0x22 _build/radio_config.o
 .debug_macro   0x0000000000000000       0x3a _build/radio_config.o
 .group         0x0000000000000000        0x8 _build/nrf_delay.o
 .group         0x0000000000000000        0x8 _build/nrf_delay.o
 .group         0x0000000000000000        0x8 _build/nrf_delay.o
 .group         0x0000000000000000        0x8 _build/nrf_delay.o
 .group         0x0000000000000000        0x8 _build/nrf_delay.o
 .group         0x0000000000000000        0x8 _build/nrf_delay.o
 .group         0x0000000000000000        0x8 _build/nrf_delay.o
 .group         0x0000000000000000        0x8 _build/nrf_delay.o
 .group         0x0000000000000000        0x8 _build/nrf_delay.o
 .group         0x0000000000000000        0x8 _build/nrf_delay.o
 .group         0x0000000000000000        0x8 _build/nrf_delay.o
 .group         0x0000000000000000        0x8 _build/nrf_delay.o
 .group         0x0000000000000000        0x8 _build/nrf_delay.o
 .group         0x0000000000000000        0x8 _build/nrf_delay.o
 .group         0x0000000000000000        0x8 _build/nrf_delay.o
 .group         0x0000000000000000        0x8 _build/nrf_delay.o
 .group         0x0000000000000000        0x8 _build/nrf_delay.o
 .group         0x0000000000000000        0x8 _build/nrf_delay.o
 .group         0x0000000000000000        0x8 _build/nrf_delay.o
 .group         0x0000000000000000        0x8 _build/nrf_delay.o
 .group         0x0000000000000000        0x8 _build/nrf_delay.o
 .group         0x0000000000000000        0x8 _build/nrf_delay.o
 .group         0x0000000000000000        0x8 _build/nrf_delay.o
 .group         0x0000000000000000        0x8 _build/nrf_delay.o
 .group         0x0000000000000000        0x8 _build/nrf_delay.o
 .group         0x0000000000000000        0x8 _build/nrf_delay.o
 .group         0x0000000000000000        0x8 _build/nrf_delay.o
 .group         0x0000000000000000        0x8 _build/nrf_delay.o
 .group         0x0000000000000000        0x8 _build/nrf_delay.o
 .group         0x0000000000000000        0x8 _build/nrf_delay.o
 .group         0x0000000000000000        0x8 _build/nrf_delay.o
 .debug_macro   0x0000000000000000      0x83e _build/nrf_delay.o
 .debug_macro   0x0000000000000000       0x22 _build/nrf_delay.o
 .debug_macro   0x0000000000000000       0x22 _build/nrf_delay.o
 .debug_macro   0x0000000000000000       0x22 _build/nrf_delay.o
 .debug_macro   0x0000000000000000       0x3a _build/nrf_delay.o
 .debug_macro   0x0000000000000000       0x58 _build/nrf_delay.o
 .debug_macro   0x0000000000000000      0x1df _build/nrf_delay.o
 .debug_macro   0x0000000000000000       0x1f _build/nrf_delay.o
 .debug_macro   0x0000000000000000      0x242 _build/nrf_delay.o
 .debug_macro   0x0000000000000000      0x1d2 _build/nrf_delay.o
 .debug_macro   0x0000000000000000     0x746b _build/nrf_delay.o
 .debug_macro   0x0000000000000000      0x976 _build/nrf_delay.o
 .group         0x0000000000000000        0x8 _build/spi.o
 .group         0x0000000000000000        0x8 _build/spi.o
 .group         0x0000000000000000        0x8 _build/spi.o
 .group         0x0000000000000000        0x8 _build/spi.o
 .group         0x0000000000000000        0x8 _build/spi.o
 .group         0x0000000000000000        0x8 _build/spi.o
 .group         0x0000000000000000        0x8 _build/spi.o
 .group         0x0000000000000000        0x8 _build/spi.o
 .group         0x0000000000000000        0x8 _build/spi.o
 .group         0x0000000000000000        0x8 _build/spi.o
 .group         0x0000000000000000        0x8 _build/spi.o
 .group         0x0000000000000000        0x8 _build/spi.o
 .group         0x0000000000000000        0x8 _build/spi.o
 .group         0x0000000000000000        0x8 _build/spi.o
 .debug_macro   0x0000000000000000      0x83e _build/spi.o
 .debug_macro   0x0000000000000000       0x22 _build/spi.o
 .debug_macro   0x0000000000000000       0x44 _build/spi.o
 .debug_macro   0x0000000000000000       0x58 _build/spi.o
 .debug_macro   0x0000000000000000       0x22 _build/spi.o
 .debug_macro   0x0000000000000000      0x1df _build/spi.o
 .debug_macro   0x0000000000000000       0x22 _build/spi.o
 .debug_macro   0x0000000000000000       0x3a _build/spi.o
 .debug_macro   0x0000000000000000       0x22 _build/spi.o
 .debug_macro   0x0000000000000000       0x3a _build/spi.o
 .debug_macro   0x0000000000000000       0x1f _build/spi.o
 .debug_macro   0x0000000000000000      0x242 _build/spi.o
 .debug_macro   0x0000000000000000      0x1d2 _build/spi.o
 .debug_macro   0x0000000000000000     0x746b _build/spi.o
 .group         0x0000000000000000        0x8 _build/data_fifo.o
 .group         0x0000000000000000        0x8 _build/data_fifo.o
 .group         0x0000000000000000        0x8 _build/data_fifo.o
 .group         0x0000000000000000        0x8 _build/data_fifo.o
 .group         0x0000000000000000        0x8 _build/data_fifo.o
 .group         0x0000000000000000        0x8 _build/data_fifo.o
 .group         0x0000000000000000        0x8 _build/data_fifo.o
 .debug_macro   0x0000000000000000      0x83e _build/data_fifo.o
 .debug_macro   0x0000000000000000       0x22 _build/data_fifo.o
 .debug_macro   0x0000000000000000       0x44 _build/data_fifo.o
 .debug_macro   0x0000000000000000       0x58 _build/data_fifo.o
 .debug_macro   0x0000000000000000       0x22 _build/data_fifo.o
 .debug_macro   0x0000000000000000      0x1df _build/data_fifo.o
 .debug_macro   0x0000000000000000       0x22 _build/data_fifo.o
 .group         0x0000000000000000        0x8 _build/command_fifo.o
 .group         0x0000000000000000        0x8 _build/command_fifo.o
 .group         0x0000000000000000        0x8 _build/command_fifo.o
 .group         0x0000000000000000        0x8 _build/command_fifo.o
 .group         0x0000000000000000        0x8 _build/command_fifo.o
 .group         0x0000000000000000        0x8 _build/command_fifo.o
 .group         0x0000000000000000        0x8 _build/command_fifo.o
 .debug_macro   0x0000000000000000      0x83e _build/command_fifo.o
 .debug_macro   0x0000000000000000       0x22 _build/command_fifo.o
 .debug_macro   0x0000000000000000       0x44 _build/command_fifo.o
 .debug_macro   0x0000000000000000       0x58 _build/command_fifo.o
 .debug_macro   0x0000000000000000       0x22 _build/command_fifo.o
 .debug_macro   0x0000000000000000      0x1df _build/command_fifo.o
 .group         0x0000000000000000        0x8 _build/system_nrf51.o
 .group         0x0000000000000000        0x8 _build/system_nrf51.o
 .group         0x0000000000000000        0x8 _build/system_nrf51.o
 .group         0x0000000000000000        0x8 _build/system_nrf51.o
 .group         0x0000000000000000        0x8 _build/system_nrf51.o
 .group         0x0000000000000000        0x8 _build/system_nrf51.o
 .group         0x0000000000000000        0x8 _build/system_nrf51.o
 .group         0x0000000000000000        0x8 _build/system_nrf51.o
 .group         0x0000000000000000        0x8 _build/system_nrf51.o
 .group         0x0000000000000000        0x8 _build/system_nrf51.o
 .group         0x0000000000000000        0x8 _build/system_nrf51.o
 .group         0x0000000000000000        0x8 _build/system_nrf51.o
 .group         0x0000000000000000        0x8 _build/system_nrf51.o
 .group         0x0000000000000000        0x8 _build/system_nrf51.o
 .group         0x0000000000000000        0x8 _build/system_nrf51.o
 .debug_macro   0x0000000000000000      0x83e _build/system_nrf51.o
 .debug_macro   0x0000000000000000       0x22 _build/system_nrf51.o
 .debug_macro   0x0000000000000000       0x44 _build/system_nrf51.o
 .debug_macro   0x0000000000000000       0x58 _build/system_nrf51.o
 .debug_macro   0x0000000000000000       0x22 _build/system_nrf51.o
 .debug_macro   0x0000000000000000      0x1df _build/system_nrf51.o
 .debug_macro   0x0000000000000000       0x22 _build/system_nrf51.o
 .debug_macro   0x0000000000000000       0x22 _build/system_nrf51.o
 .debug_macro   0x0000000000000000       0x3a _build/system_nrf51.o
 .debug_macro   0x0000000000000000       0x1f _build/system_nrf51.o
 .debug_macro   0x0000000000000000      0x242 _build/system_nrf51.o
 .debug_macro   0x0000000000000000      0x1d2 _build/system_nrf51.o
 .debug_macro   0x0000000000000000     0x746b _build/system_nrf51.o
 .debug_macro   0x0000000000000000      0x976 _build/system_nrf51.o
 .debug_macro   0x0000000000000000       0x10 _build/system_nrf51.o

Memory Configuration

Name             Origin             Length             Attributes
FLASH            0x0000000000000000 0x0000000000040000 xr
RAM              0x0000000020000000 0x0000000000004000 xrw
*default*        0x0000000000000000 0xffffffffffffffff

Linker script and memory map

LOAD /Users/Andy/Desktop/Mario_Radio/gcc-arm-none-eabi-4_9-2015q2/bin/../lib/gcc/arm-none-eabi/4.9.3/armv6-m/crti.o
LOAD /Users/Andy/Desktop/Mario_Radio/gcc-arm-none-eabi-4_9-2015q2/bin/../lib/gcc/arm-none-eabi/4.9.3/armv6-m/crtbegin.o
LOAD /Users/Andy/Desktop/Mario_Radio/gcc-arm-none-eabi-4_9-2015q2/bin/../lib/gcc/arm-none-eabi/4.9.3/../../../../arm-none-eabi/lib/armv6-m/crt0.o
LOAD _build/main_gui.o
LOAD _build/radio_config.o
LOAD _build/nrf_delay.o
LOAD _build/spi.o
LOAD _build/data_fifo.o
LOAD _build/command_fifo.o
LOAD _build/system_nrf51.o
LOAD _build/gcc_startup_nrf51.o
START GROUP
LOAD /Users/Andy/Desktop/Mario_Radio/gcc-arm-none-eabi-4_9-2015q2/bin/../lib/gcc/arm-none-eabi/4.9.3/armv6-m/libgcc.a
LOAD /Users/Andy/Desktop/Mario_Radio/gcc-arm-none-eabi-4_9-2015q2/bin/../lib/gcc/arm-none-eabi/4.9.3/../../../../arm-none-eabi/lib/armv6-m/libc.a
END GROUP
LOAD /Users/Andy/Desktop/Mario_Radio/gcc-arm-none-eabi-4_9-2015q2/bin/../lib/gcc/arm-none-eabi/4.9.3/armv6-m/crtend.o
LOAD /Users/Andy/Desktop/Mario_Radio/gcc-arm-none-eabi-4_9-2015q2/bin/../lib/gcc/arm-none-eabi/4.9.3/armv6-m/crtn.o
START GROUP
LOAD /Users/Andy/Desktop/Mario_Radio/gcc-arm-none-eabi-4_9-2015q2/bin/../lib/gcc/arm-none-eabi/4.9.3/armv6-m/libgcc.a
LOAD /Users/Andy/Desktop/Mario_Radio/gcc-arm-none-eabi-4_9-2015q2/bin/../lib/gcc/arm-none-eabi/4.9.3/../../../../arm-none-eabi/lib/armv6-m/libc.a
LOAD /Users/Andy/Desktop/Mario_Radio/gcc-arm-none-eabi-4_9-2015q2/bin/../lib/gcc/arm-none-eabi/4.9.3/../../../../arm-none-eabi/lib/armv6-m/libnosys.a
END GROUP

.text           0x0000000000000000     0x1824
 *(.Vectors)
 .Vectors       0x0000000000000000       0xc0 _build/gcc_startup_nrf51.o
                0x0000000000000000                __Vectors
 *(.text*)
 .text          0x00000000000000c0        0x0 /Users/Andy/Desktop/Mario_Radio/gcc-arm-none-eabi-4_9-2015q2/bin/../lib/gcc/arm-none-eabi/4.9.3/armv6-m/crti.o
 .text          0x00000000000000c0       0x60 /Users/Andy/Desktop/Mario_Radio/gcc-arm-none-eabi-4_9-2015q2/bin/../lib/gcc/arm-none-eabi/4.9.3/armv6-m/crtbegin.o
 .text          0x0000000000000120       0x78 /Users/Andy/Desktop/Mario_Radio/gcc-arm-none-eabi-4_9-2015q2/bin/../lib/gcc/arm-none-eabi/4.9.3/../../../../arm-none-eabi/lib/armv6-m/crt0.o
                0x0000000000000120                _mainCRTStartup
                0x0000000000000120                _start
 .text          0x0000000000000198      0x18c _build/main_gui.o
                0x0000000000000198                init
                0x00000000000001cc                main
 .text          0x0000000000000324      0x5b0 _build/radio_config.o
                0x0000000000000484                radio_configure
                0x00000000000005fc                RADIO_IRQHandler
 .text          0x00000000000008d4       0x5c _build/nrf_delay.o
                0x0000000000000908                nrf_delay_ms
 .text          0x0000000000000930      0x674 _build/spi.o
                0x00000000000009e4                set_read_flag
                0x00000000000009f8                clear_read_flag
                0x0000000000000a0c                get_read_flag
                0x0000000000000a20                spi_write
                0x0000000000000ae8                spi_read
                0x0000000000000bd4                spi_read_with_NAK
                0x0000000000000d68                spi_write_with_NAK
                0x0000000000000f2c                spi_init
 .text          0x0000000000000fa4       0xec _build/data_fifo.o
                0x0000000000000fa4                write_data
                0x0000000000000ff8                finish_write_data
                0x0000000000001010                read_data
                0x0000000000001064                finish_read_data
                0x000000000000107c                get_num_data
 .text          0x0000000000001090       0xe4 _build/command_fifo.o
                0x0000000000001090                write_command
                0x00000000000010e0                finish_write_command
                0x00000000000010f8                read_command
                0x0000000000001148                finish_read_command
                0x0000000000001160                get_num_commands
 .text          0x0000000000001174      0x124 _build/system_nrf51.o
                0x0000000000001174                SystemCoreClockUpdate
                0x000000000000118c                SystemInit
 .text          0x0000000000001298       0x54 _build/gcc_startup_nrf51.o
                0x0000000000001298                Reset_Handler
                0x00000000000012e0                NMI_Handler
                0x00000000000012e2                HardFault_Handler
                0x00000000000012e4                SVC_Handler
                0x00000000000012e6                PendSV_Handler
                0x00000000000012e8                SysTick_Handler
                0x00000000000012ea                SWI4_IRQHandler
                0x00000000000012ea                TEMP_IRQHandler
                0x00000000000012ea                QDEC_IRQHandler
                0x00000000000012ea                UART0_IRQHandler
                0x00000000000012ea                SWI5_IRQHandler
                0x00000000000012ea                TIMER0_IRQHandler
                0x00000000000012ea                SWI0_IRQHandler
                0x00000000000012ea                TIMER1_IRQHandler
                0x00000000000012ea                ECB_IRQHandler
                0x00000000000012ea                Default_Handler
                0x00000000000012ea                ADC_IRQHandler
                0x00000000000012ea                SWI3_IRQHandler
                0x00000000000012ea                CCM_AAR_IRQHandler
                0x00000000000012ea                WDT_IRQHandler
                0x00000000000012ea                SWI2_IRQHandler
                0x00000000000012ea                RNG_IRQHandler
                0x00000000000012ea                SPI1_TWI1_IRQHandler
                0x00000000000012ea                RTC1_IRQHandler
                0x00000000000012ea                TIMER2_IRQHandler
                0x00000000000012ea                SWI1_IRQHandler
                0x00000000000012ea                SPI0_TWI0_IRQHandler
                0x00000000000012ea                RTC0_IRQHandler
                0x00000000000012ea                GPIOTE_IRQHandler
                0x00000000000012ea                POWER_CLOCK_IRQHandler
                0x00000000000012ea                LPCOMP_IRQHandler
 .text          0x00000000000012ec      0x1e0 /Users/Andy/Desktop/Mario_Radio/gcc-arm-none-eabi-4_9-2015q2/bin/../lib/gcc/arm-none-eabi/4.9.3/armv6-m/libgcc.a(_divsi3.o)
                0x00000000000012ec                __aeabi_idiv
                0x00000000000012ec                __divsi3
                0x00000000000014b8                __aeabi_idivmod
 .text          0x00000000000014cc        0x4 /Users/Andy/Desktop/Mario_Radio/gcc-arm-none-eabi-4_9-2015q2/bin/../lib/gcc/arm-none-eabi/4.9.3/armv6-m/libgcc.a(_dvmd_tls.o)
                0x00000000000014cc                __aeabi_ldiv0
                0x00000000000014cc                __aeabi_idiv0
 .text          0x00000000000014d0        0x0 /Users/Andy/Desktop/Mario_Radio/gcc-arm-none-eabi-4_9-2015q2/bin/../lib/gcc/arm-none-eabi/4.9.3/../../../../arm-none-eabi/lib/armv6-m/libc.a(lib_a-exit.o)
 .text.exit     0x00000000000014d0       0x20 /Users/Andy/Desktop/Mario_Radio/gcc-arm-none-eabi-4_9-2015q2/bin/../lib/gcc/arm-none-eabi/4.9.3/../../../../arm-none-eabi/lib/armv6-m/libc.a(lib_a-exit.o)
                0x00000000000014d0                exit
 .text          0x00000000000014f0        0x0 /Users/Andy/Desktop/Mario_Radio/gcc-arm-none-eabi-4_9-2015q2/bin/../lib/gcc/arm-none-eabi/4.9.3/../../../../arm-none-eabi/lib/armv6-m/libc.a(lib_a-impure.o)
 .text          0x00000000000014f0        0x0 /Users/Andy/Desktop/Mario_Radio/gcc-arm-none-eabi-4_9-2015q2/bin/../lib/gcc/arm-none-eabi/4.9.3/../../../../arm-none-eabi/lib/armv6-m/libc.a(lib_a-init.o)
 .text.__libc_init_array
                0x00000000000014f0       0x48 /Users/Andy/Desktop/Mario_Radio/gcc-arm-none-eabi-4_9-2015q2/bin/../lib/gcc/arm-none-eabi/4.9.3/../../../../arm-none-eabi/lib/armv6-m/libc.a(lib_a-init.o)
                0x00000000000014f0                __libc_init_array
 .text          0x0000000000001538        0x0 /Users/Andy/Desktop/Mario_Radio/gcc-arm-none-eabi-4_9-2015q2/bin/../lib/gcc/arm-none-eabi/4.9.3/../../../../arm-none-eabi/lib/armv6-m/libc.a(lib_a-memset.o)
 .text.memset   0x0000000000001538       0x8c /Users/Andy/Desktop/Mario_Radio/gcc-arm-none-eabi-4_9-2015q2/bin/../lib/gcc/arm-none-eabi/4.9.3/../../../../arm-none-eabi/lib/armv6-m/libc.a(lib_a-memset.o)
                0x0000000000001538                memset
 .text          0x00000000000015c4        0x0 /Users/Andy/Desktop/Mario_Radio/gcc-arm-none-eabi-4_9-2015q2/bin/../lib/gcc/arm-none-eabi/4.9.3/../../../../arm-none-eabi/lib/armv6-m/libc.a(lib_a-__call_atexit.o)
 .text.startup.register_fini
                0x00000000000015c4       0x18 /Users/Andy/Desktop/Mario_Radio/gcc-arm-none-eabi-4_9-2015q2/bin/../lib/gcc/arm-none-eabi/4.9.3/../../../../arm-none-eabi/lib/armv6-m/libc.a(lib_a-__call_atexit.o)
 .text.__call_exitprocs
                0x00000000000015dc      0x108 /Users/Andy/Desktop/Mario_Radio/gcc-arm-none-eabi-4_9-2015q2/bin/../lib/gcc/arm-none-eabi/4.9.3/../../../../arm-none-eabi/lib/armv6-m/libc.a(lib_a-__call_atexit.o)
                0x00000000000015dc                __call_exitprocs
 .text          0x00000000000016e4        0x0 /Users/Andy/Desktop/Mario_Radio/gcc-arm-none-eabi-4_9-2015q2/bin/../lib/gcc/arm-none-eabi/4.9.3/../../../../arm-none-eabi/lib/armv6-m/libc.a(lib_a-atexit.o)
 .text.atexit   0x00000000000016e4       0x10 /Users/Andy/Desktop/Mario_Radio/gcc-arm-none-eabi-4_9-2015q2/bin/../lib/gcc/arm-none-eabi/4.9.3/../../../../arm-none-eabi/lib/armv6-m/libc.a(lib_a-atexit.o)
                0x00000000000016e4                atexit
 .text          0x00000000000016f4        0x0 /Users/Andy/Desktop/Mario_Radio/gcc-arm-none-eabi-4_9-2015q2/bin/../lib/gcc/arm-none-eabi/4.9.3/../../../../arm-none-eabi/lib/armv6-m/libc.a(lib_a-fini.o)
 .text.__libc_fini_array
                0x00000000000016f4       0x34 /Users/Andy/Desktop/Mario_Radio/gcc-arm-none-eabi-4_9-2015q2/bin/../lib/gcc/arm-none-eabi/4.9.3/../../../../arm-none-eabi/lib/armv6-m/libc.a(lib_a-fini.o)
                0x00000000000016f4                __libc_fini_array
 .text          0x0000000000001728        0x0 /Users/Andy/Desktop/Mario_Radio/gcc-arm-none-eabi-4_9-2015q2/bin/../lib/gcc/arm-none-eabi/4.9.3/../../../../arm-none-eabi/lib/armv6-m/libc.a(lib_a-__atexit.o)
 .text.__register_exitproc
                0x0000000000001728       0xd4 /Users/Andy/Desktop/Mario_Radio/gcc-arm-none-eabi-4_9-2015q2/bin/../lib/gcc/arm-none-eabi/4.9.3/../../../../arm-none-eabi/lib/armv6-m/libc.a(lib_a-__atexit.o)
                0x0000000000001728                __register_exitproc
 .text          0x00000000000017fc        0x0 /Users/Andy/Desktop/Mario_Radio/gcc-arm-none-eabi-4_9-2015q2/bin/../lib/gcc/arm-none-eabi/4.9.3/armv6-m/crtend.o
 .text          0x00000000000017fc        0x0 /Users/Andy/Desktop/Mario_Radio/gcc-arm-none-eabi-4_9-2015q2/bin/../lib/gcc/arm-none-eabi/4.9.3/armv6-m/crtn.o
 .text          0x00000000000017fc        0x0 /Users/Andy/Desktop/Mario_Radio/gcc-arm-none-eabi-4_9-2015q2/bin/../lib/gcc/arm-none-eabi/4.9.3/../../../../arm-none-eabi/lib/armv6-m/libnosys.a(_exit.o)
 .text._exit    0x00000000000017fc        0x4 /Users/Andy/Desktop/Mario_Radio/gcc-arm-none-eabi-4_9-2015q2/bin/../lib/gcc/arm-none-eabi/4.9.3/../../../../arm-none-eabi/lib/armv6-m/libnosys.a(_exit.o)
                0x00000000000017fc                _exit
 *(.init)
 .init          0x0000000000001800        0x4 /Users/Andy/Desktop/Mario_Radio/gcc-arm-none-eabi-4_9-2015q2/bin/../lib/gcc/arm-none-eabi/4.9.3/armv6-m/crti.o
                0x0000000000001800                _init
 .init          0x0000000000001804        0x8 /Users/Andy/Desktop/Mario_Radio/gcc-arm-none-eabi-4_9-2015q2/bin/../lib/gcc/arm-none-eabi/4.9.3/armv6-m/crtn.o
 *(.fini)
 .fini          0x000000000000180c        0x4 /Users/Andy/Desktop/Mario_Radio/gcc-arm-none-eabi-4_9-2015q2/bin/../lib/gcc/arm-none-eabi/4.9.3/armv6-m/crti.o
                0x000000000000180c                _fini
 .fini          0x0000000000001810        0x8 /Users/Andy/Desktop/Mario_Radio/gcc-arm-none-eabi-4_9-2015q2/bin/../lib/gcc/arm-none-eabi/4.9.3/armv6-m/crtn.o
 *crtbegin.o(.ctors)
 *crtbegin?.o(.ctors)
 *(EXCLUDE_FILE(*crtend.o *crtend?.o) .ctors)
 *(SORT(.ctors.*))
 *(.ctors)
 *crtbegin.o(.dtors)
 *crtbegin?.o(.dtors)
 *(EXCLUDE_FILE(*crtend.o *crtend?.o) .dtors)
 *(SORT(.dtors.*))
 *(.dtors)
 *(.rodata*)
 .rodata.str1.4
                0x0000000000001818        0x4 /Users/Andy/Desktop/Mario_Radio/gcc-arm-none-eabi-4_9-2015q2/bin/../lib/gcc/arm-none-eabi/4.9.3/../../../../arm-none-eabi/lib/armv6-m/libc.a(lib_a-impure.o)
                                          0x2 (size before relaxing)
 .rodata._global_impure_ptr
                0x000000000000181c        0x4 /Users/Andy/Desktop/Mario_Radio/gcc-arm-none-eabi-4_9-2015q2/bin/../lib/gcc/arm-none-eabi/4.9.3/../../../../arm-none-eabi/lib/armv6-m/libc.a(lib_a-impure.o)
                0x000000000000181c                _global_impure_ptr
 *(.eh_frame*)
 .eh_frame      0x0000000000001820        0x0 /Users/Andy/Desktop/Mario_Radio/gcc-arm-none-eabi-4_9-2015q2/bin/../lib/gcc/arm-none-eabi/4.9.3/armv6-m/crtbegin.o
 .eh_frame      0x0000000000001820        0x4 /Users/Andy/Desktop/Mario_Radio/gcc-arm-none-eabi-4_9-2015q2/bin/../lib/gcc/arm-none-eabi/4.9.3/armv6-m/crtend.o

.glue_7         0x0000000000001824        0x0
 .glue_7        0x0000000000000000        0x0 linker stubs

.glue_7t        0x0000000000001824        0x0
 .glue_7t       0x0000000000000000        0x0 linker stubs

.vfp11_veneer   0x0000000000001824        0x0
 .vfp11_veneer  0x0000000000000000        0x0 linker stubs

.v4_bx          0x0000000000001824        0x0
 .v4_bx         0x0000000000000000        0x0 linker stubs

.iplt           0x0000000000001824        0x0
 .iplt          0x0000000000000000        0x0 /Users/Andy/Desktop/Mario_Radio/gcc-arm-none-eabi-4_9-2015q2/bin/../lib/gcc/arm-none-eabi/4.9.3/armv6-m/crtbegin.o

.ARM.extab      0x0000000000001824        0x0
 *(.ARM.extab* .gnu.linkonce.armextab.*)
 .ARM.extab     0x0000000000001824        0x0 /Users/Andy/Desktop/Mario_Radio/gcc-arm-none-eabi-4_9-2015q2/bin/../lib/gcc/arm-none-eabi/4.9.3/../../../../arm-none-eabi/lib/armv6-m/crt0.o
 .ARM.extab     0x0000000000001824        0x0 _build/gcc_startup_nrf51.o
                0x0000000000001824                __exidx_start = .

.ARM.exidx      0x0000000000001824        0x8
 *(.ARM.exidx* .gnu.linkonce.armexidx.*)
 .ARM.exidx     0x0000000000001824        0x8 /Users/Andy/Desktop/Mario_Radio/gcc-arm-none-eabi-4_9-2015q2/bin/../lib/gcc/arm-none-eabi/4.9.3/../../../../arm-none-eabi/lib/armv6-m/crt0.o
 .ARM.exidx     0x000000000000182c        0x0 _build/gcc_startup_nrf51.o
                                          0x8 (size before relaxing)
                0x000000000000182c                __exidx_end = .
                0x000000000000182c                __etext = .

.rel.dyn        0x000000000000182c        0x0
 .rel.iplt      0x0000000000000000        0x0 /Users/Andy/Desktop/Mario_Radio/gcc-arm-none-eabi-4_9-2015q2/bin/../lib/gcc/arm-none-eabi/4.9.3/armv6-m/crtbegin.o

.data           0x0000000020000000      0x444 load address 0x000000000000182c
                0x0000000020000000                __data_start__ = .
 *(vtable)
 *(.data*)
 .data          0x0000000020000000        0x0 /Users/Andy/Desktop/Mario_Radio/gcc-arm-none-eabi-4_9-2015q2/bin/../lib/gcc/arm-none-eabi/4.9.3/armv6-m/crti.o
 .data          0x0000000020000000        0x4 /Users/Andy/Desktop/Mario_Radio/gcc-arm-none-eabi-4_9-2015q2/bin/../lib/gcc/arm-none-eabi/4.9.3/armv6-m/crtbegin.o
                0x0000000020000000                __dso_handle
 .data          0x0000000020000004        0x0 /Users/Andy/Desktop/Mario_Radio/gcc-arm-none-eabi-4_9-2015q2/bin/../lib/gcc/arm-none-eabi/4.9.3/../../../../arm-none-eabi/lib/armv6-m/crt0.o
 .data          0x0000000020000004        0x0 _build/main_gui.o
 .data          0x0000000020000004        0x0 _build/radio_config.o
 .data          0x0000000020000004        0x0 _build/nrf_delay.o
 .data          0x0000000020000004        0x0 _build/spi.o
 .data          0x0000000020000004        0x0 _build/data_fifo.o
 .data          0x0000000020000004        0x0 _build/command_fifo.o
 .data          0x0000000020000004        0x4 _build/system_nrf51.o
                0x0000000020000004                SystemCoreClock
 .data          0x0000000020000008        0x0 _build/gcc_startup_nrf51.o
 .data          0x0000000020000008        0x0 /Users/Andy/Desktop/Mario_Radio/gcc-arm-none-eabi-4_9-2015q2/bin/../lib/gcc/arm-none-eabi/4.9.3/armv6-m/libgcc.a(_divsi3.o)
 .data          0x0000000020000008        0x0 /Users/Andy/Desktop/Mario_Radio/gcc-arm-none-eabi-4_9-2015q2/bin/../lib/gcc/arm-none-eabi/4.9.3/armv6-m/libgcc.a(_dvmd_tls.o)
 .data          0x0000000020000008        0x0 /Users/Andy/Desktop/Mario_Radio/gcc-arm-none-eabi-4_9-2015q2/bin/../lib/gcc/arm-none-eabi/4.9.3/../../../../arm-none-eabi/lib/armv6-m/libc.a(lib_a-exit.o)
 .data          0x0000000020000008        0x0 /Users/Andy/Desktop/Mario_Radio/gcc-arm-none-eabi-4_9-2015q2/bin/../lib/gcc/arm-none-eabi/4.9.3/../../../../arm-none-eabi/lib/armv6-m/libc.a(lib_a-impure.o)
 .data.impure_data
                0x0000000020000008      0x428 /Users/Andy/Desktop/Mario_Radio/gcc-arm-none-eabi-4_9-2015q2/bin/../lib/gcc/arm-none-eabi/4.9.3/../../../../arm-none-eabi/lib/armv6-m/libc.a(lib_a-impure.o)
 .data._impure_ptr
                0x0000000020000430        0x4 /Users/Andy/Desktop/Mario_Radio/gcc-arm-none-eabi-4_9-2015q2/bin/../lib/gcc/arm-none-eabi/4.9.3/../../../../arm-none-eabi/lib/armv6-m/libc.a(lib_a-impure.o)
                0x0000000020000430                _impure_ptr
 .data          0x0000000020000434        0x0 /Users/Andy/Desktop/Mario_Radio/gcc-arm-none-eabi-4_9-2015q2/bin/../lib/gcc/arm-none-eabi/4.9.3/../../../../arm-none-eabi/lib/armv6-m/libc.a(lib_a-init.o)
 .data          0x0000000020000434        0x0 /Users/Andy/Desktop/Mario_Radio/gcc-arm-none-eabi-4_9-2015q2/bin/../lib/gcc/arm-none-eabi/4.9.3/../../../../arm-none-eabi/lib/armv6-m/libc.a(lib_a-memset.o)
 .data          0x0000000020000434        0x0 /Users/Andy/Desktop/Mario_Radio/gcc-arm-none-eabi-4_9-2015q2/bin/../lib/gcc/arm-none-eabi/4.9.3/../../../../arm-none-eabi/lib/armv6-m/libc.a(lib_a-__call_atexit.o)
 .data          0x0000000020000434        0x0 /Users/Andy/Desktop/Mario_Radio/gcc-arm-none-eabi-4_9-2015q2/bin/../lib/gcc/arm-none-eabi/4.9.3/../../../../arm-none-eabi/lib/armv6-m/libc.a(lib_a-atexit.o)
 .data          0x0000000020000434        0x0 /Users/Andy/Desktop/Mario_Radio/gcc-arm-none-eabi-4_9-2015q2/bin/../lib/gcc/arm-none-eabi/4.9.3/../../../../arm-none-eabi/lib/armv6-m/libc.a(lib_a-fini.o)
 .data          0x0000000020000434        0x0 /Users/Andy/Desktop/Mario_Radio/gcc-arm-none-eabi-4_9-2015q2/bin/../lib/gcc/arm-none-eabi/4.9.3/../../../../arm-none-eabi/lib/armv6-m/libc.a(lib_a-__atexit.o)
 .data          0x0000000020000434        0x0 /Users/Andy/Desktop/Mario_Radio/gcc-arm-none-eabi-4_9-2015q2/bin/../lib/gcc/arm-none-eabi/4.9.3/armv6-m/crtend.o
 .data          0x0000000020000434        0x0 /Users/Andy/Desktop/Mario_Radio/gcc-arm-none-eabi-4_9-2015q2/bin/../lib/gcc/arm-none-eabi/4.9.3/armv6-m/crtn.o
 .data          0x0000000020000434        0x0 /Users/Andy/Desktop/Mario_Radio/gcc-arm-none-eabi-4_9-2015q2/bin/../lib/gcc/arm-none-eabi/4.9.3/../../../../arm-none-eabi/lib/armv6-m/libnosys.a(_exit.o)
                0x0000000020000434                . = ALIGN (0x4)
                0x0000000020000434                PROVIDE (__preinit_array_start, .)
 *(.preinit_array)
                0x0000000020000434                PROVIDE (__preinit_array_end, .)
                0x0000000020000434                . = ALIGN (0x4)
                0x0000000020000434                PROVIDE (__init_array_start, .)
 *(SORT(.init_array.*))
 .init_array.00000
                0x0000000020000434        0x4 /Users/Andy/Desktop/Mario_Radio/gcc-arm-none-eabi-4_9-2015q2/bin/../lib/gcc/arm-none-eabi/4.9.3/../../../../arm-none-eabi/lib/armv6-m/libc.a(lib_a-__call_atexit.o)
 *(.init_array)
 .init_array    0x0000000020000438        0x4 /Users/Andy/Desktop/Mario_Radio/gcc-arm-none-eabi-4_9-2015q2/bin/../lib/gcc/arm-none-eabi/4.9.3/armv6-m/crtbegin.o
                0x000000002000043c                PROVIDE (__init_array_end, .)
                0x000000002000043c                . = ALIGN (0x4)
                0x000000002000043c                PROVIDE (__fini_array_start, .)
 *(SORT(.fini_array.*))
 *(.fini_array)
 .fini_array    0x000000002000043c        0x4 /Users/Andy/Desktop/Mario_Radio/gcc-arm-none-eabi-4_9-2015q2/bin/../lib/gcc/arm-none-eabi/4.9.3/armv6-m/crtbegin.o
                0x0000000020000440                PROVIDE (__fini_array_end, .)
 *(.jcr)
 .jcr           0x0000000020000440        0x0 /Users/Andy/Desktop/Mario_Radio/gcc-arm-none-eabi-4_9-2015q2/bin/../lib/gcc/arm-none-eabi/4.9.3/armv6-m/crtbegin.o
 .jcr           0x0000000020000440        0x4 /Users/Andy/Desktop/Mario_Radio/gcc-arm-none-eabi-4_9-2015q2/bin/../lib/gcc/arm-none-eabi/4.9.3/armv6-m/crtend.o
                0x0000000020000444                . = ALIGN (0x4)
                0x0000000020000444                __data_end__ = .

.igot.plt       0x0000000020000444        0x0 load address 0x0000000000001c70
 .igot.plt      0x0000000000000000        0x0 /Users/Andy/Desktop/Mario_Radio/gcc-arm-none-eabi-4_9-2015q2/bin/../lib/gcc/arm-none-eabi/4.9.3/armv6-m/crtbegin.o

.bss            0x0000000020000444     0x2a9c load address 0x0000000000001c70
                0x0000000020000444                . = ALIGN (0x4)
                0x0000000020000444                __bss_start__ = .
 *(.bss*)
 .bss           0x0000000020000444        0x0 /Users/Andy/Desktop/Mario_Radio/gcc-arm-none-eabi-4_9-2015q2/bin/../lib/gcc/arm-none-eabi/4.9.3/armv6-m/crti.o
 .bss           0x0000000020000444       0x1c /Users/Andy/Desktop/Mario_Radio/gcc-arm-none-eabi-4_9-2015q2/bin/../lib/gcc/arm-none-eabi/4.9.3/armv6-m/crtbegin.o
 .bss           0x0000000020000460        0x0 /Users/Andy/Desktop/Mario_Radio/gcc-arm-none-eabi-4_9-2015q2/bin/../lib/gcc/arm-none-eabi/4.9.3/../../../../arm-none-eabi/lib/armv6-m/crt0.o
 .bss           0x0000000020000460       0x10 _build/main_gui.o
                0x0000000020000460                bad_lengths
                0x0000000020000464                aa_count
                0x0000000020000468                spi_bytes
                0x000000002000046c                data_fifo_bytes_read
 .bss           0x0000000020000470       0x14 _build/radio_config.o
                0x0000000020000470                overflow1
                0x0000000020000471                overflow2
                0x0000000020000474                crc_count
                0x0000000020000478                prev_sample
                0x0000000020000479                packet_error
                0x000000002000047c                packets_received
                0x0000000020000480                data_fifo_bytes_write
 .bss           0x0000000020000484        0x0 _build/nrf_delay.o
 .bss           0x0000000020000484        0x0 _build/spi.o
 .bss           0x0000000020000484        0x3 _build/data_fifo.o
                0x0000000020000484                d_read_ptr
                0x0000000020000485                d_write_ptr
                0x0000000020000486                d_size
 .bss           0x0000000020000487        0x3 _build/command_fifo.o
                0x0000000020000487                c_read_ptr
                0x0000000020000488                c_write_ptr
                0x0000000020000489                c_size
 .bss           0x000000002000048a        0x0 _build/system_nrf51.o
 .bss           0x000000002000048a        0x0 _build/gcc_startup_nrf51.o
 .bss           0x000000002000048a        0x0 /Users/Andy/Desktop/Mario_Radio/gcc-arm-none-eabi-4_9-2015q2/bin/../lib/gcc/arm-none-eabi/4.9.3/armv6-m/libgcc.a(_divsi3.o)
 .bss           0x000000002000048a        0x0 /Users/Andy/Desktop/Mario_Radio/gcc-arm-none-eabi-4_9-2015q2/bin/../lib/gcc/arm-none-eabi/4.9.3/armv6-m/libgcc.a(_dvmd_tls.o)
 .bss           0x000000002000048a        0x0 /Users/Andy/Desktop/Mario_Radio/gcc-arm-none-eabi-4_9-2015q2/bin/../lib/gcc/arm-none-eabi/4.9.3/../../../../arm-none-eabi/lib/armv6-m/libc.a(lib_a-exit.o)
 .bss           0x000000002000048a        0x0 /Users/Andy/Desktop/Mario_Radio/gcc-arm-none-eabi-4_9-2015q2/bin/../lib/gcc/arm-none-eabi/4.9.3/../../../../arm-none-eabi/lib/armv6-m/libc.a(lib_a-impure.o)
 .bss           0x000000002000048a        0x0 /Users/Andy/Desktop/Mario_Radio/gcc-arm-none-eabi-4_9-2015q2/bin/../lib/gcc/arm-none-eabi/4.9.3/../../../../arm-none-eabi/lib/armv6-m/libc.a(lib_a-init.o)
 .bss           0x000000002000048a        0x0 /Users/Andy/Desktop/Mario_Radio/gcc-arm-none-eabi-4_9-2015q2/bin/../lib/gcc/arm-none-eabi/4.9.3/../../../../arm-none-eabi/lib/armv6-m/libc.a(lib_a-memset.o)
 .bss           0x000000002000048a        0x0 /Users/Andy/Desktop/Mario_Radio/gcc-arm-none-eabi-4_9-2015q2/bin/../lib/gcc/arm-none-eabi/4.9.3/../../../../arm-none-eabi/lib/armv6-m/libc.a(lib_a-__call_atexit.o)
 .bss           0x000000002000048a        0x0 /Users/Andy/Desktop/Mario_Radio/gcc-arm-none-eabi-4_9-2015q2/bin/../lib/gcc/arm-none-eabi/4.9.3/../../../../arm-none-eabi/lib/armv6-m/libc.a(lib_a-atexit.o)
 .bss           0x000000002000048a        0x0 /Users/Andy/Desktop/Mario_Radio/gcc-arm-none-eabi-4_9-2015q2/bin/../lib/gcc/arm-none-eabi/4.9.3/../../../../arm-none-eabi/lib/armv6-m/libc.a(lib_a-fini.o)
 .bss           0x000000002000048a        0x0 /Users/Andy/Desktop/Mario_Radio/gcc-arm-none-eabi-4_9-2015q2/bin/../lib/gcc/arm-none-eabi/4.9.3/../../../../arm-none-eabi/lib/armv6-m/libc.a(lib_a-__atexit.o)
 .bss           0x000000002000048a        0x0 /Users/Andy/Desktop/Mario_Radio/gcc-arm-none-eabi-4_9-2015q2/bin/../lib/gcc/arm-none-eabi/4.9.3/armv6-m/crtend.o
 .bss           0x000000002000048a        0x0 /Users/Andy/Desktop/Mario_Radio/gcc-arm-none-eabi-4_9-2015q2/bin/../lib/gcc/arm-none-eabi/4.9.3/armv6-m/crtn.o
 .bss           0x000000002000048a        0x0 /Users/Andy/Desktop/Mario_Radio/gcc-arm-none-eabi-4_9-2015q2/bin/../lib/gcc/arm-none-eabi/4.9.3/../../../../arm-none-eabi/lib/armv6-m/libnosys.a(_exit.o)
 *(COMMON)
 *fill*         0x000000002000048a        0x2 
 COMMON         0x000000002000048c       0x14 _build/main_gui.o
                0x000000002000048c                write_pointer
                0x0000000020000490                length
                0x0000000020000494                command
                0x0000000020000499                i
                0x000000002000049c                data
 COMMON         0x00000000200004a0      0x112 _build/radio_config.o
                0x00000000200004a0                command_packet
                0x0000000020000524                rec_packet1
                0x0000000020000528                newPacketPtr
                0x000000002000052c                rec_packet2
                0x0000000020000530                overflow_packet
 *fill*         0x00000000200005b2        0x2 
 COMMON         0x00000000200005b4        0x8 _build/spi.o
                0x00000000200005b4                read
                0x00000000200005b8                dummy
 COMMON         0x00000000200005bc     0x28f0 _build/data_fifo.o
                0x00000000200005bc                data_fifo
 COMMON         0x0000000020002eac       0x32 _build/command_fifo.o
                0x0000000020002eac                command_fifo
                0x0000000020002ee0                . = ALIGN (0x4)
 *fill*         0x0000000020002ede        0x2 
                0x0000000020002ee0                __bss_end__ = .

.heap           0x0000000020002ee0      0x800
                0x0000000020002ee0                __end__ = .
                0x0000000020002ee0                end = __end__
 *(.heap*)
 .heap          0x0000000020002ee0      0x800 _build/gcc_startup_nrf51.o
                0x0000000020002ee0                __HeapBase
                0x00000000200036e0                __HeapLimit = .

.stack_dummy    0x0000000020002ee0      0x800
 *(.stack*)
 .stack         0x0000000020002ee0      0x800 _build/gcc_startup_nrf51.o
                0x0000000020004000                __StackTop = (ORIGIN (RAM) + 0x4000)
                0x0000000020003800                __StackLimit = (__StackTop - SIZEOF (.stack_dummy))
                0x0000000020004000                PROVIDE (__stack, __StackTop)
                0x0000000000000001                ASSERT ((__StackLimit >= __HeapLimit), region RAM overflowed with stack)
OUTPUT(_build/gui_radio_xxaa.out elf32-littlearm)

.ARM.attributes
                0x0000000000000000       0x28
 .ARM.attributes
                0x0000000000000000       0x1e /Users/Andy/Desktop/Mario_Radio/gcc-arm-none-eabi-4_9-2015q2/bin/../lib/gcc/arm-none-eabi/4.9.3/armv6-m/crti.o
 .ARM.attributes
                0x000000000000001e       0x2c /Users/Andy/Desktop/Mario_Radio/gcc-arm-none-eabi-4_9-2015q2/bin/../lib/gcc/arm-none-eabi/4.9.3/armv6-m/crtbegin.o
 .ARM.attributes
                0x000000000000004a       0x1b /Users/Andy/Desktop/Mario_Radio/gcc-arm-none-eabi-4_9-2015q2/bin/../lib/gcc/arm-none-eabi/4.9.3/../../../../arm-none-eabi/lib/armv6-m/crt0.o
 .ARM.attributes
                0x0000000000000065       0x31 _build/main_gui.o
 .ARM.attributes
                0x0000000000000096       0x31 _build/radio_config.o
 .ARM.attributes
                0x00000000000000c7       0x31 _build/nrf_delay.o
 .ARM.attributes
                0x00000000000000f8       0x31 _build/spi.o
 .ARM.attributes
                0x0000000000000129       0x31 _build/data_fifo.o
 .ARM.attributes
                0x000000000000015a       0x31 _build/command_fifo.o
 .ARM.attributes
                0x000000000000018b       0x31 _build/system_nrf51.o
 .ARM.attributes
                0x00000000000001bc       0x1b _build/gcc_startup_nrf51.o
 .ARM.attributes
                0x00000000000001d7       0x1e /Users/Andy/Desktop/Mario_Radio/gcc-arm-none-eabi-4_9-2015q2/bin/../lib/gcc/arm-none-eabi/4.9.3/armv6-m/libgcc.a(_divsi3.o)
 .ARM.attributes
                0x00000000000001f5       0x1e /Users/Andy/Desktop/Mario_Radio/gcc-arm-none-eabi-4_9-2015q2/bin/../lib/gcc/arm-none-eabi/4.9.3/armv6-m/libgcc.a(_dvmd_tls.o)
 .ARM.attributes
                0x0000000000000213       0x2c /Users/Andy/Desktop/Mario_Radio/gcc-arm-none-eabi-4_9-2015q2/bin/../lib/gcc/arm-none-eabi/4.9.3/../../../../arm-none-eabi/lib/armv6-m/libc.a(lib_a-exit.o)
 .ARM.attributes
                0x000000000000023f       0x2c /Users/Andy/Desktop/Mario_Radio/gcc-arm-none-eabi-4_9-2015q2/bin/../lib/gcc/arm-none-eabi/4.9.3/../../../../arm-none-eabi/lib/armv6-m/libc.a(lib_a-impure.o)
 .ARM.attributes
                0x000000000000026b       0x2c /Users/Andy/Desktop/Mario_Radio/gcc-arm-none-eabi-4_9-2015q2/bin/../lib/gcc/arm-none-eabi/4.9.3/../../../../arm-none-eabi/lib/armv6-m/libc.a(lib_a-init.o)
 .ARM.attributes
                0x0000000000000297       0x2c /Users/Andy/Desktop/Mario_Radio/gcc-arm-none-eabi-4_9-2015q2/bin/../lib/gcc/arm-none-eabi/4.9.3/../../../../arm-none-eabi/lib/armv6-m/libc.a(lib_a-memset.o)
 .ARM.attributes
                0x00000000000002c3       0x2c /Users/Andy/Desktop/Mario_Radio/gcc-arm-none-eabi-4_9-2015q2/bin/../lib/gcc/arm-none-eabi/4.9.3/../../../../arm-none-eabi/lib/armv6-m/libc.a(lib_a-__call_atexit.o)
 .ARM.attributes
                0x00000000000002ef       0x2c /Users/Andy/Desktop/Mario_Radio/gcc-arm-none-eabi-4_9-2015q2/bin/../lib/gcc/arm-none-eabi/4.9.3/../../../../arm-none-eabi/lib/armv6-m/libc.a(lib_a-atexit.o)
 .ARM.attributes
                0x000000000000031b       0x2c /Users/Andy/Desktop/Mario_Radio/gcc-arm-none-eabi-4_9-2015q2/bin/../lib/gcc/arm-none-eabi/4.9.3/../../../../arm-none-eabi/lib/armv6-m/libc.a(lib_a-fini.o)
 .ARM.attributes
                0x0000000000000347       0x2c /Users/Andy/Desktop/Mario_Radio/gcc-arm-none-eabi-4_9-2015q2/bin/../lib/gcc/arm-none-eabi/4.9.3/../../../../arm-none-eabi/lib/armv6-m/libc.a(lib_a-__atexit.o)
 .ARM.attributes
                0x0000000000000373       0x2c /Users/Andy/Desktop/Mario_Radio/gcc-arm-none-eabi-4_9-2015q2/bin/../lib/gcc/arm-none-eabi/4.9.3/armv6-m/crtend.o
 .ARM.attributes
                0x000000000000039f       0x1e /Users/Andy/Desktop/Mario_Radio/gcc-arm-none-eabi-4_9-2015q2/bin/../lib/gcc/arm-none-eabi/4.9.3/armv6-m/crtn.o
 .ARM.attributes
                0x00000000000003bd       0x2c /Users/Andy/Desktop/Mario_Radio/gcc-arm-none-eabi-4_9-2015q2/bin/../lib/gcc/arm-none-eabi/4.9.3/../../../../arm-none-eabi/lib/armv6-m/libnosys.a(_exit.o)

.comment        0x0000000000000000       0x70
 .comment       0x0000000000000000       0x70 _build/main_gui.o
                                         0x71 (size before relaxing)
 .comment       0x0000000000000000       0x71 _build/radio_config.o
 .comment       0x0000000000000000       0x71 _build/nrf_delay.o
 .comment       0x0000000000000000       0x71 _build/spi.o
 .comment       0x0000000000000000       0x71 _build/data_fifo.o
 .comment       0x0000000000000000       0x71 _build/command_fifo.o
 .comment       0x0000000000000000       0x71 _build/system_nrf51.o

.debug_info     0x0000000000000000     0x1948
 .debug_info    0x0000000000000000      0x3a2 _build/main_gui.o
 .debug_info    0x00000000000003a2      0x99a _build/radio_config.o
 .debug_info    0x0000000000000d3c       0xdd _build/nrf_delay.o
 .debug_info    0x0000000000000e19      0x5d5 _build/spi.o
 .debug_info    0x00000000000013ee      0x174 _build/data_fifo.o
 .debug_info    0x0000000000001562      0x174 _build/command_fifo.o
 .debug_info    0x00000000000016d6      0x1b1 _build/system_nrf51.o
 .debug_info    0x0000000000001887       0xc1 _build/gcc_startup_nrf51.o

.debug_abbrev   0x0000000000000000      0x725
 .debug_abbrev  0x0000000000000000       0xe2 _build/main_gui.o
 .debug_abbrev  0x00000000000000e2      0x16d _build/radio_config.o
 .debug_abbrev  0x000000000000024f       0x80 _build/nrf_delay.o
 .debug_abbrev  0x00000000000002cf      0x1c8 _build/spi.o
 .debug_abbrev  0x0000000000000497       0xc3 _build/data_fifo.o
 .debug_abbrev  0x000000000000055a       0xc3 _build/command_fifo.o
 .debug_abbrev  0x000000000000061d       0xf4 _build/system_nrf51.o
 .debug_abbrev  0x0000000000000711       0x14 _build/gcc_startup_nrf51.o

.debug_aranges  0x0000000000000000      0x100
 .debug_aranges
                0x0000000000000000       0x20 _build/main_gui.o
 .debug_aranges
                0x0000000000000020       0x20 _build/radio_config.o
 .debug_aranges
                0x0000000000000040       0x20 _build/nrf_delay.o
 .debug_aranges
                0x0000000000000060       0x20 _build/spi.o
 .debug_aranges
                0x0000000000000080       0x20 _build/data_fifo.o
 .debug_aranges
                0x00000000000000a0       0x20 _build/command_fifo.o
 .debug_aranges
                0x00000000000000c0       0x20 _build/system_nrf51.o
 .debug_aranges
                0x00000000000000e0       0x20 _build/gcc_startup_nrf51.o

.debug_macro    0x0000000000000000     0xa031
 .debug_macro   0x0000000000000000      0x111 _build/main_gui.o
 .debug_macro   0x0000000000000111      0x83e _build/main_gui.o
 .debug_macro   0x000000000000094f       0x22 _build/main_gui.o
 .debug_macro   0x0000000000000971       0x44 _build/main_gui.o
 .debug_macro   0x00000000000009b5       0x58 _build/main_gui.o
 .debug_macro   0x0000000000000a0d       0x22 _build/main_gui.o
 .debug_macro   0x0000000000000a2f      0x1df _build/main_gui.o
 .debug_macro   0x0000000000000c0e       0x22 _build/main_gui.o
 .debug_macro   0x0000000000000c30       0x22 _build/main_gui.o
 .debug_macro   0x0000000000000c52       0x3a _build/main_gui.o
 .debug_macro   0x0000000000000c8c       0x1c _build/main_gui.o
 .debug_macro   0x0000000000000ca8       0x10 _build/main_gui.o
 .debug_macro   0x0000000000000cb8       0x22 _build/main_gui.o
 .debug_macro   0x0000000000000cda       0x3a _build/main_gui.o
 .debug_macro   0x0000000000000d14       0x1f _build/main_gui.o
 .debug_macro   0x0000000000000d33      0x242 _build/main_gui.o
 .debug_macro   0x0000000000000f75      0x1d2 _build/main_gui.o
 .debug_macro   0x0000000000001147     0x746b _build/main_gui.o
 .debug_macro   0x00000000000085b2      0x124 _build/main_gui.o
 .debug_macro   0x00000000000086d6      0x976 _build/main_gui.o
 .debug_macro   0x000000000000904c       0x10 _build/main_gui.o
 .debug_macro   0x000000000000905c      0x118 _build/radio_config.o
 .debug_macro   0x0000000000009174      0x1aa _build/nrf_delay.o
 .debug_macro   0x000000000000931e       0x58 _build/nrf_delay.o
 .debug_macro   0x0000000000009376       0x35 _build/nrf_delay.o
 .debug_macro   0x00000000000093ab       0x9c _build/nrf_delay.o
 .debug_macro   0x0000000000009447       0x16 _build/nrf_delay.o
 .debug_macro   0x000000000000945d       0x4a _build/nrf_delay.o
 .debug_macro   0x00000000000094a7       0x97 _build/nrf_delay.o
 .debug_macro   0x000000000000953e      0x29d _build/nrf_delay.o
 .debug_macro   0x00000000000097db       0xef _build/nrf_delay.o
 .debug_macro   0x00000000000098ca       0x10 _build/nrf_delay.o
 .debug_macro   0x00000000000098da       0x52 _build/nrf_delay.o
 .debug_macro   0x000000000000992c       0x16 _build/nrf_delay.o
 .debug_macro   0x0000000000009942       0x43 _build/nrf_delay.o
 .debug_macro   0x0000000000009985      0x180 _build/nrf_delay.o
 .debug_macro   0x0000000000009b05       0x10 _build/nrf_delay.o
 .debug_macro   0x0000000000009b15       0x22 _build/nrf_delay.o
 .debug_macro   0x0000000000009b37       0xbe _build/nrf_delay.o
 .debug_macro   0x0000000000009bf5       0x16 _build/nrf_delay.o
 .debug_macro   0x0000000000009c0b      0x197 _build/nrf_delay.o
 .debug_macro   0x0000000000009da2       0x1c _build/nrf_delay.o
 .debug_macro   0x0000000000009dbe       0xbd _build/spi.o
 .debug_macro   0x0000000000009e7b       0x6d _build/data_fifo.o
 .debug_macro   0x0000000000009ee8       0x63 _build/command_fifo.o
 .debug_macro   0x0000000000009f4b       0x16 _build/command_fifo.o
 .debug_macro   0x0000000000009f61       0xd0 _build/system_nrf51.o

.debug_line     0x0000000000000000     0x1733
 .debug_line    0x0000000000000000      0x398 _build/main_gui.o
 .debug_line    0x0000000000000398      0x3e8 _build/radio_config.o
 .debug_line    0x0000000000000780      0x3ac _build/nrf_delay.o
 .debug_line    0x0000000000000b2c      0x3f0 _build/spi.o
 .debug_line    0x0000000000000f1c      0x22f _build/data_fifo.o
 .debug_line    0x000000000000114b      0x223 _build/command_fifo.o
 .debug_line    0x000000000000136e      0x330 _build/system_nrf51.o
 .debug_line    0x000000000000169e       0x95 _build/gcc_startup_nrf51.o

.debug_str      0x0000000000000000    0x3295b
 .debug_str     0x0000000000000000    0x2ef68 _build/main_gui.o
                                      0x2f127 (size before relaxing)
 .debug_str     0x000000000002ef68      0x5d5 _build/radio_config.o
                                      0x2f204 (size before relaxing)
 .debug_str     0x000000000002f53d     0x3084 _build/nrf_delay.o
                                      0x31b1d (size before relaxing)
 .debug_str     0x00000000000325c1      0x1aa _build/spi.o
                                      0x2bb3a (size before relaxing)
 .debug_str     0x000000000003276b       0x74 _build/data_fifo.o
                                       0x303c (size before relaxing)
 .debug_str     0x00000000000327df       0x77 _build/command_fifo.o
                                       0x3033 (size before relaxing)
 .debug_str     0x0000000000032856      0x105 _build/system_nrf51.o
                                      0x2eb70 (size before relaxing)

.debug_frame    0x0000000000000000      0x674
 .debug_frame   0x0000000000000000       0x48 _build/main_gui.o
 .debug_frame   0x0000000000000048       0xd0 _build/radio_config.o
 .debug_frame   0x0000000000000118       0x50 _build/nrf_delay.o
 .debug_frame   0x0000000000000168      0x1a0 _build/spi.o
 .debug_frame   0x0000000000000308       0xa4 _build/data_fifo.o
 .debug_frame   0x00000000000003ac       0xa4 _build/command_fifo.o
 .debug_frame   0x0000000000000450       0x80 _build/system_nrf51.o
 .debug_frame   0x00000000000004d0       0x20 /Users/Andy/Desktop/Mario_Radio/gcc-arm-none-eabi-4_9-2015q2/bin/../lib/gcc/arm-none-eabi/4.9.3/armv6-m/libgcc.a(_divsi3.o)
 .debug_frame   0x00000000000004f0       0x28 /Users/Andy/Desktop/Mario_Radio/gcc-arm-none-eabi-4_9-2015q2/bin/../lib/gcc/arm-none-eabi/4.9.3/../../../../arm-none-eabi/lib/armv6-m/libc.a(lib_a-exit.o)
 .debug_frame   0x0000000000000518       0x2c /Users/Andy/Desktop/Mario_Radio/gcc-arm-none-eabi-4_9-2015q2/bin/../lib/gcc/arm-none-eabi/4.9.3/../../../../arm-none-eabi/lib/armv6-m/libc.a(lib_a-init.o)
 .debug_frame   0x0000000000000544       0x2c /Users/Andy/Desktop/Mario_Radio/gcc-arm-none-eabi-4_9-2015q2/bin/../lib/gcc/arm-none-eabi/4.9.3/../../../../arm-none-eabi/lib/armv6-m/libc.a(lib_a-memset.o)
 .debug_frame   0x0000000000000570       0x54 /Users/Andy/Desktop/Mario_Radio/gcc-arm-none-eabi-4_9-2015q2/bin/../lib/gcc/arm-none-eabi/4.9.3/../../../../arm-none-eabi/lib/armv6-m/libc.a(lib_a-__call_atexit.o)
 .debug_frame   0x00000000000005c4       0x28 /Users/Andy/Desktop/Mario_Radio/gcc-arm-none-eabi-4_9-2015q2/bin/../lib/gcc/arm-none-eabi/4.9.3/../../../../arm-none-eabi/lib/armv6-m/libc.a(lib_a-atexit.o)
 .debug_frame   0x00000000000005ec       0x2c /Users/Andy/Desktop/Mario_Radio/gcc-arm-none-eabi-4_9-2015q2/bin/../lib/gcc/arm-none-eabi/4.9.3/../../../../arm-none-eabi/lib/armv6-m/libc.a(lib_a-fini.o)
 .debug_frame   0x0000000000000618       0x3c /Users/Andy/Desktop/Mario_Radio/gcc-arm-none-eabi-4_9-2015q2/bin/../lib/gcc/arm-none-eabi/4.9.3/../../../../arm-none-eabi/lib/armv6-m/libc.a(lib_a-__atexit.o)
 .debug_frame   0x0000000000000654       0x20 /Users/Andy/Desktop/Mario_Radio/gcc-arm-none-eabi-4_9-2015q2/bin/../lib/gcc/arm-none-eabi/4.9.3/../../../../arm-none-eabi/lib/armv6-m/libnosys.a(_exit.o)
