Archive member included because of file (symbol)

/Users/andyz/Research/OMNI/MarioRadio/gcc-arm-none-eabi-4_9-2015q2/bin/../lib/gcc/arm-none-eabi/4.9.3/armv6-m/libgcc.a(_divsi3.o)
                              _build/data_fifo.o (__aeabi_idivmod)
/Users/andyz/Research/OMNI/MarioRadio/gcc-arm-none-eabi-4_9-2015q2/bin/../lib/gcc/arm-none-eabi/4.9.3/armv6-m/libgcc.a(_dvmd_tls.o)
                              /Users/andyz/Research/OMNI/MarioRadio/gcc-arm-none-eabi-4_9-2015q2/bin/../lib/gcc/arm-none-eabi/4.9.3/armv6-m/libgcc.a(_divsi3.o) (__aeabi_idiv0)
/Users/andyz/Research/OMNI/MarioRadio/gcc-arm-none-eabi-4_9-2015q2/bin/../lib/gcc/arm-none-eabi/4.9.3/../../../../arm-none-eabi/lib/armv6-m/libc.a(lib_a-exit.o)
                              /Users/andyz/Research/OMNI/MarioRadio/gcc-arm-none-eabi-4_9-2015q2/bin/../lib/gcc/arm-none-eabi/4.9.3/../../../../arm-none-eabi/lib/armv6-m/crt0.o (exit)
/Users/andyz/Research/OMNI/MarioRadio/gcc-arm-none-eabi-4_9-2015q2/bin/../lib/gcc/arm-none-eabi/4.9.3/../../../../arm-none-eabi/lib/armv6-m/libc.a(lib_a-impure.o)
                              /Users/andyz/Research/OMNI/MarioRadio/gcc-arm-none-eabi-4_9-2015q2/bin/../lib/gcc/arm-none-eabi/4.9.3/../../../../arm-none-eabi/lib/armv6-m/libc.a(lib_a-exit.o) (_global_impure_ptr)
/Users/andyz/Research/OMNI/MarioRadio/gcc-arm-none-eabi-4_9-2015q2/bin/../lib/gcc/arm-none-eabi/4.9.3/../../../../arm-none-eabi/lib/armv6-m/libc.a(lib_a-init.o)
                              /Users/andyz/Research/OMNI/MarioRadio/gcc-arm-none-eabi-4_9-2015q2/bin/../lib/gcc/arm-none-eabi/4.9.3/../../../../arm-none-eabi/lib/armv6-m/crt0.o (__libc_init_array)
/Users/andyz/Research/OMNI/MarioRadio/gcc-arm-none-eabi-4_9-2015q2/bin/../lib/gcc/arm-none-eabi/4.9.3/../../../../arm-none-eabi/lib/armv6-m/libc.a(lib_a-memset.o)
                              /Users/andyz/Research/OMNI/MarioRadio/gcc-arm-none-eabi-4_9-2015q2/bin/../lib/gcc/arm-none-eabi/4.9.3/../../../../arm-none-eabi/lib/armv6-m/crt0.o (memset)
/Users/andyz/Research/OMNI/MarioRadio/gcc-arm-none-eabi-4_9-2015q2/bin/../lib/gcc/arm-none-eabi/4.9.3/../../../../arm-none-eabi/lib/armv6-m/libc.a(lib_a-__call_atexit.o)
                              /Users/andyz/Research/OMNI/MarioRadio/gcc-arm-none-eabi-4_9-2015q2/bin/../lib/gcc/arm-none-eabi/4.9.3/../../../../arm-none-eabi/lib/armv6-m/libc.a(lib_a-exit.o) (__call_exitprocs)
/Users/andyz/Research/OMNI/MarioRadio/gcc-arm-none-eabi-4_9-2015q2/bin/../lib/gcc/arm-none-eabi/4.9.3/../../../../arm-none-eabi/lib/armv6-m/libc.a(lib_a-atexit.o)
                              /Users/andyz/Research/OMNI/MarioRadio/gcc-arm-none-eabi-4_9-2015q2/bin/../lib/gcc/arm-none-eabi/4.9.3/../../../../arm-none-eabi/lib/armv6-m/libc.a(lib_a-__call_atexit.o) (atexit)
/Users/andyz/Research/OMNI/MarioRadio/gcc-arm-none-eabi-4_9-2015q2/bin/../lib/gcc/arm-none-eabi/4.9.3/../../../../arm-none-eabi/lib/armv6-m/libc.a(lib_a-fini.o)
                              /Users/andyz/Research/OMNI/MarioRadio/gcc-arm-none-eabi-4_9-2015q2/bin/../lib/gcc/arm-none-eabi/4.9.3/../../../../arm-none-eabi/lib/armv6-m/libc.a(lib_a-__call_atexit.o) (__libc_fini_array)
/Users/andyz/Research/OMNI/MarioRadio/gcc-arm-none-eabi-4_9-2015q2/bin/../lib/gcc/arm-none-eabi/4.9.3/../../../../arm-none-eabi/lib/armv6-m/libc.a(lib_a-__atexit.o)
                              /Users/andyz/Research/OMNI/MarioRadio/gcc-arm-none-eabi-4_9-2015q2/bin/../lib/gcc/arm-none-eabi/4.9.3/../../../../arm-none-eabi/lib/armv6-m/libc.a(lib_a-atexit.o) (__register_exitproc)
/Users/andyz/Research/OMNI/MarioRadio/gcc-arm-none-eabi-4_9-2015q2/bin/../lib/gcc/arm-none-eabi/4.9.3/../../../../arm-none-eabi/lib/armv6-m/libnosys.a(_exit.o)
                              /Users/andyz/Research/OMNI/MarioRadio/gcc-arm-none-eabi-4_9-2015q2/bin/../lib/gcc/arm-none-eabi/4.9.3/../../../../arm-none-eabi/lib/armv6-m/libc.a(lib_a-exit.o) (_exit)

Allocating common symbols
Common symbol       size              file

command_packet      0xc8              _build/radio_config.o
rec_packet1         0x4               _build/radio_config.o
newPacketPtr        0x4               _build/radio_config.o
write_pointer       0x4               _build/main_gui.o
data_fifo           0x28d4            _build/data_fifo.o
length              0x1               _build/main_gui.o
command             0x5               _build/main_gui.o
i                   0x1               _build/main_gui.o
rec_packet2         0x4               _build/radio_config.o
read                0x1               _build/spi.o
command_fifo        0x32              _build/command_fifo.o
overflow_packet     0xc8              _build/radio_config.o
data                0x4               _build/main_gui.o
dummy               0x4               _build/spi.o

Memory Configuration

Name             Origin             Length             Attributes
FLASH            0x0000000000000000 0x0000000000040000 xr
RAM              0x0000000020000000 0x0000000000004000 xrw
*default*        0x0000000000000000 0xffffffffffffffff

Linker script and memory map

LOAD /Users/andyz/Research/OMNI/MarioRadio/gcc-arm-none-eabi-4_9-2015q2/bin/../lib/gcc/arm-none-eabi/4.9.3/armv6-m/crti.o
LOAD /Users/andyz/Research/OMNI/MarioRadio/gcc-arm-none-eabi-4_9-2015q2/bin/../lib/gcc/arm-none-eabi/4.9.3/armv6-m/crtbegin.o
LOAD /Users/andyz/Research/OMNI/MarioRadio/gcc-arm-none-eabi-4_9-2015q2/bin/../lib/gcc/arm-none-eabi/4.9.3/../../../../arm-none-eabi/lib/armv6-m/crt0.o
LOAD _build/main_gui.o
LOAD _build/radio_config.o
LOAD _build/nrf_delay.o
LOAD _build/spi.o
LOAD _build/data_fifo.o
LOAD _build/command_fifo.o
LOAD _build/system_nrf51.o
LOAD _build/gcc_startup_nrf51.o
START GROUP
LOAD /Users/andyz/Research/OMNI/MarioRadio/gcc-arm-none-eabi-4_9-2015q2/bin/../lib/gcc/arm-none-eabi/4.9.3/armv6-m/libgcc.a
LOAD /Users/andyz/Research/OMNI/MarioRadio/gcc-arm-none-eabi-4_9-2015q2/bin/../lib/gcc/arm-none-eabi/4.9.3/../../../../arm-none-eabi/lib/armv6-m/libc.a
END GROUP
LOAD /Users/andyz/Research/OMNI/MarioRadio/gcc-arm-none-eabi-4_9-2015q2/bin/../lib/gcc/arm-none-eabi/4.9.3/armv6-m/crtend.o
LOAD /Users/andyz/Research/OMNI/MarioRadio/gcc-arm-none-eabi-4_9-2015q2/bin/../lib/gcc/arm-none-eabi/4.9.3/armv6-m/crtn.o
START GROUP
LOAD /Users/andyz/Research/OMNI/MarioRadio/gcc-arm-none-eabi-4_9-2015q2/bin/../lib/gcc/arm-none-eabi/4.9.3/armv6-m/libgcc.a
LOAD /Users/andyz/Research/OMNI/MarioRadio/gcc-arm-none-eabi-4_9-2015q2/bin/../lib/gcc/arm-none-eabi/4.9.3/../../../../arm-none-eabi/lib/armv6-m/libc.a
LOAD /Users/andyz/Research/OMNI/MarioRadio/gcc-arm-none-eabi-4_9-2015q2/bin/../lib/gcc/arm-none-eabi/4.9.3/../../../../arm-none-eabi/lib/armv6-m/libnosys.a
END GROUP

.text           0x0000000000000000     0x1900
 *(.Vectors)
 .Vectors       0x0000000000000000       0xc0 _build/gcc_startup_nrf51.o
                0x0000000000000000                __Vectors
 *(.text*)
 .text          0x00000000000000c0        0x0 /Users/andyz/Research/OMNI/MarioRadio/gcc-arm-none-eabi-4_9-2015q2/bin/../lib/gcc/arm-none-eabi/4.9.3/armv6-m/crti.o
 .text          0x00000000000000c0       0x60 /Users/andyz/Research/OMNI/MarioRadio/gcc-arm-none-eabi-4_9-2015q2/bin/../lib/gcc/arm-none-eabi/4.9.3/armv6-m/crtbegin.o
 .text          0x0000000000000120       0x78 /Users/andyz/Research/OMNI/MarioRadio/gcc-arm-none-eabi-4_9-2015q2/bin/../lib/gcc/arm-none-eabi/4.9.3/../../../../arm-none-eabi/lib/armv6-m/crt0.o
                0x0000000000000120                _mainCRTStartup
                0x0000000000000120                _start
 .text          0x0000000000000198      0x1d4 _build/main_gui.o
                0x0000000000000198                init
                0x00000000000001cc                main
 .text          0x000000000000036c      0x5d8 _build/radio_config.o
                0x00000000000004cc                radio_configure
                0x0000000000000644                RADIO_IRQHandler
 .text          0x0000000000000944       0x5c _build/nrf_delay.o
                0x0000000000000978                nrf_delay_ms
 .text          0x00000000000009a0      0x674 _build/spi.o
                0x0000000000000a54                set_read_flag
                0x0000000000000a68                clear_read_flag
                0x0000000000000a7c                get_read_flag
                0x0000000000000a90                spi_write
                0x0000000000000b58                spi_read
                0x0000000000000c44                spi_read_with_NAK
                0x0000000000000dd8                spi_write_with_NAK
                0x0000000000000f9c                spi_init
 .text          0x0000000000001014      0x158 _build/data_fifo.o
                0x0000000000001014                write_data
                0x0000000000001088                finish_write_data
                0x00000000000010bc                read_data
                0x0000000000001124                finish_read_data
                0x0000000000001158                get_num_data
 .text          0x000000000000116c       0xe4 _build/command_fifo.o
                0x000000000000116c                write_command
                0x00000000000011bc                finish_write_command
                0x00000000000011d4                read_command
                0x0000000000001224                finish_read_command
                0x000000000000123c                get_num_commands
 .text          0x0000000000001250      0x124 _build/system_nrf51.o
                0x0000000000001250                SystemCoreClockUpdate
                0x0000000000001268                SystemInit
 .text          0x0000000000001374       0x54 _build/gcc_startup_nrf51.o
                0x0000000000001374                Reset_Handler
                0x00000000000013bc                NMI_Handler
                0x00000000000013be                HardFault_Handler
                0x00000000000013c0                SVC_Handler
                0x00000000000013c2                PendSV_Handler
                0x00000000000013c4                SysTick_Handler
                0x00000000000013c6                SWI4_IRQHandler
                0x00000000000013c6                TEMP_IRQHandler
                0x00000000000013c6                QDEC_IRQHandler
                0x00000000000013c6                UART0_IRQHandler
                0x00000000000013c6                SWI5_IRQHandler
                0x00000000000013c6                TIMER0_IRQHandler
                0x00000000000013c6                SWI0_IRQHandler
                0x00000000000013c6                TIMER1_IRQHandler
                0x00000000000013c6                ECB_IRQHandler
                0x00000000000013c6                Default_Handler
                0x00000000000013c6                ADC_IRQHandler
                0x00000000000013c6                SWI3_IRQHandler
                0x00000000000013c6                CCM_AAR_IRQHandler
                0x00000000000013c6                WDT_IRQHandler
                0x00000000000013c6                SWI2_IRQHandler
                0x00000000000013c6                RNG_IRQHandler
                0x00000000000013c6                SPI1_TWI1_IRQHandler
                0x00000000000013c6                RTC1_IRQHandler
                0x00000000000013c6                TIMER2_IRQHandler
                0x00000000000013c6                SWI1_IRQHandler
                0x00000000000013c6                SPI0_TWI0_IRQHandler
                0x00000000000013c6                RTC0_IRQHandler
                0x00000000000013c6                GPIOTE_IRQHandler
                0x00000000000013c6                POWER_CLOCK_IRQHandler
                0x00000000000013c6                LPCOMP_IRQHandler
 .text          0x00000000000013c8      0x1e0 /Users/andyz/Research/OMNI/MarioRadio/gcc-arm-none-eabi-4_9-2015q2/bin/../lib/gcc/arm-none-eabi/4.9.3/armv6-m/libgcc.a(_divsi3.o)
                0x00000000000013c8                __aeabi_idiv
                0x00000000000013c8                __divsi3
                0x0000000000001594                __aeabi_idivmod
 .text          0x00000000000015a8        0x4 /Users/andyz/Research/OMNI/MarioRadio/gcc-arm-none-eabi-4_9-2015q2/bin/../lib/gcc/arm-none-eabi/4.9.3/armv6-m/libgcc.a(_dvmd_tls.o)
                0x00000000000015a8                __aeabi_ldiv0
                0x00000000000015a8                __aeabi_idiv0
 .text          0x00000000000015ac        0x0 /Users/andyz/Research/OMNI/MarioRadio/gcc-arm-none-eabi-4_9-2015q2/bin/../lib/gcc/arm-none-eabi/4.9.3/../../../../arm-none-eabi/lib/armv6-m/libc.a(lib_a-exit.o)
 .text.exit     0x00000000000015ac       0x20 /Users/andyz/Research/OMNI/MarioRadio/gcc-arm-none-eabi-4_9-2015q2/bin/../lib/gcc/arm-none-eabi/4.9.3/../../../../arm-none-eabi/lib/armv6-m/libc.a(lib_a-exit.o)
                0x00000000000015ac                exit
 .text          0x00000000000015cc        0x0 /Users/andyz/Research/OMNI/MarioRadio/gcc-arm-none-eabi-4_9-2015q2/bin/../lib/gcc/arm-none-eabi/4.9.3/../../../../arm-none-eabi/lib/armv6-m/libc.a(lib_a-impure.o)
 .text          0x00000000000015cc        0x0 /Users/andyz/Research/OMNI/MarioRadio/gcc-arm-none-eabi-4_9-2015q2/bin/../lib/gcc/arm-none-eabi/4.9.3/../../../../arm-none-eabi/lib/armv6-m/libc.a(lib_a-init.o)
 .text.__libc_init_array
                0x00000000000015cc       0x48 /Users/andyz/Research/OMNI/MarioRadio/gcc-arm-none-eabi-4_9-2015q2/bin/../lib/gcc/arm-none-eabi/4.9.3/../../../../arm-none-eabi/lib/armv6-m/libc.a(lib_a-init.o)
                0x00000000000015cc                __libc_init_array
 .text          0x0000000000001614        0x0 /Users/andyz/Research/OMNI/MarioRadio/gcc-arm-none-eabi-4_9-2015q2/bin/../lib/gcc/arm-none-eabi/4.9.3/../../../../arm-none-eabi/lib/armv6-m/libc.a(lib_a-memset.o)
 .text.memset   0x0000000000001614       0x8c /Users/andyz/Research/OMNI/MarioRadio/gcc-arm-none-eabi-4_9-2015q2/bin/../lib/gcc/arm-none-eabi/4.9.3/../../../../arm-none-eabi/lib/armv6-m/libc.a(lib_a-memset.o)
                0x0000000000001614                memset
 .text          0x00000000000016a0        0x0 /Users/andyz/Research/OMNI/MarioRadio/gcc-arm-none-eabi-4_9-2015q2/bin/../lib/gcc/arm-none-eabi/4.9.3/../../../../arm-none-eabi/lib/armv6-m/libc.a(lib_a-__call_atexit.o)
 .text.startup.register_fini
                0x00000000000016a0       0x18 /Users/andyz/Research/OMNI/MarioRadio/gcc-arm-none-eabi-4_9-2015q2/bin/../lib/gcc/arm-none-eabi/4.9.3/../../../../arm-none-eabi/lib/armv6-m/libc.a(lib_a-__call_atexit.o)
 .text.__call_exitprocs
                0x00000000000016b8      0x108 /Users/andyz/Research/OMNI/MarioRadio/gcc-arm-none-eabi-4_9-2015q2/bin/../lib/gcc/arm-none-eabi/4.9.3/../../../../arm-none-eabi/lib/armv6-m/libc.a(lib_a-__call_atexit.o)
                0x00000000000016b8                __call_exitprocs
 .text          0x00000000000017c0        0x0 /Users/andyz/Research/OMNI/MarioRadio/gcc-arm-none-eabi-4_9-2015q2/bin/../lib/gcc/arm-none-eabi/4.9.3/../../../../arm-none-eabi/lib/armv6-m/libc.a(lib_a-atexit.o)
 .text.atexit   0x00000000000017c0       0x10 /Users/andyz/Research/OMNI/MarioRadio/gcc-arm-none-eabi-4_9-2015q2/bin/../lib/gcc/arm-none-eabi/4.9.3/../../../../arm-none-eabi/lib/armv6-m/libc.a(lib_a-atexit.o)
                0x00000000000017c0                atexit
 .text          0x00000000000017d0        0x0 /Users/andyz/Research/OMNI/MarioRadio/gcc-arm-none-eabi-4_9-2015q2/bin/../lib/gcc/arm-none-eabi/4.9.3/../../../../arm-none-eabi/lib/armv6-m/libc.a(lib_a-fini.o)
 .text.__libc_fini_array
                0x00000000000017d0       0x34 /Users/andyz/Research/OMNI/MarioRadio/gcc-arm-none-eabi-4_9-2015q2/bin/../lib/gcc/arm-none-eabi/4.9.3/../../../../arm-none-eabi/lib/armv6-m/libc.a(lib_a-fini.o)
                0x00000000000017d0                __libc_fini_array
 .text          0x0000000000001804        0x0 /Users/andyz/Research/OMNI/MarioRadio/gcc-arm-none-eabi-4_9-2015q2/bin/../lib/gcc/arm-none-eabi/4.9.3/../../../../arm-none-eabi/lib/armv6-m/libc.a(lib_a-__atexit.o)
 .text.__register_exitproc
                0x0000000000001804       0xd4 /Users/andyz/Research/OMNI/MarioRadio/gcc-arm-none-eabi-4_9-2015q2/bin/../lib/gcc/arm-none-eabi/4.9.3/../../../../arm-none-eabi/lib/armv6-m/libc.a(lib_a-__atexit.o)
                0x0000000000001804                __register_exitproc
 .text          0x00000000000018d8        0x0 /Users/andyz/Research/OMNI/MarioRadio/gcc-arm-none-eabi-4_9-2015q2/bin/../lib/gcc/arm-none-eabi/4.9.3/armv6-m/crtend.o
 .text          0x00000000000018d8        0x0 /Users/andyz/Research/OMNI/MarioRadio/gcc-arm-none-eabi-4_9-2015q2/bin/../lib/gcc/arm-none-eabi/4.9.3/armv6-m/crtn.o
 .text          0x00000000000018d8        0x0 /Users/andyz/Research/OMNI/MarioRadio/gcc-arm-none-eabi-4_9-2015q2/bin/../lib/gcc/arm-none-eabi/4.9.3/../../../../arm-none-eabi/lib/armv6-m/libnosys.a(_exit.o)
 .text._exit    0x00000000000018d8        0x4 /Users/andyz/Research/OMNI/MarioRadio/gcc-arm-none-eabi-4_9-2015q2/bin/../lib/gcc/arm-none-eabi/4.9.3/../../../../arm-none-eabi/lib/armv6-m/libnosys.a(_exit.o)
                0x00000000000018d8                _exit
 *(.init)
 .init          0x00000000000018dc        0x4 /Users/andyz/Research/OMNI/MarioRadio/gcc-arm-none-eabi-4_9-2015q2/bin/../lib/gcc/arm-none-eabi/4.9.3/armv6-m/crti.o
                0x00000000000018dc                _init
 .init          0x00000000000018e0        0x8 /Users/andyz/Research/OMNI/MarioRadio/gcc-arm-none-eabi-4_9-2015q2/bin/../lib/gcc/arm-none-eabi/4.9.3/armv6-m/crtn.o
 *(.fini)
 .fini          0x00000000000018e8        0x4 /Users/andyz/Research/OMNI/MarioRadio/gcc-arm-none-eabi-4_9-2015q2/bin/../lib/gcc/arm-none-eabi/4.9.3/armv6-m/crti.o
                0x00000000000018e8                _fini
 .fini          0x00000000000018ec        0x8 /Users/andyz/Research/OMNI/MarioRadio/gcc-arm-none-eabi-4_9-2015q2/bin/../lib/gcc/arm-none-eabi/4.9.3/armv6-m/crtn.o
 *crtbegin.o(.ctors)
 *crtbegin?.o(.ctors)
 *(EXCLUDE_FILE(*crtend.o *crtend?.o) .ctors)
 *(SORT(.ctors.*))
 *(.ctors)
 *crtbegin.o(.dtors)
 *crtbegin?.o(.dtors)
 *(EXCLUDE_FILE(*crtend.o *crtend?.o) .dtors)
 *(SORT(.dtors.*))
 *(.dtors)
 *(.rodata*)
 .rodata.str1.4
                0x00000000000018f4        0x4 /Users/andyz/Research/OMNI/MarioRadio/gcc-arm-none-eabi-4_9-2015q2/bin/../lib/gcc/arm-none-eabi/4.9.3/../../../../arm-none-eabi/lib/armv6-m/libc.a(lib_a-impure.o)
                                          0x2 (size before relaxing)
 .rodata._global_impure_ptr
                0x00000000000018f8        0x4 /Users/andyz/Research/OMNI/MarioRadio/gcc-arm-none-eabi-4_9-2015q2/bin/../lib/gcc/arm-none-eabi/4.9.3/../../../../arm-none-eabi/lib/armv6-m/libc.a(lib_a-impure.o)
                0x00000000000018f8                _global_impure_ptr
 *(.eh_frame*)
 .eh_frame      0x00000000000018fc        0x0 /Users/andyz/Research/OMNI/MarioRadio/gcc-arm-none-eabi-4_9-2015q2/bin/../lib/gcc/arm-none-eabi/4.9.3/armv6-m/crtbegin.o
 .eh_frame      0x00000000000018fc        0x4 /Users/andyz/Research/OMNI/MarioRadio/gcc-arm-none-eabi-4_9-2015q2/bin/../lib/gcc/arm-none-eabi/4.9.3/armv6-m/crtend.o

.glue_7         0x0000000000001900        0x0
 .glue_7        0x0000000000000000        0x0 linker stubs

.glue_7t        0x0000000000001900        0x0
 .glue_7t       0x0000000000000000        0x0 linker stubs

.vfp11_veneer   0x0000000000001900        0x0
 .vfp11_veneer  0x0000000000000000        0x0 linker stubs

.v4_bx          0x0000000000001900        0x0
 .v4_bx         0x0000000000000000        0x0 linker stubs

.iplt           0x0000000000001900        0x0
 .iplt          0x0000000000000000        0x0 /Users/andyz/Research/OMNI/MarioRadio/gcc-arm-none-eabi-4_9-2015q2/bin/../lib/gcc/arm-none-eabi/4.9.3/armv6-m/crtbegin.o

.ARM.extab      0x0000000000001900        0x0
 *(.ARM.extab* .gnu.linkonce.armextab.*)
 .ARM.extab     0x0000000000001900        0x0 /Users/andyz/Research/OMNI/MarioRadio/gcc-arm-none-eabi-4_9-2015q2/bin/../lib/gcc/arm-none-eabi/4.9.3/../../../../arm-none-eabi/lib/armv6-m/crt0.o
 .ARM.extab     0x0000000000001900        0x0 _build/gcc_startup_nrf51.o
                0x0000000000001900                __exidx_start = .

.ARM.exidx      0x0000000000001900        0x8
 *(.ARM.exidx* .gnu.linkonce.armexidx.*)
 .ARM.exidx     0x0000000000001900        0x8 /Users/andyz/Research/OMNI/MarioRadio/gcc-arm-none-eabi-4_9-2015q2/bin/../lib/gcc/arm-none-eabi/4.9.3/../../../../arm-none-eabi/lib/armv6-m/crt0.o
 .ARM.exidx     0x0000000000001908        0x0 _build/gcc_startup_nrf51.o
                                          0x8 (size before relaxing)
                0x0000000000001908                __exidx_end = .
                0x0000000000001908                __etext = .

.rel.dyn        0x0000000000001908        0x0
 .rel.iplt      0x0000000000000000        0x0 /Users/andyz/Research/OMNI/MarioRadio/gcc-arm-none-eabi-4_9-2015q2/bin/../lib/gcc/arm-none-eabi/4.9.3/armv6-m/crtbegin.o

.data           0x0000000020000000      0x444 load address 0x0000000000001908
                0x0000000020000000                __data_start__ = .
 *(vtable)
 *(.data*)
 .data          0x0000000020000000        0x0 /Users/andyz/Research/OMNI/MarioRadio/gcc-arm-none-eabi-4_9-2015q2/bin/../lib/gcc/arm-none-eabi/4.9.3/armv6-m/crti.o
 .data          0x0000000020000000        0x4 /Users/andyz/Research/OMNI/MarioRadio/gcc-arm-none-eabi-4_9-2015q2/bin/../lib/gcc/arm-none-eabi/4.9.3/armv6-m/crtbegin.o
                0x0000000020000000                __dso_handle
 .data          0x0000000020000004        0x0 /Users/andyz/Research/OMNI/MarioRadio/gcc-arm-none-eabi-4_9-2015q2/bin/../lib/gcc/arm-none-eabi/4.9.3/../../../../arm-none-eabi/lib/armv6-m/crt0.o
 .data          0x0000000020000004        0x0 _build/main_gui.o
 .data          0x0000000020000004        0x0 _build/radio_config.o
 .data          0x0000000020000004        0x0 _build/nrf_delay.o
 .data          0x0000000020000004        0x0 _build/spi.o
 .data          0x0000000020000004        0x0 _build/data_fifo.o
 .data          0x0000000020000004        0x0 _build/command_fifo.o
 .data          0x0000000020000004        0x4 _build/system_nrf51.o
                0x0000000020000004                SystemCoreClock
 .data          0x0000000020000008        0x0 _build/gcc_startup_nrf51.o
 .data          0x0000000020000008        0x0 /Users/andyz/Research/OMNI/MarioRadio/gcc-arm-none-eabi-4_9-2015q2/bin/../lib/gcc/arm-none-eabi/4.9.3/armv6-m/libgcc.a(_divsi3.o)
 .data          0x0000000020000008        0x0 /Users/andyz/Research/OMNI/MarioRadio/gcc-arm-none-eabi-4_9-2015q2/bin/../lib/gcc/arm-none-eabi/4.9.3/armv6-m/libgcc.a(_dvmd_tls.o)
 .data          0x0000000020000008        0x0 /Users/andyz/Research/OMNI/MarioRadio/gcc-arm-none-eabi-4_9-2015q2/bin/../lib/gcc/arm-none-eabi/4.9.3/../../../../arm-none-eabi/lib/armv6-m/libc.a(lib_a-exit.o)
 .data          0x0000000020000008        0x0 /Users/andyz/Research/OMNI/MarioRadio/gcc-arm-none-eabi-4_9-2015q2/bin/../lib/gcc/arm-none-eabi/4.9.3/../../../../arm-none-eabi/lib/armv6-m/libc.a(lib_a-impure.o)
 .data.impure_data
                0x0000000020000008      0x428 /Users/andyz/Research/OMNI/MarioRadio/gcc-arm-none-eabi-4_9-2015q2/bin/../lib/gcc/arm-none-eabi/4.9.3/../../../../arm-none-eabi/lib/armv6-m/libc.a(lib_a-impure.o)
 .data._impure_ptr
                0x0000000020000430        0x4 /Users/andyz/Research/OMNI/MarioRadio/gcc-arm-none-eabi-4_9-2015q2/bin/../lib/gcc/arm-none-eabi/4.9.3/../../../../arm-none-eabi/lib/armv6-m/libc.a(lib_a-impure.o)
                0x0000000020000430                _impure_ptr
 .data          0x0000000020000434        0x0 /Users/andyz/Research/OMNI/MarioRadio/gcc-arm-none-eabi-4_9-2015q2/bin/../lib/gcc/arm-none-eabi/4.9.3/../../../../arm-none-eabi/lib/armv6-m/libc.a(lib_a-init.o)
 .data          0x0000000020000434        0x0 /Users/andyz/Research/OMNI/MarioRadio/gcc-arm-none-eabi-4_9-2015q2/bin/../lib/gcc/arm-none-eabi/4.9.3/../../../../arm-none-eabi/lib/armv6-m/libc.a(lib_a-memset.o)
 .data          0x0000000020000434        0x0 /Users/andyz/Research/OMNI/MarioRadio/gcc-arm-none-eabi-4_9-2015q2/bin/../lib/gcc/arm-none-eabi/4.9.3/../../../../arm-none-eabi/lib/armv6-m/libc.a(lib_a-__call_atexit.o)
 .data          0x0000000020000434        0x0 /Users/andyz/Research/OMNI/MarioRadio/gcc-arm-none-eabi-4_9-2015q2/bin/../lib/gcc/arm-none-eabi/4.9.3/../../../../arm-none-eabi/lib/armv6-m/libc.a(lib_a-atexit.o)
 .data          0x0000000020000434        0x0 /Users/andyz/Research/OMNI/MarioRadio/gcc-arm-none-eabi-4_9-2015q2/bin/../lib/gcc/arm-none-eabi/4.9.3/../../../../arm-none-eabi/lib/armv6-m/libc.a(lib_a-fini.o)
 .data          0x0000000020000434        0x0 /Users/andyz/Research/OMNI/MarioRadio/gcc-arm-none-eabi-4_9-2015q2/bin/../lib/gcc/arm-none-eabi/4.9.3/../../../../arm-none-eabi/lib/armv6-m/libc.a(lib_a-__atexit.o)
 .data          0x0000000020000434        0x0 /Users/andyz/Research/OMNI/MarioRadio/gcc-arm-none-eabi-4_9-2015q2/bin/../lib/gcc/arm-none-eabi/4.9.3/armv6-m/crtend.o
 .data          0x0000000020000434        0x0 /Users/andyz/Research/OMNI/MarioRadio/gcc-arm-none-eabi-4_9-2015q2/bin/../lib/gcc/arm-none-eabi/4.9.3/armv6-m/crtn.o
 .data          0x0000000020000434        0x0 /Users/andyz/Research/OMNI/MarioRadio/gcc-arm-none-eabi-4_9-2015q2/bin/../lib/gcc/arm-none-eabi/4.9.3/../../../../arm-none-eabi/lib/armv6-m/libnosys.a(_exit.o)
                0x0000000020000434                . = ALIGN (0x4)
                0x0000000020000434                PROVIDE (__preinit_array_start, .)
 *(.preinit_array)
                0x0000000020000434                PROVIDE (__preinit_array_end, .)
                0x0000000020000434                . = ALIGN (0x4)
                0x0000000020000434                PROVIDE (__init_array_start, .)
 *(SORT(.init_array.*))
 .init_array.00000
                0x0000000020000434        0x4 /Users/andyz/Research/OMNI/MarioRadio/gcc-arm-none-eabi-4_9-2015q2/bin/../lib/gcc/arm-none-eabi/4.9.3/../../../../arm-none-eabi/lib/armv6-m/libc.a(lib_a-__call_atexit.o)
 *(.init_array)
 .init_array    0x0000000020000438        0x4 /Users/andyz/Research/OMNI/MarioRadio/gcc-arm-none-eabi-4_9-2015q2/bin/../lib/gcc/arm-none-eabi/4.9.3/armv6-m/crtbegin.o
                0x000000002000043c                PROVIDE (__init_array_end, .)
                0x000000002000043c                . = ALIGN (0x4)
                0x000000002000043c                PROVIDE (__fini_array_start, .)
 *(SORT(.fini_array.*))
 *(.fini_array)
 .fini_array    0x000000002000043c        0x4 /Users/andyz/Research/OMNI/MarioRadio/gcc-arm-none-eabi-4_9-2015q2/bin/../lib/gcc/arm-none-eabi/4.9.3/armv6-m/crtbegin.o
                0x0000000020000440                PROVIDE (__fini_array_end, .)
 *(.jcr)
 .jcr           0x0000000020000440        0x0 /Users/andyz/Research/OMNI/MarioRadio/gcc-arm-none-eabi-4_9-2015q2/bin/../lib/gcc/arm-none-eabi/4.9.3/armv6-m/crtbegin.o
 .jcr           0x0000000020000440        0x4 /Users/andyz/Research/OMNI/MarioRadio/gcc-arm-none-eabi-4_9-2015q2/bin/../lib/gcc/arm-none-eabi/4.9.3/armv6-m/crtend.o
                0x0000000020000444                . = ALIGN (0x4)
                0x0000000020000444                __data_end__ = .

.igot.plt       0x0000000020000444        0x0 load address 0x0000000000001d4c
 .igot.plt      0x0000000000000000        0x0 /Users/andyz/Research/OMNI/MarioRadio/gcc-arm-none-eabi-4_9-2015q2/bin/../lib/gcc/arm-none-eabi/4.9.3/armv6-m/crtbegin.o

.bss            0x0000000020000444     0x2b28 load address 0x0000000000001d4c
                0x0000000020000444                . = ALIGN (0x4)
                0x0000000020000444                __bss_start__ = .
 *(.bss*)
 .bss           0x0000000020000444        0x0 /Users/andyz/Research/OMNI/MarioRadio/gcc-arm-none-eabi-4_9-2015q2/bin/../lib/gcc/arm-none-eabi/4.9.3/armv6-m/crti.o
 .bss           0x0000000020000444       0x1c /Users/andyz/Research/OMNI/MarioRadio/gcc-arm-none-eabi-4_9-2015q2/bin/../lib/gcc/arm-none-eabi/4.9.3/armv6-m/crtbegin.o
 .bss           0x0000000020000460        0x0 /Users/andyz/Research/OMNI/MarioRadio/gcc-arm-none-eabi-4_9-2015q2/bin/../lib/gcc/arm-none-eabi/4.9.3/../../../../arm-none-eabi/lib/armv6-m/crt0.o
 .bss           0x0000000020000460       0x14 _build/main_gui.o
                0x0000000020000460                bad_lengths
                0x0000000020000464                aa_count
                0x0000000020000468                spi_bytes
                0x000000002000046c                data_fifo_bytes_read
                0x0000000020000470                command_count
 .bss           0x0000000020000474       0x14 _build/radio_config.o
                0x0000000020000474                overflow1
                0x0000000020000475                overflow2
                0x0000000020000478                crc_count
                0x000000002000047c                packets_received
                0x0000000020000480                data_fifo_bytes_write
                0x0000000020000484                debug_radio_bytes
 .bss           0x0000000020000488        0x0 _build/nrf_delay.o
 .bss           0x0000000020000488        0x0 _build/spi.o
 .bss           0x0000000020000488       0x20 _build/data_fifo.o
                0x0000000020000488                d_read_ptr
                0x0000000020000489                d_write_ptr
                0x000000002000048c                d_size
                0x0000000020000490                debug_wd_count
                0x0000000020000494                debug_fwd_count
                0x0000000020000498                debug_rd_count
                0x000000002000049c                debug_frd_count
                0x00000000200004a0                debug_size
                0x00000000200004a4                debug_full_count
 .bss           0x00000000200004a8        0x3 _build/command_fifo.o
                0x00000000200004a8                c_read_ptr
                0x00000000200004a9                c_write_ptr
                0x00000000200004aa                c_size
 .bss           0x00000000200004ab        0x0 _build/system_nrf51.o
 .bss           0x00000000200004ab        0x0 _build/gcc_startup_nrf51.o
 .bss           0x00000000200004ab        0x0 /Users/andyz/Research/OMNI/MarioRadio/gcc-arm-none-eabi-4_9-2015q2/bin/../lib/gcc/arm-none-eabi/4.9.3/armv6-m/libgcc.a(_divsi3.o)
 .bss           0x00000000200004ab        0x0 /Users/andyz/Research/OMNI/MarioRadio/gcc-arm-none-eabi-4_9-2015q2/bin/../lib/gcc/arm-none-eabi/4.9.3/armv6-m/libgcc.a(_dvmd_tls.o)
 .bss           0x00000000200004ab        0x0 /Users/andyz/Research/OMNI/MarioRadio/gcc-arm-none-eabi-4_9-2015q2/bin/../lib/gcc/arm-none-eabi/4.9.3/../../../../arm-none-eabi/lib/armv6-m/libc.a(lib_a-exit.o)
 .bss           0x00000000200004ab        0x0 /Users/andyz/Research/OMNI/MarioRadio/gcc-arm-none-eabi-4_9-2015q2/bin/../lib/gcc/arm-none-eabi/4.9.3/../../../../arm-none-eabi/lib/armv6-m/libc.a(lib_a-impure.o)
 .bss           0x00000000200004ab        0x0 /Users/andyz/Research/OMNI/MarioRadio/gcc-arm-none-eabi-4_9-2015q2/bin/../lib/gcc/arm-none-eabi/4.9.3/../../../../arm-none-eabi/lib/armv6-m/libc.a(lib_a-init.o)
 .bss           0x00000000200004ab        0x0 /Users/andyz/Research/OMNI/MarioRadio/gcc-arm-none-eabi-4_9-2015q2/bin/../lib/gcc/arm-none-eabi/4.9.3/../../../../arm-none-eabi/lib/armv6-m/libc.a(lib_a-memset.o)
 .bss           0x00000000200004ab        0x0 /Users/andyz/Research/OMNI/MarioRadio/gcc-arm-none-eabi-4_9-2015q2/bin/../lib/gcc/arm-none-eabi/4.9.3/../../../../arm-none-eabi/lib/armv6-m/libc.a(lib_a-__call_atexit.o)
 .bss           0x00000000200004ab        0x0 /Users/andyz/Research/OMNI/MarioRadio/gcc-arm-none-eabi-4_9-2015q2/bin/../lib/gcc/arm-none-eabi/4.9.3/../../../../arm-none-eabi/lib/armv6-m/libc.a(lib_a-atexit.o)
 .bss           0x00000000200004ab        0x0 /Users/andyz/Research/OMNI/MarioRadio/gcc-arm-none-eabi-4_9-2015q2/bin/../lib/gcc/arm-none-eabi/4.9.3/../../../../arm-none-eabi/lib/armv6-m/libc.a(lib_a-fini.o)
 .bss           0x00000000200004ab        0x0 /Users/andyz/Research/OMNI/MarioRadio/gcc-arm-none-eabi-4_9-2015q2/bin/../lib/gcc/arm-none-eabi/4.9.3/../../../../arm-none-eabi/lib/armv6-m/libc.a(lib_a-__atexit.o)
 .bss           0x00000000200004ab        0x0 /Users/andyz/Research/OMNI/MarioRadio/gcc-arm-none-eabi-4_9-2015q2/bin/../lib/gcc/arm-none-eabi/4.9.3/armv6-m/crtend.o
 .bss           0x00000000200004ab        0x0 /Users/andyz/Research/OMNI/MarioRadio/gcc-arm-none-eabi-4_9-2015q2/bin/../lib/gcc/arm-none-eabi/4.9.3/armv6-m/crtn.o
 .bss           0x00000000200004ab        0x0 /Users/andyz/Research/OMNI/MarioRadio/gcc-arm-none-eabi-4_9-2015q2/bin/../lib/gcc/arm-none-eabi/4.9.3/../../../../arm-none-eabi/lib/armv6-m/libnosys.a(_exit.o)
 *(COMMON)
 *fill*         0x00000000200004ab        0x1 
 COMMON         0x00000000200004ac       0x14 _build/main_gui.o
                0x00000000200004ac                write_pointer
                0x00000000200004b0                length
                0x00000000200004b4                command
                0x00000000200004b9                i
                0x00000000200004bc                data
 COMMON         0x00000000200004c0      0x19c _build/radio_config.o
                0x00000000200004c0                command_packet
                0x0000000020000588                rec_packet1
                0x000000002000058c                newPacketPtr
                0x0000000020000590                rec_packet2
                0x0000000020000594                overflow_packet
 COMMON         0x000000002000065c        0x8 _build/spi.o
                0x000000002000065c                read
                0x0000000020000660                dummy
 COMMON         0x0000000020000664     0x28d4 _build/data_fifo.o
                0x0000000020000664                data_fifo
 COMMON         0x0000000020002f38       0x32 _build/command_fifo.o
                0x0000000020002f38                command_fifo
                0x0000000020002f6c                . = ALIGN (0x4)
 *fill*         0x0000000020002f6a        0x2 
                0x0000000020002f6c                __bss_end__ = .

.heap           0x0000000020002f70      0x800
                0x0000000020002f70                __end__ = .
                0x0000000020002f70                end = __end__
 *(.heap*)
 .heap          0x0000000020002f70      0x800 _build/gcc_startup_nrf51.o
                0x0000000020002f70                __HeapBase
                0x0000000020003770                __HeapLimit = .

.stack_dummy    0x0000000020002f70      0x800
 *(.stack*)
 .stack         0x0000000020002f70      0x800 _build/gcc_startup_nrf51.o
                0x0000000020004000                __StackTop = (ORIGIN (RAM) + 0x4000)
                0x0000000020003800                __StackLimit = (__StackTop - SIZEOF (.stack_dummy))
                0x0000000020004000                PROVIDE (__stack, __StackTop)
                0x0000000000000001                ASSERT ((__StackLimit >= __HeapLimit), region RAM overflowed with stack)
OUTPUT(_build/gui_radio_xxaa.out elf32-littlearm)

.ARM.attributes
                0x0000000000000000       0x28
 .ARM.attributes
                0x0000000000000000       0x1e /Users/andyz/Research/OMNI/MarioRadio/gcc-arm-none-eabi-4_9-2015q2/bin/../lib/gcc/arm-none-eabi/4.9.3/armv6-m/crti.o
 .ARM.attributes
                0x000000000000001e       0x2c /Users/andyz/Research/OMNI/MarioRadio/gcc-arm-none-eabi-4_9-2015q2/bin/../lib/gcc/arm-none-eabi/4.9.3/armv6-m/crtbegin.o
 .ARM.attributes
                0x000000000000004a       0x1b /Users/andyz/Research/OMNI/MarioRadio/gcc-arm-none-eabi-4_9-2015q2/bin/../lib/gcc/arm-none-eabi/4.9.3/../../../../arm-none-eabi/lib/armv6-m/crt0.o
 .ARM.attributes
                0x0000000000000065       0x31 _build/main_gui.o
 .ARM.attributes
                0x0000000000000096       0x31 _build/radio_config.o
 .ARM.attributes
                0x00000000000000c7       0x31 _build/nrf_delay.o
 .ARM.attributes
                0x00000000000000f8       0x31 _build/spi.o
 .ARM.attributes
                0x0000000000000129       0x31 _build/data_fifo.o
 .ARM.attributes
                0x000000000000015a       0x31 _build/command_fifo.o
 .ARM.attributes
                0x000000000000018b       0x31 _build/system_nrf51.o
 .ARM.attributes
                0x00000000000001bc       0x1b _build/gcc_startup_nrf51.o
 .ARM.attributes
                0x00000000000001d7       0x1e /Users/andyz/Research/OMNI/MarioRadio/gcc-arm-none-eabi-4_9-2015q2/bin/../lib/gcc/arm-none-eabi/4.9.3/armv6-m/libgcc.a(_divsi3.o)
 .ARM.attributes
                0x00000000000001f5       0x1e /Users/andyz/Research/OMNI/MarioRadio/gcc-arm-none-eabi-4_9-2015q2/bin/../lib/gcc/arm-none-eabi/4.9.3/armv6-m/libgcc.a(_dvmd_tls.o)
 .ARM.attributes
                0x0000000000000213       0x2c /Users/andyz/Research/OMNI/MarioRadio/gcc-arm-none-eabi-4_9-2015q2/bin/../lib/gcc/arm-none-eabi/4.9.3/../../../../arm-none-eabi/lib/armv6-m/libc.a(lib_a-exit.o)
 .ARM.attributes
                0x000000000000023f       0x2c /Users/andyz/Research/OMNI/MarioRadio/gcc-arm-none-eabi-4_9-2015q2/bin/../lib/gcc/arm-none-eabi/4.9.3/../../../../arm-none-eabi/lib/armv6-m/libc.a(lib_a-impure.o)
 .ARM.attributes
                0x000000000000026b       0x2c /Users/andyz/Research/OMNI/MarioRadio/gcc-arm-none-eabi-4_9-2015q2/bin/../lib/gcc/arm-none-eabi/4.9.3/../../../../arm-none-eabi/lib/armv6-m/libc.a(lib_a-init.o)
 .ARM.attributes
                0x0000000000000297       0x2c /Users/andyz/Research/OMNI/MarioRadio/gcc-arm-none-eabi-4_9-2015q2/bin/../lib/gcc/arm-none-eabi/4.9.3/../../../../arm-none-eabi/lib/armv6-m/libc.a(lib_a-memset.o)
 .ARM.attributes
                0x00000000000002c3       0x2c /Users/andyz/Research/OMNI/MarioRadio/gcc-arm-none-eabi-4_9-2015q2/bin/../lib/gcc/arm-none-eabi/4.9.3/../../../../arm-none-eabi/lib/armv6-m/libc.a(lib_a-__call_atexit.o)
 .ARM.attributes
                0x00000000000002ef       0x2c /Users/andyz/Research/OMNI/MarioRadio/gcc-arm-none-eabi-4_9-2015q2/bin/../lib/gcc/arm-none-eabi/4.9.3/../../../../arm-none-eabi/lib/armv6-m/libc.a(lib_a-atexit.o)
 .ARM.attributes
                0x000000000000031b       0x2c /Users/andyz/Research/OMNI/MarioRadio/gcc-arm-none-eabi-4_9-2015q2/bin/../lib/gcc/arm-none-eabi/4.9.3/../../../../arm-none-eabi/lib/armv6-m/libc.a(lib_a-fini.o)
 .ARM.attributes
                0x0000000000000347       0x2c /Users/andyz/Research/OMNI/MarioRadio/gcc-arm-none-eabi-4_9-2015q2/bin/../lib/gcc/arm-none-eabi/4.9.3/../../../../arm-none-eabi/lib/armv6-m/libc.a(lib_a-__atexit.o)
 .ARM.attributes
                0x0000000000000373       0x2c /Users/andyz/Research/OMNI/MarioRadio/gcc-arm-none-eabi-4_9-2015q2/bin/../lib/gcc/arm-none-eabi/4.9.3/armv6-m/crtend.o
 .ARM.attributes
                0x000000000000039f       0x1e /Users/andyz/Research/OMNI/MarioRadio/gcc-arm-none-eabi-4_9-2015q2/bin/../lib/gcc/arm-none-eabi/4.9.3/armv6-m/crtn.o
 .ARM.attributes
                0x00000000000003bd       0x2c /Users/andyz/Research/OMNI/MarioRadio/gcc-arm-none-eabi-4_9-2015q2/bin/../lib/gcc/arm-none-eabi/4.9.3/../../../../arm-none-eabi/lib/armv6-m/libnosys.a(_exit.o)

.comment        0x0000000000000000       0x70
 .comment       0x0000000000000000       0x70 _build/main_gui.o
                                         0x71 (size before relaxing)
 .comment       0x0000000000000000       0x71 _build/radio_config.o
 .comment       0x0000000000000000       0x71 _build/nrf_delay.o
 .comment       0x0000000000000000       0x71 _build/spi.o
 .comment       0x0000000000000000       0x71 _build/data_fifo.o
 .comment       0x0000000000000000       0x71 _build/command_fifo.o
 .comment       0x0000000000000000       0x71 _build/system_nrf51.o

.debug_frame    0x0000000000000000      0x1a4
 .debug_frame   0x0000000000000000       0x20 /Users/andyz/Research/OMNI/MarioRadio/gcc-arm-none-eabi-4_9-2015q2/bin/../lib/gcc/arm-none-eabi/4.9.3/armv6-m/libgcc.a(_divsi3.o)
 .debug_frame   0x0000000000000020       0x28 /Users/andyz/Research/OMNI/MarioRadio/gcc-arm-none-eabi-4_9-2015q2/bin/../lib/gcc/arm-none-eabi/4.9.3/../../../../arm-none-eabi/lib/armv6-m/libc.a(lib_a-exit.o)
 .debug_frame   0x0000000000000048       0x2c /Users/andyz/Research/OMNI/MarioRadio/gcc-arm-none-eabi-4_9-2015q2/bin/../lib/gcc/arm-none-eabi/4.9.3/../../../../arm-none-eabi/lib/armv6-m/libc.a(lib_a-init.o)
 .debug_frame   0x0000000000000074       0x2c /Users/andyz/Research/OMNI/MarioRadio/gcc-arm-none-eabi-4_9-2015q2/bin/../lib/gcc/arm-none-eabi/4.9.3/../../../../arm-none-eabi/lib/armv6-m/libc.a(lib_a-memset.o)
 .debug_frame   0x00000000000000a0       0x54 /Users/andyz/Research/OMNI/MarioRadio/gcc-arm-none-eabi-4_9-2015q2/bin/../lib/gcc/arm-none-eabi/4.9.3/../../../../arm-none-eabi/lib/armv6-m/libc.a(lib_a-__call_atexit.o)
 .debug_frame   0x00000000000000f4       0x28 /Users/andyz/Research/OMNI/MarioRadio/gcc-arm-none-eabi-4_9-2015q2/bin/../lib/gcc/arm-none-eabi/4.9.3/../../../../arm-none-eabi/lib/armv6-m/libc.a(lib_a-atexit.o)
 .debug_frame   0x000000000000011c       0x2c /Users/andyz/Research/OMNI/MarioRadio/gcc-arm-none-eabi-4_9-2015q2/bin/../lib/gcc/arm-none-eabi/4.9.3/../../../../arm-none-eabi/lib/armv6-m/libc.a(lib_a-fini.o)
 .debug_frame   0x0000000000000148       0x3c /Users/andyz/Research/OMNI/MarioRadio/gcc-arm-none-eabi-4_9-2015q2/bin/../lib/gcc/arm-none-eabi/4.9.3/../../../../arm-none-eabi/lib/armv6-m/libc.a(lib_a-__atexit.o)
 .debug_frame   0x0000000000000184       0x20 /Users/andyz/Research/OMNI/MarioRadio/gcc-arm-none-eabi-4_9-2015q2/bin/../lib/gcc/arm-none-eabi/4.9.3/../../../../arm-none-eabi/lib/armv6-m/libnosys.a(_exit.o)
