Archive member included because of file (symbol)

/Users/andyz/Research/OMNI/MarioRadio/gcc-arm-none-eabi-4_9-2015q2/bin/../lib/gcc/arm-none-eabi/4.9.3/armv6-m/libgcc.a(_divsi3.o)
                              _build/data_fifo.o (__aeabi_idivmod)
/Users/andyz/Research/OMNI/MarioRadio/gcc-arm-none-eabi-4_9-2015q2/bin/../lib/gcc/arm-none-eabi/4.9.3/armv6-m/libgcc.a(_dvmd_tls.o)
                              /Users/andyz/Research/OMNI/MarioRadio/gcc-arm-none-eabi-4_9-2015q2/bin/../lib/gcc/arm-none-eabi/4.9.3/armv6-m/libgcc.a(_divsi3.o) (__aeabi_idiv0)
/Users/andyz/Research/OMNI/MarioRadio/gcc-arm-none-eabi-4_9-2015q2/bin/../lib/gcc/arm-none-eabi/4.9.3/../../../../arm-none-eabi/lib/armv6-m/libc.a(lib_a-exit.o)
                              /Users/andyz/Research/OMNI/MarioRadio/gcc-arm-none-eabi-4_9-2015q2/bin/../lib/gcc/arm-none-eabi/4.9.3/../../../../arm-none-eabi/lib/armv6-m/crt0.o (exit)
/Users/andyz/Research/OMNI/MarioRadio/gcc-arm-none-eabi-4_9-2015q2/bin/../lib/gcc/arm-none-eabi/4.9.3/../../../../arm-none-eabi/lib/armv6-m/libc.a(lib_a-impure.o)
                              /Users/andyz/Research/OMNI/MarioRadio/gcc-arm-none-eabi-4_9-2015q2/bin/../lib/gcc/arm-none-eabi/4.9.3/../../../../arm-none-eabi/lib/armv6-m/libc.a(lib_a-exit.o) (_global_impure_ptr)
/Users/andyz/Research/OMNI/MarioRadio/gcc-arm-none-eabi-4_9-2015q2/bin/../lib/gcc/arm-none-eabi/4.9.3/../../../../arm-none-eabi/lib/armv6-m/libc.a(lib_a-init.o)
                              /Users/andyz/Research/OMNI/MarioRadio/gcc-arm-none-eabi-4_9-2015q2/bin/../lib/gcc/arm-none-eabi/4.9.3/../../../../arm-none-eabi/lib/armv6-m/crt0.o (__libc_init_array)
/Users/andyz/Research/OMNI/MarioRadio/gcc-arm-none-eabi-4_9-2015q2/bin/../lib/gcc/arm-none-eabi/4.9.3/../../../../arm-none-eabi/lib/armv6-m/libc.a(lib_a-memset.o)
                              /Users/andyz/Research/OMNI/MarioRadio/gcc-arm-none-eabi-4_9-2015q2/bin/../lib/gcc/arm-none-eabi/4.9.3/../../../../arm-none-eabi/lib/armv6-m/crt0.o (memset)
/Users/andyz/Research/OMNI/MarioRadio/gcc-arm-none-eabi-4_9-2015q2/bin/../lib/gcc/arm-none-eabi/4.9.3/../../../../arm-none-eabi/lib/armv6-m/libc.a(lib_a-__call_atexit.o)
                              /Users/andyz/Research/OMNI/MarioRadio/gcc-arm-none-eabi-4_9-2015q2/bin/../lib/gcc/arm-none-eabi/4.9.3/../../../../arm-none-eabi/lib/armv6-m/libc.a(lib_a-exit.o) (__call_exitprocs)
/Users/andyz/Research/OMNI/MarioRadio/gcc-arm-none-eabi-4_9-2015q2/bin/../lib/gcc/arm-none-eabi/4.9.3/../../../../arm-none-eabi/lib/armv6-m/libc.a(lib_a-atexit.o)
                              /Users/andyz/Research/OMNI/MarioRadio/gcc-arm-none-eabi-4_9-2015q2/bin/../lib/gcc/arm-none-eabi/4.9.3/../../../../arm-none-eabi/lib/armv6-m/libc.a(lib_a-__call_atexit.o) (atexit)
/Users/andyz/Research/OMNI/MarioRadio/gcc-arm-none-eabi-4_9-2015q2/bin/../lib/gcc/arm-none-eabi/4.9.3/../../../../arm-none-eabi/lib/armv6-m/libc.a(lib_a-fini.o)
                              /Users/andyz/Research/OMNI/MarioRadio/gcc-arm-none-eabi-4_9-2015q2/bin/../lib/gcc/arm-none-eabi/4.9.3/../../../../arm-none-eabi/lib/armv6-m/libc.a(lib_a-__call_atexit.o) (__libc_fini_array)
/Users/andyz/Research/OMNI/MarioRadio/gcc-arm-none-eabi-4_9-2015q2/bin/../lib/gcc/arm-none-eabi/4.9.3/../../../../arm-none-eabi/lib/armv6-m/libc.a(lib_a-__atexit.o)
                              /Users/andyz/Research/OMNI/MarioRadio/gcc-arm-none-eabi-4_9-2015q2/bin/../lib/gcc/arm-none-eabi/4.9.3/../../../../arm-none-eabi/lib/armv6-m/libc.a(lib_a-atexit.o) (__register_exitproc)
/Users/andyz/Research/OMNI/MarioRadio/gcc-arm-none-eabi-4_9-2015q2/bin/../lib/gcc/arm-none-eabi/4.9.3/../../../../arm-none-eabi/lib/armv6-m/libnosys.a(_exit.o)
                              /Users/andyz/Research/OMNI/MarioRadio/gcc-arm-none-eabi-4_9-2015q2/bin/../lib/gcc/arm-none-eabi/4.9.3/../../../../arm-none-eabi/lib/armv6-m/libc.a(lib_a-exit.o) (_exit)

Allocating common symbols
Common symbol       size              file

command_packet      0xc8              _build/radio_config.o
rec_packet1         0x4               _build/radio_config.o
newPacketPtr        0x4               _build/radio_config.o
write_pointer       0x4               _build/main_gui.o
data_fifo           0x280b            _build/data_fifo.o
spi_running         0x1               _build/spi.o
length              0x1               _build/main_gui.o
command             0x5               _build/main_gui.o
i                   0x1               _build/main_gui.o
rec_packet2         0x4               _build/radio_config.o
spi_data            0x4               _build/main_gui.o
command_fifo        0x32              _build/command_fifo.o
overflow_packet     0xc8              _build/radio_config.o
rx_buf              0x4               _build/spi.o
data                0x4               _build/main_gui.o
tx_buf              0x4               _build/spi.o

Memory Configuration

Name             Origin             Length             Attributes
FLASH            0x0000000000000000 0x0000000000040000 xr
RAM              0x0000000020000000 0x0000000000004000 xrw
*default*        0x0000000000000000 0xffffffffffffffff

Linker script and memory map

LOAD /Users/andyz/Research/OMNI/MarioRadio/gcc-arm-none-eabi-4_9-2015q2/bin/../lib/gcc/arm-none-eabi/4.9.3/armv6-m/crti.o
LOAD /Users/andyz/Research/OMNI/MarioRadio/gcc-arm-none-eabi-4_9-2015q2/bin/../lib/gcc/arm-none-eabi/4.9.3/armv6-m/crtbegin.o
LOAD /Users/andyz/Research/OMNI/MarioRadio/gcc-arm-none-eabi-4_9-2015q2/bin/../lib/gcc/arm-none-eabi/4.9.3/../../../../arm-none-eabi/lib/armv6-m/crt0.o
LOAD _build/main_gui.o
LOAD _build/radio_config.o
LOAD _build/nrf_delay.o
LOAD _build/spi.o
LOAD _build/data_fifo.o
LOAD _build/command_fifo.o
LOAD _build/spi_slave.o
LOAD _build/system_nrf51.o
LOAD _build/gcc_startup_nrf51.o
START GROUP
LOAD /Users/andyz/Research/OMNI/MarioRadio/gcc-arm-none-eabi-4_9-2015q2/bin/../lib/gcc/arm-none-eabi/4.9.3/armv6-m/libgcc.a
LOAD /Users/andyz/Research/OMNI/MarioRadio/gcc-arm-none-eabi-4_9-2015q2/bin/../lib/gcc/arm-none-eabi/4.9.3/../../../../arm-none-eabi/lib/armv6-m/libc.a
END GROUP
LOAD /Users/andyz/Research/OMNI/MarioRadio/gcc-arm-none-eabi-4_9-2015q2/bin/../lib/gcc/arm-none-eabi/4.9.3/armv6-m/crtend.o
LOAD /Users/andyz/Research/OMNI/MarioRadio/gcc-arm-none-eabi-4_9-2015q2/bin/../lib/gcc/arm-none-eabi/4.9.3/armv6-m/crtn.o
START GROUP
LOAD /Users/andyz/Research/OMNI/MarioRadio/gcc-arm-none-eabi-4_9-2015q2/bin/../lib/gcc/arm-none-eabi/4.9.3/armv6-m/libgcc.a
LOAD /Users/andyz/Research/OMNI/MarioRadio/gcc-arm-none-eabi-4_9-2015q2/bin/../lib/gcc/arm-none-eabi/4.9.3/../../../../arm-none-eabi/lib/armv6-m/libc.a
LOAD /Users/andyz/Research/OMNI/MarioRadio/gcc-arm-none-eabi-4_9-2015q2/bin/../lib/gcc/arm-none-eabi/4.9.3/../../../../arm-none-eabi/lib/armv6-m/libnosys.a
END GROUP

.text           0x0000000000000000     0x1968
 *(.Vectors)
 .Vectors       0x0000000000000000       0xc0 _build/gcc_startup_nrf51.o
                0x0000000000000000                __Vectors
 *(.text*)
 .text          0x00000000000000c0        0x0 /Users/andyz/Research/OMNI/MarioRadio/gcc-arm-none-eabi-4_9-2015q2/bin/../lib/gcc/arm-none-eabi/4.9.3/armv6-m/crti.o
 .text          0x00000000000000c0       0x60 /Users/andyz/Research/OMNI/MarioRadio/gcc-arm-none-eabi-4_9-2015q2/bin/../lib/gcc/arm-none-eabi/4.9.3/armv6-m/crtbegin.o
 .text          0x0000000000000120       0x78 /Users/andyz/Research/OMNI/MarioRadio/gcc-arm-none-eabi-4_9-2015q2/bin/../lib/gcc/arm-none-eabi/4.9.3/../../../../arm-none-eabi/lib/armv6-m/crt0.o
                0x0000000000000120                _mainCRTStartup
                0x0000000000000120                _start
 .text          0x0000000000000198       0x78 _build/main_gui.o
                0x0000000000000198                app_error_handler
                0x00000000000001a8                init
                0x0000000000000204                main
 .text          0x0000000000000210      0x5d0 _build/radio_config.o
                0x0000000000000370                radio_configure
                0x00000000000004e8                RADIO_IRQHandler
 .text          0x00000000000007e0       0x5c _build/nrf_delay.o
                0x0000000000000814                nrf_delay_ms
 .text          0x000000000000083c      0x2c4 _build/spi.o
                0x000000000000087c                spi_slave_event_handle
                0x000000000000095c                spi_init
                0x0000000000000a98                radio_spi_start
 .text          0x0000000000000b00      0x118 _build/data_fifo.o
                0x0000000000000b00                write_data
                0x0000000000000b58                read_data
                0x0000000000000bcc                unread_data
                0x0000000000000c04                get_num_data
 .text          0x0000000000000c18       0xc4 _build/command_fifo.o
                0x0000000000000c18                write_command
                0x0000000000000c68                finish_write_command
                0x0000000000000c80                read_command
 .text          0x0000000000000cdc      0x594 _build/spi_slave.o
                0x0000000000000e0c                spi_slave_evt_handler_register
                0x0000000000000e34                spi_slave_set_cs_pull_up_config
                0x0000000000000e50                spi_slave_set_drive_config
                0x0000000000000e6c                spi_slave_init
                0x000000000000112c                spi_slave_buffers_set
                0x00000000000011bc                SPI1_TWI1_IRQHandler
 .text          0x0000000000001270      0x124 _build/system_nrf51.o
                0x0000000000001270                SystemCoreClockUpdate
                0x0000000000001288                SystemInit
 .text          0x0000000000001394       0x54 _build/gcc_startup_nrf51.o
                0x0000000000001394                Reset_Handler
                0x00000000000013dc                NMI_Handler
                0x00000000000013de                HardFault_Handler
                0x00000000000013e0                SVC_Handler
                0x00000000000013e2                PendSV_Handler
                0x00000000000013e4                SysTick_Handler
                0x00000000000013e6                SWI4_IRQHandler
                0x00000000000013e6                TEMP_IRQHandler
                0x00000000000013e6                QDEC_IRQHandler
                0x00000000000013e6                UART0_IRQHandler
                0x00000000000013e6                SWI5_IRQHandler
                0x00000000000013e6                TIMER0_IRQHandler
                0x00000000000013e6                SWI0_IRQHandler
                0x00000000000013e6                TIMER1_IRQHandler
                0x00000000000013e6                ECB_IRQHandler
                0x00000000000013e6                Default_Handler
                0x00000000000013e6                ADC_IRQHandler
                0x00000000000013e6                SWI3_IRQHandler
                0x00000000000013e6                CCM_AAR_IRQHandler
                0x00000000000013e6                WDT_IRQHandler
                0x00000000000013e6                SWI2_IRQHandler
                0x00000000000013e6                RNG_IRQHandler
                0x00000000000013e6                RTC1_IRQHandler
                0x00000000000013e6                TIMER2_IRQHandler
                0x00000000000013e6                SWI1_IRQHandler
                0x00000000000013e6                SPI0_TWI0_IRQHandler
                0x00000000000013e6                RTC0_IRQHandler
                0x00000000000013e6                GPIOTE_IRQHandler
                0x00000000000013e6                POWER_CLOCK_IRQHandler
                0x00000000000013e6                LPCOMP_IRQHandler
 .text          0x00000000000013e8      0x1e0 /Users/andyz/Research/OMNI/MarioRadio/gcc-arm-none-eabi-4_9-2015q2/bin/../lib/gcc/arm-none-eabi/4.9.3/armv6-m/libgcc.a(_divsi3.o)
                0x00000000000013e8                __aeabi_idiv
                0x00000000000013e8                __divsi3
                0x00000000000015b4                __aeabi_idivmod
 .text          0x00000000000015c8        0x4 /Users/andyz/Research/OMNI/MarioRadio/gcc-arm-none-eabi-4_9-2015q2/bin/../lib/gcc/arm-none-eabi/4.9.3/armv6-m/libgcc.a(_dvmd_tls.o)
                0x00000000000015c8                __aeabi_ldiv0
                0x00000000000015c8                __aeabi_idiv0
 .text          0x00000000000015cc        0x0 /Users/andyz/Research/OMNI/MarioRadio/gcc-arm-none-eabi-4_9-2015q2/bin/../lib/gcc/arm-none-eabi/4.9.3/../../../../arm-none-eabi/lib/armv6-m/libc.a(lib_a-exit.o)
 .text.exit     0x00000000000015cc       0x20 /Users/andyz/Research/OMNI/MarioRadio/gcc-arm-none-eabi-4_9-2015q2/bin/../lib/gcc/arm-none-eabi/4.9.3/../../../../arm-none-eabi/lib/armv6-m/libc.a(lib_a-exit.o)
                0x00000000000015cc                exit
 .text          0x00000000000015ec        0x0 /Users/andyz/Research/OMNI/MarioRadio/gcc-arm-none-eabi-4_9-2015q2/bin/../lib/gcc/arm-none-eabi/4.9.3/../../../../arm-none-eabi/lib/armv6-m/libc.a(lib_a-impure.o)
 .text          0x00000000000015ec        0x0 /Users/andyz/Research/OMNI/MarioRadio/gcc-arm-none-eabi-4_9-2015q2/bin/../lib/gcc/arm-none-eabi/4.9.3/../../../../arm-none-eabi/lib/armv6-m/libc.a(lib_a-init.o)
 .text.__libc_init_array
                0x00000000000015ec       0x48 /Users/andyz/Research/OMNI/MarioRadio/gcc-arm-none-eabi-4_9-2015q2/bin/../lib/gcc/arm-none-eabi/4.9.3/../../../../arm-none-eabi/lib/armv6-m/libc.a(lib_a-init.o)
                0x00000000000015ec                __libc_init_array
 .text          0x0000000000001634        0x0 /Users/andyz/Research/OMNI/MarioRadio/gcc-arm-none-eabi-4_9-2015q2/bin/../lib/gcc/arm-none-eabi/4.9.3/../../../../arm-none-eabi/lib/armv6-m/libc.a(lib_a-memset.o)
 .text.memset   0x0000000000001634       0x8c /Users/andyz/Research/OMNI/MarioRadio/gcc-arm-none-eabi-4_9-2015q2/bin/../lib/gcc/arm-none-eabi/4.9.3/../../../../arm-none-eabi/lib/armv6-m/libc.a(lib_a-memset.o)
                0x0000000000001634                memset
 .text          0x00000000000016c0        0x0 /Users/andyz/Research/OMNI/MarioRadio/gcc-arm-none-eabi-4_9-2015q2/bin/../lib/gcc/arm-none-eabi/4.9.3/../../../../arm-none-eabi/lib/armv6-m/libc.a(lib_a-__call_atexit.o)
 .text.startup.register_fini
                0x00000000000016c0       0x18 /Users/andyz/Research/OMNI/MarioRadio/gcc-arm-none-eabi-4_9-2015q2/bin/../lib/gcc/arm-none-eabi/4.9.3/../../../../arm-none-eabi/lib/armv6-m/libc.a(lib_a-__call_atexit.o)
 .text.__call_exitprocs
                0x00000000000016d8      0x108 /Users/andyz/Research/OMNI/MarioRadio/gcc-arm-none-eabi-4_9-2015q2/bin/../lib/gcc/arm-none-eabi/4.9.3/../../../../arm-none-eabi/lib/armv6-m/libc.a(lib_a-__call_atexit.o)
                0x00000000000016d8                __call_exitprocs
 .text          0x00000000000017e0        0x0 /Users/andyz/Research/OMNI/MarioRadio/gcc-arm-none-eabi-4_9-2015q2/bin/../lib/gcc/arm-none-eabi/4.9.3/../../../../arm-none-eabi/lib/armv6-m/libc.a(lib_a-atexit.o)
 .text.atexit   0x00000000000017e0       0x10 /Users/andyz/Research/OMNI/MarioRadio/gcc-arm-none-eabi-4_9-2015q2/bin/../lib/gcc/arm-none-eabi/4.9.3/../../../../arm-none-eabi/lib/armv6-m/libc.a(lib_a-atexit.o)
                0x00000000000017e0                atexit
 .text          0x00000000000017f0        0x0 /Users/andyz/Research/OMNI/MarioRadio/gcc-arm-none-eabi-4_9-2015q2/bin/../lib/gcc/arm-none-eabi/4.9.3/../../../../arm-none-eabi/lib/armv6-m/libc.a(lib_a-fini.o)
 .text.__libc_fini_array
                0x00000000000017f0       0x34 /Users/andyz/Research/OMNI/MarioRadio/gcc-arm-none-eabi-4_9-2015q2/bin/../lib/gcc/arm-none-eabi/4.9.3/../../../../arm-none-eabi/lib/armv6-m/libc.a(lib_a-fini.o)
                0x00000000000017f0                __libc_fini_array
 .text          0x0000000000001824        0x0 /Users/andyz/Research/OMNI/MarioRadio/gcc-arm-none-eabi-4_9-2015q2/bin/../lib/gcc/arm-none-eabi/4.9.3/../../../../arm-none-eabi/lib/armv6-m/libc.a(lib_a-__atexit.o)
 .text.__register_exitproc
                0x0000000000001824       0xd4 /Users/andyz/Research/OMNI/MarioRadio/gcc-arm-none-eabi-4_9-2015q2/bin/../lib/gcc/arm-none-eabi/4.9.3/../../../../arm-none-eabi/lib/armv6-m/libc.a(lib_a-__atexit.o)
                0x0000000000001824                __register_exitproc
 .text          0x00000000000018f8        0x0 /Users/andyz/Research/OMNI/MarioRadio/gcc-arm-none-eabi-4_9-2015q2/bin/../lib/gcc/arm-none-eabi/4.9.3/armv6-m/crtend.o
 .text          0x00000000000018f8        0x0 /Users/andyz/Research/OMNI/MarioRadio/gcc-arm-none-eabi-4_9-2015q2/bin/../lib/gcc/arm-none-eabi/4.9.3/armv6-m/crtn.o
 .text          0x00000000000018f8        0x0 /Users/andyz/Research/OMNI/MarioRadio/gcc-arm-none-eabi-4_9-2015q2/bin/../lib/gcc/arm-none-eabi/4.9.3/../../../../arm-none-eabi/lib/armv6-m/libnosys.a(_exit.o)
 .text._exit    0x00000000000018f8        0x4 /Users/andyz/Research/OMNI/MarioRadio/gcc-arm-none-eabi-4_9-2015q2/bin/../lib/gcc/arm-none-eabi/4.9.3/../../../../arm-none-eabi/lib/armv6-m/libnosys.a(_exit.o)
                0x00000000000018f8                _exit
 *(.init)
 .init          0x00000000000018fc        0x4 /Users/andyz/Research/OMNI/MarioRadio/gcc-arm-none-eabi-4_9-2015q2/bin/../lib/gcc/arm-none-eabi/4.9.3/armv6-m/crti.o
                0x00000000000018fc                _init
 .init          0x0000000000001900        0x8 /Users/andyz/Research/OMNI/MarioRadio/gcc-arm-none-eabi-4_9-2015q2/bin/../lib/gcc/arm-none-eabi/4.9.3/armv6-m/crtn.o
 *(.fini)
 .fini          0x0000000000001908        0x4 /Users/andyz/Research/OMNI/MarioRadio/gcc-arm-none-eabi-4_9-2015q2/bin/../lib/gcc/arm-none-eabi/4.9.3/armv6-m/crti.o
                0x0000000000001908                _fini
 .fini          0x000000000000190c        0x8 /Users/andyz/Research/OMNI/MarioRadio/gcc-arm-none-eabi-4_9-2015q2/bin/../lib/gcc/arm-none-eabi/4.9.3/armv6-m/crtn.o
 *crtbegin.o(.ctors)
 *crtbegin?.o(.ctors)
 *(EXCLUDE_FILE(*crtend.o *crtend?.o) .ctors)
 *(SORT(.ctors.*))
 *(.ctors)
 *crtbegin.o(.dtors)
 *crtbegin?.o(.dtors)
 *(EXCLUDE_FILE(*crtend.o *crtend?.o) .dtors)
 *(SORT(.dtors.*))
 *(.dtors)
 *(.rodata*)
 .rodata        0x0000000000001914        0xe _build/main_gui.o
 *fill*         0x0000000000001922        0x2 
 .rodata        0x0000000000001924        0x9 _build/spi.o
 *fill*         0x000000000000192d        0x3 
 .rodata        0x0000000000001930       0x2a _build/spi_slave.o
 *fill*         0x000000000000195a        0x2 
 .rodata.str1.4
                0x000000000000195c        0x4 /Users/andyz/Research/OMNI/MarioRadio/gcc-arm-none-eabi-4_9-2015q2/bin/../lib/gcc/arm-none-eabi/4.9.3/../../../../arm-none-eabi/lib/armv6-m/libc.a(lib_a-impure.o)
                                          0x2 (size before relaxing)
 .rodata._global_impure_ptr
                0x0000000000001960        0x4 /Users/andyz/Research/OMNI/MarioRadio/gcc-arm-none-eabi-4_9-2015q2/bin/../lib/gcc/arm-none-eabi/4.9.3/../../../../arm-none-eabi/lib/armv6-m/libc.a(lib_a-impure.o)
                0x0000000000001960                _global_impure_ptr
 *(.eh_frame*)
 .eh_frame      0x0000000000001964        0x0 /Users/andyz/Research/OMNI/MarioRadio/gcc-arm-none-eabi-4_9-2015q2/bin/../lib/gcc/arm-none-eabi/4.9.3/armv6-m/crtbegin.o
 .eh_frame      0x0000000000001964        0x4 /Users/andyz/Research/OMNI/MarioRadio/gcc-arm-none-eabi-4_9-2015q2/bin/../lib/gcc/arm-none-eabi/4.9.3/armv6-m/crtend.o

.glue_7         0x0000000000001968        0x0
 .glue_7        0x0000000000000000        0x0 linker stubs

.glue_7t        0x0000000000001968        0x0
 .glue_7t       0x0000000000000000        0x0 linker stubs

.vfp11_veneer   0x0000000000001968        0x0
 .vfp11_veneer  0x0000000000000000        0x0 linker stubs

.v4_bx          0x0000000000001968        0x0
 .v4_bx         0x0000000000000000        0x0 linker stubs

.iplt           0x0000000000001968        0x0
 .iplt          0x0000000000000000        0x0 /Users/andyz/Research/OMNI/MarioRadio/gcc-arm-none-eabi-4_9-2015q2/bin/../lib/gcc/arm-none-eabi/4.9.3/armv6-m/crtbegin.o

.ARM.extab      0x0000000000001968        0x0
 *(.ARM.extab* .gnu.linkonce.armextab.*)
 .ARM.extab     0x0000000000001968        0x0 /Users/andyz/Research/OMNI/MarioRadio/gcc-arm-none-eabi-4_9-2015q2/bin/../lib/gcc/arm-none-eabi/4.9.3/../../../../arm-none-eabi/lib/armv6-m/crt0.o
 .ARM.extab     0x0000000000001968        0x0 _build/gcc_startup_nrf51.o
                0x0000000000001968                __exidx_start = .

.ARM.exidx      0x0000000000001968        0x8
 *(.ARM.exidx* .gnu.linkonce.armexidx.*)
 .ARM.exidx     0x0000000000001968        0x8 /Users/andyz/Research/OMNI/MarioRadio/gcc-arm-none-eabi-4_9-2015q2/bin/../lib/gcc/arm-none-eabi/4.9.3/../../../../arm-none-eabi/lib/armv6-m/crt0.o
 .ARM.exidx     0x0000000000001970        0x0 _build/gcc_startup_nrf51.o
                                          0x8 (size before relaxing)
                0x0000000000001970                __exidx_end = .
                0x0000000000001970                __etext = .

.rel.dyn        0x0000000000001970        0x0
 .rel.iplt      0x0000000000000000        0x0 /Users/andyz/Research/OMNI/MarioRadio/gcc-arm-none-eabi-4_9-2015q2/bin/../lib/gcc/arm-none-eabi/4.9.3/armv6-m/crtbegin.o

.data           0x0000000020000000      0x444 load address 0x0000000000001970
                0x0000000020000000                __data_start__ = .
 *(vtable)
 *(.data*)
 .data          0x0000000020000000        0x0 /Users/andyz/Research/OMNI/MarioRadio/gcc-arm-none-eabi-4_9-2015q2/bin/../lib/gcc/arm-none-eabi/4.9.3/armv6-m/crti.o
 .data          0x0000000020000000        0x4 /Users/andyz/Research/OMNI/MarioRadio/gcc-arm-none-eabi-4_9-2015q2/bin/../lib/gcc/arm-none-eabi/4.9.3/armv6-m/crtbegin.o
                0x0000000020000000                __dso_handle
 .data          0x0000000020000004        0x0 /Users/andyz/Research/OMNI/MarioRadio/gcc-arm-none-eabi-4_9-2015q2/bin/../lib/gcc/arm-none-eabi/4.9.3/../../../../arm-none-eabi/lib/armv6-m/crt0.o
 .data          0x0000000020000004        0x0 _build/main_gui.o
 .data          0x0000000020000004        0x0 _build/radio_config.o
 .data          0x0000000020000004        0x0 _build/nrf_delay.o
 .data          0x0000000020000004        0x0 _build/spi.o
 .data          0x0000000020000004        0x0 _build/data_fifo.o
 .data          0x0000000020000004        0x0 _build/command_fifo.o
 .data          0x0000000020000004        0x0 _build/spi_slave.o
 .data          0x0000000020000004        0x4 _build/system_nrf51.o
                0x0000000020000004                SystemCoreClock
 .data          0x0000000020000008        0x0 _build/gcc_startup_nrf51.o
 .data          0x0000000020000008        0x0 /Users/andyz/Research/OMNI/MarioRadio/gcc-arm-none-eabi-4_9-2015q2/bin/../lib/gcc/arm-none-eabi/4.9.3/armv6-m/libgcc.a(_divsi3.o)
 .data          0x0000000020000008        0x0 /Users/andyz/Research/OMNI/MarioRadio/gcc-arm-none-eabi-4_9-2015q2/bin/../lib/gcc/arm-none-eabi/4.9.3/armv6-m/libgcc.a(_dvmd_tls.o)
 .data          0x0000000020000008        0x0 /Users/andyz/Research/OMNI/MarioRadio/gcc-arm-none-eabi-4_9-2015q2/bin/../lib/gcc/arm-none-eabi/4.9.3/../../../../arm-none-eabi/lib/armv6-m/libc.a(lib_a-exit.o)
 .data          0x0000000020000008        0x0 /Users/andyz/Research/OMNI/MarioRadio/gcc-arm-none-eabi-4_9-2015q2/bin/../lib/gcc/arm-none-eabi/4.9.3/../../../../arm-none-eabi/lib/armv6-m/libc.a(lib_a-impure.o)
 .data.impure_data
                0x0000000020000008      0x428 /Users/andyz/Research/OMNI/MarioRadio/gcc-arm-none-eabi-4_9-2015q2/bin/../lib/gcc/arm-none-eabi/4.9.3/../../../../arm-none-eabi/lib/armv6-m/libc.a(lib_a-impure.o)
 .data._impure_ptr
                0x0000000020000430        0x4 /Users/andyz/Research/OMNI/MarioRadio/gcc-arm-none-eabi-4_9-2015q2/bin/../lib/gcc/arm-none-eabi/4.9.3/../../../../arm-none-eabi/lib/armv6-m/libc.a(lib_a-impure.o)
                0x0000000020000430                _impure_ptr
 .data          0x0000000020000434        0x0 /Users/andyz/Research/OMNI/MarioRadio/gcc-arm-none-eabi-4_9-2015q2/bin/../lib/gcc/arm-none-eabi/4.9.3/../../../../arm-none-eabi/lib/armv6-m/libc.a(lib_a-init.o)
 .data          0x0000000020000434        0x0 /Users/andyz/Research/OMNI/MarioRadio/gcc-arm-none-eabi-4_9-2015q2/bin/../lib/gcc/arm-none-eabi/4.9.3/../../../../arm-none-eabi/lib/armv6-m/libc.a(lib_a-memset.o)
 .data          0x0000000020000434        0x0 /Users/andyz/Research/OMNI/MarioRadio/gcc-arm-none-eabi-4_9-2015q2/bin/../lib/gcc/arm-none-eabi/4.9.3/../../../../arm-none-eabi/lib/armv6-m/libc.a(lib_a-__call_atexit.o)
 .data          0x0000000020000434        0x0 /Users/andyz/Research/OMNI/MarioRadio/gcc-arm-none-eabi-4_9-2015q2/bin/../lib/gcc/arm-none-eabi/4.9.3/../../../../arm-none-eabi/lib/armv6-m/libc.a(lib_a-atexit.o)
 .data          0x0000000020000434        0x0 /Users/andyz/Research/OMNI/MarioRadio/gcc-arm-none-eabi-4_9-2015q2/bin/../lib/gcc/arm-none-eabi/4.9.3/../../../../arm-none-eabi/lib/armv6-m/libc.a(lib_a-fini.o)
 .data          0x0000000020000434        0x0 /Users/andyz/Research/OMNI/MarioRadio/gcc-arm-none-eabi-4_9-2015q2/bin/../lib/gcc/arm-none-eabi/4.9.3/../../../../arm-none-eabi/lib/armv6-m/libc.a(lib_a-__atexit.o)
 .data          0x0000000020000434        0x0 /Users/andyz/Research/OMNI/MarioRadio/gcc-arm-none-eabi-4_9-2015q2/bin/../lib/gcc/arm-none-eabi/4.9.3/armv6-m/crtend.o
 .data          0x0000000020000434        0x0 /Users/andyz/Research/OMNI/MarioRadio/gcc-arm-none-eabi-4_9-2015q2/bin/../lib/gcc/arm-none-eabi/4.9.3/armv6-m/crtn.o
 .data          0x0000000020000434        0x0 /Users/andyz/Research/OMNI/MarioRadio/gcc-arm-none-eabi-4_9-2015q2/bin/../lib/gcc/arm-none-eabi/4.9.3/../../../../arm-none-eabi/lib/armv6-m/libnosys.a(_exit.o)
                0x0000000020000434                . = ALIGN (0x4)
                0x0000000020000434                PROVIDE (__preinit_array_start, .)
 *(.preinit_array)
                0x0000000020000434                PROVIDE (__preinit_array_end, .)
                0x0000000020000434                . = ALIGN (0x4)
                0x0000000020000434                PROVIDE (__init_array_start, .)
 *(SORT(.init_array.*))
 .init_array.00000
                0x0000000020000434        0x4 /Users/andyz/Research/OMNI/MarioRadio/gcc-arm-none-eabi-4_9-2015q2/bin/../lib/gcc/arm-none-eabi/4.9.3/../../../../arm-none-eabi/lib/armv6-m/libc.a(lib_a-__call_atexit.o)
 *(.init_array)
 .init_array    0x0000000020000438        0x4 /Users/andyz/Research/OMNI/MarioRadio/gcc-arm-none-eabi-4_9-2015q2/bin/../lib/gcc/arm-none-eabi/4.9.3/armv6-m/crtbegin.o
                0x000000002000043c                PROVIDE (__init_array_end, .)
                0x000000002000043c                . = ALIGN (0x4)
                0x000000002000043c                PROVIDE (__fini_array_start, .)
 *(SORT(.fini_array.*))
 *(.fini_array)
 .fini_array    0x000000002000043c        0x4 /Users/andyz/Research/OMNI/MarioRadio/gcc-arm-none-eabi-4_9-2015q2/bin/../lib/gcc/arm-none-eabi/4.9.3/armv6-m/crtbegin.o
                0x0000000020000440                PROVIDE (__fini_array_end, .)
 *(.jcr)
 .jcr           0x0000000020000440        0x0 /Users/andyz/Research/OMNI/MarioRadio/gcc-arm-none-eabi-4_9-2015q2/bin/../lib/gcc/arm-none-eabi/4.9.3/armv6-m/crtbegin.o
 .jcr           0x0000000020000440        0x4 /Users/andyz/Research/OMNI/MarioRadio/gcc-arm-none-eabi-4_9-2015q2/bin/../lib/gcc/arm-none-eabi/4.9.3/armv6-m/crtend.o
                0x0000000020000444                . = ALIGN (0x4)
                0x0000000020000444                __data_end__ = .

.igot.plt       0x0000000020000444        0x0 load address 0x0000000000001db4
 .igot.plt      0x0000000000000000        0x0 /Users/andyz/Research/OMNI/MarioRadio/gcc-arm-none-eabi-4_9-2015q2/bin/../lib/gcc/arm-none-eabi/4.9.3/armv6-m/crtbegin.o

.bss            0x0000000020000444     0x2b44 load address 0x0000000000001db4
                0x0000000020000444                . = ALIGN (0x4)
                0x0000000020000444                __bss_start__ = .
 *(.bss*)
 .bss           0x0000000020000444        0x0 /Users/andyz/Research/OMNI/MarioRadio/gcc-arm-none-eabi-4_9-2015q2/bin/../lib/gcc/arm-none-eabi/4.9.3/armv6-m/crti.o
 .bss           0x0000000020000444       0x1c /Users/andyz/Research/OMNI/MarioRadio/gcc-arm-none-eabi-4_9-2015q2/bin/../lib/gcc/arm-none-eabi/4.9.3/armv6-m/crtbegin.o
 .bss           0x0000000020000460        0x0 /Users/andyz/Research/OMNI/MarioRadio/gcc-arm-none-eabi-4_9-2015q2/bin/../lib/gcc/arm-none-eabi/4.9.3/../../../../arm-none-eabi/lib/armv6-m/crt0.o
 .bss           0x0000000020000460       0x14 _build/main_gui.o
                0x0000000020000460                bad_lengths
                0x0000000020000464                aa_count
                0x0000000020000468                spi_bytes
                0x000000002000046c                data_fifo_bytes_read
                0x0000000020000470                command_count
 .bss           0x0000000020000474       0x14 _build/radio_config.o
                0x0000000020000474                overflow1
                0x0000000020000475                overflow2
                0x0000000020000478                crc_count
                0x000000002000047c                packets_received
                0x0000000020000480                data_fifo_bytes_write
                0x0000000020000484                debug_radio_bytes
 .bss           0x0000000020000488        0x0 _build/nrf_delay.o
 .bss           0x0000000020000488       0xd4 _build/spi.o
                0x0000000020000558                spi_count
 .bss           0x000000002000055c        0x8 _build/data_fifo.o
                0x000000002000055c                d_read_ptr
                0x000000002000055d                d_write_ptr
                0x0000000020000560                d_size
 .bss           0x0000000020000564        0x3 _build/command_fifo.o
                0x0000000020000564                c_read_ptr
                0x0000000020000565                c_write_ptr
                0x0000000020000566                c_size
 *fill*         0x0000000020000567        0x1 
 .bss           0x0000000020000568       0x20 _build/spi_slave.o
 .bss           0x0000000020000588        0x0 _build/system_nrf51.o
 .bss           0x0000000020000588        0x0 _build/gcc_startup_nrf51.o
 .bss           0x0000000020000588        0x0 /Users/andyz/Research/OMNI/MarioRadio/gcc-arm-none-eabi-4_9-2015q2/bin/../lib/gcc/arm-none-eabi/4.9.3/armv6-m/libgcc.a(_divsi3.o)
 .bss           0x0000000020000588        0x0 /Users/andyz/Research/OMNI/MarioRadio/gcc-arm-none-eabi-4_9-2015q2/bin/../lib/gcc/arm-none-eabi/4.9.3/armv6-m/libgcc.a(_dvmd_tls.o)
 .bss           0x0000000020000588        0x0 /Users/andyz/Research/OMNI/MarioRadio/gcc-arm-none-eabi-4_9-2015q2/bin/../lib/gcc/arm-none-eabi/4.9.3/../../../../arm-none-eabi/lib/armv6-m/libc.a(lib_a-exit.o)
 .bss           0x0000000020000588        0x0 /Users/andyz/Research/OMNI/MarioRadio/gcc-arm-none-eabi-4_9-2015q2/bin/../lib/gcc/arm-none-eabi/4.9.3/../../../../arm-none-eabi/lib/armv6-m/libc.a(lib_a-impure.o)
 .bss           0x0000000020000588        0x0 /Users/andyz/Research/OMNI/MarioRadio/gcc-arm-none-eabi-4_9-2015q2/bin/../lib/gcc/arm-none-eabi/4.9.3/../../../../arm-none-eabi/lib/armv6-m/libc.a(lib_a-init.o)
 .bss           0x0000000020000588        0x0 /Users/andyz/Research/OMNI/MarioRadio/gcc-arm-none-eabi-4_9-2015q2/bin/../lib/gcc/arm-none-eabi/4.9.3/../../../../arm-none-eabi/lib/armv6-m/libc.a(lib_a-memset.o)
 .bss           0x0000000020000588        0x0 /Users/andyz/Research/OMNI/MarioRadio/gcc-arm-none-eabi-4_9-2015q2/bin/../lib/gcc/arm-none-eabi/4.9.3/../../../../arm-none-eabi/lib/armv6-m/libc.a(lib_a-__call_atexit.o)
 .bss           0x0000000020000588        0x0 /Users/andyz/Research/OMNI/MarioRadio/gcc-arm-none-eabi-4_9-2015q2/bin/../lib/gcc/arm-none-eabi/4.9.3/../../../../arm-none-eabi/lib/armv6-m/libc.a(lib_a-atexit.o)
 .bss           0x0000000020000588        0x0 /Users/andyz/Research/OMNI/MarioRadio/gcc-arm-none-eabi-4_9-2015q2/bin/../lib/gcc/arm-none-eabi/4.9.3/../../../../arm-none-eabi/lib/armv6-m/libc.a(lib_a-fini.o)
 .bss           0x0000000020000588        0x0 /Users/andyz/Research/OMNI/MarioRadio/gcc-arm-none-eabi-4_9-2015q2/bin/../lib/gcc/arm-none-eabi/4.9.3/../../../../arm-none-eabi/lib/armv6-m/libc.a(lib_a-__atexit.o)
 .bss           0x0000000020000588        0x0 /Users/andyz/Research/OMNI/MarioRadio/gcc-arm-none-eabi-4_9-2015q2/bin/../lib/gcc/arm-none-eabi/4.9.3/armv6-m/crtend.o
 .bss           0x0000000020000588        0x0 /Users/andyz/Research/OMNI/MarioRadio/gcc-arm-none-eabi-4_9-2015q2/bin/../lib/gcc/arm-none-eabi/4.9.3/armv6-m/crtn.o
 .bss           0x0000000020000588        0x0 /Users/andyz/Research/OMNI/MarioRadio/gcc-arm-none-eabi-4_9-2015q2/bin/../lib/gcc/arm-none-eabi/4.9.3/../../../../arm-none-eabi/lib/armv6-m/libnosys.a(_exit.o)
 *(COMMON)
 COMMON         0x0000000020000588       0x18 _build/main_gui.o
                0x0000000020000588                write_pointer
                0x000000002000058c                length
                0x0000000020000590                command
                0x0000000020000595                i
                0x0000000020000598                spi_data
                0x000000002000059c                data
 COMMON         0x00000000200005a0      0x19c _build/radio_config.o
                0x00000000200005a0                command_packet
                0x0000000020000668                rec_packet1
                0x000000002000066c                newPacketPtr
                0x0000000020000670                rec_packet2
                0x0000000020000674                overflow_packet
 COMMON         0x000000002000073c        0xc _build/spi.o
                0x000000002000073c                spi_running
                0x0000000020000740                rx_buf
                0x0000000020000744                tx_buf
 COMMON         0x0000000020000748     0x280b _build/data_fifo.o
                0x0000000020000748                data_fifo
 *fill*         0x0000000020002f53        0x1 
 COMMON         0x0000000020002f54       0x32 _build/command_fifo.o
                0x0000000020002f54                command_fifo
                0x0000000020002f88                . = ALIGN (0x4)
 *fill*         0x0000000020002f86        0x2 
                0x0000000020002f88                __bss_end__ = .

.heap           0x0000000020002f88      0x800
                0x0000000020002f88                __end__ = .
                0x0000000020002f88                end = __end__
 *(.heap*)
 .heap          0x0000000020002f88      0x800 _build/gcc_startup_nrf51.o
                0x0000000020002f88                __HeapBase
                0x0000000020003788                __HeapLimit = .

.stack_dummy    0x0000000020002f88      0x800
 *(.stack*)
 .stack         0x0000000020002f88      0x800 _build/gcc_startup_nrf51.o
                0x0000000020004000                __StackTop = (ORIGIN (RAM) + 0x4000)
                0x0000000020003800                __StackLimit = (__StackTop - SIZEOF (.stack_dummy))
                0x0000000020004000                PROVIDE (__stack, __StackTop)
                0x0000000000000001                ASSERT ((__StackLimit >= __HeapLimit), region RAM overflowed with stack)
OUTPUT(_build/gui_radio_xxaa.out elf32-littlearm)

.ARM.attributes
                0x0000000000000000       0x28
 .ARM.attributes
                0x0000000000000000       0x1e /Users/andyz/Research/OMNI/MarioRadio/gcc-arm-none-eabi-4_9-2015q2/bin/../lib/gcc/arm-none-eabi/4.9.3/armv6-m/crti.o
 .ARM.attributes
                0x000000000000001e       0x2c /Users/andyz/Research/OMNI/MarioRadio/gcc-arm-none-eabi-4_9-2015q2/bin/../lib/gcc/arm-none-eabi/4.9.3/armv6-m/crtbegin.o
 .ARM.attributes
                0x000000000000004a       0x1b /Users/andyz/Research/OMNI/MarioRadio/gcc-arm-none-eabi-4_9-2015q2/bin/../lib/gcc/arm-none-eabi/4.9.3/../../../../arm-none-eabi/lib/armv6-m/crt0.o
 .ARM.attributes
                0x0000000000000065       0x31 _build/main_gui.o
 .ARM.attributes
                0x0000000000000096       0x31 _build/radio_config.o
 .ARM.attributes
                0x00000000000000c7       0x31 _build/nrf_delay.o
 .ARM.attributes
                0x00000000000000f8       0x31 _build/spi.o
 .ARM.attributes
                0x0000000000000129       0x31 _build/data_fifo.o
 .ARM.attributes
                0x000000000000015a       0x31 _build/command_fifo.o
 .ARM.attributes
                0x000000000000018b       0x31 _build/spi_slave.o
 .ARM.attributes
                0x00000000000001bc       0x31 _build/system_nrf51.o
 .ARM.attributes
                0x00000000000001ed       0x1b _build/gcc_startup_nrf51.o
 .ARM.attributes
                0x0000000000000208       0x1e /Users/andyz/Research/OMNI/MarioRadio/gcc-arm-none-eabi-4_9-2015q2/bin/../lib/gcc/arm-none-eabi/4.9.3/armv6-m/libgcc.a(_divsi3.o)
 .ARM.attributes
                0x0000000000000226       0x1e /Users/andyz/Research/OMNI/MarioRadio/gcc-arm-none-eabi-4_9-2015q2/bin/../lib/gcc/arm-none-eabi/4.9.3/armv6-m/libgcc.a(_dvmd_tls.o)
 .ARM.attributes
                0x0000000000000244       0x2c /Users/andyz/Research/OMNI/MarioRadio/gcc-arm-none-eabi-4_9-2015q2/bin/../lib/gcc/arm-none-eabi/4.9.3/../../../../arm-none-eabi/lib/armv6-m/libc.a(lib_a-exit.o)
 .ARM.attributes
                0x0000000000000270       0x2c /Users/andyz/Research/OMNI/MarioRadio/gcc-arm-none-eabi-4_9-2015q2/bin/../lib/gcc/arm-none-eabi/4.9.3/../../../../arm-none-eabi/lib/armv6-m/libc.a(lib_a-impure.o)
 .ARM.attributes
                0x000000000000029c       0x2c /Users/andyz/Research/OMNI/MarioRadio/gcc-arm-none-eabi-4_9-2015q2/bin/../lib/gcc/arm-none-eabi/4.9.3/../../../../arm-none-eabi/lib/armv6-m/libc.a(lib_a-init.o)
 .ARM.attributes
                0x00000000000002c8       0x2c /Users/andyz/Research/OMNI/MarioRadio/gcc-arm-none-eabi-4_9-2015q2/bin/../lib/gcc/arm-none-eabi/4.9.3/../../../../arm-none-eabi/lib/armv6-m/libc.a(lib_a-memset.o)
 .ARM.attributes
                0x00000000000002f4       0x2c /Users/andyz/Research/OMNI/MarioRadio/gcc-arm-none-eabi-4_9-2015q2/bin/../lib/gcc/arm-none-eabi/4.9.3/../../../../arm-none-eabi/lib/armv6-m/libc.a(lib_a-__call_atexit.o)
 .ARM.attributes
                0x0000000000000320       0x2c /Users/andyz/Research/OMNI/MarioRadio/gcc-arm-none-eabi-4_9-2015q2/bin/../lib/gcc/arm-none-eabi/4.9.3/../../../../arm-none-eabi/lib/armv6-m/libc.a(lib_a-atexit.o)
 .ARM.attributes
                0x000000000000034c       0x2c /Users/andyz/Research/OMNI/MarioRadio/gcc-arm-none-eabi-4_9-2015q2/bin/../lib/gcc/arm-none-eabi/4.9.3/../../../../arm-none-eabi/lib/armv6-m/libc.a(lib_a-fini.o)
 .ARM.attributes
                0x0000000000000378       0x2c /Users/andyz/Research/OMNI/MarioRadio/gcc-arm-none-eabi-4_9-2015q2/bin/../lib/gcc/arm-none-eabi/4.9.3/../../../../arm-none-eabi/lib/armv6-m/libc.a(lib_a-__atexit.o)
 .ARM.attributes
                0x00000000000003a4       0x2c /Users/andyz/Research/OMNI/MarioRadio/gcc-arm-none-eabi-4_9-2015q2/bin/../lib/gcc/arm-none-eabi/4.9.3/armv6-m/crtend.o
 .ARM.attributes
                0x00000000000003d0       0x1e /Users/andyz/Research/OMNI/MarioRadio/gcc-arm-none-eabi-4_9-2015q2/bin/../lib/gcc/arm-none-eabi/4.9.3/armv6-m/crtn.o
 .ARM.attributes
                0x00000000000003ee       0x2c /Users/andyz/Research/OMNI/MarioRadio/gcc-arm-none-eabi-4_9-2015q2/bin/../lib/gcc/arm-none-eabi/4.9.3/../../../../arm-none-eabi/lib/armv6-m/libnosys.a(_exit.o)

.comment        0x0000000000000000       0x70
 .comment       0x0000000000000000       0x70 _build/main_gui.o
                                         0x71 (size before relaxing)
 .comment       0x0000000000000000       0x71 _build/radio_config.o
 .comment       0x0000000000000000       0x71 _build/nrf_delay.o
 .comment       0x0000000000000000       0x71 _build/spi.o
 .comment       0x0000000000000000       0x71 _build/data_fifo.o
 .comment       0x0000000000000000       0x71 _build/command_fifo.o
 .comment       0x0000000000000000       0x71 _build/spi_slave.o
 .comment       0x0000000000000000       0x71 _build/system_nrf51.o

.debug_frame    0x0000000000000000      0x1a4
 .debug_frame   0x0000000000000000       0x20 /Users/andyz/Research/OMNI/MarioRadio/gcc-arm-none-eabi-4_9-2015q2/bin/../lib/gcc/arm-none-eabi/4.9.3/armv6-m/libgcc.a(_divsi3.o)
 .debug_frame   0x0000000000000020       0x28 /Users/andyz/Research/OMNI/MarioRadio/gcc-arm-none-eabi-4_9-2015q2/bin/../lib/gcc/arm-none-eabi/4.9.3/../../../../arm-none-eabi/lib/armv6-m/libc.a(lib_a-exit.o)
 .debug_frame   0x0000000000000048       0x2c /Users/andyz/Research/OMNI/MarioRadio/gcc-arm-none-eabi-4_9-2015q2/bin/../lib/gcc/arm-none-eabi/4.9.3/../../../../arm-none-eabi/lib/armv6-m/libc.a(lib_a-init.o)
 .debug_frame   0x0000000000000074       0x2c /Users/andyz/Research/OMNI/MarioRadio/gcc-arm-none-eabi-4_9-2015q2/bin/../lib/gcc/arm-none-eabi/4.9.3/../../../../arm-none-eabi/lib/armv6-m/libc.a(lib_a-memset.o)
 .debug_frame   0x00000000000000a0       0x54 /Users/andyz/Research/OMNI/MarioRadio/gcc-arm-none-eabi-4_9-2015q2/bin/../lib/gcc/arm-none-eabi/4.9.3/../../../../arm-none-eabi/lib/armv6-m/libc.a(lib_a-__call_atexit.o)
 .debug_frame   0x00000000000000f4       0x28 /Users/andyz/Research/OMNI/MarioRadio/gcc-arm-none-eabi-4_9-2015q2/bin/../lib/gcc/arm-none-eabi/4.9.3/../../../../arm-none-eabi/lib/armv6-m/libc.a(lib_a-atexit.o)
 .debug_frame   0x000000000000011c       0x2c /Users/andyz/Research/OMNI/MarioRadio/gcc-arm-none-eabi-4_9-2015q2/bin/../lib/gcc/arm-none-eabi/4.9.3/../../../../arm-none-eabi/lib/armv6-m/libc.a(lib_a-fini.o)
 .debug_frame   0x0000000000000148       0x3c /Users/andyz/Research/OMNI/MarioRadio/gcc-arm-none-eabi-4_9-2015q2/bin/../lib/gcc/arm-none-eabi/4.9.3/../../../../arm-none-eabi/lib/armv6-m/libc.a(lib_a-__atexit.o)
 .debug_frame   0x0000000000000184       0x20 /Users/andyz/Research/OMNI/MarioRadio/gcc-arm-none-eabi-4_9-2015q2/bin/../lib/gcc/arm-none-eabi/4.9.3/../../../../arm-none-eabi/lib/armv6-m/libnosys.a(_exit.o)
