Archive member included because of file (symbol)

/Users/andyz/Research/OMNI/MarioRadio/gcc-arm-none-eabi-4_9-2015q2/bin/../lib/gcc/arm-none-eabi/4.9.3/armv6-m/libgcc.a(_udivsi3.o)
                              _build/radio_config.o (__aeabi_uidiv)
/Users/andyz/Research/OMNI/MarioRadio/gcc-arm-none-eabi-4_9-2015q2/bin/../lib/gcc/arm-none-eabi/4.9.3/armv6-m/libgcc.a(_dvmd_tls.o)
                              /Users/andyz/Research/OMNI/MarioRadio/gcc-arm-none-eabi-4_9-2015q2/bin/../lib/gcc/arm-none-eabi/4.9.3/armv6-m/libgcc.a(_udivsi3.o) (__aeabi_idiv0)
/Users/andyz/Research/OMNI/MarioRadio/gcc-arm-none-eabi-4_9-2015q2/bin/../lib/gcc/arm-none-eabi/4.9.3/../../../../arm-none-eabi/lib/armv6-m/libc.a(lib_a-exit.o)
                              /Users/andyz/Research/OMNI/MarioRadio/gcc-arm-none-eabi-4_9-2015q2/bin/../lib/gcc/arm-none-eabi/4.9.3/../../../../arm-none-eabi/lib/armv6-m/crt0.o (exit)
/Users/andyz/Research/OMNI/MarioRadio/gcc-arm-none-eabi-4_9-2015q2/bin/../lib/gcc/arm-none-eabi/4.9.3/../../../../arm-none-eabi/lib/armv6-m/libc.a(lib_a-impure.o)
                              /Users/andyz/Research/OMNI/MarioRadio/gcc-arm-none-eabi-4_9-2015q2/bin/../lib/gcc/arm-none-eabi/4.9.3/../../../../arm-none-eabi/lib/armv6-m/libc.a(lib_a-exit.o) (_global_impure_ptr)
/Users/andyz/Research/OMNI/MarioRadio/gcc-arm-none-eabi-4_9-2015q2/bin/../lib/gcc/arm-none-eabi/4.9.3/../../../../arm-none-eabi/lib/armv6-m/libc.a(lib_a-init.o)
                              /Users/andyz/Research/OMNI/MarioRadio/gcc-arm-none-eabi-4_9-2015q2/bin/../lib/gcc/arm-none-eabi/4.9.3/../../../../arm-none-eabi/lib/armv6-m/crt0.o (__libc_init_array)
/Users/andyz/Research/OMNI/MarioRadio/gcc-arm-none-eabi-4_9-2015q2/bin/../lib/gcc/arm-none-eabi/4.9.3/../../../../arm-none-eabi/lib/armv6-m/libc.a(lib_a-memcpy.o)
                              _build/main_b.o (memcpy)
/Users/andyz/Research/OMNI/MarioRadio/gcc-arm-none-eabi-4_9-2015q2/bin/../lib/gcc/arm-none-eabi/4.9.3/../../../../arm-none-eabi/lib/armv6-m/libc.a(lib_a-memset.o)
                              /Users/andyz/Research/OMNI/MarioRadio/gcc-arm-none-eabi-4_9-2015q2/bin/../lib/gcc/arm-none-eabi/4.9.3/../../../../arm-none-eabi/lib/armv6-m/crt0.o (memset)
/Users/andyz/Research/OMNI/MarioRadio/gcc-arm-none-eabi-4_9-2015q2/bin/../lib/gcc/arm-none-eabi/4.9.3/../../../../arm-none-eabi/lib/armv6-m/libc.a(lib_a-snprintf.o)
                              _build/main_b.o (snprintf)
/Users/andyz/Research/OMNI/MarioRadio/gcc-arm-none-eabi-4_9-2015q2/bin/../lib/gcc/arm-none-eabi/4.9.3/../../../../arm-none-eabi/lib/armv6-m/libc.a(lib_a-svfprintf.o)
                              /Users/andyz/Research/OMNI/MarioRadio/gcc-arm-none-eabi-4_9-2015q2/bin/../lib/gcc/arm-none-eabi/4.9.3/../../../../arm-none-eabi/lib/armv6-m/libc.a(lib_a-snprintf.o) (_svfprintf_r)
/Users/andyz/Research/OMNI/MarioRadio/gcc-arm-none-eabi-4_9-2015q2/bin/../lib/gcc/arm-none-eabi/4.9.3/../../../../arm-none-eabi/lib/armv6-m/libc.a(lib_a-__call_atexit.o)
                              /Users/andyz/Research/OMNI/MarioRadio/gcc-arm-none-eabi-4_9-2015q2/bin/../lib/gcc/arm-none-eabi/4.9.3/../../../../arm-none-eabi/lib/armv6-m/libc.a(lib_a-exit.o) (__call_exitprocs)
/Users/andyz/Research/OMNI/MarioRadio/gcc-arm-none-eabi-4_9-2015q2/bin/../lib/gcc/arm-none-eabi/4.9.3/../../../../arm-none-eabi/lib/armv6-m/libc.a(lib_a-atexit.o)
                              /Users/andyz/Research/OMNI/MarioRadio/gcc-arm-none-eabi-4_9-2015q2/bin/../lib/gcc/arm-none-eabi/4.9.3/../../../../arm-none-eabi/lib/armv6-m/libc.a(lib_a-__call_atexit.o) (atexit)
/Users/andyz/Research/OMNI/MarioRadio/gcc-arm-none-eabi-4_9-2015q2/bin/../lib/gcc/arm-none-eabi/4.9.3/../../../../arm-none-eabi/lib/armv6-m/libc.a(lib_a-dtoa.o)
                              /Users/andyz/Research/OMNI/MarioRadio/gcc-arm-none-eabi-4_9-2015q2/bin/../lib/gcc/arm-none-eabi/4.9.3/../../../../arm-none-eabi/lib/armv6-m/libc.a(lib_a-svfprintf.o) (_dtoa_r)
/Users/andyz/Research/OMNI/MarioRadio/gcc-arm-none-eabi-4_9-2015q2/bin/../lib/gcc/arm-none-eabi/4.9.3/../../../../arm-none-eabi/lib/armv6-m/libc.a(lib_a-fini.o)
                              /Users/andyz/Research/OMNI/MarioRadio/gcc-arm-none-eabi-4_9-2015q2/bin/../lib/gcc/arm-none-eabi/4.9.3/../../../../arm-none-eabi/lib/armv6-m/libc.a(lib_a-__call_atexit.o) (__libc_fini_array)
/Users/andyz/Research/OMNI/MarioRadio/gcc-arm-none-eabi-4_9-2015q2/bin/../lib/gcc/arm-none-eabi/4.9.3/../../../../arm-none-eabi/lib/armv6-m/libc.a(lib_a-locale.o)
                              /Users/andyz/Research/OMNI/MarioRadio/gcc-arm-none-eabi-4_9-2015q2/bin/../lib/gcc/arm-none-eabi/4.9.3/../../../../arm-none-eabi/lib/armv6-m/libc.a(lib_a-svfprintf.o) (_localeconv_r)
/Users/andyz/Research/OMNI/MarioRadio/gcc-arm-none-eabi-4_9-2015q2/bin/../lib/gcc/arm-none-eabi/4.9.3/../../../../arm-none-eabi/lib/armv6-m/libc.a(lib_a-mallocr.o)
[...]
Memory Configuration

Name             Origin             Length             Attributes
FLASH            0x0000000000000000 0x0000000000040000 xr
RAM              0x0000000020000000 0x0000000000004000 xrw
*default*        0x0000000000000000 0xffffffffffffffff

Linker script and memory map

LOAD /Users/andyz/Research/OMNI/MarioRadio/gcc-arm-none-eabi-4_9-2015q2/bin/../lib/gcc/arm-none-eabi/4.9.3/armv6-m/crti.o
LOAD /Users/andyz/Research/OMNI/MarioRadio/gcc-arm-none-eabi-4_9-2015q2/bin/../lib/gcc/arm-none-eabi/4.9.3/armv6-m/crtbegin.o
LOAD /Users/andyz/Research/OMNI/MarioRadio/gcc-arm-none-eabi-4_9-2015q2/bin/../lib/gcc/arm-none-eabi/4.9.3/../../../../arm-none-eabi/lib/armv6-m/crt0.o
LOAD _build/main_b.o
LOAD _build/radio_config.o
LOAD _build/nrf_delay.o
LOAD _build/system_nrf51.o
LOAD _build/gcc_startup_nrf51.o
START GROUP
LOAD /Users/andyz/Research/OMNI/MarioRadio/gcc-arm-none-eabi-4_9-2015q2/bin/../lib/gcc/arm-none-eabi/4.9.3/armv6-m/libgcc.a
LOAD /Users/andyz/Research/OMNI/MarioRadio/gcc-arm-none-eabi-4_9-2015q2/bin/../lib/gcc/arm-none-eabi/4.9.3/../../../../arm-none-eabi/lib/armv6-m/libc.a
END GROUP
LOAD /Users/andyz/Research/OMNI/MarioRadio/gcc-arm-none-eabi-4_9-2015q2/bin/../lib/gcc/arm-none-eabi/4.9.3/armv6-m/crtend.o
LOAD /Users/andyz/Research/OMNI/MarioRadio/gcc-arm-none-eabi-4_9-2015q2/bin/../lib/gcc/arm-none-eabi/4.9.3/armv6-m/crtn.o
START GROUP
LOAD /Users/andyz/Research/OMNI/MarioRadio/gcc-arm-none-eabi-4_9-2015q2/bin/../lib/gcc/arm-none-eabi/4.9.3/armv6-m/libgcc.a
LOAD /Users/andyz/Research/OMNI/MarioRadio/gcc-arm-none-eabi-4_9-2015q2/bin/../lib/gcc/arm-none-eabi/4.9.3/../../../../arm-none-eabi/lib/armv6-m/libc.a
LOAD /Users/andyz/Research/OMNI/MarioRadio/gcc-arm-none-eabi-4_9-2015q2/bin/../lib/gcc/arm-none-eabi/4.9.3/../../../../arm-none-eabi/lib/armv6-m/libnosys.a
END GROUP

.text           0x0000000000000000     0x8300
 *(.Vectors)
 .Vectors       0x0000000000000000       0xc0 _build/gcc_startup_nrf51.o
                0x0000000000000000                __Vectors
 *(.text*)
 .text          0x00000000000000c0        0x0 /Users/andyz/Research/OMNI/MarioRadio/gcc-arm-none-eabi-4_9-2015q2/bin/../lib/gcc/arm-none-eabi/4.9.3/armv6-m/crti.o
 .text          0x00000000000000c0       0x60 /Users/andyz/Research/OMNI/MarioRadio/gcc-arm-none-eabi-4_9-2015q2/bin/../lib/gcc/arm-none-eabi/4.9.3/armv6-m/crtbegin.o
 .text          0x0000000000000120       0x78 /Users/andyz/Research/OMNI/MarioRadio/gcc-arm-none-eabi-4_9-2015q2/bin/../lib/gcc/arm-none-eabi/4.9.3/../../../../arm-none-eabi/lib/armv6-m/crt0.o
                0x0000000000000120                _mainCRTStartup
                0x0000000000000120                _start
 .text          0x0000000000000198      0x3f4 _build/main_b.o
                0x00000000000001cc                clear_packet
                0x0000000000000200                init
                0x0000000000000234                main
 .text          0x000000000000058c      0x2d0 _build/radio_config.o
                0x000000000000068c                radio_configure
                0x00000000000007a8                get_rssi
                0x00000000000007bc                clear_rssi
                0x00000000000007d0                RADIO_IRQHandler
 .text          0x000000000000085c       0x5c _build/nrf_delay.o
                0x0000000000000890                nrf_delay_ms
 .text          0x00000000000008b8      0x124 _build/system_nrf51.o
                0x00000000000008b8                SystemCoreClockUpdate
                0x00000000000008d0                SystemInit
 .text          0x00000000000009dc       0x54 _build/gcc_startup_nrf51.o
                0x00000000000009dc                Reset_Handler
                0x0000000000000a24                NMI_Handler
                0x0000000000000a26                HardFault_Handler
                0x0000000000000a28                SVC_Handler
                0x0000000000000a2a                PendSV_Handler
                0x0000000000000a2c                SysTick_Handler
                0x0000000000000a2e                SWI4_IRQHandler
                0x0000000000000a2e                TEMP_IRQHandler
                0x0000000000000a2e                QDEC_IRQHandler
                0x0000000000000a2e                UART0_IRQHandler
                0x0000000000000a2e                SWI5_IRQHandler
                0x0000000000000a2e                TIMER0_IRQHandler
                0x0000000000000a2e                SWI0_IRQHandler
                0x0000000000000a2e                TIMER1_IRQHandler
                0x0000000000000a2e                ECB_IRQHandler
                0x0000000000000a2e                Default_Handler
                0x0000000000000a2e                ADC_IRQHandler
                0x0000000000000a2e                SWI3_IRQHandler
                0x0000000000000a2e                CCM_AAR_IRQHandler
                0x0000000000000a2e                WDT_IRQHandler
                0x0000000000000a2e                SWI2_IRQHandler
                0x0000000000000a2e                RNG_IRQHandler
                0x0000000000000a2e                SPI1_TWI1_IRQHandler
                0x0000000000000a2e                RTC1_IRQHandler
                0x0000000000000a2e                TIMER2_IRQHandler
                0x0000000000000a2e                SWI1_IRQHandler
                0x0000000000000a2e                SPI0_TWI0_IRQHandler
                0x0000000000000a2e                RTC0_IRQHandler
                0x0000000000000a2e                GPIOTE_IRQHandler
                0x0000000000000a2e                POWER_CLOCK_IRQHandler
                0x0000000000000a2e                LPCOMP_IRQHandler
 .text          0x0000000000000a30      0x120 /Users/andyz/Research/OMNI/MarioRadio/gcc-arm-none-eabi-4_9-2015q2/bin/../lib/gcc/arm-none-eabi/4.9.3/armv6-m/libgcc.a(_udivsi3.o)
                0x0000000000000a30                __udivsi3
                0x0000000000000a30                __aeabi_uidiv
                0x0000000000000b3c                __aeabi_uidivmod
 .text          0x0000000000000b50        0x4 /Users/andyz/Research/OMNI/MarioRadio/gcc-arm-none-eabi-4_9-2015q2/bin/../lib/gcc/arm-none-eabi/4.9.3/armv6-m/libgcc.a(_dvmd_tls.o)
                0x0000000000000b50                __aeabi_ldiv0
                0x0000000000000b50                __aeabi_idiv0
 .text          0x0000000000000b54        0x0 /Users/andyz/Research/OMNI/MarioRadio/gcc-arm-none-eabi-4_9-2015q2/bin/../lib/gcc/arm-none-eabi/4.9.3/../../../../arm-none-eabi/lib/armv6-m/libc.a(lib_a-exit.o)
 .text.exit     0x0000000000000b54       0x20 /Users/andyz/Research/OMNI/MarioRadio/gcc-arm-none-eabi-4_9-2015q2/bin/../lib/gcc/arm-none-eabi/4.9.3/../../../../arm-none-eabi/lib/armv6-m/libc.a(lib_a-exit.o)
                0x0000000000000b54                exit
 .text          0x0000000000000b74        0x0 /Users/andyz/Research/OMNI/MarioRadio/gcc-arm-none-eabi-4_9-2015q2/bin/../lib/gcc/arm-none-eabi/4.9.3/../../../../arm-none-eabi/lib/armv6-m/libc.a(lib_a-impure.o)
 .text          0x0000000000000b74        0x0 /Users/andyz/Research/OMNI/MarioRadio/gcc-arm-none-eabi-4_9-2015q2/bin/../lib/gcc/arm-none-eabi/4.9.3/../../../../arm-none-eabi/lib/armv6-m/libc.a(lib_a-init.o)
 .text.__libc_init_array
                0x0000000000000b74       0x48 /Users/andyz/Research/OMNI/MarioRadio/gcc-arm-none-eabi-4_9-2015q2/bin/../lib/gcc/arm-none-eabi/4.9.3/../../../../arm-none-eabi/lib/armv6-m/libc.a(lib_a-init.o)
                0x0000000000000b74                __libc_init_array
 .text          0x0000000000000bbc        0x0 /Users/andyz/Research/OMNI/MarioRadio/gcc-arm-none-eabi-4_9-2015q2/bin/../lib/gcc/arm-none-eabi/4.9.3/../../../../arm-none-eabi/lib/armv6-m/libc.a(lib_a-memcpy.o)
 .text.memcpy   0x0000000000000bbc       0x7c /Users/andyz/Research/OMNI/MarioRadio/gcc-arm-none-eabi-4_9-2015q2/bin/../lib/gcc/arm-none-eabi/4.9.3/../../../../arm-none-eabi/lib/armv6-m/libc.a(lib_a-memcpy.o)
                0x0000000000000bbc                memcpy
 .text          0x0000000000000c38        0x0 /Users/andyz/Research/OMNI/MarioRadio/gcc-arm-none-eabi-4_9-2015q2/bin/../lib/gcc/arm-none-eabi/4.9.3/../../../../arm-none-eabi/lib/armv6-m/libc.a(lib_a-memset.o)
 .text.memset   0x0000000000000c38       0x8c /Users/andyz/Research/OMNI/MarioRadio/gcc-arm-none-eabi-4_9-2015q2/bin/../lib/gcc/arm-none-eabi/4.9.3/../../../../arm-none-eabi/lib/armv6-m/libc.a(lib_a-memset.o)
                0x0000000000000c38                memset
 .text          0x0000000000000cc4        0x0 /Users/andyz/Research/OMNI/MarioRadio/gcc-arm-none-eabi-4_9-2015q2/bin/../lib/gcc/arm-none-eabi/4.9.3/../../../../arm-none-eabi/lib/armv6-m/libc.a(lib_a-snprintf.o)
 .text._snprintf_r
                0x0000000000000cc4       0x7c /Users/andyz/Research/OMNI/MarioRadio/gcc-arm-none-eabi-4_9-2015q2/bin/../lib/gcc/arm-none-eabi/4.9.3/../../../../arm-none-eabi/lib/armv6-m/libc.a(lib_a-snprintf.o)
                0x0000000000000cc4                _snprintf_r
 .text.snprintf
                0x0000000000000d40       0x84 /Users/andyz/Research/OMNI/MarioRadio/gcc-arm-none-eabi-4_9-2015q2/bin/../lib/gcc/arm-none-eabi/4.9.3/../../../../arm-none-eabi/lib/armv6-m/libc.a(lib_a-snprintf.o)
                0x0000000000000d40                snprintf
 .text          0x0000000000000dc4        0x0 /Users/andyz/Research/OMNI/MarioRadio/gcc-arm-none-eabi-4_9-2015q2/bin/../lib/gcc/arm-none-eabi/4.9.3/../../../../arm-none-eabi/lib/armv6-m/libc.a(lib_a-svfprintf.o)
 .text._svfprintf_r
                0x0000000000000dc4     0x14e4 /Users/andyz/Research/OMNI/MarioRadio/gcc-arm-none-eabi-4_9-2015q2/bin/../lib/gcc/arm-none-eabi/4.9.3/../../../../arm-none-eabi/lib/armv6-m/libc.a(lib_a-svfprintf.o)
                0x0000000000000dc4                _svfprintf_r
 .text          0x00000000000022a8        0x0 /Users/andyz/Research/OMNI/MarioRadio/gcc-arm-none-eabi-4_9-2015q2/bin/../lib/gcc/arm-none-eabi/4.9.3/../../../../arm-none-eabi/lib/armv6-m/libc.a(lib_a-__call_atexit.o)
 .text.startup.register_fini
                0x00000000000022a8       0x18 /Users/andyz/Research/OMNI/MarioRadio/gcc-arm-none-eabi-4_9-2015q2/bin/../lib/gcc/arm-none-eabi/4.9.3/../../../../arm-none-eabi/lib/armv6-m/libc.a(lib_a-__call_atexit.o)
 .text.__call_exitprocs
                0x00000000000022c0      0x108 /Users/andyz/Research/OMNI/MarioRadio/gcc-arm-none-eabi-4_9-2015q2/bin/../lib/gcc/arm-none-eabi/4.9.3/../../../../arm-none-eabi/lib/armv6-m/libc.a(lib_a-__call_atexit.o)
                0x00000000000022c0                __call_exitprocs
 .text          0x00000000000023c8        0x0 /Users/andyz/Research/OMNI/MarioRadio/gcc-arm-none-eabi-4_9-2015q2/bin/../lib/gcc/arm-none-eabi/4.9.3/../../../../arm-none-eabi/lib/armv6-m/libc.a(lib_a-atexit.o)
 .text.atexit   0x00000000000023c8       0x10 /Users/andyz/Research/OMNI/MarioRadio/gcc-arm-none-eabi-4_9-2015q2/bin/../lib/gcc/arm-none-eabi/4.9.3/../../../../arm-none-eabi/lib/armv6-m/libc.a(lib_a-atexit.o)
                0x00000000000023c8                atexit
 .text          0x00000000000023d8        0x0 /Users/andyz/Research/OMNI/MarioRadio/gcc-arm-none-eabi-4_9-2015q2/bin/../lib/gcc/arm-none-eabi/4.9.3/../../../../arm-none-eabi/lib/armv6-m/libc.a(lib_a-dtoa.o)
 .text.quorem   0x00000000000023d8      0x158 /Users/andyz/Research/OMNI/MarioRadio/gcc-arm-none-eabi-4_9-2015q2/bin/../lib/gcc/arm-none-eabi/4.9.3/../../../../arm-none-eabi/lib/armv6-m/libc.a(lib_a-dtoa.o)
 .text._dtoa_r  0x0000000000002530      0xfb4 /Users/andyz/Research/OMNI/MarioRadio/gcc-arm-none-eabi-4_9-2015q2/bin/../lib/gcc/arm-none-eabi/4.9.3/../../../../arm-none-eabi/lib/armv6-m/libc.a(lib_a-dtoa.o)
                0x0000000000002530                _dtoa_r
 .text          0x00000000000034e4        0x0 /Users/andyz/Research/OMNI/MarioRadio/gcc-arm-none-eabi-4_9-2015q2/bin/../lib/gcc/arm-none-eabi/4.9.3/../../../../arm-none-eabi/lib/armv6-m/libc.a(lib_a-fini.o)
 .text.__libc_fini_array
                0x00000000000034e4       0x34 /Users/andyz/Research/OMNI/MarioRadio/gcc-arm-none-eabi-4_9-2015q2/bin/../lib/gcc/arm-none-eabi/4.9.3/../../../../arm-none-eabi/lib/armv6-m/libc.a(lib_a-fini.o)
                0x00000000000034e4                __libc_fini_array
 .text          0x0000000000003518        0x0 /Users/andyz/Research/OMNI/MarioRadio/gcc-arm-none-eabi-4_9-2015q2/bin/../lib/gcc/arm-none-eabi/4.9.3/../../../../arm-none-eabi/lib/armv6-m/libc.a(lib_a-locale.o)
 .text._setlocale_r
                0x0000000000003518       0x44 /Users/andyz/Research/OMNI/MarioRadio/gcc-arm-none-eabi-4_9-2015q2/bin/../lib/gcc/arm-none-eabi/4.9.3/../../../../arm-none-eabi/lib/armv6-m/libc.a(lib_a-locale.o)
                0x0000000000003518                _setlocale_r
 .text.__locale_charset
                0x000000000000355c        0x8 /Users/andyz/Research/OMNI/MarioRadio/gcc-arm-none-eabi-4_9-2015q2/bin/../lib/gcc/arm-none-eabi/4.9.3/../../../../arm-none-eabi/lib/armv6-m/libc.a(lib_a-locale.o)
                0x000000000000355c                __locale_charset
 .text.__locale_mb_cur_max
                0x0000000000003564        0xc /Users/andyz/Research/OMNI/MarioRadio/gcc-arm-none-eabi-4_9-2015q2/bin/../lib/gcc/arm-none-eabi/4.9.3/../../../../arm-none-eabi/lib/armv6-m/libc.a(lib_a-locale.o)
                0x0000000000003564                __locale_mb_cur_max
 .text.__locale_msgcharset
                0x0000000000003570        0x8 /Users/andyz/Research/OMNI/MarioRadio/gcc-arm-none-eabi-4_9-2015q2/bin/../lib/gcc/arm-none-eabi/4.9.3/../../../../arm-none-eabi/lib/armv6-m/libc.a(lib_a-locale.o)
                0x0000000000003570                __locale_msgcharset
 .text.__locale_cjk_lang
                0x0000000000003578        0x4 /Users/andyz/Research/OMNI/MarioRadio/gcc-arm-none-eabi-4_9-2015q2/bin/../lib/gcc/arm-none-eabi/4.9.3/../../../../arm-none-eabi/lib/armv6-m/libc.a(lib_a-locale.o)
                0x0000000000003578                __locale_cjk_lang
 .text._localeconv_r
                0x000000000000357c        0x8 /Users/andyz/Research/OMNI/MarioRadio/gcc-arm-none-eabi-4_9-2015q2/bin/../lib/gcc/arm-none-eabi/4.9.3/../../../../arm-none-eabi/lib/armv6-m/libc.a(lib_a-locale.o)
                0x000000000000357c                _localeconv_r
 .text.setlocale
                0x0000000000003584       0x18 /Users/andyz/Research/OMNI/MarioRadio/gcc-arm-none-eabi-4_9-2015q2/bin/../lib/gcc/arm-none-eabi/4.9.3/../../../../arm-none-eabi/lib/armv6-m/libc.a(lib_a-locale.o)
                0x0000000000003584                setlocale
 .text.localeconv
                0x000000000000359c        0x8 /Users/andyz/Research/OMNI/MarioRadio/gcc-arm-none-eabi-4_9-2015q2/bin/../lib/gcc/arm-none-eabi/4.9.3/../../../../arm-none-eabi/lib/armv6-m/libc.a(lib_a-locale.o)
                0x000000000000359c                localeconv
 .text          0x00000000000035a4        0x0 /Users/andyz/Research/OMNI/MarioRadio/gcc-arm-none-eabi-4_9-2015q2/bin/../lib/gcc/arm-none-eabi/4.9.3/../../../../arm-none-eabi/lib/armv6-m/libc.a(lib_a-mallocr.o)
 .text._malloc_r
                0x00000000000035a4      0x53c /Users/andyz/Research/OMNI/MarioRadio/gcc-arm-none-eabi-4_9-2015q2/bin/../lib/gcc/arm-none-eabi/4.9.3/../../../../arm-none-eabi/lib/armv6-m/libc.a(lib_a-mallocr.o)
                0x00000000000035a4                _malloc_r
 .text          0x0000000000003ae0        0x0 /Users/andyz/Research/OMNI/MarioRadio/gcc-arm-none-eabi-4_9-2015q2/bin/../lib/gcc/arm-none-eabi/4.9.3/../../../../arm-none-eabi/lib/armv6-m/libc.a(lib_a-memchr.o)
 .text.memchr   0x0000000000003ae0       0x84 /Users/andyz/Research/OMNI/MarioRadio/gcc-arm-none-eabi-4_9-2015q2/bin/../lib/gcc/arm-none-eabi/4.9.3/../../../../arm-none-eabi/lib/armv6-m/libc.a(lib_a-memchr.o)
                0x0000000000003ae0                memchr
 .text          0x0000000000003b64        0x0 /Users/andyz/Research/OMNI/MarioRadio/gcc-arm-none-eabi-4_9-2015q2/bin/../lib/gcc/arm-none-eabi/4.9.3/../../../../arm-none-eabi/lib/armv6-m/libc.a(lib_a-mlock.o)
 .text.__malloc_lock
                0x0000000000003b64        0x4 /Users/andyz/Research/OMNI/MarioRadio/gcc-arm-none-eabi-4_9-2015q2/bin/../lib/gcc/arm-none-eabi/4.9.3/../../../../arm-none-eabi/lib/armv6-m/libc.a(lib_a-mlock.o)
                0x0000000000003b64                __malloc_lock
 .text.__malloc_unlock
                0x0000000000003b68        0x4 /Users/andyz/Research/OMNI/MarioRadio/gcc-arm-none-eabi-4_9-2015q2/bin/../lib/gcc/arm-none-eabi/4.9.3/../../../../arm-none-eabi/lib/armv6-m/libc.a(lib_a-mlock.o)
                0x0000000000003b68                __malloc_unlock
 .text          0x0000000000003b6c        0x0 /Users/andyz/Research/OMNI/MarioRadio/gcc-arm-none-eabi-4_9-2015q2/bin/../lib/gcc/arm-none-eabi/4.9.3/../../../../arm-none-eabi/lib/armv6-m/libc.a(lib_a-mprec.o)
 .text._Balloc  0x0000000000003b6c       0x50 /Users/andyz/Research/OMNI/MarioRadio/gcc-arm-none-eabi-4_9-2015q2/bin/../lib/gcc/arm-none-eabi/4.9.3/../../../../arm-none-eabi/lib/armv6-m/libc.a(lib_a-mprec.o)
                0x0000000000003b6c                _Balloc
 .text._Bfree   0x0000000000003bbc       0x14 /Users/andyz/Research/OMNI/MarioRadio/gcc-arm-none-eabi-4_9-2015q2/bin/../lib/gcc/arm-none-eabi/4.9.3/../../../../arm-none-eabi/lib/armv6-m/libc.a(lib_a-mprec.o)
                0x0000000000003bbc                _Bfree
 .text.__multadd
                0x0000000000003bd0       0x8c /Users/andyz/Research/OMNI/MarioRadio/gcc-arm-none-eabi-4_9-2015q2/bin/../lib/gcc/arm-none-eabi/4.9.3/../../../../arm-none-eabi/lib/armv6-m/libc.a(lib_a-mprec.o)
                0x0000000000003bd0                __multadd
 .text.__s2b    0x0000000000003c5c       0x94 /Users/andyz/Research/OMNI/MarioRadio/gcc-arm-none-eabi-4_9-2015q2/bin/../lib/gcc/arm-none-eabi/4.9.3/../../../../arm-none-eabi/lib/armv6-m/libc.a(lib_a-mprec.o)
                0x0000000000003c5c                __s2b
 .text.__hi0bits
                0x0000000000003cf0       0x3c /Users/andyz/Research/OMNI/MarioRadio/gcc-arm-none-eabi-4_9-2015q2/bin/../lib/gcc/arm-none-eabi/4.9.3/../../../../arm-none-eabi/lib/armv6-m/libc.a(lib_a-mprec.o)
                0x0000000000003cf0                __hi0bits
 .text.__lo0bits
                0x0000000000003d2c       0x5c /Users/andyz/Research/OMNI/MarioRadio/gcc-arm-none-eabi-4_9-2015q2/bin/../lib/gcc/arm-none-eabi/4.9.3/../../../../arm-none-eabi/lib/armv6-m/libc.a(lib_a-mprec.o)
                0x0000000000003d2c                __lo0bits
 .text.__i2b    0x0000000000003d88       0x14 /Users/andyz/Research/OMNI/MarioRadio/gcc-arm-none-eabi-4_9-2015q2/bin/../lib/gcc/arm-none-eabi/4.9.3/../../../../arm-none-eabi/lib/armv6-m/libc.a(lib_a-mprec.o)
                0x0000000000003d88                __i2b
 .text.__multiply
                0x0000000000003d9c      0x15c /Users/andyz/Research/OMNI/MarioRadio/gcc-arm-none-eabi-4_9-2015q2/bin/../lib/gcc/arm-none-eabi/4.9.3/../../../../arm-none-eabi/lib/armv6-m/libc.a(lib_a-mprec.o)
                0x0000000000003d9c                __multiply
 .text.__pow5mult
                0x0000000000003ef8       0xbc /Users/andyz/Research/OMNI/MarioRadio/gcc-arm-none-eabi-4_9-2015q2/bin/../lib/gcc/arm-none-eabi/4.9.3/../../../../arm-none-eabi/lib/armv6-m/libc.a(lib_a-mprec.o)
                0x0000000000003ef8                __pow5mult
 .text.__lshift
                0x0000000000003fb4       0xcc /Users/andyz/Research/OMNI/MarioRadio/gcc-arm-none-eabi-4_9-2015q2/bin/../lib/gcc/arm-none-eabi/4.9.3/../../../../arm-none-eabi/lib/armv6-m/libc.a(lib_a-mprec.o)
                0x0000000000003fb4                __lshift
 .text.__mcmp   0x0000000000004080       0x38 /Users/andyz/Research/OMNI/MarioRadio/gcc-arm-none-eabi-4_9-2015q2/bin/../lib/gcc/arm-none-eabi/4.9.3/../../../../arm-none-eabi/lib/armv6-m/libc.a(lib_a-mprec.o)
                0x0000000000004080                __mcmp
 .text.__mdiff  0x00000000000040b8       0xec /Users/andyz/Research/OMNI/MarioRadio/gcc-arm-none-eabi-4_9-2015q2/bin/../lib/gcc/arm-none-eabi/4.9.3/../../../../arm-none-eabi/lib/armv6-m/libc.a(lib_a-mprec.o)
                0x00000000000040b8                __mdiff
 .text.__ulp    0x00000000000041a4       0x48 /Users/andyz/Research/OMNI/MarioRadio/gcc-arm-none-eabi-4_9-2015q2/bin/../lib/gcc/arm-none-eabi/4.9.3/../../../../arm-none-eabi/lib/armv6-m/libc.a(lib_a-mprec.o)
                0x00000000000041a4                __ulp
 .text.__b2d    0x00000000000041ec       0xdc /Users/andyz/Research/OMNI/MarioRadio/gcc-arm-none-eabi-4_9-2015q2/bin/../lib/gcc/arm-none-eabi/4.9.3/../../../../arm-none-eabi/lib/armv6-m/libc.a(lib_a-mprec.o)
                0x00000000000041ec                __b2d
 .text.__d2b    0x00000000000042c8       0xbc /Users/andyz/Research/OMNI/MarioRadio/gcc-arm-none-eabi-4_9-2015q2/bin/../lib/gcc/arm-none-eabi/4.9.3/../../../../arm-none-eabi/lib/armv6-m/libc.a(lib_a-mprec.o)
                0x00000000000042c8                __d2b
 .text.__ratio  0x0000000000004384       0x70 /Users/andyz/Research/OMNI/MarioRadio/gcc-arm-none-eabi-4_9-2015q2/bin/../lib/gcc/arm-none-eabi/4.9.3/../../../../arm-none-eabi/lib/armv6-m/libc.a(lib_a-mprec.o)
                0x0000000000004384                __ratio
 .text._mprec_log10
                0x00000000000043f4       0x34 /Users/andyz/Research/OMNI/MarioRadio/gcc-arm-none-eabi-4_9-2015q2/bin/../lib/gcc/arm-none-eabi/4.9.3/../../../../arm-none-eabi/lib/armv6-m/libc.a(lib_a-mprec.o)
                0x00000000000043f4                _mprec_log10
 .text.__copybits
                0x0000000000004428       0x40 /Users/andyz/Research/OMNI/MarioRadio/gcc-arm-none-eabi-4_9-2015q2/bin/../lib/gcc/arm-none-eabi/4.9.3/../../../../arm-none-eabi/lib/armv6-m/libc.a(lib_a-mprec.o)
                0x0000000000004428                __copybits
 .text.__any_on
                0x0000000000004468       0x60 /Users/andyz/Research/OMNI/MarioRadio/gcc-arm-none-eabi-4_9-2015q2/bin/../lib/gcc/arm-none-eabi/4.9.3/../../../../arm-none-eabi/lib/armv6-m/libc.a(lib_a-mprec.o)
                0x0000000000004468                __any_on
 .text          0x00000000000044c8        0x0 /Users/andyz/Research/OMNI/MarioRadio/gcc-arm-none-eabi-4_9-2015q2/bin/../lib/gcc/arm-none-eabi/4.9.3/../../../../arm-none-eabi/lib/armv6-m/libc.a(lib_a-s_fpclassify.o)
 .text.__fpclassifyd
                0x00000000000044c8       0x5c /Users/andyz/Research/OMNI/MarioRadio/gcc-arm-none-eabi-4_9-2015q2/bin/../lib/gcc/arm-none-eabi/4.9.3/../../../../arm-none-eabi/lib/armv6-m/libc.a(lib_a-s_fpclassify.o)
                0x00000000000044c8                __fpclassifyd
 .text          0x0000000000004524        0x0 /Users/andyz/Research/OMNI/MarioRadio/gcc-arm-none-eabi-4_9-2015q2/bin/../lib/gcc/arm-none-eabi/4.9.3/../../../../arm-none-eabi/lib/armv6-m/libc.a(lib_a-sbrkr.o)
 .text._sbrk_r  0x0000000000004524       0x24 /Users/andyz/Research/OMNI/MarioRadio/gcc-arm-none-eabi-4_9-2015q2/bin/../lib/gcc/arm-none-eabi/4.9.3/../../../../arm-none-eabi/lib/armv6-m/libc.a(lib_a-sbrkr.o)
                0x0000000000004524                _sbrk_r
 .text          0x0000000000004548       0x88 /Users/andyz/Research/OMNI/MarioRadio/gcc-arm-none-eabi-4_9-2015q2/bin/../lib/gcc/arm-none-eabi/4.9.3/../../../../arm-none-eabi/lib/armv6-m/libc.a(lib_a-strcmp.o)
                0x0000000000004548                strcmp
 .text          0x00000000000045d0        0x0 /Users/andyz/Research/OMNI/MarioRadio/gcc-arm-none-eabi-4_9-2015q2/bin/../lib/gcc/arm-none-eabi/4.9.3/../../../../arm-none-eabi/lib/armv6-m/libc.a(lib_a-strlen.o)
 .text.strlen   0x00000000000045d0       0x68 /Users/andyz/Research/OMNI/MarioRadio/gcc-arm-none-eabi-4_9-2015q2/bin/../lib/gcc/arm-none-eabi/4.9.3/../../../../arm-none-eabi/lib/armv6-m/libc.a(lib_a-strlen.o)
                0x00000000000045d0                strlen
 .text          0x0000000000004638        0x0 /Users/andyz/Research/OMNI/MarioRadio/gcc-arm-none-eabi-4_9-2015q2/bin/../lib/gcc/arm-none-eabi/4.9.3/../../../../arm-none-eabi/lib/armv6-m/libc.a(lib_a-svfiprintf.o)
 .text.__ssprint_r
                0x0000000000004638      0x12c /Users/andyz/Research/OMNI/MarioRadio/gcc-arm-none-eabi-4_9-2015q2/bin/../lib/gcc/arm-none-eabi/4.9.3/../../../../arm-none-eabi/lib/armv6-m/libc.a(lib_a-svfiprintf.o)
                0x0000000000004638                __ssprint_r
 .text._svfiprintf_r
                0x0000000000004764      0xa3c /Users/andyz/Research/OMNI/MarioRadio/gcc-arm-none-eabi-4_9-2015q2/bin/../lib/gcc/arm-none-eabi/4.9.3/../../../../arm-none-eabi/lib/armv6-m/libc.a(lib_a-svfiprintf.o)
                0x0000000000004764                _svfiprintf_r
 .text          0x00000000000051a0        0x0 /Users/andyz/Research/OMNI/MarioRadio/gcc-arm-none-eabi-4_9-2015q2/bin/../lib/gcc/arm-none-eabi/4.9.3/../../../../arm-none-eabi/lib/armv6-m/libc.a(lib_a-__atexit.o)
 .text.__register_exitproc
                0x00000000000051a0       0xd4 /Users/andyz/Research/OMNI/MarioRadio/gcc-arm-none-eabi-4_9-2015q2/bin/../lib/gcc/arm-none-eabi/4.9.3/../../../../arm-none-eabi/lib/armv6-m/libc.a(lib_a-__atexit.o)
                0x00000000000051a0                __register_exitproc
 .text          0x0000000000005274        0x0 /Users/andyz/Research/OMNI/MarioRadio/gcc-arm-none-eabi-4_9-2015q2/bin/../lib/gcc/arm-none-eabi/4.9.3/../../../../arm-none-eabi/lib/armv6-m/libc.a(lib_a-callocr.o)
 .text._calloc_r
                0x0000000000005274       0x60 /Users/andyz/Research/OMNI/MarioRadio/gcc-arm-none-eabi-4_9-2015q2/bin/../lib/gcc/arm-none-eabi/4.9.3/../../../../arm-none-eabi/lib/armv6-m/libc.a(lib_a-callocr.o)
                0x0000000000005274                _calloc_r
 .text          0x00000000000052d4        0x0 /Users/andyz/Research/OMNI/MarioRadio/gcc-arm-none-eabi-4_9-2015q2/bin/../lib/gcc/arm-none-eabi/4.9.3/../../../../arm-none-eabi/lib/armv6-m/libc.a(lib_a-freer.o)
 .text._malloc_trim_r
                0x00000000000052d4       0xa0 /Users/andyz/Research/OMNI/MarioRadio/gcc-arm-none-eabi-4_9-2015q2/bin/../lib/gcc/arm-none-eabi/4.9.3/../../../../arm-none-eabi/lib/armv6-m/libc.a(lib_a-freer.o)
                0x00000000000052d4                _malloc_trim_r
 .text._free_r  0x0000000000005374      0x1b0 /Users/andyz/Research/OMNI/MarioRadio/gcc-arm-none-eabi-4_9-2015q2/bin/../lib/gcc/arm-none-eabi/4.9.3/../../../../arm-none-eabi/lib/armv6-m/libc.a(lib_a-freer.o)
                0x0000000000005374                _free_r
 .text          0x0000000000005524        0x0 /Users/andyz/Research/OMNI/MarioRadio/gcc-arm-none-eabi-4_9-2015q2/bin/../lib/gcc/arm-none-eabi/4.9.3/../../../../arm-none-eabi/lib/armv6-m/libc.a(lib_a-memmove.o)
 .text.memmove  0x0000000000005524       0x98 /Users/andyz/Research/OMNI/MarioRadio/gcc-arm-none-eabi-4_9-2015q2/bin/../lib/gcc/arm-none-eabi/4.9.3/../../../../arm-none-eabi/lib/armv6-m/libc.a(lib_a-memmove.o)
                0x0000000000005524                memmove
 .text          0x00000000000055bc        0x0 /Users/andyz/Research/OMNI/MarioRadio/gcc-arm-none-eabi-4_9-2015q2/bin/../lib/gcc/arm-none-eabi/4.9.3/../../../../arm-none-eabi/lib/armv6-m/libc.a(lib_a-reallocr.o)
 .text._realloc_r
                0x00000000000055bc      0x3d0 /Users/andyz/Research/OMNI/MarioRadio/gcc-arm-none-eabi-4_9-2015q2/bin/../lib/gcc/arm-none-eabi/4.9.3/../../../../arm-none-eabi/lib/armv6-m/libc.a(lib_a-reallocr.o)
                0x00000000000055bc                _realloc_r
 .text          0x000000000000598c        0x0 /Users/andyz/Research/OMNI/MarioRadio/gcc-arm-none-eabi-4_9-2015q2/bin/../lib/gcc/arm-none-eabi/4.9.3/../../../../arm-none-eabi/lib/armv6-m/libc.a(lib_a-reent.o)
 .text.cleanup_glue
                0x000000000000598c       0x1c /Users/andyz/Research/OMNI/MarioRadio/gcc-arm-none-eabi-4_9-2015q2/bin/../lib/gcc/arm-none-eabi/4.9.3/../../../../arm-none-eabi/lib/armv6-m/libc.a(lib_a-reent.o)
                0x000000000000598c                cleanup_glue
 .text._reclaim_reent
                0x00000000000059a8       0x94 /Users/andyz/Research/OMNI/MarioRadio/gcc-arm-none-eabi-4_9-2015q2/bin/../lib/gcc/arm-none-eabi/4.9.3/../../../../arm-none-eabi/lib/armv6-m/libc.a(lib_a-reent.o)
                0x00000000000059a8                _reclaim_reent
 .text          0x0000000000005a3c      0x1e0 /Users/andyz/Research/OMNI/MarioRadio/gcc-arm-none-eabi-4_9-2015q2/bin/../lib/gcc/arm-none-eabi/4.9.3/armv6-m/libgcc.a(_divsi3.o)
                0x0000000000005a3c                __aeabi_idiv
                0x0000000000005a3c                __divsi3
                0x0000000000005c08                __aeabi_idivmod
 .text          0x0000000000005c1c       0x7c /Users/andyz/Research/OMNI/MarioRadio/gcc-arm-none-eabi-4_9-2015q2/bin/../lib/gcc/arm-none-eabi/4.9.3/armv6-m/libgcc.a(_arm_cmpdf2.o)
                0x0000000000005c1c                __aeabi_cdrcmple
                0x0000000000005c2c                __aeabi_cdcmple
                0x0000000000005c2c                __aeabi_cdcmpeq
                0x0000000000005c3c                __aeabi_dcmpeq
                0x0000000000005c48                __aeabi_dcmplt
                0x0000000000005c5c                __aeabi_dcmple
                0x0000000000005c70                __aeabi_dcmpgt
                0x0000000000005c84                __aeabi_dcmpge
 .text          0x0000000000005c98       0x40 /Users/andyz/Research/OMNI/MarioRadio/gcc-arm-none-eabi-4_9-2015q2/bin/../lib/gcc/arm-none-eabi/4.9.3/armv6-m/libgcc.a(_aeabi_uldivmod.o)
                0x0000000000005c98                __aeabi_uldivmod
 .text          0x0000000000005cd8       0x6c /Users/andyz/Research/OMNI/MarioRadio/gcc-arm-none-eabi-4_9-2015q2/bin/../lib/gcc/arm-none-eabi/4.9.3/armv6-m/libgcc.a(bpabi.o)
                0x0000000000005cd8                __gnu_ldivmod_helper
                0x0000000000005d10                __gnu_uldivmod_helper
 .text          0x0000000000005d44      0x650 /Users/andyz/Research/OMNI/MarioRadio/gcc-arm-none-eabi-4_9-2015q2/bin/../lib/gcc/arm-none-eabi/4.9.3/armv6-m/libgcc.a(adddf3.o)
                0x0000000000005d44                __aeabi_dadd
 .text          0x0000000000006394      0x648 /Users/andyz/Research/OMNI/MarioRadio/gcc-arm-none-eabi-4_9-2015q2/bin/../lib/gcc/arm-none-eabi/4.9.3/armv6-m/libgcc.a(divdf3.o)
                0x0000000000006394                __aeabi_ddiv
 .text          0x00000000000069dc       0x88 /Users/andyz/Research/OMNI/MarioRadio/gcc-arm-none-eabi-4_9-2015q2/bin/../lib/gcc/arm-none-eabi/4.9.3/armv6-m/libgcc.a(eqdf2.o)
                0x00000000000069dc                __eqdf2
                0x00000000000069dc                __nedf2
 .text          0x0000000000006a64       0xe0 /Users/andyz/Research/OMNI/MarioRadio/gcc-arm-none-eabi-4_9-2015q2/bin/../lib/gcc/arm-none-eabi/4.9.3/armv6-m/libgcc.a(gedf2.o)
                0x0000000000006a64                __gtdf2
                0x0000000000006a64                __gedf2
 .text          0x0000000000006b44       0xcc /Users/andyz/Research/OMNI/MarioRadio/gcc-arm-none-eabi-4_9-2015q2/bin/../lib/gcc/arm-none-eabi/4.9.3/armv6-m/libgcc.a(ledf2.o)
                0x0000000000006b44                __ltdf2
                0x0000000000006b44                __ledf2
 .text          0x0000000000006c10      0x534 /Users/andyz/Research/OMNI/MarioRadio/gcc-arm-none-eabi-4_9-2015q2/bin/../lib/gcc/arm-none-eabi/4.9.3/armv6-m/libgcc.a(muldf3.o)
                0x0000000000006c10                __aeabi_dmul
 .text          0x0000000000007144      0x6f4 /Users/andyz/Research/OMNI/MarioRadio/gcc-arm-none-eabi-4_9-2015q2/bin/../lib/gcc/arm-none-eabi/4.9.3/armv6-m/libgcc.a(subdf3.o)
                0x0000000000007144                __aeabi_dsub
 .text          0x0000000000007838       0x6c /Users/andyz/Research/OMNI/MarioRadio/gcc-arm-none-eabi-4_9-2015q2/bin/../lib/gcc/arm-none-eabi/4.9.3/armv6-m/libgcc.a(fixdfsi.o)
                0x0000000000007838                __aeabi_d2iz
 .text          0x00000000000078a4       0x78 /Users/andyz/Research/OMNI/MarioRadio/gcc-arm-none-eabi-4_9-2015q2/bin/../lib/gcc/arm-none-eabi/4.9.3/armv6-m/libgcc.a(floatsidf.o)
                0x00000000000078a4                __aeabi_i2d
 .text          0x000000000000791c       0x64 /Users/andyz/Research/OMNI/MarioRadio/gcc-arm-none-eabi-4_9-2015q2/bin/../lib/gcc/arm-none-eabi/4.9.3/armv6-m/libgcc.a(floatunsidf.o)
                0x000000000000791c                __aeabi_ui2d
 .text          0x0000000000007980       0x3c /Users/andyz/Research/OMNI/MarioRadio/gcc-arm-none-eabi-4_9-2015q2/bin/../lib/gcc/arm-none-eabi/4.9.3/armv6-m/libgcc.a(_clzsi2.o)
                0x0000000000007980                __clzsi2
 .text          0x00000000000079bc       0x54 /Users/andyz/Research/OMNI/MarioRadio/gcc-arm-none-eabi-4_9-2015q2/bin/../lib/gcc/arm-none-eabi/4.9.3/armv6-m/libgcc.a(_muldi3.o)
                0x00000000000079bc                __aeabi_lmul
                0x00000000000079bc                __muldi3
 .text          0x0000000000007a10      0x1f0 /Users/andyz/Research/OMNI/MarioRadio/gcc-arm-none-eabi-4_9-2015q2/bin/../lib/gcc/arm-none-eabi/4.9.3/armv6-m/libgcc.a(_divdi3.o)
                0x0000000000007a10                __divdi3
 .text          0x0000000000007c00      0x158 /Users/andyz/Research/OMNI/MarioRadio/gcc-arm-none-eabi-4_9-2015q2/bin/../lib/gcc/arm-none-eabi/4.9.3/armv6-m/libgcc.a(_udivdi3.o)
                0x0000000000007c00                __udivdi3
 .text          0x0000000000007d58       0x18 /Users/andyz/Research/OMNI/MarioRadio/gcc-arm-none-eabi-4_9-2015q2/bin/../lib/gcc/arm-none-eabi/4.9.3/armv6-m/libgcc.a(_clzdi2.o)
                0x0000000000007d58                __clzdi2
 .text          0x0000000000007d70        0x0 /Users/andyz/Research/OMNI/MarioRadio/gcc-arm-none-eabi-4_9-2015q2/bin/../lib/gcc/arm-none-eabi/4.9.3/armv6-m/crtend.o
 .text          0x0000000000007d70        0x0 /Users/andyz/Research/OMNI/MarioRadio/gcc-arm-none-eabi-4_9-2015q2/bin/../lib/gcc/arm-none-eabi/4.9.3/armv6-m/crtn.o
 .text          0x0000000000007d70        0x0 /Users/andyz/Research/OMNI/MarioRadio/gcc-arm-none-eabi-4_9-2015q2/bin/../lib/gcc/arm-none-eabi/4.9.3/../../../../arm-none-eabi/lib/armv6-m/libnosys.a(sbrk.o)
 .text._sbrk    0x0000000000007d70       0x1c /Users/andyz/Research/OMNI/MarioRadio/gcc-arm-none-eabi-4_9-2015q2/bin/../lib/gcc/arm-none-eabi/4.9.3/../../../../arm-none-eabi/lib/armv6-m/libnosys.a(sbrk.o)
                0x0000000000007d70                _sbrk
 .text          0x0000000000007d8c        0x0 /Users/andyz/Research/OMNI/MarioRadio/gcc-arm-none-eabi-4_9-2015q2/bin/../lib/gcc/arm-none-eabi/4.9.3/../../../../arm-none-eabi/lib/armv6-m/libnosys.a(_exit.o)
 .text._exit    0x0000000000007d8c        0x4 /Users/andyz/Research/OMNI/MarioRadio/gcc-arm-none-eabi-4_9-2015q2/bin/../lib/gcc/arm-none-eabi/4.9.3/../../../../arm-none-eabi/lib/armv6-m/libnosys.a(_exit.o)
                0x0000000000007d8c                _exit
 *(.init)
 .init          0x0000000000007d90        0x4 /Users/andyz/Research/OMNI/MarioRadio/gcc-arm-none-eabi-4_9-2015q2/bin/../lib/gcc/arm-none-eabi/4.9.3/armv6-m/crti.o
                0x0000000000007d90                _init
 .init          0x0000000000007d94        0x8 /Users/andyz/Research/OMNI/MarioRadio/gcc-arm-none-eabi-4_9-2015q2/bin/../lib/gcc/arm-none-eabi/4.9.3/armv6-m/crtn.o
 *(.fini)
 .fini          0x0000000000007d9c        0x4 /Users/andyz/Research/OMNI/MarioRadio/gcc-arm-none-eabi-4_9-2015q2/bin/../lib/gcc/arm-none-eabi/4.9.3/armv6-m/crti.o
                0x0000000000007d9c                _fini
 .fini          0x0000000000007da0        0x8 /Users/andyz/Research/OMNI/MarioRadio/gcc-arm-none-eabi-4_9-2015q2/bin/../lib/gcc/arm-none-eabi/4.9.3/armv6-m/crtn.o
 *crtbegin.o(.ctors)
 *crtbegin?.o(.ctors)
 *(EXCLUDE_FILE(*crtend.o *crtend?.o) .ctors)
 *(SORT(.ctors.*))
 *(.ctors)
 *crtbegin.o(.dtors)
 *crtbegin?.o(.dtors)
 *(EXCLUDE_FILE(*crtend.o *crtend?.o) .dtors)
 *(SORT(.dtors.*))
 *(.dtors)
 *(.rodata*)
 .rodata        0x0000000000007da8       0x13 _build/main_b.o
 *fill*         0x0000000000007dbb        0x1 
 .rodata.str1.4
                0x0000000000007dbc        0x2 /Users/andyz/Research/OMNI/MarioRadio/gcc-arm-none-eabi-4_9-2015q2/bin/../lib/gcc/arm-none-eabi/4.9.3/../../../../arm-none-eabi/lib/armv6-m/libc.a(lib_a-impure.o)
 *fill*         0x0000000000007dbe        0x2 
 .rodata._global_impure_ptr
                0x0000000000007dc0        0x4 /Users/andyz/Research/OMNI/MarioRadio/gcc-arm-none-eabi-4_9-2015q2/bin/../lib/gcc/arm-none-eabi/4.9.3/../../../../arm-none-eabi/lib/armv6-m/libc.a(lib_a-impure.o)
                0x0000000000007dc0                _global_impure_ptr
 .rodata._svfprintf_r
                0x0000000000007dc4      0x164 /Users/andyz/Research/OMNI/MarioRadio/gcc-arm-none-eabi-4_9-2015q2/bin/../lib/gcc/arm-none-eabi/4.9.3/../../../../arm-none-eabi/lib/armv6-m/libc.a(lib_a-svfprintf.o)
 .rodata.zeroes.6911
                0x0000000000007f28       0x10 /Users/andyz/Research/OMNI/MarioRadio/gcc-arm-none-eabi-4_9-2015q2/bin/../lib/gcc/arm-none-eabi/4.9.3/../../../../arm-none-eabi/lib/armv6-m/libc.a(lib_a-svfprintf.o)
 .rodata.blanks.6910
                0x0000000000007f38       0x10 /Users/andyz/Research/OMNI/MarioRadio/gcc-arm-none-eabi-4_9-2015q2/bin/../lib/gcc/arm-none-eabi/4.9.3/../../../../arm-none-eabi/lib/armv6-m/libc.a(lib_a-svfprintf.o)
 .rodata.str1.4
                0x0000000000007f48       0x42 /Users/andyz/Research/OMNI/MarioRadio/gcc-arm-none-eabi-4_9-2015q2/bin/../lib/gcc/arm-none-eabi/4.9.3/../../../../arm-none-eabi/lib/armv6-m/libc.a(lib_a-svfprintf.o)
 *fill*         0x0000000000007f8a        0x2 
 .rodata.str1.4
                0x0000000000007f8c       0x10 /Users/andyz/Research/OMNI/MarioRadio/gcc-arm-none-eabi-4_9-2015q2/bin/../lib/gcc/arm-none-eabi/4.9.3/../../../../arm-none-eabi/lib/armv6-m/libc.a(lib_a-dtoa.o)
                                         0x12 (size before relaxing)
 .rodata.str1.4
                0x0000000000007f9c        0xc /Users/andyz/Research/OMNI/MarioRadio/gcc-arm-none-eabi-4_9-2015q2/bin/../lib/gcc/arm-none-eabi/4.9.3/../../../../arm-none-eabi/lib/armv6-m/libc.a(lib_a-locale.o)
                                         0x12 (size before relaxing)
 .rodata.__mprec_tens
                0x0000000000007fa8       0xc8 /Users/andyz/Research/OMNI/MarioRadio/gcc-arm-none-eabi-4_9-2015q2/bin/../lib/gcc/arm-none-eabi/4.9.3/../../../../arm-none-eabi/lib/armv6-m/libc.a(lib_a-mprec.o)
                0x0000000000007fa8                __mprec_tens
 .rodata.p05.5302
                0x0000000000008070        0xc /Users/andyz/Research/OMNI/MarioRadio/gcc-arm-none-eabi-4_9-2015q2/bin/../lib/gcc/arm-none-eabi/4.9.3/../../../../arm-none-eabi/lib/armv6-m/libc.a(lib_a-mprec.o)
 *fill*         0x000000000000807c        0x4 
 .rodata.__mprec_bigtens
                0x0000000000008080       0x28 /Users/andyz/Research/OMNI/MarioRadio/gcc-arm-none-eabi-4_9-2015q2/bin/../lib/gcc/arm-none-eabi/4.9.3/../../../../arm-none-eabi/lib/armv6-m/libc.a(lib_a-mprec.o)
                0x0000000000008080                __mprec_bigtens
 .rodata.__mprec_tinytens
                0x00000000000080a8       0x28 /Users/andyz/Research/OMNI/MarioRadio/gcc-arm-none-eabi-4_9-2015q2/bin/../lib/gcc/arm-none-eabi/4.9.3/../../../../arm-none-eabi/lib/armv6-m/libc.a(lib_a-mprec.o)
                0x00000000000080a8                __mprec_tinytens
 .rodata._svfiprintf_r
                0x00000000000080d0      0x164 /Users/andyz/Research/OMNI/MarioRadio/gcc-arm-none-eabi-4_9-2015q2/bin/../lib/gcc/arm-none-eabi/4.9.3/../../../../arm-none-eabi/lib/armv6-m/libc.a(lib_a-svfiprintf.o)
 .rodata.blanks.6854
                0x0000000000008234       0x10 /Users/andyz/Research/OMNI/MarioRadio/gcc-arm-none-eabi-4_9-2015q2/bin/../lib/gcc/arm-none-eabi/4.9.3/../../../../arm-none-eabi/lib/armv6-m/libc.a(lib_a-svfiprintf.o)
 .rodata.str1.4
                0x0000000000000000       0x2f /Users/andyz/Research/OMNI/MarioRadio/gcc-arm-none-eabi-4_9-2015q2/bin/../lib/gcc/arm-none-eabi/4.9.3/../../../../arm-none-eabi/lib/armv6-m/libc.a(lib_a-svfiprintf.o)
 .rodata.zeroes.6855
                0x0000000000008244       0x10 /Users/andyz/Research/OMNI/MarioRadio/gcc-arm-none-eabi-4_9-2015q2/bin/../lib/gcc/arm-none-eabi/4.9.3/../../../../arm-none-eabi/lib/armv6-m/libc.a(lib_a-svfiprintf.o)
 .rodata        0x0000000000008254       0x40 /Users/andyz/Research/OMNI/MarioRadio/gcc-arm-none-eabi-4_9-2015q2/bin/../lib/gcc/arm-none-eabi/4.9.3/armv6-m/libgcc.a(divdf3.o)
 .rodata        0x0000000000008294       0x40 /Users/andyz/Research/OMNI/MarioRadio/gcc-arm-none-eabi-4_9-2015q2/bin/../lib/gcc/arm-none-eabi/4.9.3/armv6-m/libgcc.a(muldf3.o)
 *(.eh_frame*)
 .eh_frame      0x00000000000082d4        0x0 /Users/andyz/Research/OMNI/MarioRadio/gcc-arm-none-eabi-4_9-2015q2/bin/../lib/gcc/arm-none-eabi/4.9.3/armv6-m/crtbegin.o
 .eh_frame      0x00000000000082d4       0x28 /Users/andyz/Research/OMNI/MarioRadio/gcc-arm-none-eabi-4_9-2015q2/bin/../lib/gcc/arm-none-eabi/4.9.3/../../../../arm-none-eabi/lib/armv6-m/libc.a(lib_a-strcmp.o)
 .eh_frame      0x00000000000082fc        0x4 /Users/andyz/Research/OMNI/MarioRadio/gcc-arm-none-eabi-4_9-2015q2/bin/../lib/gcc/arm-none-eabi/4.9.3/armv6-m/crtend.o

.glue_7         0x0000000000008300        0x0
 .glue_7        0x0000000000000000        0x0 linker stubs

.glue_7t        0x0000000000008300        0x0
 .glue_7t       0x0000000000000000        0x0 linker stubs

.vfp11_veneer   0x0000000000008300        0x0
 .vfp11_veneer  0x0000000000000000        0x0 linker stubs

.v4_bx          0x0000000000008300        0x0
 .v4_bx         0x0000000000000000        0x0 linker stubs

.iplt           0x0000000000008300        0x0
 .iplt          0x0000000000000000        0x0 /Users/andyz/Research/OMNI/MarioRadio/gcc-arm-none-eabi-4_9-2015q2/bin/../lib/gcc/arm-none-eabi/4.9.3/armv6-m/crtbegin.o

.ARM.extab      0x0000000000008300        0x0
 *(.ARM.extab* .gnu.linkonce.armextab.*)
 .ARM.extab     0x0000000000008300        0x0 /Users/andyz/Research/OMNI/MarioRadio/gcc-arm-none-eabi-4_9-2015q2/bin/../lib/gcc/arm-none-eabi/4.9.3/../../../../arm-none-eabi/lib/armv6-m/crt0.o
 .ARM.extab     0x0000000000008300        0x0 _build/gcc_startup_nrf51.o
 .ARM.extab     0x0000000000008300        0x0 /Users/andyz/Research/OMNI/MarioRadio/gcc-arm-none-eabi-4_9-2015q2/bin/../lib/gcc/arm-none-eabi/4.9.3/armv6-m/libgcc.a(_divdi3.o)
 .ARM.extab     0x0000000000008300        0x0 /Users/andyz/Research/OMNI/MarioRadio/gcc-arm-none-eabi-4_9-2015q2/bin/../lib/gcc/arm-none-eabi/4.9.3/armv6-m/libgcc.a(_udivdi3.o)
                0x0000000000008300                __exidx_start = .

.ARM.exidx      0x0000000000008300        0x8
 *(.ARM.exidx* .gnu.linkonce.armexidx.*)
 .ARM.exidx     0x0000000000008300        0x8 /Users/andyz/Research/OMNI/MarioRadio/gcc-arm-none-eabi-4_9-2015q2/bin/../lib/gcc/arm-none-eabi/4.9.3/../../../../arm-none-eabi/lib/armv6-m/crt0.o
 .ARM.exidx     0x0000000000008308        0x0 _build/gcc_startup_nrf51.o
                                          0x8 (size before relaxing)
 .ARM.exidx     0x0000000000008308        0x0 /Users/andyz/Research/OMNI/MarioRadio/gcc-arm-none-eabi-4_9-2015q2/bin/../lib/gcc/arm-none-eabi/4.9.3/armv6-m/libgcc.a(_divdi3.o)
                                          0x8 (size before relaxing)
 .ARM.exidx     0x0000000000008308        0x0 /Users/andyz/Research/OMNI/MarioRadio/gcc-arm-none-eabi-4_9-2015q2/bin/../lib/gcc/arm-none-eabi/4.9.3/armv6-m/libgcc.a(_udivdi3.o)
                                          0x8 (size before relaxing)
                0x0000000000008308                __exidx_end = .
                0x0000000000008308                __etext = .

.rel.dyn        0x0000000000008308        0x0
 .rel.iplt      0x0000000000000000        0x0 /Users/andyz/Research/OMNI/MarioRadio/gcc-arm-none-eabi-4_9-2015q2/bin/../lib/gcc/arm-none-eabi/4.9.3/armv6-m/crtbegin.o

.data           0x0000000020000000      0x8d0 load address 0x0000000000008308
                0x0000000020000000                __data_start__ = .
 *(vtable)
 *(.data*)
 .data          0x0000000020000000        0x0 /Users/andyz/Research/OMNI/MarioRadio/gcc-arm-none-eabi-4_9-2015q2/bin/../lib/gcc/arm-none-eabi/4.9.3/armv6-m/crti.o
 .data          0x0000000020000000        0x4 /Users/andyz/Research/OMNI/MarioRadio/gcc-arm-none-eabi-4_9-2015q2/bin/../lib/gcc/arm-none-eabi/4.9.3/armv6-m/crtbegin.o
                0x0000000020000000                __dso_handle
 .data          0x0000000020000004        0x0 /Users/andyz/Research/OMNI/MarioRadio/gcc-arm-none-eabi-4_9-2015q2/bin/../lib/gcc/arm-none-eabi/4.9.3/../../../../arm-none-eabi/lib/armv6-m/crt0.o
 .data          0x0000000020000004        0x0 _build/main_b.o
 .data          0x0000000020000004        0x0 _build/radio_config.o
 .data          0x0000000020000004        0x0 _build/nrf_delay.o
 .data          0x0000000020000004        0x4 _build/system_nrf51.o
                0x0000000020000004                SystemCoreClock
 .data          0x0000000020000008        0x0 _build/gcc_startup_nrf51.o
 .data          0x0000000020000008        0x0 /Users/andyz/Research/OMNI/MarioRadio/gcc-arm-none-eabi-4_9-2015q2/bin/../lib/gcc/arm-none-eabi/4.9.3/armv6-m/libgcc.a(_udivsi3.o)
 .data          0x0000000020000008        0x0 /Users/andyz/Research/OMNI/MarioRadio/gcc-arm-none-eabi-4_9-2015q2/bin/../lib/gcc/arm-none-eabi/4.9.3/armv6-m/libgcc.a(_dvmd_tls.o)
 .data          0x0000000020000008        0x0 /Users/andyz/Research/OMNI/MarioRadio/gcc-arm-none-eabi-4_9-2015q2/bin/../lib/gcc/arm-none-eabi/4.9.3/../../../../arm-none-eabi/lib/armv6-m/libc.a(lib_a-exit.o)
 .data          0x0000000020000008        0x0 /Users/andyz/Research/OMNI/MarioRadio/gcc-arm-none-eabi-4_9-2015q2/bin/../lib/gcc/arm-none-eabi/4.9.3/../../../../arm-none-eabi/lib/armv6-m/libc.a(lib_a-impure.o)
 .data.impure_data
                0x0000000020000008      0x428 /Users/andyz/Research/OMNI/MarioRadio/gcc-arm-none-eabi-4_9-2015q2/bin/../lib/gcc/arm-none-eabi/4.9.3/../../../../arm-none-eabi/lib/armv6-m/libc.a(lib_a-impure.o)
 .data._impure_ptr
                0x0000000020000430        0x4 /Users/andyz/Research/OMNI/MarioRadio/gcc-arm-none-eabi-4_9-2015q2/bin/../lib/gcc/arm-none-eabi/4.9.3/../../../../arm-none-eabi/lib/armv6-m/libc.a(lib_a-impure.o)
                0x0000000020000430                _impure_ptr
 .data          0x0000000020000434        0x0 /Users/andyz/Research/OMNI/MarioRadio/gcc-arm-none-eabi-4_9-2015q2/bin/../lib/gcc/arm-none-eabi/4.9.3/../../../../arm-none-eabi/lib/armv6-m/libc.a(lib_a-init.o)
 .data          0x0000000020000434        0x0 /Users/andyz/Research/OMNI/MarioRadio/gcc-arm-none-eabi-4_9-2015q2/bin/../lib/gcc/arm-none-eabi/4.9.3/../../../../arm-none-eabi/lib/armv6-m/libc.a(lib_a-memcpy.o)
 .data          0x0000000020000434        0x0 /Users/andyz/Research/OMNI/MarioRadio/gcc-arm-none-eabi-4_9-2015q2/bin/../lib/gcc/arm-none-eabi/4.9.3/../../../../arm-none-eabi/lib/armv6-m/libc.a(lib_a-memset.o)
 .data          0x0000000020000434        0x0 /Users/andyz/Research/OMNI/MarioRadio/gcc-arm-none-eabi-4_9-2015q2/bin/../lib/gcc/arm-none-eabi/4.9.3/../../../../arm-none-eabi/lib/armv6-m/libc.a(lib_a-snprintf.o)
 .data          0x0000000020000434        0x0 /Users/andyz/Research/OMNI/MarioRadio/gcc-arm-none-eabi-4_9-2015q2/bin/../lib/gcc/arm-none-eabi/4.9.3/../../../../arm-none-eabi/lib/armv6-m/libc.a(lib_a-svfprintf.o)
 .data          0x0000000020000434        0x0 /Users/andyz/Research/OMNI/MarioRadio/gcc-arm-none-eabi-4_9-2015q2/bin/../lib/gcc/arm-none-eabi/4.9.3/../../../../arm-none-eabi/lib/armv6-m/libc.a(lib_a-__call_atexit.o)
 .data          0x0000000020000434        0x0 /Users/andyz/Research/OMNI/MarioRadio/gcc-arm-none-eabi-4_9-2015q2/bin/../lib/gcc/arm-none-eabi/4.9.3/../../../../arm-none-eabi/lib/armv6-m/libc.a(lib_a-atexit.o)
 .data          0x0000000020000434        0x0 /Users/andyz/Research/OMNI/MarioRadio/gcc-arm-none-eabi-4_9-2015q2/bin/../lib/gcc/arm-none-eabi/4.9.3/../../../../arm-none-eabi/lib/armv6-m/libc.a(lib_a-dtoa.o)
 .data          0x0000000020000434        0x0 /Users/andyz/Research/OMNI/MarioRadio/gcc-arm-none-eabi-4_9-2015q2/bin/../lib/gcc/arm-none-eabi/4.9.3/../../../../arm-none-eabi/lib/armv6-m/libc.a(lib_a-fini.o)
 .data          0x0000000020000434        0x0 /Users/andyz/Research/OMNI/MarioRadio/gcc-arm-none-eabi-4_9-2015q2/bin/../lib/gcc/arm-none-eabi/4.9.3/../../../../arm-none-eabi/lib/armv6-m/libc.a(lib_a-locale.o)
 .data.lc_message_charset
                0x0000000020000434       0x20 /Users/andyz/Research/OMNI/MarioRadio/gcc-arm-none-eabi-4_9-2015q2/bin/../lib/gcc/arm-none-eabi/4.9.3/../../../../arm-none-eabi/lib/armv6-m/libc.a(lib_a-locale.o)
 .data.lconv    0x0000000020000454       0x38 /Users/andyz/Research/OMNI/MarioRadio/gcc-arm-none-eabi-4_9-2015q2/bin/../lib/gcc/arm-none-eabi/4.9.3/../../../../arm-none-eabi/lib/armv6-m/libc.a(lib_a-locale.o)
 .data.lc_ctype_charset
                0x000000002000048c       0x20 /Users/andyz/Research/OMNI/MarioRadio/gcc-arm-none-eabi-4_9-2015q2/bin/../lib/gcc/arm-none-eabi/4.9.3/../../../../arm-none-eabi/lib/armv6-m/libc.a(lib_a-locale.o)
 .data.__mb_cur_max
                0x00000000200004ac        0x4 /Users/andyz/Research/OMNI/MarioRadio/gcc-arm-none-eabi-4_9-2015q2/bin/../lib/gcc/arm-none-eabi/4.9.3/../../../../arm-none-eabi/lib/armv6-m/libc.a(lib_a-locale.o)
                0x00000000200004ac                __mb_cur_max
 .data          0x00000000200004b0        0x0 /Users/andyz/Research/OMNI/MarioRadio/gcc-arm-none-eabi-4_9-2015q2/bin/../lib/gcc/arm-none-eabi/4.9.3/../../../../arm-none-eabi/lib/armv6-m/libc.a(lib_a-mallocr.o)
 .data.__malloc_av_
                0x00000000200004b0      0x408 /Users/andyz/Research/OMNI/MarioRadio/gcc-arm-none-eabi-4_9-2015q2/bin/../lib/gcc/arm-none-eabi/4.9.3/../../../../arm-none-eabi/lib/armv6-m/libc.a(lib_a-mallocr.o)
                0x00000000200004b0                __malloc_av_
 .data.__malloc_trim_threshold
                0x00000000200008b8        0x4 /Users/andyz/Research/OMNI/MarioRadio/gcc-arm-none-eabi-4_9-2015q2/bin/../lib/gcc/arm-none-eabi/4.9.3/../../../../arm-none-eabi/lib/armv6-m/libc.a(lib_a-mallocr.o)
                0x00000000200008b8                __malloc_trim_threshold
 .data.__malloc_sbrk_base
                0x00000000200008bc        0x4 /Users/andyz/Research/OMNI/MarioRadio/gcc-arm-none-eabi-4_9-2015q2/bin/../lib/gcc/arm-none-eabi/4.9.3/../../../../arm-none-eabi/lib/armv6-m/libc.a(lib_a-mallocr.o)
                0x00000000200008bc                __malloc_sbrk_base
 .data          0x00000000200008c0        0x0 /Users/andyz/Research/OMNI/MarioRadio/gcc-arm-none-eabi-4_9-2015q2/bin/../lib/gcc/arm-none-eabi/4.9.3/../../../../arm-none-eabi/lib/armv6-m/libc.a(lib_a-memchr.o)
 .data          0x00000000200008c0        0x0 /Users/andyz/Research/OMNI/MarioRadio/gcc-arm-none-eabi-4_9-2015q2/bin/../lib/gcc/arm-none-eabi/4.9.3/../../../../arm-none-eabi/lib/armv6-m/libc.a(lib_a-mlock.o)
 .data          0x00000000200008c0        0x0 /Users/andyz/Research/OMNI/MarioRadio/gcc-arm-none-eabi-4_9-2015q2/bin/../lib/gcc/arm-none-eabi/4.9.3/../../../../arm-none-eabi/lib/armv6-m/libc.a(lib_a-mprec.o)
 .data          0x00000000200008c0        0x0 /Users/andyz/Research/OMNI/MarioRadio/gcc-arm-none-eabi-4_9-2015q2/bin/../lib/gcc/arm-none-eabi/4.9.3/../../../../arm-none-eabi/lib/armv6-m/libc.a(lib_a-s_fpclassify.o)
 .data          0x00000000200008c0        0x0 /Users/andyz/Research/OMNI/MarioRadio/gcc-arm-none-eabi-4_9-2015q2/bin/../lib/gcc/arm-none-eabi/4.9.3/../../../../arm-none-eabi/lib/armv6-m/libc.a(lib_a-sbrkr.o)
 .data          0x00000000200008c0        0x0 /Users/andyz/Research/OMNI/MarioRadio/gcc-arm-none-eabi-4_9-2015q2/bin/../lib/gcc/arm-none-eabi/4.9.3/../../../../arm-none-eabi/lib/armv6-m/libc.a(lib_a-strcmp.o)
 .data          0x00000000200008c0        0x0 /Users/andyz/Research/OMNI/MarioRadio/gcc-arm-none-eabi-4_9-2015q2/bin/../lib/gcc/arm-none-eabi/4.9.3/../../../../arm-none-eabi/lib/armv6-m/libc.a(lib_a-strlen.o)
 .data          0x00000000200008c0        0x0 /Users/andyz/Research/OMNI/MarioRadio/gcc-arm-none-eabi-4_9-2015q2/bin/../lib/gcc/arm-none-eabi/4.9.3/../../../../arm-none-eabi/lib/armv6-m/libc.a(lib_a-svfiprintf.o)
 .data          0x00000000200008c0        0x0 /Users/andyz/Research/OMNI/MarioRadio/gcc-arm-none-eabi-4_9-2015q2/bin/../lib/gcc/arm-none-eabi/4.9.3/../../../../arm-none-eabi/lib/armv6-m/libc.a(lib_a-__atexit.o)
 .data          0x00000000200008c0        0x0 /Users/andyz/Research/OMNI/MarioRadio/gcc-arm-none-eabi-4_9-2015q2/bin/../lib/gcc/arm-none-eabi/4.9.3/../../../../arm-none-eabi/lib/armv6-m/libc.a(lib_a-callocr.o)
 .data          0x00000000200008c0        0x0 /Users/andyz/Research/OMNI/MarioRadio/gcc-arm-none-eabi-4_9-2015q2/bin/../lib/gcc/arm-none-eabi/4.9.3/../../../../arm-none-eabi/lib/armv6-m/libc.a(lib_a-freer.o)
 .data          0x00000000200008c0        0x0 /Users/andyz/Research/OMNI/MarioRadio/gcc-arm-none-eabi-4_9-2015q2/bin/../lib/gcc/arm-none-eabi/4.9.3/../../../../arm-none-eabi/lib/armv6-m/libc.a(lib_a-memmove.o)
 .data          0x00000000200008c0        0x0 /Users/andyz/Research/OMNI/MarioRadio/gcc-arm-none-eabi-4_9-2015q2/bin/../lib/gcc/arm-none-eabi/4.9.3/../../../../arm-none-eabi/lib/armv6-m/libc.a(lib_a-reallocr.o)
 .data          0x00000000200008c0        0x0 /Users/andyz/Research/OMNI/MarioRadio/gcc-arm-none-eabi-4_9-2015q2/bin/../lib/gcc/arm-none-eabi/4.9.3/../../../../arm-none-eabi/lib/armv6-m/libc.a(lib_a-reent.o)
 .data          0x00000000200008c0        0x0 /Users/andyz/Research/OMNI/MarioRadio/gcc-arm-none-eabi-4_9-2015q2/bin/../lib/gcc/arm-none-eabi/4.9.3/armv6-m/libgcc.a(_divsi3.o)
 .data          0x00000000200008c0        0x0 /Users/andyz/Research/OMNI/MarioRadio/gcc-arm-none-eabi-4_9-2015q2/bin/../lib/gcc/arm-none-eabi/4.9.3/armv6-m/libgcc.a(_arm_cmpdf2.o)
 .data          0x00000000200008c0        0x0 /Users/andyz/Research/OMNI/MarioRadio/gcc-arm-none-eabi-4_9-2015q2/bin/../lib/gcc/arm-none-eabi/4.9.3/armv6-m/libgcc.a(_aeabi_uldivmod.o)
 .data          0x00000000200008c0        0x0 /Users/andyz/Research/OMNI/MarioRadio/gcc-arm-none-eabi-4_9-2015q2/bin/../lib/gcc/arm-none-eabi/4.9.3/armv6-m/libgcc.a(bpabi.o)
 .data          0x00000000200008c0        0x0 /Users/andyz/Research/OMNI/MarioRadio/gcc-arm-none-eabi-4_9-2015q2/bin/../lib/gcc/arm-none-eabi/4.9.3/armv6-m/libgcc.a(adddf3.o)
 .data          0x00000000200008c0        0x0 /Users/andyz/Research/OMNI/MarioRadio/gcc-arm-none-eabi-4_9-2015q2/bin/../lib/gcc/arm-none-eabi/4.9.3/armv6-m/libgcc.a(divdf3.o)
 .data          0x00000000200008c0        0x0 /Users/andyz/Research/OMNI/MarioRadio/gcc-arm-none-eabi-4_9-2015q2/bin/../lib/gcc/arm-none-eabi/4.9.3/armv6-m/libgcc.a(eqdf2.o)
 .data          0x00000000200008c0        0x0 /Users/andyz/Research/OMNI/MarioRadio/gcc-arm-none-eabi-4_9-2015q2/bin/../lib/gcc/arm-none-eabi/4.9.3/armv6-m/libgcc.a(gedf2.o)
 .data          0x00000000200008c0        0x0 /Users/andyz/Research/OMNI/MarioRadio/gcc-arm-none-eabi-4_9-2015q2/bin/../lib/gcc/arm-none-eabi/4.9.3/armv6-m/libgcc.a(ledf2.o)
 .data          0x00000000200008c0        0x0 /Users/andyz/Research/OMNI/MarioRadio/gcc-arm-none-eabi-4_9-2015q2/bin/../lib/gcc/arm-none-eabi/4.9.3/armv6-m/libgcc.a(muldf3.o)
 .data          0x00000000200008c0        0x0 /Users/andyz/Research/OMNI/MarioRadio/gcc-arm-none-eabi-4_9-2015q2/bin/../lib/gcc/arm-none-eabi/4.9.3/armv6-m/libgcc.a(subdf3.o)
 .data          0x00000000200008c0        0x0 /Users/andyz/Research/OMNI/MarioRadio/gcc-arm-none-eabi-4_9-2015q2/bin/../lib/gcc/arm-none-eabi/4.9.3/armv6-m/libgcc.a(fixdfsi.o)
 .data          0x00000000200008c0        0x0 /Users/andyz/Research/OMNI/MarioRadio/gcc-arm-none-eabi-4_9-2015q2/bin/../lib/gcc/arm-none-eabi/4.9.3/armv6-m/libgcc.a(floatsidf.o)
 .data          0x00000000200008c0        0x0 /Users/andyz/Research/OMNI/MarioRadio/gcc-arm-none-eabi-4_9-2015q2/bin/../lib/gcc/arm-none-eabi/4.9.3/armv6-m/libgcc.a(floatunsidf.o)
 .data          0x00000000200008c0        0x0 /Users/andyz/Research/OMNI/MarioRadio/gcc-arm-none-eabi-4_9-2015q2/bin/../lib/gcc/arm-none-eabi/4.9.3/armv6-m/libgcc.a(_clzsi2.o)
 .data          0x00000000200008c0        0x0 /Users/andyz/Research/OMNI/MarioRadio/gcc-arm-none-eabi-4_9-2015q2/bin/../lib/gcc/arm-none-eabi/4.9.3/armv6-m/libgcc.a(_muldi3.o)
 .data          0x00000000200008c0        0x0 /Users/andyz/Research/OMNI/MarioRadio/gcc-arm-none-eabi-4_9-2015q2/bin/../lib/gcc/arm-none-eabi/4.9.3/armv6-m/libgcc.a(_divdi3.o)
 .data          0x00000000200008c0        0x0 /Users/andyz/Research/OMNI/MarioRadio/gcc-arm-none-eabi-4_9-2015q2/bin/../lib/gcc/arm-none-eabi/4.9.3/armv6-m/libgcc.a(_udivdi3.o)
 .data          0x00000000200008c0        0x0 /Users/andyz/Research/OMNI/MarioRadio/gcc-arm-none-eabi-4_9-2015q2/bin/../lib/gcc/arm-none-eabi/4.9.3/armv6-m/libgcc.a(_clzdi2.o)
 .data          0x00000000200008c0        0x0 /Users/andyz/Research/OMNI/MarioRadio/gcc-arm-none-eabi-4_9-2015q2/bin/../lib/gcc/arm-none-eabi/4.9.3/armv6-m/crtend.o
 .data          0x00000000200008c0        0x0 /Users/andyz/Research/OMNI/MarioRadio/gcc-arm-none-eabi-4_9-2015q2/bin/../lib/gcc/arm-none-eabi/4.9.3/armv6-m/crtn.o
 .data          0x00000000200008c0        0x0 /Users/andyz/Research/OMNI/MarioRadio/gcc-arm-none-eabi-4_9-2015q2/bin/../lib/gcc/arm-none-eabi/4.9.3/../../../../arm-none-eabi/lib/armv6-m/libnosys.a(sbrk.o)
 .data          0x00000000200008c0        0x0 /Users/andyz/Research/OMNI/MarioRadio/gcc-arm-none-eabi-4_9-2015q2/bin/../lib/gcc/arm-none-eabi/4.9.3/../../../../arm-none-eabi/lib/armv6-m/libnosys.a(_exit.o)
                0x00000000200008c0                . = ALIGN (0x4)
                0x00000000200008c0                PROVIDE (__preinit_array_start, .)
 *(.preinit_array)
                0x00000000200008c0                PROVIDE (__preinit_array_end, .)
                0x00000000200008c0                . = ALIGN (0x4)
                0x00000000200008c0                PROVIDE (__init_array_start, .)
 *(SORT(.init_array.*))
 .init_array.00000
                0x00000000200008c0        0x4 /Users/andyz/Research/OMNI/MarioRadio/gcc-arm-none-eabi-4_9-2015q2/bin/../lib/gcc/arm-none-eabi/4.9.3/../../../../arm-none-eabi/lib/armv6-m/libc.a(lib_a-__call_atexit.o)
 *(.init_array)
 .init_array    0x00000000200008c4        0x4 /Users/andyz/Research/OMNI/MarioRadio/gcc-arm-none-eabi-4_9-2015q2/bin/../lib/gcc/arm-none-eabi/4.9.3/armv6-m/crtbegin.o
                0x00000000200008c8                PROVIDE (__init_array_end, .)
                0x00000000200008c8                . = ALIGN (0x4)
                0x00000000200008c8                PROVIDE (__fini_array_start, .)
 *(SORT(.fini_array.*))
 *(.fini_array)
 .fini_array    0x00000000200008c8        0x4 /Users/andyz/Research/OMNI/MarioRadio/gcc-arm-none-eabi-4_9-2015q2/bin/../lib/gcc/arm-none-eabi/4.9.3/armv6-m/crtbegin.o
                0x00000000200008cc                PROVIDE (__fini_array_end, .)
 *(.jcr)
 .jcr           0x00000000200008cc        0x0 /Users/andyz/Research/OMNI/MarioRadio/gcc-arm-none-eabi-4_9-2015q2/bin/../lib/gcc/arm-none-eabi/4.9.3/armv6-m/crtbegin.o
 .jcr           0x00000000200008cc        0x4 /Users/andyz/Research/OMNI/MarioRadio/gcc-arm-none-eabi-4_9-2015q2/bin/../lib/gcc/arm-none-eabi/4.9.3/armv6-m/crtend.o
                0x00000000200008d0                . = ALIGN (0x4)
                0x00000000200008d0                __data_end__ = .

.igot.plt       0x00000000200008d0        0x0 load address 0x0000000000008bd8
 .igot.plt      0x0000000000000000        0x0 /Users/andyz/Research/OMNI/MarioRadio/gcc-arm-none-eabi-4_9-2015q2/bin/../lib/gcc/arm-none-eabi/4.9.3/armv6-m/crtbegin.o

.bss            0x00000000200008d0      0x138 load address 0x0000000000008bd8
                0x00000000200008d0                . = ALIGN (0x4)
                0x00000000200008d0                __bss_start__ = .
 *(.bss*)
 .bss           0x00000000200008d0        0x0 /Users/andyz/Research/OMNI/MarioRadio/gcc-arm-none-eabi-4_9-2015q2/bin/../lib/gcc/arm-none-eabi/4.9.3/armv6-m/crti.o
 .bss           0x00000000200008d0       0x1c /Users/andyz/Research/OMNI/MarioRadio/gcc-arm-none-eabi-4_9-2015q2/bin/../lib/gcc/arm-none-eabi/4.9.3/armv6-m/crtbegin.o
 .bss           0x00000000200008ec        0x0 /Users/andyz/Research/OMNI/MarioRadio/gcc-arm-none-eabi-4_9-2015q2/bin/../lib/gcc/arm-none-eabi/4.9.3/../../../../arm-none-eabi/lib/armv6-m/crt0.o
 .bss           0x00000000200008ec        0x0 _build/main_b.o
 .bss           0x00000000200008ec        0x0 _build/radio_config.o
 .bss           0x00000000200008ec        0x0 _build/nrf_delay.o
 .bss           0x00000000200008ec        0x0 _build/system_nrf51.o
 .bss           0x00000000200008ec        0x0 _build/gcc_startup_nrf51.o
 .bss           0x00000000200008ec        0x0 /Users/andyz/Research/OMNI/MarioRadio/gcc-arm-none-eabi-4_9-2015q2/bin/../lib/gcc/arm-none-eabi/4.9.3/armv6-m/libgcc.a(_udivsi3.o)
 .bss           0x00000000200008ec        0x0 /Users/andyz/Research/OMNI/MarioRadio/gcc-arm-none-eabi-4_9-2015q2/bin/../lib/gcc/arm-none-eabi/4.9.3/armv6-m/libgcc.a(_dvmd_tls.o)
 .bss           0x00000000200008ec        0x0 /Users/andyz/Research/OMNI/MarioRadio/gcc-arm-none-eabi-4_9-2015q2/bin/../lib/gcc/arm-none-eabi/4.9.3/../../../../arm-none-eabi/lib/armv6-m/libc.a(lib_a-exit.o)
 .bss           0x00000000200008ec        0x0 /Users/andyz/Research/OMNI/MarioRadio/gcc-arm-none-eabi-4_9-2015q2/bin/../lib/gcc/arm-none-eabi/4.9.3/../../../../arm-none-eabi/lib/armv6-m/libc.a(lib_a-impure.o)
 .bss           0x00000000200008ec        0x0 /Users/andyz/Research/OMNI/MarioRadio/gcc-arm-none-eabi-4_9-2015q2/bin/../lib/gcc/arm-none-eabi/4.9.3/../../../../arm-none-eabi/lib/armv6-m/libc.a(lib_a-init.o)
 .bss           0x00000000200008ec        0x0 /Users/andyz/Research/OMNI/MarioRadio/gcc-arm-none-eabi-4_9-2015q2/bin/../lib/gcc/arm-none-eabi/4.9.3/../../../../arm-none-eabi/lib/armv6-m/libc.a(lib_a-memcpy.o)
 .bss           0x00000000200008ec        0x0 /Users/andyz/Research/OMNI/MarioRadio/gcc-arm-none-eabi-4_9-2015q2/bin/../lib/gcc/arm-none-eabi/4.9.3/../../../../arm-none-eabi/lib/armv6-m/libc.a(lib_a-memset.o)
 .bss           0x00000000200008ec        0x0 /Users/andyz/Research/OMNI/MarioRadio/gcc-arm-none-eabi-4_9-2015q2/bin/../lib/gcc/arm-none-eabi/4.9.3/../../../../arm-none-eabi/lib/armv6-m/libc.a(lib_a-snprintf.o)
 .bss           0x00000000200008ec        0x0 /Users/andyz/Research/OMNI/MarioRadio/gcc-arm-none-eabi-4_9-2015q2/bin/../lib/gcc/arm-none-eabi/4.9.3/../../../../arm-none-eabi/lib/armv6-m/libc.a(lib_a-svfprintf.o)
 .bss           0x00000000200008ec        0x0 /Users/andyz/Research/OMNI/MarioRadio/gcc-arm-none-eabi-4_9-2015q2/bin/../lib/gcc/arm-none-eabi/4.9.3/../../../../arm-none-eabi/lib/armv6-m/libc.a(lib_a-__call_atexit.o)
 .bss           0x00000000200008ec        0x0 /Users/andyz/Research/OMNI/MarioRadio/gcc-arm-none-eabi-4_9-2015q2/bin/../lib/gcc/arm-none-eabi/4.9.3/../../../../arm-none-eabi/lib/armv6-m/libc.a(lib_a-atexit.o)
 .bss           0x00000000200008ec        0x0 /Users/andyz/Research/OMNI/MarioRadio/gcc-arm-none-eabi-4_9-2015q2/bin/../lib/gcc/arm-none-eabi/4.9.3/../../../../arm-none-eabi/lib/armv6-m/libc.a(lib_a-dtoa.o)
 .bss           0x00000000200008ec        0x0 /Users/andyz/Research/OMNI/MarioRadio/gcc-arm-none-eabi-4_9-2015q2/bin/../lib/gcc/arm-none-eabi/4.9.3/../../../../arm-none-eabi/lib/armv6-m/libc.a(lib_a-fini.o)
 .bss           0x00000000200008ec        0x0 /Users/andyz/Research/OMNI/MarioRadio/gcc-arm-none-eabi-4_9-2015q2/bin/../lib/gcc/arm-none-eabi/4.9.3/../../../../arm-none-eabi/lib/armv6-m/libc.a(lib_a-locale.o)
 .bss._PathLocale
                0x00000000200008ec        0x4 /Users/andyz/Research/OMNI/MarioRadio/gcc-arm-none-eabi-4_9-2015q2/bin/../lib/gcc/arm-none-eabi/4.9.3/../../../../arm-none-eabi/lib/armv6-m/libc.a(lib_a-locale.o)
                0x00000000200008ec                _PathLocale
 .bss.__nlocale_changed
                0x00000000200008f0        0x4 /Users/andyz/Research/OMNI/MarioRadio/gcc-arm-none-eabi-4_9-2015q2/bin/../lib/gcc/arm-none-eabi/4.9.3/../../../../arm-none-eabi/lib/armv6-m/libc.a(lib_a-locale.o)
                0x00000000200008f0                __nlocale_changed
 .bss.__mlocale_changed
                0x00000000200008f4        0x4 /Users/andyz/Research/OMNI/MarioRadio/gcc-arm-none-eabi-4_9-2015q2/bin/../lib/gcc/arm-none-eabi/4.9.3/../../../../arm-none-eabi/lib/armv6-m/libc.a(lib_a-locale.o)
                0x00000000200008f4                __mlocale_changed
 .bss           0x00000000200008f8        0x0 /Users/andyz/Research/OMNI/MarioRadio/gcc-arm-none-eabi-4_9-2015q2/bin/../lib/gcc/arm-none-eabi/4.9.3/../../../../arm-none-eabi/lib/armv6-m/libc.a(lib_a-mallocr.o)
 .bss.__malloc_max_total_mem
                0x00000000200008f8        0x4 /Users/andyz/Research/OMNI/MarioRadio/gcc-arm-none-eabi-4_9-2015q2/bin/../lib/gcc/arm-none-eabi/4.9.3/../../../../arm-none-eabi/lib/armv6-m/libc.a(lib_a-mallocr.o)
                0x00000000200008f8                __malloc_max_total_mem
 .bss.__malloc_max_sbrked_mem
                0x00000000200008fc        0x4 /Users/andyz/Research/OMNI/MarioRadio/gcc-arm-none-eabi-4_9-2015q2/bin/../lib/gcc/arm-none-eabi/4.9.3/../../../../arm-none-eabi/lib/armv6-m/libc.a(lib_a-mallocr.o)
                0x00000000200008fc                __malloc_max_sbrked_mem
 .bss.__malloc_top_pad
                0x0000000020000900        0x4 /Users/andyz/Research/OMNI/MarioRadio/gcc-arm-none-eabi-4_9-2015q2/bin/../lib/gcc/arm-none-eabi/4.9.3/../../../../arm-none-eabi/lib/armv6-m/libc.a(lib_a-mallocr.o)
                0x0000000020000900                __malloc_top_pad
 .bss.__malloc_current_mallinfo
                0x0000000020000904       0x28 /Users/andyz/Research/OMNI/MarioRadio/gcc-arm-none-eabi-4_9-2015q2/bin/../lib/gcc/arm-none-eabi/4.9.3/../../../../arm-none-eabi/lib/armv6-m/libc.a(lib_a-mallocr.o)
                0x0000000020000904                __malloc_current_mallinfo
 .bss           0x000000002000092c        0x0 /Users/andyz/Research/OMNI/MarioRadio/gcc-arm-none-eabi-4_9-2015q2/bin/../lib/gcc/arm-none-eabi/4.9.3/../../../../arm-none-eabi/lib/armv6-m/libc.a(lib_a-memchr.o)
 .bss           0x000000002000092c        0x0 /Users/andyz/Research/OMNI/MarioRadio/gcc-arm-none-eabi-4_9-2015q2/bin/../lib/gcc/arm-none-eabi/4.9.3/../../../../arm-none-eabi/lib/armv6-m/libc.a(lib_a-mlock.o)
 .bss           0x000000002000092c        0x0 /Users/andyz/Research/OMNI/MarioRadio/gcc-arm-none-eabi-4_9-2015q2/bin/../lib/gcc/arm-none-eabi/4.9.3/../../../../arm-none-eabi/lib/armv6-m/libc.a(lib_a-mprec.o)
 .bss           0x000000002000092c        0x0 /Users/andyz/Research/OMNI/MarioRadio/gcc-arm-none-eabi-4_9-2015q2/bin/../lib/gcc/arm-none-eabi/4.9.3/../../../../arm-none-eabi/lib/armv6-m/libc.a(lib_a-s_fpclassify.o)
 .bss           0x000000002000092c        0x0 /Users/andyz/Research/OMNI/MarioRadio/gcc-arm-none-eabi-4_9-2015q2/bin/../lib/gcc/arm-none-eabi/4.9.3/../../../../arm-none-eabi/lib/armv6-m/libc.a(lib_a-sbrkr.o)
 .bss           0x000000002000092c        0x0 /Users/andyz/Research/OMNI/MarioRadio/gcc-arm-none-eabi-4_9-2015q2/bin/../lib/gcc/arm-none-eabi/4.9.3/../../../../arm-none-eabi/lib/armv6-m/libc.a(lib_a-strcmp.o)
 .bss           0x000000002000092c        0x0 /Users/andyz/Research/OMNI/MarioRadio/gcc-arm-none-eabi-4_9-2015q2/bin/../lib/gcc/arm-none-eabi/4.9.3/../../../../arm-none-eabi/lib/armv6-m/libc.a(lib_a-strlen.o)
 .bss           0x000000002000092c        0x0 /Users/andyz/Research/OMNI/MarioRadio/gcc-arm-none-eabi-4_9-2015q2/bin/../lib/gcc/arm-none-eabi/4.9.3/../../../../arm-none-eabi/lib/armv6-m/libc.a(lib_a-svfiprintf.o)
 .bss           0x000000002000092c        0x0 /Users/andyz/Research/OMNI/MarioRadio/gcc-arm-none-eabi-4_9-2015q2/bin/../lib/gcc/arm-none-eabi/4.9.3/../../../../arm-none-eabi/lib/armv6-m/libc.a(lib_a-__atexit.o)
 .bss           0x000000002000092c        0x0 /Users/andyz/Research/OMNI/MarioRadio/gcc-arm-none-eabi-4_9-2015q2/bin/../lib/gcc/arm-none-eabi/4.9.3/../../../../arm-none-eabi/lib/armv6-m/libc.a(lib_a-callocr.o)
 .bss           0x000000002000092c        0x0 /Users/andyz/Research/OMNI/MarioRadio/gcc-arm-none-eabi-4_9-2015q2/bin/../lib/gcc/arm-none-eabi/4.9.3/../../../../arm-none-eabi/lib/armv6-m/libc.a(lib_a-freer.o)
 .bss           0x000000002000092c        0x0 /Users/andyz/Research/OMNI/MarioRadio/gcc-arm-none-eabi-4_9-2015q2/bin/../lib/gcc/arm-none-eabi/4.9.3/../../../../arm-none-eabi/lib/armv6-m/libc.a(lib_a-memmove.o)
 .bss           0x000000002000092c        0x0 /Users/andyz/Research/OMNI/MarioRadio/gcc-arm-none-eabi-4_9-2015q2/bin/../lib/gcc/arm-none-eabi/4.9.3/../../../../arm-none-eabi/lib/armv6-m/libc.a(lib_a-reallocr.o)
 .bss           0x000000002000092c        0x0 /Users/andyz/Research/OMNI/MarioRadio/gcc-arm-none-eabi-4_9-2015q2/bin/../lib/gcc/arm-none-eabi/4.9.3/../../../../arm-none-eabi/lib/armv6-m/libc.a(lib_a-reent.o)
 .bss           0x000000002000092c        0x0 /Users/andyz/Research/OMNI/MarioRadio/gcc-arm-none-eabi-4_9-2015q2/bin/../lib/gcc/arm-none-eabi/4.9.3/armv6-m/libgcc.a(_divsi3.o)
 .bss           0x000000002000092c        0x0 /Users/andyz/Research/OMNI/MarioRadio/gcc-arm-none-eabi-4_9-2015q2/bin/../lib/gcc/arm-none-eabi/4.9.3/armv6-m/libgcc.a(_arm_cmpdf2.o)
 .bss           0x000000002000092c        0x0 /Users/andyz/Research/OMNI/MarioRadio/gcc-arm-none-eabi-4_9-2015q2/bin/../lib/gcc/arm-none-eabi/4.9.3/armv6-m/libgcc.a(_aeabi_uldivmod.o)
 .bss           0x000000002000092c        0x0 /Users/andyz/Research/OMNI/MarioRadio/gcc-arm-none-eabi-4_9-2015q2/bin/../lib/gcc/arm-none-eabi/4.9.3/armv6-m/libgcc.a(bpabi.o)
 .bss           0x000000002000092c        0x0 /Users/andyz/Research/OMNI/MarioRadio/gcc-arm-none-eabi-4_9-2015q2/bin/../lib/gcc/arm-none-eabi/4.9.3/armv6-m/libgcc.a(adddf3.o)
 .bss           0x000000002000092c        0x0 /Users/andyz/Research/OMNI/MarioRadio/gcc-arm-none-eabi-4_9-2015q2/bin/../lib/gcc/arm-none-eabi/4.9.3/armv6-m/libgcc.a(divdf3.o)
 .bss           0x000000002000092c        0x0 /Users/andyz/Research/OMNI/MarioRadio/gcc-arm-none-eabi-4_9-2015q2/bin/../lib/gcc/arm-none-eabi/4.9.3/armv6-m/libgcc.a(eqdf2.o)
 .bss           0x000000002000092c        0x0 /Users/andyz/Research/OMNI/MarioRadio/gcc-arm-none-eabi-4_9-2015q2/bin/../lib/gcc/arm-none-eabi/4.9.3/armv6-m/libgcc.a(gedf2.o)
 .bss           0x000000002000092c        0x0 /Users/andyz/Research/OMNI/MarioRadio/gcc-arm-none-eabi-4_9-2015q2/bin/../lib/gcc/arm-none-eabi/4.9.3/armv6-m/libgcc.a(ledf2.o)
 .bss           0x000000002000092c        0x0 /Users/andyz/Research/OMNI/MarioRadio/gcc-arm-none-eabi-4_9-2015q2/bin/../lib/gcc/arm-none-eabi/4.9.3/armv6-m/libgcc.a(muldf3.o)
 .bss           0x000000002000092c        0x0 /Users/andyz/Research/OMNI/MarioRadio/gcc-arm-none-eabi-4_9-2015q2/bin/../lib/gcc/arm-none-eabi/4.9.3/armv6-m/libgcc.a(subdf3.o)
 .bss           0x000000002000092c        0x0 /Users/andyz/Research/OMNI/MarioRadio/gcc-arm-none-eabi-4_9-2015q2/bin/../lib/gcc/arm-none-eabi/4.9.3/armv6-m/libgcc.a(fixdfsi.o)
 .bss           0x000000002000092c        0x0 /Users/andyz/Research/OMNI/MarioRadio/gcc-arm-none-eabi-4_9-2015q2/bin/../lib/gcc/arm-none-eabi/4.9.3/armv6-m/libgcc.a(floatsidf.o)
 .bss           0x000000002000092c        0x0 /Users/andyz/Research/OMNI/MarioRadio/gcc-arm-none-eabi-4_9-2015q2/bin/../lib/gcc/arm-none-eabi/4.9.3/armv6-m/libgcc.a(floatunsidf.o)
 .bss           0x000000002000092c        0x0 /Users/andyz/Research/OMNI/MarioRadio/gcc-arm-none-eabi-4_9-2015q2/bin/../lib/gcc/arm-none-eabi/4.9.3/armv6-m/libgcc.a(_clzsi2.o)
 .bss           0x000000002000092c        0x0 /Users/andyz/Research/OMNI/MarioRadio/gcc-arm-none-eabi-4_9-2015q2/bin/../lib/gcc/arm-none-eabi/4.9.3/armv6-m/libgcc.a(_muldi3.o)
 .bss           0x000000002000092c        0x0 /Users/andyz/Research/OMNI/MarioRadio/gcc-arm-none-eabi-4_9-2015q2/bin/../lib/gcc/arm-none-eabi/4.9.3/armv6-m/libgcc.a(_divdi3.o)
 .bss           0x000000002000092c        0x0 /Users/andyz/Research/OMNI/MarioRadio/gcc-arm-none-eabi-4_9-2015q2/bin/../lib/gcc/arm-none-eabi/4.9.3/armv6-m/libgcc.a(_udivdi3.o)
 .bss           0x000000002000092c        0x0 /Users/andyz/Research/OMNI/MarioRadio/gcc-arm-none-eabi-4_9-2015q2/bin/../lib/gcc/arm-none-eabi/4.9.3/armv6-m/libgcc.a(_clzdi2.o)
 .bss           0x000000002000092c        0x0 /Users/andyz/Research/OMNI/MarioRadio/gcc-arm-none-eabi-4_9-2015q2/bin/../lib/gcc/arm-none-eabi/4.9.3/armv6-m/crtend.o
 .bss           0x000000002000092c        0x0 /Users/andyz/Research/OMNI/MarioRadio/gcc-arm-none-eabi-4_9-2015q2/bin/../lib/gcc/arm-none-eabi/4.9.3/armv6-m/crtn.o
 .bss           0x000000002000092c        0x0 /Users/andyz/Research/OMNI/MarioRadio/gcc-arm-none-eabi-4_9-2015q2/bin/../lib/gcc/arm-none-eabi/4.9.3/../../../../arm-none-eabi/lib/armv6-m/libnosys.a(sbrk.o)
 .bss.heap_end.4079
                0x000000002000092c        0x4 /Users/andyz/Research/OMNI/MarioRadio/gcc-arm-none-eabi-4_9-2015q2/bin/../lib/gcc/arm-none-eabi/4.9.3/../../../../arm-none-eabi/lib/armv6-m/libnosys.a(sbrk.o)
 .bss           0x0000000020000930        0x0 /Users/andyz/Research/OMNI/MarioRadio/gcc-arm-none-eabi-4_9-2015q2/bin/../lib/gcc/arm-none-eabi/4.9.3/../../../../arm-none-eabi/lib/armv6-m/libnosys.a(_exit.o)
 *(COMMON)
 COMMON         0x0000000020000930       0xc9 _build/main_b.o
                0x0000000020000930                packet2
                0x0000000020000994                packet
                0x00000000200009f8                freq
 *fill*         0x00000000200009f9        0x3 
 COMMON         0x00000000200009fc        0x8 _build/radio_config.o
                0x00000000200009fc                rssi_count
                0x0000000020000a00                rssi_val
 COMMON         0x0000000020000a04        0x4 /Users/andyz/Research/OMNI/MarioRadio/gcc-arm-none-eabi-4_9-2015q2/bin/../lib/gcc/arm-none-eabi/4.9.3/../../../../arm-none-eabi/lib/armv6-m/libc.a(lib_a-reent.o)
                0x0000000020000a04                errno
                0x0000000020000a08                . = ALIGN (0x4)
                0x0000000020000a08                __bss_end__ = .

.heap           0x0000000020000a08      0x800
                0x0000000020000a08                __end__ = .
                0x0000000020000a08                end = __end__
 *(.heap*)
 .heap          0x0000000020000a08      0x800 _build/gcc_startup_nrf51.o
                0x0000000020000a08                __HeapBase
                0x0000000020001208                __HeapLimit = .

.stack_dummy    0x0000000020000a08      0x800
 *(.stack*)
 .stack         0x0000000020000a08      0x800 _build/gcc_startup_nrf51.o
                0x0000000020004000                __StackTop = (ORIGIN (RAM) + 0x4000)
                0x0000000020003800                __StackLimit = (__StackTop - SIZEOF (.stack_dummy))
                0x0000000020004000                PROVIDE (__stack, __StackTop)
                0x0000000000000001                ASSERT ((__StackLimit >= __HeapLimit), region RAM overflowed with stack)
OUTPUT(_build/SideB_xxaa.out elf32-littlearm)

.ARM.attributes
                0x0000000000000000       0x28
 .ARM.attributes
                0x0000000000000000       0x1e /Users/andyz/Research/OMNI/MarioRadio/gcc-arm-none-eabi-4_9-2015q2/bin/../lib/gcc/arm-none-eabi/4.9.3/armv6-m/crti.o
 .ARM.attributes
                0x000000000000001e       0x2c /Users/andyz/Research/OMNI/MarioRadio/gcc-arm-none-eabi-4_9-2015q2/bin/../lib/gcc/arm-none-eabi/4.9.3/armv6-m/crtbegin.o
 .ARM.attributes
                0x000000000000004a       0x1b /Users/andyz/Research/OMNI/MarioRadio/gcc-arm-none-eabi-4_9-2015q2/bin/../lib/gcc/arm-none-eabi/4.9.3/../../../../arm-none-eabi/lib/armv6-m/crt0.o
 .ARM.attributes
                0x0000000000000065       0x31 _build/main_b.o
 .ARM.attributes
                0x0000000000000096       0x31 _build/radio_config.o
 .ARM.attributes
                0x00000000000000c7       0x31 _build/nrf_delay.o
 .ARM.attributes
                0x00000000000000f8       0x31 _build/system_nrf51.o
 .ARM.attributes
                0x0000000000000129       0x1b _build/gcc_startup_nrf51.o
 .ARM.attributes
                0x0000000000000144       0x1e /Users/andyz/Research/OMNI/MarioRadio/gcc-arm-none-eabi-4_9-2015q2/bin/../lib/gcc/arm-none-eabi/4.9.3/armv6-m/libgcc.a(_udivsi3.o)
 .ARM.attributes
                0x0000000000000162       0x1e /Users/andyz/Research/OMNI/MarioRadio/gcc-arm-none-eabi-4_9-2015q2/bin/../lib/gcc/arm-none-eabi/4.9.3/armv6-m/libgcc.a(_dvmd_tls.o)
 .ARM.attributes
                0x0000000000000180       0x2c /Users/andyz/Research/OMNI/MarioRadio/gcc-arm-none-eabi-4_9-2015q2/bin/../lib/gcc/arm-none-eabi/4.9.3/../../../../arm-none-eabi/lib/armv6-m/libc.a(lib_a-exit.o)
 .ARM.attributes
                0x00000000000001ac       0x2c /Users/andyz/Research/OMNI/MarioRadio/gcc-arm-none-eabi-4_9-2015q2/bin/../lib/gcc/arm-none-eabi/4.9.3/../../../../arm-none-eabi/lib/armv6-m/libc.a(lib_a-impure.o)
 .ARM.attributes
                0x00000000000001d8       0x2c /Users/andyz/Research/OMNI/MarioRadio/gcc-arm-none-eabi-4_9-2015q2/bin/../lib/gcc/arm-none-eabi/4.9.3/../../../../arm-none-eabi/lib/armv6-m/libc.a(lib_a-init.o)
 .ARM.attributes
                0x0000000000000204       0x2c /Users/andyz/Research/OMNI/MarioRadio/gcc-arm-none-eabi-4_9-2015q2/bin/../lib/gcc/arm-none-eabi/4.9.3/../../../../arm-none-eabi/lib/armv6-m/libc.a(lib_a-memcpy.o)
 .ARM.attributes
                0x0000000000000230       0x2c /Users/andyz/Research/OMNI/MarioRadio/gcc-arm-none-eabi-4_9-2015q2/bin/../lib/gcc/arm-none-eabi/4.9.3/../../../../arm-none-eabi/lib/armv6-m/libc.a(lib_a-memset.o)
 .ARM.attributes
                0x000000000000025c       0x2c /Users/andyz/Research/OMNI/MarioRadio/gcc-arm-none-eabi-4_9-2015q2/bin/../lib/gcc/arm-none-eabi/4.9.3/../../../../arm-none-eabi/lib/armv6-m/libc.a(lib_a-snprintf.o)
 .ARM.attributes
                0x0000000000000288       0x2c /Users/andyz/Research/OMNI/MarioRadio/gcc-arm-none-eabi-4_9-2015q2/bin/../lib/gcc/arm-none-eabi/4.9.3/../../../../arm-none-eabi/lib/armv6-m/libc.a(lib_a-svfprintf.o)
 .ARM.attributes
                0x00000000000002b4       0x2c /Users/andyz/Research/OMNI/MarioRadio/gcc-arm-none-eabi-4_9-2015q2/bin/../lib/gcc/arm-none-eabi/4.9.3/../../../../arm-none-eabi/lib/armv6-m/libc.a(lib_a-__call_atexit.o)
 .ARM.attributes
                0x00000000000002e0       0x2c /Users/andyz/Research/OMNI/MarioRadio/gcc-arm-none-eabi-4_9-2015q2/bin/../lib/gcc/arm-none-eabi/4.9.3/../../../../arm-none-eabi/lib/armv6-m/libc.a(lib_a-atexit.o)
 .ARM.attributes
                0x000000000000030c       0x2c /Users/andyz/Research/OMNI/MarioRadio/gcc-arm-none-eabi-4_9-2015q2/bin/../lib/gcc/arm-none-eabi/4.9.3/../../../../arm-none-eabi/lib/armv6-m/libc.a(lib_a-dtoa.o)
 .ARM.attributes
                0x0000000000000338       0x2c /Users/andyz/Research/OMNI/MarioRadio/gcc-arm-none-eabi-4_9-2015q2/bin/../lib/gcc/arm-none-eabi/4.9.3/../../../../arm-none-eabi/lib/armv6-m/libc.a(lib_a-fini.o)
 .ARM.attributes
                0x0000000000000364       0x2c /Users/andyz/Research/OMNI/MarioRadio/gcc-arm-none-eabi-4_9-2015q2/bin/../lib/gcc/arm-none-eabi/4.9.3/../../../../arm-none-eabi/lib/armv6-m/libc.a(lib_a-locale.o)
 .ARM.attributes
                0x0000000000000390       0x2c /Users/andyz/Research/OMNI/MarioRadio/gcc-arm-none-eabi-4_9-2015q2/bin/../lib/gcc/arm-none-eabi/4.9.3/../../../../arm-none-eabi/lib/armv6-m/libc.a(lib_a-mallocr.o)
 .ARM.attributes
                0x00000000000003bc       0x2c /Users/andyz/Research/OMNI/MarioRadio/gcc-arm-none-eabi-4_9-2015q2/bin/../lib/gcc/arm-none-eabi/4.9.3/../../../../arm-none-eabi/lib/armv6-m/libc.a(lib_a-memchr.o)
 .ARM.attributes
                0x00000000000003e8       0x2c /Users/andyz/Research/OMNI/MarioRadio/gcc-arm-none-eabi-4_9-2015q2/bin/../lib/gcc/arm-none-eabi/4.9.3/../../../../arm-none-eabi/lib/armv6-m/libc.a(lib_a-mlock.o)
 .ARM.attributes
                0x0000000000000414       0x2c /Users/andyz/Research/OMNI/MarioRadio/gcc-arm-none-eabi-4_9-2015q2/bin/../lib/gcc/arm-none-eabi/4.9.3/../../../../arm-none-eabi/lib/armv6-m/libc.a(lib_a-mprec.o)
 .ARM.attributes
                0x0000000000000440       0x2c /Users/andyz/Research/OMNI/MarioRadio/gcc-arm-none-eabi-4_9-2015q2/bin/../lib/gcc/arm-none-eabi/4.9.3/../../../../arm-none-eabi/lib/armv6-m/libc.a(lib_a-s_fpclassify.o)
 .ARM.attributes
                0x000000000000046c       0x2c /Users/andyz/Research/OMNI/MarioRadio/gcc-arm-none-eabi-4_9-2015q2/bin/../lib/gcc/arm-none-eabi/4.9.3/../../../../arm-none-eabi/lib/armv6-m/libc.a(lib_a-sbrkr.o)
 .ARM.attributes
                0x0000000000000498       0x1b /Users/andyz/Research/OMNI/MarioRadio/gcc-arm-none-eabi-4_9-2015q2/bin/../lib/gcc/arm-none-eabi/4.9.3/../../../../arm-none-eabi/lib/armv6-m/libc.a(lib_a-strcmp.o)
 .ARM.attributes
                0x00000000000004b3       0x2c /Users/andyz/Research/OMNI/MarioRadio/gcc-arm-none-eabi-4_9-2015q2/bin/../lib/gcc/arm-none-eabi/4.9.3/../../../../arm-none-eabi/lib/armv6-m/libc.a(lib_a-strlen.o)
 .ARM.attributes
                0x00000000000004df       0x2c /Users/andyz/Research/OMNI/MarioRadio/gcc-arm-none-eabi-4_9-2015q2/bin/../lib/gcc/arm-none-eabi/4.9.3/../../../../arm-none-eabi/lib/armv6-m/libc.a(lib_a-svfiprintf.o)
 .ARM.attributes
                0x000000000000050b       0x2c /Users/andyz/Research/OMNI/MarioRadio/gcc-arm-none-eabi-4_9-2015q2/bin/../lib/gcc/arm-none-eabi/4.9.3/../../../../arm-none-eabi/lib/armv6-m/libc.a(lib_a-__atexit.o)
 .ARM.attributes
                0x0000000000000537       0x2c /Users/andyz/Research/OMNI/MarioRadio/gcc-arm-none-eabi-4_9-2015q2/bin/../lib/gcc/arm-none-eabi/4.9.3/../../../../arm-none-eabi/lib/armv6-m/libc.a(lib_a-callocr.o)
 .ARM.attributes
                0x0000000000000563       0x2c /Users/andyz/Research/OMNI/MarioRadio/gcc-arm-none-eabi-4_9-2015q2/bin/../lib/gcc/arm-none-eabi/4.9.3/../../../../arm-none-eabi/lib/armv6-m/libc.a(lib_a-freer.o)
 .ARM.attributes
                0x000000000000058f       0x2c /Users/andyz/Research/OMNI/MarioRadio/gcc-arm-none-eabi-4_9-2015q2/bin/../lib/gcc/arm-none-eabi/4.9.3/../../../../arm-none-eabi/lib/armv6-m/libc.a(lib_a-memmove.o)
 .ARM.attributes
                0x00000000000005bb       0x2c /Users/andyz/Research/OMNI/MarioRadio/gcc-arm-none-eabi-4_9-2015q2/bin/../lib/gcc/arm-none-eabi/4.9.3/../../../../arm-none-eabi/lib/armv6-m/libc.a(lib_a-reallocr.o)
 .ARM.attributes
                0x00000000000005e7       0x2c /Users/andyz/Research/OMNI/MarioRadio/gcc-arm-none-eabi-4_9-2015q2/bin/../lib/gcc/arm-none-eabi/4.9.3/../../../../arm-none-eabi/lib/armv6-m/libc.a(lib_a-reent.o)
 .ARM.attributes
                0x0000000000000613       0x1e /Users/andyz/Research/OMNI/MarioRadio/gcc-arm-none-eabi-4_9-2015q2/bin/../lib/gcc/arm-none-eabi/4.9.3/armv6-m/libgcc.a(_divsi3.o)
 .ARM.attributes
                0x0000000000000631       0x1e /Users/andyz/Research/OMNI/MarioRadio/gcc-arm-none-eabi-4_9-2015q2/bin/../lib/gcc/arm-none-eabi/4.9.3/armv6-m/libgcc.a(_arm_cmpdf2.o)
 .ARM.attributes
                0x000000000000064f       0x1e /Users/andyz/Research/OMNI/MarioRadio/gcc-arm-none-eabi-4_9-2015q2/bin/../lib/gcc/arm-none-eabi/4.9.3/armv6-m/libgcc.a(_aeabi_uldivmod.o)
 .ARM.attributes
                0x000000000000066d       0x2c /Users/andyz/Research/OMNI/MarioRadio/gcc-arm-none-eabi-4_9-2015q2/bin/../lib/gcc/arm-none-eabi/4.9.3/armv6-m/libgcc.a(bpabi.o)
 .ARM.attributes
                0x0000000000000699       0x2c /Users/andyz/Research/OMNI/MarioRadio/gcc-arm-none-eabi-4_9-2015q2/bin/../lib/gcc/arm-none-eabi/4.9.3/armv6-m/libgcc.a(adddf3.o)
 .ARM.attributes
                0x00000000000006c5       0x2c /Users/andyz/Research/OMNI/MarioRadio/gcc-arm-none-eabi-4_9-2015q2/bin/../lib/gcc/arm-none-eabi/4.9.3/armv6-m/libgcc.a(divdf3.o)
 .ARM.attributes
                0x00000000000006f1       0x2c /Users/andyz/Research/OMNI/MarioRadio/gcc-arm-none-eabi-4_9-2015q2/bin/../lib/gcc/arm-none-eabi/4.9.3/armv6-m/libgcc.a(eqdf2.o)
 .ARM.attributes
                0x000000000000071d       0x2c /Users/andyz/Research/OMNI/MarioRadio/gcc-arm-none-eabi-4_9-2015q2/bin/../lib/gcc/arm-none-eabi/4.9.3/armv6-m/libgcc.a(gedf2.o)
 .ARM.attributes
                0x0000000000000749       0x2c /Users/andyz/Research/OMNI/MarioRadio/gcc-arm-none-eabi-4_9-2015q2/bin/../lib/gcc/arm-none-eabi/4.9.3/armv6-m/libgcc.a(ledf2.o)
 .ARM.attributes
                0x0000000000000775       0x2c /Users/andyz/Research/OMNI/MarioRadio/gcc-arm-none-eabi-4_9-2015q2/bin/../lib/gcc/arm-none-eabi/4.9.3/armv6-m/libgcc.a(muldf3.o)
 .ARM.attributes
                0x00000000000007a1       0x2c /Users/andyz/Research/OMNI/MarioRadio/gcc-arm-none-eabi-4_9-2015q2/bin/../lib/gcc/arm-none-eabi/4.9.3/armv6-m/libgcc.a(subdf3.o)
 .ARM.attributes
                0x00000000000007cd       0x2c /Users/andyz/Research/OMNI/MarioRadio/gcc-arm-none-eabi-4_9-2015q2/bin/../lib/gcc/arm-none-eabi/4.9.3/armv6-m/libgcc.a(fixdfsi.o)
 .ARM.attributes
                0x00000000000007f9       0x2c /Users/andyz/Research/OMNI/MarioRadio/gcc-arm-none-eabi-4_9-2015q2/bin/../lib/gcc/arm-none-eabi/4.9.3/armv6-m/libgcc.a(floatsidf.o)
 .ARM.attributes
                0x0000000000000825       0x2c /Users/andyz/Research/OMNI/MarioRadio/gcc-arm-none-eabi-4_9-2015q2/bin/../lib/gcc/arm-none-eabi/4.9.3/armv6-m/libgcc.a(floatunsidf.o)
 .ARM.attributes
                0x0000000000000851       0x1e /Users/andyz/Research/OMNI/MarioRadio/gcc-arm-none-eabi-4_9-2015q2/bin/../lib/gcc/arm-none-eabi/4.9.3/armv6-m/libgcc.a(_clzsi2.o)
 .ARM.attributes
                0x000000000000086f       0x2c /Users/andyz/Research/OMNI/MarioRadio/gcc-arm-none-eabi-4_9-2015q2/bin/../lib/gcc/arm-none-eabi/4.9.3/armv6-m/libgcc.a(_muldi3.o)
 .ARM.attributes
                0x000000000000089b       0x2c /Users/andyz/Research/OMNI/MarioRadio/gcc-arm-none-eabi-4_9-2015q2/bin/../lib/gcc/arm-none-eabi/4.9.3/armv6-m/libgcc.a(_divdi3.o)
 .ARM.attributes
                0x00000000000008c7       0x2c /Users/andyz/Research/OMNI/MarioRadio/gcc-arm-none-eabi-4_9-2015q2/bin/../lib/gcc/arm-none-eabi/4.9.3/armv6-m/libgcc.a(_udivdi3.o)
 .ARM.attributes
                0x00000000000008f3       0x1e /Users/andyz/Research/OMNI/MarioRadio/gcc-arm-none-eabi-4_9-2015q2/bin/../lib/gcc/arm-none-eabi/4.9.3/armv6-m/libgcc.a(_clzdi2.o)
 .ARM.attributes
                0x0000000000000911       0x2c /Users/andyz/Research/OMNI/MarioRadio/gcc-arm-none-eabi-4_9-2015q2/bin/../lib/gcc/arm-none-eabi/4.9.3/armv6-m/crtend.o
 .ARM.attributes
                0x000000000000093d       0x1e /Users/andyz/Research/OMNI/MarioRadio/gcc-arm-none-eabi-4_9-2015q2/bin/../lib/gcc/arm-none-eabi/4.9.3/armv6-m/crtn.o
 .ARM.attributes
                0x000000000000095b       0x2c /Users/andyz/Research/OMNI/MarioRadio/gcc-arm-none-eabi-4_9-2015q2/bin/../lib/gcc/arm-none-eabi/4.9.3/../../../../arm-none-eabi/lib/armv6-m/libnosys.a(sbrk.o)
 .ARM.attributes
                0x0000000000000987       0x2c /Users/andyz/Research/OMNI/MarioRadio/gcc-arm-none-eabi-4_9-2015q2/bin/../lib/gcc/arm-none-eabi/4.9.3/../../../../arm-none-eabi/lib/armv6-m/libnosys.a(_exit.o)

.comment        0x0000000000000000       0x70
 .comment       0x0000000000000000       0x70 _build/main_b.o
                                         0x71 (size before relaxing)
 .comment       0x0000000000000000       0x71 _build/radio_config.o
 .comment       0x0000000000000000       0x71 _build/nrf_delay.o
 .comment       0x0000000000000000       0x71 _build/system_nrf51.o

.debug_frame    0x0000000000000000      0xbc0
 .debug_frame   0x0000000000000000       0x20 /Users/andyz/Research/OMNI/MarioRadio/gcc-arm-none-eabi-4_9-2015q2/bin/../lib/gcc/arm-none-eabi/4.9.3/armv6-m/libgcc.a(_udivsi3.o)
 .debug_frame   0x0000000000000020       0x28 /Users/andyz/Research/OMNI/MarioRadio/gcc-arm-none-eabi-4_9-2015q2/bin/../lib/gcc/arm-none-eabi/4.9.3/../../../../arm-none-eabi/lib/armv6-m/libc.a(lib_a-exit.o)
 .debug_frame   0x0000000000000048       0x2c /Users/andyz/Research/OMNI/MarioRadio/gcc-arm-none-eabi-4_9-2015q2/bin/../lib/gcc/arm-none-eabi/4.9.3/../../../../arm-none-eabi/lib/armv6-m/libc.a(lib_a-init.o)
 .debug_frame   0x0000000000000074       0x2c /Users/andyz/Research/OMNI/MarioRadio/gcc-arm-none-eabi-4_9-2015q2/bin/../lib/gcc/arm-none-eabi/4.9.3/../../../../arm-none-eabi/lib/armv6-m/libc.a(lib_a-memcpy.o)
 .debug_frame   0x00000000000000a0       0x2c /Users/andyz/Research/OMNI/MarioRadio/gcc-arm-none-eabi-4_9-2015q2/bin/../lib/gcc/arm-none-eabi/4.9.3/../../../../arm-none-eabi/lib/armv6-m/libc.a(lib_a-memset.o)
 .debug_frame   0x00000000000000cc       0x50 /Users/andyz/Research/OMNI/MarioRadio/gcc-arm-none-eabi-4_9-2015q2/bin/../lib/gcc/arm-none-eabi/4.9.3/../../../../arm-none-eabi/lib/armv6-m/libc.a(lib_a-snprintf.o)
 .debug_frame   0x000000000000011c       0x3c /Users/andyz/Research/OMNI/MarioRadio/gcc-arm-none-eabi-4_9-2015q2/bin/../lib/gcc/arm-none-eabi/4.9.3/../../../../arm-none-eabi/lib/armv6-m/libc.a(lib_a-svfprintf.o)
 .debug_frame   0x0000000000000158       0x54 /Users/andyz/Research/OMNI/MarioRadio/gcc-arm-none-eabi-4_9-2015q2/bin/../lib/gcc/arm-none-eabi/4.9.3/../../../../arm-none-eabi/lib/armv6-m/libc.a(lib_a-__call_atexit.o)
 .debug_frame   0x00000000000001ac       0x28 /Users/andyz/Research/OMNI/MarioRadio/gcc-arm-none-eabi-4_9-2015q2/bin/../lib/gcc/arm-none-eabi/4.9.3/../../../../arm-none-eabi/lib/armv6-m/libc.a(lib_a-atexit.o)
 .debug_frame   0x00000000000001d4       0x68 /Users/andyz/Research/OMNI/MarioRadio/gcc-arm-none-eabi-4_9-2015q2/bin/../lib/gcc/arm-none-eabi/4.9.3/../../../../arm-none-eabi/lib/armv6-m/libc.a(lib_a-dtoa.o)
 .debug_frame   0x000000000000023c       0x2c /Users/andyz/Research/OMNI/MarioRadio/gcc-arm-none-eabi-4_9-2015q2/bin/../lib/gcc/arm-none-eabi/4.9.3/../../../../arm-none-eabi/lib/armv6-m/libc.a(lib_a-fini.o)
 .debug_frame   0x0000000000000268       0xa4 /Users/andyz/Research/OMNI/MarioRadio/gcc-arm-none-eabi-4_9-2015q2/bin/../lib/gcc/arm-none-eabi/4.9.3/../../../../arm-none-eabi/lib/armv6-m/libc.a(lib_a-locale.o)
 .debug_frame   0x000000000000030c       0x3c /Users/andyz/Research/OMNI/MarioRadio/gcc-arm-none-eabi-4_9-2015q2/bin/../lib/gcc/arm-none-eabi/4.9.3/../../../../arm-none-eabi/lib/armv6-m/libc.a(lib_a-mallocr.o)
 .debug_frame   0x0000000000000348       0x2c /Users/andyz/Research/OMNI/MarioRadio/gcc-arm-none-eabi-4_9-2015q2/bin/../lib/gcc/arm-none-eabi/4.9.3/../../../../arm-none-eabi/lib/armv6-m/libc.a(lib_a-memchr.o)
 .debug_frame   0x0000000000000374       0x30 /Users/andyz/Research/OMNI/MarioRadio/gcc-arm-none-eabi-4_9-2015q2/bin/../lib/gcc/arm-none-eabi/4.9.3/../../../../arm-none-eabi/lib/armv6-m/libc.a(lib_a-mlock.o)
 .debug_frame   0x00000000000003a4      0x25c /Users/andyz/Research/OMNI/MarioRadio/gcc-arm-none-eabi-4_9-2015q2/bin/../lib/gcc/arm-none-eabi/4.9.3/../../../../arm-none-eabi/lib/armv6-m/libc.a(lib_a-mprec.o)
 .debug_frame   0x0000000000000600       0x2c /Users/andyz/Research/OMNI/MarioRadio/gcc-arm-none-eabi-4_9-2015q2/bin/../lib/gcc/arm-none-eabi/4.9.3/../../../../arm-none-eabi/lib/armv6-m/libc.a(lib_a-s_fpclassify.o)
 .debug_frame   0x000000000000062c       0x2c /Users/andyz/Research/OMNI/MarioRadio/gcc-arm-none-eabi-4_9-2015q2/bin/../lib/gcc/arm-none-eabi/4.9.3/../../../../arm-none-eabi/lib/armv6-m/libc.a(lib_a-sbrkr.o)
 .debug_frame   0x0000000000000658       0x28 /Users/andyz/Research/OMNI/MarioRadio/gcc-arm-none-eabi-4_9-2015q2/bin/../lib/gcc/arm-none-eabi/4.9.3/../../../../arm-none-eabi/lib/armv6-m/libc.a(lib_a-strlen.o)
 .debug_frame   0x0000000000000680       0x68 /Users/andyz/Research/OMNI/MarioRadio/gcc-arm-none-eabi-4_9-2015q2/bin/../lib/gcc/arm-none-eabi/4.9.3/../../../../arm-none-eabi/lib/armv6-m/libc.a(lib_a-svfiprintf.o)
 .debug_frame   0x00000000000006e8       0x3c /Users/andyz/Research/OMNI/MarioRadio/gcc-arm-none-eabi-4_9-2015q2/bin/../lib/gcc/arm-none-eabi/4.9.3/../../../../arm-none-eabi/lib/armv6-m/libc.a(lib_a-__atexit.o)
 .debug_frame   0x0000000000000724       0x28 /Users/andyz/Research/OMNI/MarioRadio/gcc-arm-none-eabi-4_9-2015q2/bin/../lib/gcc/arm-none-eabi/4.9.3/../../../../arm-none-eabi/lib/armv6-m/libc.a(lib_a-callocr.o)
 .debug_frame   0x000000000000074c       0x54 /Users/andyz/Research/OMNI/MarioRadio/gcc-arm-none-eabi-4_9-2015q2/bin/../lib/gcc/arm-none-eabi/4.9.3/../../../../arm-none-eabi/lib/armv6-m/libc.a(lib_a-freer.o)
 .debug_frame   0x00000000000007a0       0x2c /Users/andyz/Research/OMNI/MarioRadio/gcc-arm-none-eabi-4_9-2015q2/bin/../lib/gcc/arm-none-eabi/4.9.3/../../../../arm-none-eabi/lib/armv6-m/libc.a(lib_a-memmove.o)
 .debug_frame   0x00000000000007cc       0x3c /Users/andyz/Research/OMNI/MarioRadio/gcc-arm-none-eabi-4_9-2015q2/bin/../lib/gcc/arm-none-eabi/4.9.3/../../../../arm-none-eabi/lib/armv6-m/libc.a(lib_a-reallocr.o)
 .debug_frame   0x0000000000000808       0x48 /Users/andyz/Research/OMNI/MarioRadio/gcc-arm-none-eabi-4_9-2015q2/bin/../lib/gcc/arm-none-eabi/4.9.3/../../../../arm-none-eabi/lib/armv6-m/libc.a(lib_a-reent.o)
 .debug_frame   0x0000000000000850       0x20 /Users/andyz/Research/OMNI/MarioRadio/gcc-arm-none-eabi-4_9-2015q2/bin/../lib/gcc/arm-none-eabi/4.9.3/armv6-m/libgcc.a(_divsi3.o)
 .debug_frame   0x0000000000000870       0x50 /Users/andyz/Research/OMNI/MarioRadio/gcc-arm-none-eabi-4_9-2015q2/bin/../lib/gcc/arm-none-eabi/4.9.3/armv6-m/libgcc.a(bpabi.o)
 .debug_frame   0x00000000000008c0       0x38 /Users/andyz/Research/OMNI/MarioRadio/gcc-arm-none-eabi-4_9-2015q2/bin/../lib/gcc/arm-none-eabi/4.9.3/armv6-m/libgcc.a(adddf3.o)
 .debug_frame   0x00000000000008f8       0x3c /Users/andyz/Research/OMNI/MarioRadio/gcc-arm-none-eabi-4_9-2015q2/bin/../lib/gcc/arm-none-eabi/4.9.3/armv6-m/libgcc.a(divdf3.o)
 .debug_frame   0x0000000000000934       0x38 /Users/andyz/Research/OMNI/MarioRadio/gcc-arm-none-eabi-4_9-2015q2/bin/../lib/gcc/arm-none-eabi/4.9.3/armv6-m/libgcc.a(eqdf2.o)
 .debug_frame   0x000000000000096c       0x38 /Users/andyz/Research/OMNI/MarioRadio/gcc-arm-none-eabi-4_9-2015q2/bin/../lib/gcc/arm-none-eabi/4.9.3/armv6-m/libgcc.a(gedf2.o)
 .debug_frame   0x00000000000009a4       0x38 /Users/andyz/Research/OMNI/MarioRadio/gcc-arm-none-eabi-4_9-2015q2/bin/../lib/gcc/arm-none-eabi/4.9.3/armv6-m/libgcc.a(ledf2.o)
 .debug_frame   0x00000000000009dc       0x3c /Users/andyz/Research/OMNI/MarioRadio/gcc-arm-none-eabi-4_9-2015q2/bin/../lib/gcc/arm-none-eabi/4.9.3/armv6-m/libgcc.a(muldf3.o)
 .debug_frame   0x0000000000000a18       0x3c /Users/andyz/Research/OMNI/MarioRadio/gcc-arm-none-eabi-4_9-2015q2/bin/../lib/gcc/arm-none-eabi/4.9.3/armv6-m/libgcc.a(subdf3.o)
 .debug_frame   0x0000000000000a54       0x2c /Users/andyz/Research/OMNI/MarioRadio/gcc-arm-none-eabi-4_9-2015q2/bin/../lib/gcc/arm-none-eabi/4.9.3/armv6-m/libgcc.a(fixdfsi.o)
 .debug_frame   0x0000000000000a80       0x2c /Users/andyz/Research/OMNI/MarioRadio/gcc-arm-none-eabi-4_9-2015q2/bin/../lib/gcc/arm-none-eabi/4.9.3/armv6-m/libgcc.a(floatsidf.o)
 .debug_frame   0x0000000000000aac       0x28 /Users/andyz/Research/OMNI/MarioRadio/gcc-arm-none-eabi-4_9-2015q2/bin/../lib/gcc/arm-none-eabi/4.9.3/armv6-m/libgcc.a(floatunsidf.o)